

================================================================
== Vitis HLS Report for 'gru_cell_step_Pipeline_VITIS_LOOP_120_5'
================================================================
* Date:           Tue Aug 18 11:36:24 2026

* Version:        2022.2 (Build 3670227 on Oct 13 2022)
* Project:        seq2seqlite_student_proj
* Solution:       solution_streaming8 (Vivado IP Flow Target)
* Product family: kintex7
* Target device:  xc7k410t-ffg676-1


================================================================
== Performance Estimates
================================================================
+ Timing: 
    * Summary: 
    +--------+---------+----------+------------+
    |  Clock |  Target | Estimated| Uncertainty|
    +--------+---------+----------+------------+
    |ap_clk  |  4.50 ns|  3.244 ns|     1.22 ns|
    +--------+---------+----------+------------+

+ Latency: 
    * Summary: 
    +---------+---------+----------+----------+-----+-----+---------+
    |  Latency (cycles) |  Latency (absolute) |  Interval | Pipeline|
    |   min   |   max   |    min   |    max   | min | max |   Type  |
    +---------+---------+----------+----------+-----+-----+---------+
    |      159|      159|  0.716 us|  0.716 us|  159|  159|       no|
    +---------+---------+----------+----------+-----+-----+---------+

    + Detail: 
        * Instance: 
        N/A

        * Loop: 
        +--------------------+---------+---------+----------+-----------+-----------+------+----------+
        |                    |  Latency (cycles) | Iteration|  Initiation Interval  | Trip |          |
        |      Loop Name     |   min   |   max   |  Latency |  achieved |   target  | Count| Pipelined|
        +--------------------+---------+---------+----------+-----------+-----------+------+----------+
        |- VITIS_LOOP_120_5  |      157|      157|        34|          4|          4|    32|       yes|
        +--------------------+---------+---------+----------+-----------+-----------+------+----------+



================================================================
== Utilization Estimates
================================================================
* Summary: 
+-----------------+---------+------+--------+--------+-----+
|       Name      | BRAM_18K|  DSP |   FF   |   LUT  | URAM|
+-----------------+---------+------+--------+--------+-----+
|DSP              |        -|     2|       -|       -|    -|
|Expression       |        -|     -|       0|    3273|    -|
|FIFO             |        -|     -|       -|       -|    -|
|Instance         |        -|     -|       0|     159|    -|
|Memory           |        0|     -|     225|     123|    -|
|Multiplexer      |        -|     -|       -|     138|    -|
|Register         |        -|     -|    6422|     160|    -|
+-----------------+---------+------+--------+--------+-----+
|Total            |        0|     2|    6647|    3853|    0|
+-----------------+---------+------+--------+--------+-----+
|Available        |     1590|  1540|  508400|  254200|    0|
+-----------------+---------+------+--------+--------+-----+
|Utilization (%)  |        0|    ~0|       1|       1|    0|
+-----------------+---------+------+--------+--------+-----+

+ Detail: 
    * Instance: 
    +----------------------+-----------------+---------+----+---+-----+-----+
    |       Instance       |      Module     | BRAM_18K| DSP| FF| LUT | URAM|
    +----------------------+-----------------+---------+----+---+-----+-----+
    |mux_325_8_1_1_x_U204  |mux_325_8_1_1_x  |        0|   0|  0|  142|    0|
    |mux_42_8_1_1_U198     |mux_42_8_1_1     |        0|   0|  0|   17|    0|
    +----------------------+-----------------+---------+----+---+-----+-----+
    |Total                 |                 |        0|   0|  0|  159|    0|
    +----------------------+-----------------+---------+----+---+-----+-----+

    * DSP: 
    +------------------------------+-------------------------+-----------+
    |           Instance           |          Module         | Expression|
    +------------------------------+-------------------------+-----------+
    |mul_mul_15s_15ns_30_4_1_U233  |mul_mul_15s_15ns_30_4_1  |    i0 * i1|
    |mul_mul_16s_15s_31_4_1_U234   |mul_mul_16s_15s_31_4_1   |    i0 * i1|
    +------------------------------+-------------------------+-----------+

    * Memory: 
    +----------------------------------------+----------------------------------------------------------------------------------+---------+---+----+-----+------+-----+------+-------------+
    |                 Memory                 |                                      Module                                      | BRAM_18K| FF| LUT| URAM| Words| Bits| Banks| W*Bits*Banks|
    +----------------------------------------+----------------------------------------------------------------------------------+---------+---+----+-----+------+-----+------+-------------+
    |p_ZL26sencgru_recurrent_kernel_h_0_0_U  |gru_cell_step_Pipeline_VITIS_LOOP_120_5_p_ZL26sencgru_recurrent_kernel_h_0_0_bdk  |        0|  7|   4|    0|    32|    7|     1|          224|
    |p_ZL26sencgru_recurrent_kernel_h_0_1_U  |gru_cell_step_Pipeline_VITIS_LOOP_120_5_p_ZL26sencgru_recurrent_kernel_h_0_1_bll  |        0|  6|   3|    0|    32|    6|     1|          192|
    |p_ZL26sencgru_recurrent_kernel_h_0_2_U  |gru_cell_step_Pipeline_VITIS_LOOP_120_5_p_ZL26sencgru_recurrent_kernel_h_0_2_btn  |        0|  6|   3|    0|    32|    6|     1|          192|
    |p_ZL26sencgru_recurrent_kernel_h_0_3_U  |gru_cell_step_Pipeline_VITIS_LOOP_120_5_p_ZL26sencgru_recurrent_kernel_h_0_3_bBo  |        0|  7|   4|    0|    32|    7|     1|          224|
    |p_ZL26sencgru_recurrent_kernel_h_1_0_U  |gru_cell_step_Pipeline_VITIS_LOOP_120_5_p_ZL26sencgru_recurrent_kernel_h_1_0_bek  |        0|  7|   4|    0|    32|    7|     1|          224|
    |p_ZL26sencgru_recurrent_kernel_h_1_1_U  |gru_cell_step_Pipeline_VITIS_LOOP_120_5_p_ZL26sencgru_recurrent_kernel_h_1_1_bml  |        0|  7|   4|    0|    32|    7|     1|          224|
    |p_ZL26sencgru_recurrent_kernel_h_1_2_U  |gru_cell_step_Pipeline_VITIS_LOOP_120_5_p_ZL26sencgru_recurrent_kernel_h_1_2_bun  |        0|  7|   4|    0|    32|    7|     1|          224|
    |p_ZL26sencgru_recurrent_kernel_h_1_3_U  |gru_cell_step_Pipeline_VITIS_LOOP_120_5_p_ZL26sencgru_recurrent_kernel_h_1_3_bCo  |        0|  7|   4|    0|    32|    7|     1|          224|
    |p_ZL26sencgru_recurrent_kernel_h_2_0_U  |gru_cell_step_Pipeline_VITIS_LOOP_120_5_p_ZL26sencgru_recurrent_kernel_h_2_0_bfk  |        0|  7|   4|    0|    32|    7|     1|          224|
    |p_ZL26sencgru_recurrent_kernel_h_2_1_U  |gru_cell_step_Pipeline_VITIS_LOOP_120_5_p_ZL26sencgru_recurrent_kernel_h_2_1_bnm  |        0|  7|   4|    0|    32|    7|     1|          224|
    |p_ZL26sencgru_recurrent_kernel_h_2_2_U  |gru_cell_step_Pipeline_VITIS_LOOP_120_5_p_ZL26sencgru_recurrent_kernel_h_2_2_bvn  |        0|  7|   4|    0|    32|    7|     1|          224|
    |p_ZL26sencgru_recurrent_kernel_h_2_3_U  |gru_cell_step_Pipeline_VITIS_LOOP_120_5_p_ZL26sencgru_recurrent_kernel_h_2_3_bDo  |        0|  7|   4|    0|    32|    7|     1|          224|
    |p_ZL26sencgru_recurrent_kernel_h_3_0_U  |gru_cell_step_Pipeline_VITIS_LOOP_120_5_p_ZL26sencgru_recurrent_kernel_h_3_0_bgk  |        0|  7|   4|    0|    32|    7|     1|          224|
    |p_ZL26sencgru_recurrent_kernel_h_3_1_U  |gru_cell_step_Pipeline_VITIS_LOOP_120_5_p_ZL26sencgru_recurrent_kernel_h_3_1_bom  |        0|  6|   3|    0|    32|    6|     1|          192|
    |p_ZL26sencgru_recurrent_kernel_h_3_2_U  |gru_cell_step_Pipeline_VITIS_LOOP_120_5_p_ZL26sencgru_recurrent_kernel_h_3_2_bwn  |        0|  8|   4|    0|    32|    8|     1|          256|
    |p_ZL26sencgru_recurrent_kernel_h_3_3_U  |gru_cell_step_Pipeline_VITIS_LOOP_120_5_p_ZL26sencgru_recurrent_kernel_h_3_3_bEo  |        0|  7|   4|    0|    32|    7|     1|          224|
    |p_ZL26sencgru_recurrent_kernel_h_4_0_U  |gru_cell_step_Pipeline_VITIS_LOOP_120_5_p_ZL26sencgru_recurrent_kernel_h_4_0_bhl  |        0|  6|   3|    0|    32|    6|     1|          192|
    |p_ZL26sencgru_recurrent_kernel_h_4_1_U  |gru_cell_step_Pipeline_VITIS_LOOP_120_5_p_ZL26sencgru_recurrent_kernel_h_4_1_bpm  |        0|  7|   4|    0|    32|    7|     1|          224|
    |p_ZL26sencgru_recurrent_kernel_h_4_2_U  |gru_cell_step_Pipeline_VITIS_LOOP_120_5_p_ZL26sencgru_recurrent_kernel_h_4_2_bxn  |        0|  7|   4|    0|    32|    7|     1|          224|
    |p_ZL26sencgru_recurrent_kernel_h_4_3_U  |gru_cell_step_Pipeline_VITIS_LOOP_120_5_p_ZL26sencgru_recurrent_kernel_h_4_3_bFp  |        0|  7|   4|    0|    32|    7|     1|          224|
    |p_ZL26sencgru_recurrent_kernel_h_5_0_U  |gru_cell_step_Pipeline_VITIS_LOOP_120_5_p_ZL26sencgru_recurrent_kernel_h_5_0_bil  |        0|  7|   4|    0|    32|    7|     1|          224|
    |p_ZL26sencgru_recurrent_kernel_h_5_1_U  |gru_cell_step_Pipeline_VITIS_LOOP_120_5_p_ZL26sencgru_recurrent_kernel_h_5_1_bqm  |        0|  6|   3|    0|    32|    6|     1|          192|
    |p_ZL26sencgru_recurrent_kernel_h_5_2_U  |gru_cell_step_Pipeline_VITIS_LOOP_120_5_p_ZL26sencgru_recurrent_kernel_h_5_2_byn  |        0|  6|   3|    0|    32|    6|     1|          192|
    |p_ZL26sencgru_recurrent_kernel_h_5_3_U  |gru_cell_step_Pipeline_VITIS_LOOP_120_5_p_ZL26sencgru_recurrent_kernel_h_5_3_bGp  |        0|  7|   4|    0|    32|    7|     1|          224|
    |p_ZL26sencgru_recurrent_kernel_h_6_0_U  |gru_cell_step_Pipeline_VITIS_LOOP_120_5_p_ZL26sencgru_recurrent_kernel_h_6_0_bjl  |        0|  7|   4|    0|    32|    7|     1|          224|
    |p_ZL26sencgru_recurrent_kernel_h_6_1_U  |gru_cell_step_Pipeline_VITIS_LOOP_120_5_p_ZL26sencgru_recurrent_kernel_h_6_1_brm  |        0|  8|   4|    0|    32|    8|     1|          256|
    |p_ZL26sencgru_recurrent_kernel_h_6_2_U  |gru_cell_step_Pipeline_VITIS_LOOP_120_5_p_ZL26sencgru_recurrent_kernel_h_6_2_bzo  |        0|  7|   4|    0|    32|    7|     1|          224|
    |p_ZL26sencgru_recurrent_kernel_h_6_3_U  |gru_cell_step_Pipeline_VITIS_LOOP_120_5_p_ZL26sencgru_recurrent_kernel_h_6_3_bHp  |        0|  7|   4|    0|    32|    7|     1|          224|
    |p_ZL26sencgru_recurrent_kernel_h_7_0_U  |gru_cell_step_Pipeline_VITIS_LOOP_120_5_p_ZL26sencgru_recurrent_kernel_h_7_0_bkl  |        0|  6|   3|    0|    32|    6|     1|          192|
    |p_ZL26sencgru_recurrent_kernel_h_7_1_U  |gru_cell_step_Pipeline_VITIS_LOOP_120_5_p_ZL26sencgru_recurrent_kernel_h_7_1_bsm  |        0|  8|   4|    0|    32|    8|     1|          256|
    |p_ZL26sencgru_recurrent_kernel_h_7_2_U  |gru_cell_step_Pipeline_VITIS_LOOP_120_5_p_ZL26sencgru_recurrent_kernel_h_7_2_bAo  |        0|  7|   4|    0|    32|    7|     1|          224|
    |p_ZL26sencgru_recurrent_kernel_h_7_3_U  |gru_cell_step_Pipeline_VITIS_LOOP_120_5_p_ZL26sencgru_recurrent_kernel_h_7_3_bIp  |        0|  6|   3|    0|    32|    6|     1|          192|
    |sencgru_bias_h_U                        |gru_cell_step_Pipeline_VITIS_LOOP_120_5_sencgru_bias_h_ROM_AUTO_1R                |        0|  6|   3|    0|    32|    6|     1|          192|
    +----------------------------------------+----------------------------------------------------------------------------------+---------+---+----+-----+------+-----+------+-------------+
    |Total                                   |                                                                                  |        0|225| 123|    0|  1056|  225|    33|         7200|
    +----------------------------------------+----------------------------------------------------------------------------------+---------+---+----+-----+------+-----+------+-------------+

    * FIFO: 
    N/A

    * Expression: 
    +-------------------------------+----------+----+---+----+------------+------------+
    |         Variable Name         | Operation| DSP| FF| LUT| Bitwidth P0| Bitwidth P1|
    +-------------------------------+----------+----+---+----+------------+------------+
    |add_ln120_fu_1209_p2           |         +|   0|  0|  14|           6|           1|
    |add_ln123_1_fu_2536_p2         |         +|   0|  0|  30|          23|          23|
    |add_ln123_fu_2590_p2           |         +|   0|  0|  31|          24|          24|
    |add_ln1347_489_fu_1570_p2      |         +|   0|  0|  37|          37|          37|
    |add_ln1347_491_fu_1688_p2      |         +|   0|  0|  37|          37|          37|
    |add_ln1347_493_fu_1692_p2      |         +|   0|  0|  37|          37|          37|
    |add_ln1347_495_fu_1729_p2      |         +|   0|  0|  37|          37|          37|
    |add_ln1347_497_fu_1741_p2      |         +|   0|  0|  37|          37|          37|
    |add_ln1347_499_fu_1811_p2      |         +|   0|  0|  37|          37|          37|
    |add_ln1347_501_fu_1823_p2      |         +|   0|  0|  37|          37|          37|
    |add_ln1347_503_fu_1968_p2      |         +|   0|  0|  37|          37|          37|
    |add_ln1347_505_fu_1978_p2      |         +|   0|  0|  37|          37|          37|
    |add_ln1347_507_fu_2026_p2      |         +|   0|  0|  37|          37|          37|
    |add_ln1347_509_fu_2036_p2      |         +|   0|  0|  37|          37|          37|
    |add_ln1347_511_fu_2052_p2      |         +|   0|  0|  37|          37|          37|
    |add_ln1347_513_fu_2066_p2      |         +|   0|  0|  37|          37|          37|
    |add_ln1347_515_fu_2086_p2      |         +|   0|  0|  37|          37|          37|
    |add_ln1347_517_fu_2100_p2      |         +|   0|  0|  37|          37|          37|
    |add_ln1347_519_fu_2144_p2      |         +|   0|  0|  37|          37|          37|
    |add_ln1347_521_fu_2154_p2      |         +|   0|  0|  37|          37|          37|
    |add_ln1347_523_fu_2274_p2      |         +|   0|  0|  37|          37|          37|
    |add_ln1347_525_fu_2284_p2      |         +|   0|  0|  37|          37|          37|
    |add_ln1347_527_fu_2300_p2      |         +|   0|  0|  37|          37|          37|
    |add_ln1347_529_fu_2310_p2      |         +|   0|  0|  37|          37|          37|
    |add_ln1347_531_fu_2326_p2      |         +|   0|  0|  37|          37|          37|
    |add_ln1347_533_fu_2336_p2      |         +|   0|  0|  37|          37|          37|
    |add_ln1347_535_fu_2356_p2      |         +|   0|  0|  37|          37|          37|
    |add_ln1347_537_fu_2370_p2      |         +|   0|  0|  37|          37|          37|
    |add_ln1347_539_fu_2406_p2      |         +|   0|  0|  37|          37|          37|
    |add_ln1347_541_fu_2416_p2      |         +|   0|  0|  37|          37|          37|
    |add_ln1347_543_fu_2432_p2      |         +|   0|  0|  37|          37|          37|
    |add_ln1347_545_fu_2442_p2      |         +|   0|  0|  37|          37|          37|
    |add_ln1347_547_fu_2458_p2      |         +|   0|  0|  37|          37|          37|
    |add_ln1347_549_fu_2468_p2      |         +|   0|  0|  37|          37|          37|
    |add_ln1347_fu_1565_p2          |         +|   0|  0|  37|          37|          37|
    |add_ln823_fu_2794_p2           |         +|   0|  0|  28|          21|          21|
    |h_upd_V_4_fu_2818_p2           |         +|   0|  0|  15|           8|           8|
    |hh_V_1_fu_2598_p2              |         +|   0|  0|  15|           8|           8|
    |ret_V_607_fu_1559_p2           |         +|   0|  0|  55|          48|          48|
    |ret_V_608_fu_1674_p2           |         +|   0|  0|  48|          48|          48|
    |ret_V_609_fu_1682_p2           |         +|   0|  0|  48|          48|          48|
    |ret_V_610_fu_1700_p2           |         +|   0|  0|  48|          48|          48|
    |ret_V_611_fu_1708_p2           |         +|   0|  0|  48|          48|          48|
    |ret_V_612_fu_1733_p2           |         +|   0|  0|  48|          48|          48|
    |ret_V_613_fu_1746_p2           |         +|   0|  0|  48|          48|          48|
    |ret_V_614_fu_1815_p2           |         +|   0|  0|  48|          48|          48|
    |ret_V_615_fu_1828_p2           |         +|   0|  0|  48|          48|          48|
    |ret_V_616_fu_1972_p2           |         +|   0|  0|  56|          49|          49|
    |ret_V_617_fu_2018_p2           |         +|   0|  0|  49|          49|          49|
    |ret_V_618_fu_2030_p2           |         +|   0|  0|  49|          49|          49|
    |ret_V_619_fu_2044_p2           |         +|   0|  0|  49|          49|          49|
    |ret_V_620_fu_2056_p2           |         +|   0|  0|  49|          49|          49|
    |ret_V_621_fu_2078_p2           |         +|   0|  0|  49|          49|          49|
    |ret_V_622_fu_2090_p2           |         +|   0|  0|  49|          49|          49|
    |ret_V_623_fu_2136_p2           |         +|   0|  0|  49|          49|          49|
    |ret_V_624_fu_2148_p2           |         +|   0|  0|  49|          49|          49|
    |ret_V_625_fu_2266_p2           |         +|   0|  0|  49|          49|          49|
    |ret_V_626_fu_2278_p2           |         +|   0|  0|  49|          49|          49|
    |ret_V_627_fu_2292_p2           |         +|   0|  0|  49|          49|          49|
    |ret_V_628_fu_2304_p2           |         +|   0|  0|  49|          49|          49|
    |ret_V_629_fu_2318_p2           |         +|   0|  0|  49|          49|          49|
    |ret_V_630_fu_2330_p2           |         +|   0|  0|  49|          49|          49|
    |ret_V_631_fu_2347_p2           |         +|   0|  0|  50|          50|          50|
    |ret_V_632_fu_2360_p2           |         +|   0|  0|  50|          50|          50|
    |ret_V_633_fu_2398_p2           |         +|   0|  0|  50|          50|          50|
    |ret_V_634_fu_2410_p2           |         +|   0|  0|  50|          50|          50|
    |ret_V_635_fu_2424_p2           |         +|   0|  0|  50|          50|          50|
    |ret_V_636_fu_2436_p2           |         +|   0|  0|  50|          50|          50|
    |ret_V_637_fu_2450_p2           |         +|   0|  0|  50|          50|          50|
    |ret_V_638_fu_2771_p2           |         +|   0|  0|  38|          31|          31|
    |ret_V_fu_2462_p2               |         +|   0|  0|  50|          50|          50|
    |sum_h_V_4_fu_2530_p2           |         +|   0|  0|  39|          32|          32|
    |one_minus_z_V_fu_2711_p2       |         -|   0|  0|  23|          15|          16|
    |and_ln890_1_fu_2890_p2         |       and|   0|  0|   6|           1|           1|
    |and_ln890_fu_2659_p2           |       and|   0|  0|   6|           1|           1|
    |and_ln891_1_fu_2904_p2         |       and|   0|  0|   6|           1|           1|
    |and_ln891_fu_2717_p2           |       and|   0|  0|   6|           1|           1|
    |carry_11_fu_2847_p2            |       and|   0|  0|   6|           1|           1|
    |carry_9_fu_2617_p2             |       and|   0|  0|   6|           1|           1|
    |overflow_1_fu_2926_p2          |       and|   0|  0|   6|           1|           1|
    |overflow_fu_2690_p2            |       and|   0|  0|   6|           1|           1|
    |underflow_1_fu_2950_p2         |       and|   0|  0|   6|           1|           1|
    |underflow_fu_2726_p2           |       and|   0|  0|   6|           1|           1|
    |Range1_all_ones_1_fu_2859_p2   |      icmp|   0|  0|   8|           2|           2|
    |Range1_all_ones_fu_2627_p2     |      icmp|   0|  0|  11|           9|           2|
    |Range1_all_zeros_1_fu_2864_p2  |      icmp|   0|  0|   8|           2|           1|
    |Range1_all_zeros_fu_2632_p2    |      icmp|   0|  0|  11|           9|           1|
    |Range2_all_ones_fu_2622_p2     |      icmp|   0|  0|  11|           8|           2|
    |icmp_ln120_fu_1203_p2          |      icmp|   0|  0|  10|           6|           7|
    |or_ln346_1_fu_2963_p2          |        or|   0|  0|   6|           1|           1|
    |or_ln346_fu_2731_p2            |        or|   0|  0|   6|           1|           1|
    |or_ln895_1_fu_2916_p2          |        or|   0|  0|   6|           1|           1|
    |or_ln895_fu_2679_p2            |        or|   0|  0|   6|           1|           1|
    |or_ln896_1_fu_2938_p2          |        or|   0|  0|   6|           1|           1|
    |or_ln896_fu_2702_p2            |        or|   0|  0|   6|           1|           1|
    |deleted_ones_1_fu_2896_p3      |    select|   0|  0|   2|           1|           1|
    |deleted_ones_fu_2665_p3        |    select|   0|  0|   2|           1|           1|
    |deleted_zeros_1_fu_2869_p3     |    select|   0|  0|   2|           1|           1|
    |deleted_zeros_fu_2637_p3       |    select|   0|  0|   2|           1|           1|
    |h_upd_V_fu_2969_p3             |    select|   0|  0|   8|           1|           8|
    |select_ln346_8_fu_2743_p3      |    select|   0|  0|   8|           1|           8|
    |select_ln346_9_fu_2955_p3      |    select|   0|  0|   9|           1|           7|
    |select_ln346_fu_2736_p3        |    select|   0|  0|   9|           1|           7|
    |ap_enable_pp0                  |       xor|   0|  0|   6|           1|           2|
    |xor_ln890_1_fu_2884_p2         |       xor|   0|  0|   6|           1|           2|
    |xor_ln890_fu_2653_p2           |       xor|   0|  0|   6|           1|           2|
    |xor_ln895_10_fu_2921_p2        |       xor|   0|  0|   6|           1|           2|
    |xor_ln895_8_fu_2685_p2         |       xor|   0|  0|   6|           1|           2|
    |xor_ln895_9_fu_2910_p2         |       xor|   0|  0|   6|           1|           2|
    |xor_ln895_fu_2673_p2           |       xor|   0|  0|   6|           1|           2|
    |xor_ln896_10_fu_2721_p2        |       xor|   0|  0|   6|           1|           1|
    |xor_ln896_11_fu_2842_p2        |       xor|   0|  0|   6|           1|           2|
    |xor_ln896_12_fu_2932_p2        |       xor|   0|  0|   6|           1|           2|
    |xor_ln896_13_fu_2944_p2        |       xor|   0|  0|   6|           1|           1|
    |xor_ln896_9_fu_2696_p2         |       xor|   0|  0|   6|           1|           2|
    |xor_ln896_fu_2611_p2           |       xor|   0|  0|   6|           1|           2|
    +-------------------------------+----------+----+---+----+------------+------------+
    |Total                          |          |   0|  0|3273|        2992|        3004|
    +-------------------------------+----------+----+---+----+------------+------------+

    * Multiplexer: 
    +----------------------------------+----+-----------+-----+-----------+
    |               Name               | LUT| Input Size| Bits| Total Bits|
    +----------------------------------+----+-----------+-----+-----------+
    |ap_NS_fsm                         |  21|          5|    1|          5|
    |ap_done_int                       |   9|          2|    1|          2|
    |ap_enable_reg_pp0_iter0           |   9|          2|    1|          2|
    |ap_enable_reg_pp0_iter1           |   9|          2|    1|          2|
    |ap_enable_reg_pp0_iter8           |   9|          2|    1|          2|
    |ap_loop_exit_ready_pp0_iter1_reg  |   9|          2|    1|          2|
    |ap_loop_exit_ready_pp0_iter2_reg  |   9|          2|    1|          2|
    |ap_loop_exit_ready_pp0_iter3_reg  |   9|          2|    1|          2|
    |ap_loop_exit_ready_pp0_iter4_reg  |   9|          2|    1|          2|
    |ap_loop_exit_ready_pp0_iter5_reg  |   9|          2|    1|          2|
    |ap_loop_exit_ready_pp0_iter6_reg  |   9|          2|    1|          2|
    |ap_loop_exit_ready_pp0_iter7_reg  |   9|          2|    1|          2|
    |ap_sig_allocacmp_u_2              |   9|          2|    6|         12|
    |u_fu_354                          |   9|          2|    6|         12|
    +----------------------------------+----+-----------+-----+-----------+
    |Total                             | 138|         31|   24|         51|
    +----------------------------------+----+-----------+-----+-----------+

    * Register: 
    +-----------------------------------------+----+----+-----+-----------+
    |                   Name                  | FF | LUT| Bits| Const Bits|
    +-----------------------------------------+----+----+-----+-----------+
    |Range1_all_ones_reg_4308                 |   1|   0|    1|          0|
    |add_ln1347_489_reg_3521                  |  37|   0|   37|          0|
    |add_ln1347_493_reg_3561                  |  37|   0|   37|          0|
    |add_ln1347_497_reg_3721                  |  37|   0|   37|          0|
    |add_ln1347_501_reg_3801                  |  37|   0|   37|          0|
    |add_ln1347_505_reg_3886                  |  37|   0|   37|          0|
    |add_ln1347_509_reg_3936                  |  37|   0|   37|          0|
    |add_ln1347_513_reg_3956                  |  37|   0|   37|          0|
    |add_ln1347_517_reg_3986                  |  37|   0|   37|          0|
    |add_ln1347_521_reg_4066                  |  37|   0|   37|          0|
    |add_ln1347_525_reg_4126                  |  37|   0|   37|          0|
    |add_ln1347_529_reg_4136                  |  37|   0|   37|          0|
    |add_ln1347_533_reg_4146                  |  37|   0|   37|          0|
    |add_ln1347_537_reg_4166                  |  37|   0|   37|          0|
    |add_ln1347_541_reg_4226                  |  37|   0|   37|          0|
    |add_ln1347_545_reg_4236                  |  37|   0|   37|          0|
    |ap_CS_fsm                                |   4|   0|    4|          0|
    |ap_done_reg                              |   1|   0|    1|          0|
    |ap_enable_reg_pp0_iter0_reg              |   1|   0|    1|          0|
    |ap_enable_reg_pp0_iter1                  |   1|   0|    1|          0|
    |ap_enable_reg_pp0_iter2                  |   1|   0|    1|          0|
    |ap_enable_reg_pp0_iter3                  |   1|   0|    1|          0|
    |ap_enable_reg_pp0_iter4                  |   1|   0|    1|          0|
    |ap_enable_reg_pp0_iter5                  |   1|   0|    1|          0|
    |ap_enable_reg_pp0_iter6                  |   1|   0|    1|          0|
    |ap_enable_reg_pp0_iter7                  |   1|   0|    1|          0|
    |ap_enable_reg_pp0_iter8                  |   1|   0|    1|          0|
    |ap_loop_exit_ready_pp0_iter1_reg         |   1|   0|    1|          0|
    |ap_loop_exit_ready_pp0_iter2_reg         |   1|   0|    1|          0|
    |ap_loop_exit_ready_pp0_iter3_reg         |   1|   0|    1|          0|
    |ap_loop_exit_ready_pp0_iter4_reg         |   1|   0|    1|          0|
    |ap_loop_exit_ready_pp0_iter5_reg         |   1|   0|    1|          0|
    |ap_loop_exit_ready_pp0_iter6_reg         |   1|   0|    1|          0|
    |ap_loop_exit_ready_pp0_iter7_reg         |   1|   0|    1|          0|
    |carry_9_reg_4303                         |   1|   0|    1|          0|
    |h_upd_V_4_reg_4366                       |   8|   0|    8|          0|
    |h_upd_V_reg_4383                         |   8|   0|    8|          0|
    |hh_V_1_reg_4298                          |   8|   0|    8|          0|
    |hh_V_reg_4277                            |   8|   0|    8|          0|
    |icmp_ln120_reg_3168                      |   1|   0|    1|          0|
    |one_minus_z_V_reg_4324                   |  16|   0|   16|          0|
    |or_ln896_reg_4319                        |   1|   0|    1|          0|
    |overflow_reg_4313                        |   1|   0|    1|          0|
    |p_Result_17_reg_4282                     |   1|   0|    1|          0|
    |p_Result_19_reg_4355                     |   1|   0|    1|          0|
    |p_Result_20_reg_4361                     |   1|   0|    1|          0|
    |p_Result_21_reg_4371                     |   1|   0|    1|          0|
    |p_Result_s_reg_4271                      |   1|   0|    1|          0|
    |r_V_319_reg_3446                         |  45|   0|   45|          0|
    |r_V_320_reg_3461                         |  45|   0|   45|          0|
    |r_V_321_reg_3471                         |  45|   0|   45|          0|
    |r_V_322_reg_3481                         |  45|   0|   45|          0|
    |r_V_323_reg_3491                         |  44|   0|   44|          0|
    |r_V_324_reg_3691                         |  45|   0|   45|          0|
    |r_V_325_reg_3701                         |  45|   0|   45|          0|
    |r_V_326_reg_3711                         |  44|   0|   44|          0|
    |r_V_327_reg_3731                         |  44|   0|   44|          0|
    |r_V_328_reg_3741                         |  45|   0|   45|          0|
    |r_V_329_reg_3751                         |  45|   0|   45|          0|
    |r_V_330_reg_3761                         |  44|   0|   44|          0|
    |r_V_331_reg_3771                         |  45|   0|   45|          0|
    |r_V_332_reg_3781                         |  44|   0|   44|          0|
    |r_V_333_reg_3946                         |  46|   0|   46|          0|
    |r_V_334_reg_3961                         |  46|   0|   46|          0|
    |r_V_335_reg_3976                         |  44|   0|   44|          0|
    |r_V_336_reg_3991                         |  45|   0|   45|          0|
    |r_V_337_reg_4001                         |  45|   0|   45|          0|
    |r_V_338_reg_4011                         |  46|   0|   46|          0|
    |r_V_339_reg_4021                         |  45|   0|   45|          0|
    |r_V_340_reg_4031                         |  44|   0|   44|          0|
    |r_V_341_reg_4041                         |  45|   0|   45|          0|
    |r_V_342_reg_4051                         |  45|   0|   45|          0|
    |r_V_343_reg_4071                         |  45|   0|   45|          0|
    |r_V_344_reg_4081                         |  45|   0|   45|          0|
    |r_V_345_reg_4156                         |  45|   0|   45|          0|
    |r_V_346_reg_4171                         |  45|   0|   45|          0|
    |r_V_347_reg_4181                         |  45|   0|   45|          0|
    |r_V_348_reg_4191                         |  45|   0|   45|          0|
    |r_V_349_reg_4201                         |  45|   0|   45|          0|
    |r_V_350_reg_4211                         |  44|   0|   44|          0|
    |r_V_351_reg_3285                         |  15|   0|   15|          0|
    |r_V_355_reg_3431                         |  30|   0|   30|          0|
    |r_V_356_reg_4339                         |  31|   0|   31|          0|
    |raw_324_reg_3260                         |   7|   0|    7|          0|
    |raw_325_reg_3265                         |   7|   0|    7|          0|
    |raw_326_reg_3270                         |   7|   0|    7|          0|
    |raw_327_reg_3275                         |   7|   0|    7|          0|
    |raw_328_reg_3280                         |   6|   0|    6|          0|
    |raw_329_reg_3386                         |   7|   0|    7|          0|
    |raw_330_reg_3391                         |   7|   0|    7|          0|
    |raw_331_reg_3396                         |   6|   0|    6|          0|
    |raw_332_reg_3401                         |   6|   0|    6|          0|
    |raw_333_reg_3406                         |   7|   0|    7|          0|
    |raw_334_reg_3411                         |   7|   0|    7|          0|
    |raw_335_reg_3416                         |   6|   0|    6|          0|
    |raw_336_reg_3421                         |   7|   0|    7|          0|
    |raw_337_reg_3426                         |   6|   0|    6|          0|
    |raw_338_reg_3631                         |   8|   0|    8|          0|
    |raw_339_reg_3636                         |   8|   0|    8|          0|
    |raw_340_reg_3641                         |   6|   0|    6|          0|
    |raw_341_reg_3646                         |   7|   0|    7|          0|
    |raw_342_reg_3651                         |   7|   0|    7|          0|
    |raw_343_reg_3656                         |   8|   0|    8|          0|
    |raw_344_reg_3661                         |   7|   0|    7|          0|
    |raw_345_reg_3666                         |   6|   0|    6|          0|
    |raw_346_reg_3671                         |   7|   0|    7|          0|
    |raw_347_reg_3676                         |   7|   0|    7|          0|
    |raw_348_reg_3681                         |   7|   0|    7|          0|
    |raw_349_reg_3686                         |   7|   0|    7|          0|
    |raw_350_reg_3901                         |   7|   0|    7|          0|
    |raw_351_reg_3906                         |   7|   0|    7|          0|
    |raw_352_reg_3911                         |   7|   0|    7|          0|
    |raw_353_reg_3916                         |   7|   0|    7|          0|
    |raw_354_reg_3921                         |   7|   0|    7|          0|
    |raw_355_reg_3926                         |   6|   0|    6|          0|
    |raw_reg_3331                             |   8|   0|    8|          0|
    |ret_V_607_reg_3516                       |  48|   0|   48|          0|
    |ret_V_609_reg_3556                       |  48|   0|   48|          0|
    |ret_V_611_reg_3626                       |  48|   0|   48|          0|
    |ret_V_613_reg_3726                       |  48|   0|   48|          0|
    |ret_V_615_reg_3806                       |  48|   0|   48|          0|
    |ret_V_616_reg_3881                       |  49|   0|   49|          0|
    |ret_V_618_reg_3931                       |  49|   0|   49|          0|
    |ret_V_620_reg_3941                       |  49|   0|   49|          0|
    |ret_V_622_reg_3971                       |  49|   0|   49|          0|
    |ret_V_624_reg_4061                       |  49|   0|   49|          0|
    |ret_V_626_reg_4121                       |  49|   0|   49|          0|
    |ret_V_628_reg_4131                       |  49|   0|   49|          0|
    |ret_V_630_reg_4141                       |  49|   0|   49|          0|
    |ret_V_632_reg_4151                       |  50|   0|   50|          0|
    |ret_V_634_reg_4221                       |  50|   0|   50|          0|
    |ret_V_636_reg_4231                       |  50|   0|   50|          0|
    |ret_V_638_reg_4349                       |  31|   0|   31|          0|
    |sext_ln120_cast_reg_2997                 |  44|   0|   44|          0|
    |shl_i_i_i314_cast_cast_reg_3157          |  47|   0|   47|          0|
    |shl_i_i_i439_10_cast_cast_reg_3102       |  45|   0|   45|          0|
    |shl_i_i_i439_11_cast_cast_reg_3097       |  44|   0|   44|          0|
    |shl_i_i_i439_12_cast_cast_reg_3092       |  45|   0|   45|          0|
    |shl_i_i_i439_13_cast_cast_reg_3087       |  44|   0|   44|          0|
    |shl_i_i_i439_14_cast_cast_reg_3082       |  46|   0|   46|          0|
    |shl_i_i_i439_15_cast_cast_reg_3077       |  46|   0|   46|          0|
    |shl_i_i_i439_16_cast_cast_reg_3072       |  44|   0|   44|          0|
    |shl_i_i_i439_17_cast_cast_reg_3067       |  45|   0|   45|          0|
    |shl_i_i_i439_18_cast_cast_reg_3062       |  45|   0|   45|          0|
    |shl_i_i_i439_19_cast_cast_reg_3057       |  46|   0|   46|          0|
    |shl_i_i_i439_1_cast_cast_reg_3147        |  45|   0|   45|          0|
    |shl_i_i_i439_20_cast_cast_reg_3052       |  45|   0|   45|          0|
    |shl_i_i_i439_21_cast_cast_reg_3047       |  44|   0|   44|          0|
    |shl_i_i_i439_22_cast_cast_reg_3042       |  45|   0|   45|          0|
    |shl_i_i_i439_23_cast_cast_reg_3037       |  45|   0|   45|          0|
    |shl_i_i_i439_24_cast_cast_reg_3032       |  45|   0|   45|          0|
    |shl_i_i_i439_25_cast_cast_reg_3027       |  45|   0|   45|          0|
    |shl_i_i_i439_26_cast_cast_reg_3022       |  45|   0|   45|          0|
    |shl_i_i_i439_27_cast_cast_reg_3017       |  45|   0|   45|          0|
    |shl_i_i_i439_28_cast_cast_reg_3012       |  45|   0|   45|          0|
    |shl_i_i_i439_29_cast_cast_reg_3007       |  45|   0|   45|          0|
    |shl_i_i_i439_2_cast_cast_reg_3142        |  45|   0|   45|          0|
    |shl_i_i_i439_30_cast_cast_reg_3002       |  45|   0|   45|          0|
    |shl_i_i_i439_3_cast_cast_reg_3137        |  45|   0|   45|          0|
    |shl_i_i_i439_4_cast_cast_reg_3132        |  44|   0|   44|          0|
    |shl_i_i_i439_5_cast_cast_reg_3127        |  45|   0|   45|          0|
    |shl_i_i_i439_6_cast_cast_reg_3122        |  45|   0|   45|          0|
    |shl_i_i_i439_7_cast_cast_reg_3117        |  44|   0|   44|          0|
    |shl_i_i_i439_8_cast_cast_reg_3112        |  44|   0|   44|          0|
    |shl_i_i_i439_9_cast_cast_reg_3107        |  45|   0|   45|          0|
    |shl_i_i_i439_cast_cast_reg_3152          |  45|   0|   45|          0|
    |shl_ln838_316_reg_4266                   |   6|   0|   21|         15|
    |sum_h_V_3_reg_3441                       |  25|   0|   25|          0|
    |tmp_101_reg_4261                         |   1|   0|    1|          0|
    |tmp_10_reg_4292                          |   9|   0|    9|          0|
    |tmp_4_reg_3291                           |   8|   0|    8|          0|
    |tmp_97_reg_4241                          |  28|   0|   28|          0|
    |tmp_9_reg_4287                           |   8|   0|    8|          0|
    |tmp_reg_4377                             |   2|   0|    2|          0|
    |tmp_s_reg_3456                           |  15|   0|   15|          0|
    |trunc_ln120_reg_3255                     |   5|   0|    5|          0|
    |trunc_ln1270_1_reg_4344                  |  21|   0|   21|          0|
    |trunc_ln1270_reg_3436                    |  21|   0|   21|          0|
    |trunc_ln1347_241_reg_3466                |  37|   0|   37|          0|
    |trunc_ln1347_242_reg_3476                |  37|   0|   37|          0|
    |trunc_ln1347_243_reg_3486                |  37|   0|   37|          0|
    |trunc_ln1347_244_reg_3496                |  37|   0|   37|          0|
    |trunc_ln1347_244_reg_3496_pp0_iter2_reg  |  37|   0|   37|          0|
    |trunc_ln1347_245_reg_3696                |  37|   0|   37|          0|
    |trunc_ln1347_246_reg_3706                |  37|   0|   37|          0|
    |trunc_ln1347_247_reg_3716                |  37|   0|   37|          0|
    |trunc_ln1347_248_reg_3736                |  37|   0|   37|          0|
    |trunc_ln1347_249_reg_3746                |  37|   0|   37|          0|
    |trunc_ln1347_250_reg_3756                |  37|   0|   37|          0|
    |trunc_ln1347_251_reg_3766                |  37|   0|   37|          0|
    |trunc_ln1347_252_reg_3776                |  37|   0|   37|          0|
    |trunc_ln1347_253_reg_3786                |  37|   0|   37|          0|
    |trunc_ln1347_254_reg_3951                |  37|   0|   37|          0|
    |trunc_ln1347_255_reg_3966                |  37|   0|   37|          0|
    |trunc_ln1347_256_reg_3981                |  37|   0|   37|          0|
    |trunc_ln1347_257_reg_3996                |  37|   0|   37|          0|
    |trunc_ln1347_258_reg_4006                |  37|   0|   37|          0|
    |trunc_ln1347_259_reg_4016                |  37|   0|   37|          0|
    |trunc_ln1347_260_reg_4026                |  37|   0|   37|          0|
    |trunc_ln1347_261_reg_4036                |  37|   0|   37|          0|
    |trunc_ln1347_262_reg_4046                |  37|   0|   37|          0|
    |trunc_ln1347_263_reg_4056                |  37|   0|   37|          0|
    |trunc_ln1347_264_reg_4076                |  37|   0|   37|          0|
    |trunc_ln1347_265_reg_4086                |  37|   0|   37|          0|
    |trunc_ln1347_266_reg_4161                |  37|   0|   37|          0|
    |trunc_ln1347_267_reg_4176                |  37|   0|   37|          0|
    |trunc_ln1347_268_reg_4186                |  37|   0|   37|          0|
    |trunc_ln1347_269_reg_4196                |  37|   0|   37|          0|
    |trunc_ln1347_270_reg_4206                |  37|   0|   37|          0|
    |trunc_ln1347_271_reg_4216                |  37|   0|   37|          0|
    |trunc_ln1347_reg_3451                    |  37|   0|   37|          0|
    |trunc_ln813_s_reg_4256                   |  24|   0|   24|          0|
    |trunc_ln_reg_4251                        |  23|   0|   23|          0|
    |u_2_reg_3162                             |   6|   0|    6|          0|
    |u_fu_354                                 |   6|   0|    6|          0|
    |zext_ln120_reg_3172                      |   6|   0|   64|         58|
    |icmp_ln120_reg_3168                      |  64|  32|    1|          0|
    |r_V_351_reg_3285                         |  64|  32|   15|          0|
    |r_V_355_reg_3431                         |  64|  32|   30|          0|
    |trunc_ln1270_reg_3436                    |  64|  32|   21|          0|
    |zext_ln120_reg_3172                      |  64|  32|   64|         58|
    +-----------------------------------------+----+----+-----+-----------+
    |Total                                    |6422| 160| 6306|        131|
    +-----------------------------------------+----+----+-----+-----------+



================================================================
== Interface
================================================================
* Summary: 
+----------------------+-----+-----+------------+-----------------------------------------+--------------+
|       RTL Ports      | Dir | Bits|  Protocol  |              Source Object              |    C Type    |
+----------------------+-----+-----+------------+-----------------------------------------+--------------+
|ap_clk                |   in|    1|  ap_ctrl_hs|  gru_cell_step_Pipeline_VITIS_LOOP_120_5|  return value|
|ap_rst                |   in|    1|  ap_ctrl_hs|  gru_cell_step_Pipeline_VITIS_LOOP_120_5|  return value|
|ap_start              |   in|    1|  ap_ctrl_hs|  gru_cell_step_Pipeline_VITIS_LOOP_120_5|  return value|
|ap_done               |  out|    1|  ap_ctrl_hs|  gru_cell_step_Pipeline_VITIS_LOOP_120_5|  return value|
|ap_idle               |  out|    1|  ap_ctrl_hs|  gru_cell_step_Pipeline_VITIS_LOOP_120_5|  return value|
|ap_ready              |  out|    1|  ap_ctrl_hs|  gru_cell_step_Pipeline_VITIS_LOOP_120_5|  return value|
|grp_fu_11258_p_din0   |  out|   23|  ap_ctrl_hs|  gru_cell_step_Pipeline_VITIS_LOOP_120_5|  return value|
|grp_fu_11258_p_din1   |  out|   22|  ap_ctrl_hs|  gru_cell_step_Pipeline_VITIS_LOOP_120_5|  return value|
|grp_fu_11258_p_dout0  |   in|   45|  ap_ctrl_hs|  gru_cell_step_Pipeline_VITIS_LOOP_120_5|  return value|
|grp_fu_11258_p_ce     |  out|    1|  ap_ctrl_hs|  gru_cell_step_Pipeline_VITIS_LOOP_120_5|  return value|
|grp_fu_11262_p_din0   |  out|   23|  ap_ctrl_hs|  gru_cell_step_Pipeline_VITIS_LOOP_120_5|  return value|
|grp_fu_11262_p_din1   |  out|   22|  ap_ctrl_hs|  gru_cell_step_Pipeline_VITIS_LOOP_120_5|  return value|
|grp_fu_11262_p_dout0  |   in|   45|  ap_ctrl_hs|  gru_cell_step_Pipeline_VITIS_LOOP_120_5|  return value|
|grp_fu_11262_p_ce     |  out|    1|  ap_ctrl_hs|  gru_cell_step_Pipeline_VITIS_LOOP_120_5|  return value|
|grp_fu_11270_p_din0   |  out|   23|  ap_ctrl_hs|  gru_cell_step_Pipeline_VITIS_LOOP_120_5|  return value|
|grp_fu_11270_p_din1   |  out|   22|  ap_ctrl_hs|  gru_cell_step_Pipeline_VITIS_LOOP_120_5|  return value|
|grp_fu_11270_p_dout0  |   in|   45|  ap_ctrl_hs|  gru_cell_step_Pipeline_VITIS_LOOP_120_5|  return value|
|grp_fu_11270_p_ce     |  out|    1|  ap_ctrl_hs|  gru_cell_step_Pipeline_VITIS_LOOP_120_5|  return value|
|grp_fu_11274_p_din0   |  out|   23|  ap_ctrl_hs|  gru_cell_step_Pipeline_VITIS_LOOP_120_5|  return value|
|grp_fu_11274_p_din1   |  out|   22|  ap_ctrl_hs|  gru_cell_step_Pipeline_VITIS_LOOP_120_5|  return value|
|grp_fu_11274_p_dout0  |   in|   45|  ap_ctrl_hs|  gru_cell_step_Pipeline_VITIS_LOOP_120_5|  return value|
|grp_fu_11274_p_ce     |  out|    1|  ap_ctrl_hs|  gru_cell_step_Pipeline_VITIS_LOOP_120_5|  return value|
|grp_fu_11254_p_din0   |  out|   23|  ap_ctrl_hs|  gru_cell_step_Pipeline_VITIS_LOOP_120_5|  return value|
|grp_fu_11254_p_din1   |  out|   21|  ap_ctrl_hs|  gru_cell_step_Pipeline_VITIS_LOOP_120_5|  return value|
|grp_fu_11254_p_dout0  |   in|   44|  ap_ctrl_hs|  gru_cell_step_Pipeline_VITIS_LOOP_120_5|  return value|
|grp_fu_11254_p_ce     |  out|    1|  ap_ctrl_hs|  gru_cell_step_Pipeline_VITIS_LOOP_120_5|  return value|
|grp_fu_11250_p_din0   |  out|   24|  ap_ctrl_hs|  gru_cell_step_Pipeline_VITIS_LOOP_120_5|  return value|
|grp_fu_11250_p_din1   |  out|   23|  ap_ctrl_hs|  gru_cell_step_Pipeline_VITIS_LOOP_120_5|  return value|
|grp_fu_11250_p_dout0  |   in|   47|  ap_ctrl_hs|  gru_cell_step_Pipeline_VITIS_LOOP_120_5|  return value|
|grp_fu_11250_p_ce     |  out|    1|  ap_ctrl_hs|  gru_cell_step_Pipeline_VITIS_LOOP_120_5|  return value|
|grp_fu_11278_p_din0   |  out|   23|  ap_ctrl_hs|  gru_cell_step_Pipeline_VITIS_LOOP_120_5|  return value|
|grp_fu_11278_p_din1   |  out|   22|  ap_ctrl_hs|  gru_cell_step_Pipeline_VITIS_LOOP_120_5|  return value|
|grp_fu_11278_p_dout0  |   in|   45|  ap_ctrl_hs|  gru_cell_step_Pipeline_VITIS_LOOP_120_5|  return value|
|grp_fu_11278_p_ce     |  out|    1|  ap_ctrl_hs|  gru_cell_step_Pipeline_VITIS_LOOP_120_5|  return value|
|grp_fu_11286_p_din0   |  out|   23|  ap_ctrl_hs|  gru_cell_step_Pipeline_VITIS_LOOP_120_5|  return value|
|grp_fu_11286_p_din1   |  out|   22|  ap_ctrl_hs|  gru_cell_step_Pipeline_VITIS_LOOP_120_5|  return value|
|grp_fu_11286_p_dout0  |   in|   45|  ap_ctrl_hs|  gru_cell_step_Pipeline_VITIS_LOOP_120_5|  return value|
|grp_fu_11286_p_ce     |  out|    1|  ap_ctrl_hs|  gru_cell_step_Pipeline_VITIS_LOOP_120_5|  return value|
|grp_fu_11266_p_din0   |  out|   23|  ap_ctrl_hs|  gru_cell_step_Pipeline_VITIS_LOOP_120_5|  return value|
|grp_fu_11266_p_din1   |  out|   21|  ap_ctrl_hs|  gru_cell_step_Pipeline_VITIS_LOOP_120_5|  return value|
|grp_fu_11266_p_dout0  |   in|   44|  ap_ctrl_hs|  gru_cell_step_Pipeline_VITIS_LOOP_120_5|  return value|
|grp_fu_11266_p_ce     |  out|    1|  ap_ctrl_hs|  gru_cell_step_Pipeline_VITIS_LOOP_120_5|  return value|
|grp_fu_11282_p_din0   |  out|   23|  ap_ctrl_hs|  gru_cell_step_Pipeline_VITIS_LOOP_120_5|  return value|
|grp_fu_11282_p_din1   |  out|   21|  ap_ctrl_hs|  gru_cell_step_Pipeline_VITIS_LOOP_120_5|  return value|
|grp_fu_11282_p_dout0  |   in|   44|  ap_ctrl_hs|  gru_cell_step_Pipeline_VITIS_LOOP_120_5|  return value|
|grp_fu_11282_p_ce     |  out|    1|  ap_ctrl_hs|  gru_cell_step_Pipeline_VITIS_LOOP_120_5|  return value|
|grp_fu_11290_p_din0   |  out|   23|  ap_ctrl_hs|  gru_cell_step_Pipeline_VITIS_LOOP_120_5|  return value|
|grp_fu_11290_p_din1   |  out|   22|  ap_ctrl_hs|  gru_cell_step_Pipeline_VITIS_LOOP_120_5|  return value|
|grp_fu_11290_p_dout0  |   in|   45|  ap_ctrl_hs|  gru_cell_step_Pipeline_VITIS_LOOP_120_5|  return value|
|grp_fu_11290_p_ce     |  out|    1|  ap_ctrl_hs|  gru_cell_step_Pipeline_VITIS_LOOP_120_5|  return value|
|grp_fu_11294_p_din0   |  out|   23|  ap_ctrl_hs|  gru_cell_step_Pipeline_VITIS_LOOP_120_5|  return value|
|grp_fu_11294_p_din1   |  out|   22|  ap_ctrl_hs|  gru_cell_step_Pipeline_VITIS_LOOP_120_5|  return value|
|grp_fu_11294_p_dout0  |   in|   45|  ap_ctrl_hs|  gru_cell_step_Pipeline_VITIS_LOOP_120_5|  return value|
|grp_fu_11294_p_ce     |  out|    1|  ap_ctrl_hs|  gru_cell_step_Pipeline_VITIS_LOOP_120_5|  return value|
|grp_fu_11298_p_din0   |  out|   23|  ap_ctrl_hs|  gru_cell_step_Pipeline_VITIS_LOOP_120_5|  return value|
|grp_fu_11298_p_din1   |  out|   21|  ap_ctrl_hs|  gru_cell_step_Pipeline_VITIS_LOOP_120_5|  return value|
|grp_fu_11298_p_dout0  |   in|   44|  ap_ctrl_hs|  gru_cell_step_Pipeline_VITIS_LOOP_120_5|  return value|
|grp_fu_11298_p_ce     |  out|    1|  ap_ctrl_hs|  gru_cell_step_Pipeline_VITIS_LOOP_120_5|  return value|
|grp_fu_11302_p_din0   |  out|   23|  ap_ctrl_hs|  gru_cell_step_Pipeline_VITIS_LOOP_120_5|  return value|
|grp_fu_11302_p_din1   |  out|   22|  ap_ctrl_hs|  gru_cell_step_Pipeline_VITIS_LOOP_120_5|  return value|
|grp_fu_11302_p_dout0  |   in|   45|  ap_ctrl_hs|  gru_cell_step_Pipeline_VITIS_LOOP_120_5|  return value|
|grp_fu_11302_p_ce     |  out|    1|  ap_ctrl_hs|  gru_cell_step_Pipeline_VITIS_LOOP_120_5|  return value|
|grp_fu_11310_p_din0   |  out|   23|  ap_ctrl_hs|  gru_cell_step_Pipeline_VITIS_LOOP_120_5|  return value|
|grp_fu_11310_p_din1   |  out|   21|  ap_ctrl_hs|  gru_cell_step_Pipeline_VITIS_LOOP_120_5|  return value|
|grp_fu_11310_p_dout0  |   in|   44|  ap_ctrl_hs|  gru_cell_step_Pipeline_VITIS_LOOP_120_5|  return value|
|grp_fu_11310_p_ce     |  out|    1|  ap_ctrl_hs|  gru_cell_step_Pipeline_VITIS_LOOP_120_5|  return value|
|grp_fu_11350_p_din0   |  out|   23|  ap_ctrl_hs|  gru_cell_step_Pipeline_VITIS_LOOP_120_5|  return value|
|grp_fu_11350_p_din1   |  out|   23|  ap_ctrl_hs|  gru_cell_step_Pipeline_VITIS_LOOP_120_5|  return value|
|grp_fu_11350_p_dout0  |   in|   46|  ap_ctrl_hs|  gru_cell_step_Pipeline_VITIS_LOOP_120_5|  return value|
|grp_fu_11350_p_ce     |  out|    1|  ap_ctrl_hs|  gru_cell_step_Pipeline_VITIS_LOOP_120_5|  return value|
|grp_fu_11366_p_din0   |  out|   23|  ap_ctrl_hs|  gru_cell_step_Pipeline_VITIS_LOOP_120_5|  return value|
|grp_fu_11366_p_din1   |  out|   23|  ap_ctrl_hs|  gru_cell_step_Pipeline_VITIS_LOOP_120_5|  return value|
|grp_fu_11366_p_dout0  |   in|   46|  ap_ctrl_hs|  gru_cell_step_Pipeline_VITIS_LOOP_120_5|  return value|
|grp_fu_11366_p_ce     |  out|    1|  ap_ctrl_hs|  gru_cell_step_Pipeline_VITIS_LOOP_120_5|  return value|
|grp_fu_11314_p_din0   |  out|   23|  ap_ctrl_hs|  gru_cell_step_Pipeline_VITIS_LOOP_120_5|  return value|
|grp_fu_11314_p_din1   |  out|   21|  ap_ctrl_hs|  gru_cell_step_Pipeline_VITIS_LOOP_120_5|  return value|
|grp_fu_11314_p_dout0  |   in|   44|  ap_ctrl_hs|  gru_cell_step_Pipeline_VITIS_LOOP_120_5|  return value|
|grp_fu_11314_p_ce     |  out|    1|  ap_ctrl_hs|  gru_cell_step_Pipeline_VITIS_LOOP_120_5|  return value|
|grp_fu_11306_p_din0   |  out|   23|  ap_ctrl_hs|  gru_cell_step_Pipeline_VITIS_LOOP_120_5|  return value|
|grp_fu_11306_p_din1   |  out|   22|  ap_ctrl_hs|  gru_cell_step_Pipeline_VITIS_LOOP_120_5|  return value|
|grp_fu_11306_p_dout0  |   in|   45|  ap_ctrl_hs|  gru_cell_step_Pipeline_VITIS_LOOP_120_5|  return value|
|grp_fu_11306_p_ce     |  out|    1|  ap_ctrl_hs|  gru_cell_step_Pipeline_VITIS_LOOP_120_5|  return value|
|grp_fu_11318_p_din0   |  out|   23|  ap_ctrl_hs|  gru_cell_step_Pipeline_VITIS_LOOP_120_5|  return value|
|grp_fu_11318_p_din1   |  out|   22|  ap_ctrl_hs|  gru_cell_step_Pipeline_VITIS_LOOP_120_5|  return value|
|grp_fu_11318_p_dout0  |   in|   45|  ap_ctrl_hs|  gru_cell_step_Pipeline_VITIS_LOOP_120_5|  return value|
|grp_fu_11318_p_ce     |  out|    1|  ap_ctrl_hs|  gru_cell_step_Pipeline_VITIS_LOOP_120_5|  return value|
|grp_fu_11378_p_din0   |  out|   23|  ap_ctrl_hs|  gru_cell_step_Pipeline_VITIS_LOOP_120_5|  return value|
|grp_fu_11378_p_din1   |  out|   23|  ap_ctrl_hs|  gru_cell_step_Pipeline_VITIS_LOOP_120_5|  return value|
|grp_fu_11378_p_dout0  |   in|   46|  ap_ctrl_hs|  gru_cell_step_Pipeline_VITIS_LOOP_120_5|  return value|
|grp_fu_11378_p_ce     |  out|    1|  ap_ctrl_hs|  gru_cell_step_Pipeline_VITIS_LOOP_120_5|  return value|
|grp_fu_11322_p_din0   |  out|   23|  ap_ctrl_hs|  gru_cell_step_Pipeline_VITIS_LOOP_120_5|  return value|
|grp_fu_11322_p_din1   |  out|   22|  ap_ctrl_hs|  gru_cell_step_Pipeline_VITIS_LOOP_120_5|  return value|
|grp_fu_11322_p_dout0  |   in|   45|  ap_ctrl_hs|  gru_cell_step_Pipeline_VITIS_LOOP_120_5|  return value|
|grp_fu_11322_p_ce     |  out|    1|  ap_ctrl_hs|  gru_cell_step_Pipeline_VITIS_LOOP_120_5|  return value|
|grp_fu_11334_p_din0   |  out|   23|  ap_ctrl_hs|  gru_cell_step_Pipeline_VITIS_LOOP_120_5|  return value|
|grp_fu_11334_p_din1   |  out|   21|  ap_ctrl_hs|  gru_cell_step_Pipeline_VITIS_LOOP_120_5|  return value|
|grp_fu_11334_p_dout0  |   in|   44|  ap_ctrl_hs|  gru_cell_step_Pipeline_VITIS_LOOP_120_5|  return value|
|grp_fu_11334_p_ce     |  out|    1|  ap_ctrl_hs|  gru_cell_step_Pipeline_VITIS_LOOP_120_5|  return value|
|grp_fu_11326_p_din0   |  out|   23|  ap_ctrl_hs|  gru_cell_step_Pipeline_VITIS_LOOP_120_5|  return value|
|grp_fu_11326_p_din1   |  out|   22|  ap_ctrl_hs|  gru_cell_step_Pipeline_VITIS_LOOP_120_5|  return value|
|grp_fu_11326_p_dout0  |   in|   45|  ap_ctrl_hs|  gru_cell_step_Pipeline_VITIS_LOOP_120_5|  return value|
|grp_fu_11326_p_ce     |  out|    1|  ap_ctrl_hs|  gru_cell_step_Pipeline_VITIS_LOOP_120_5|  return value|
|grp_fu_11330_p_din0   |  out|   23|  ap_ctrl_hs|  gru_cell_step_Pipeline_VITIS_LOOP_120_5|  return value|
|grp_fu_11330_p_din1   |  out|   22|  ap_ctrl_hs|  gru_cell_step_Pipeline_VITIS_LOOP_120_5|  return value|
|grp_fu_11330_p_dout0  |   in|   45|  ap_ctrl_hs|  gru_cell_step_Pipeline_VITIS_LOOP_120_5|  return value|
|grp_fu_11330_p_ce     |  out|    1|  ap_ctrl_hs|  gru_cell_step_Pipeline_VITIS_LOOP_120_5|  return value|
|grp_fu_11338_p_din0   |  out|   23|  ap_ctrl_hs|  gru_cell_step_Pipeline_VITIS_LOOP_120_5|  return value|
|grp_fu_11338_p_din1   |  out|   22|  ap_ctrl_hs|  gru_cell_step_Pipeline_VITIS_LOOP_120_5|  return value|
|grp_fu_11338_p_dout0  |   in|   45|  ap_ctrl_hs|  gru_cell_step_Pipeline_VITIS_LOOP_120_5|  return value|
|grp_fu_11338_p_ce     |  out|    1|  ap_ctrl_hs|  gru_cell_step_Pipeline_VITIS_LOOP_120_5|  return value|
|grp_fu_11342_p_din0   |  out|   23|  ap_ctrl_hs|  gru_cell_step_Pipeline_VITIS_LOOP_120_5|  return value|
|grp_fu_11342_p_din1   |  out|   22|  ap_ctrl_hs|  gru_cell_step_Pipeline_VITIS_LOOP_120_5|  return value|
|grp_fu_11342_p_dout0  |   in|   45|  ap_ctrl_hs|  gru_cell_step_Pipeline_VITIS_LOOP_120_5|  return value|
|grp_fu_11342_p_ce     |  out|    1|  ap_ctrl_hs|  gru_cell_step_Pipeline_VITIS_LOOP_120_5|  return value|
|grp_fu_11346_p_din0   |  out|   23|  ap_ctrl_hs|  gru_cell_step_Pipeline_VITIS_LOOP_120_5|  return value|
|grp_fu_11346_p_din1   |  out|   22|  ap_ctrl_hs|  gru_cell_step_Pipeline_VITIS_LOOP_120_5|  return value|
|grp_fu_11346_p_dout0  |   in|   45|  ap_ctrl_hs|  gru_cell_step_Pipeline_VITIS_LOOP_120_5|  return value|
|grp_fu_11346_p_ce     |  out|    1|  ap_ctrl_hs|  gru_cell_step_Pipeline_VITIS_LOOP_120_5|  return value|
|grp_fu_11358_p_din0   |  out|   23|  ap_ctrl_hs|  gru_cell_step_Pipeline_VITIS_LOOP_120_5|  return value|
|grp_fu_11358_p_din1   |  out|   22|  ap_ctrl_hs|  gru_cell_step_Pipeline_VITIS_LOOP_120_5|  return value|
|grp_fu_11358_p_dout0  |   in|   45|  ap_ctrl_hs|  gru_cell_step_Pipeline_VITIS_LOOP_120_5|  return value|
|grp_fu_11358_p_ce     |  out|    1|  ap_ctrl_hs|  gru_cell_step_Pipeline_VITIS_LOOP_120_5|  return value|
|grp_fu_11362_p_din0   |  out|   23|  ap_ctrl_hs|  gru_cell_step_Pipeline_VITIS_LOOP_120_5|  return value|
|grp_fu_11362_p_din1   |  out|   22|  ap_ctrl_hs|  gru_cell_step_Pipeline_VITIS_LOOP_120_5|  return value|
|grp_fu_11362_p_dout0  |   in|   45|  ap_ctrl_hs|  gru_cell_step_Pipeline_VITIS_LOOP_120_5|  return value|
|grp_fu_11362_p_ce     |  out|    1|  ap_ctrl_hs|  gru_cell_step_Pipeline_VITIS_LOOP_120_5|  return value|
|grp_fu_11370_p_din0   |  out|   23|  ap_ctrl_hs|  gru_cell_step_Pipeline_VITIS_LOOP_120_5|  return value|
|grp_fu_11370_p_din1   |  out|   22|  ap_ctrl_hs|  gru_cell_step_Pipeline_VITIS_LOOP_120_5|  return value|
|grp_fu_11370_p_dout0  |   in|   45|  ap_ctrl_hs|  gru_cell_step_Pipeline_VITIS_LOOP_120_5|  return value|
|grp_fu_11370_p_ce     |  out|    1|  ap_ctrl_hs|  gru_cell_step_Pipeline_VITIS_LOOP_120_5|  return value|
|grp_fu_11374_p_din0   |  out|   23|  ap_ctrl_hs|  gru_cell_step_Pipeline_VITIS_LOOP_120_5|  return value|
|grp_fu_11374_p_din1   |  out|   22|  ap_ctrl_hs|  gru_cell_step_Pipeline_VITIS_LOOP_120_5|  return value|
|grp_fu_11374_p_dout0  |   in|   45|  ap_ctrl_hs|  gru_cell_step_Pipeline_VITIS_LOOP_120_5|  return value|
|grp_fu_11374_p_ce     |  out|    1|  ap_ctrl_hs|  gru_cell_step_Pipeline_VITIS_LOOP_120_5|  return value|
|grp_fu_11354_p_din0   |  out|   23|  ap_ctrl_hs|  gru_cell_step_Pipeline_VITIS_LOOP_120_5|  return value|
|grp_fu_11354_p_din1   |  out|   21|  ap_ctrl_hs|  gru_cell_step_Pipeline_VITIS_LOOP_120_5|  return value|
|grp_fu_11354_p_dout0  |   in|   44|  ap_ctrl_hs|  gru_cell_step_Pipeline_VITIS_LOOP_120_5|  return value|
|grp_fu_11354_p_ce     |  out|    1|  ap_ctrl_hs|  gru_cell_step_Pipeline_VITIS_LOOP_120_5|  return value|
|shl_i_i_i314_cast     |   in|   24|     ap_none|                        shl_i_i_i314_cast|        scalar|
|shl_i_i_i439_cast     |   in|   23|     ap_none|                        shl_i_i_i439_cast|        scalar|
|shl_i_i_i439_1_cast   |   in|   23|     ap_none|                      shl_i_i_i439_1_cast|        scalar|
|shl_i_i_i439_2_cast   |   in|   23|     ap_none|                      shl_i_i_i439_2_cast|        scalar|
|shl_i_i_i439_3_cast   |   in|   23|     ap_none|                      shl_i_i_i439_3_cast|        scalar|
|shl_i_i_i439_4_cast   |   in|   23|     ap_none|                      shl_i_i_i439_4_cast|        scalar|
|shl_i_i_i439_5_cast   |   in|   23|     ap_none|                      shl_i_i_i439_5_cast|        scalar|
|shl_i_i_i439_6_cast   |   in|   23|     ap_none|                      shl_i_i_i439_6_cast|        scalar|
|shl_i_i_i439_7_cast   |   in|   23|     ap_none|                      shl_i_i_i439_7_cast|        scalar|
|shl_i_i_i439_8_cast   |   in|   23|     ap_none|                      shl_i_i_i439_8_cast|        scalar|
|shl_i_i_i439_9_cast   |   in|   23|     ap_none|                      shl_i_i_i439_9_cast|        scalar|
|shl_i_i_i439_10_cast  |   in|   23|     ap_none|                     shl_i_i_i439_10_cast|        scalar|
|shl_i_i_i439_11_cast  |   in|   23|     ap_none|                     shl_i_i_i439_11_cast|        scalar|
|shl_i_i_i439_12_cast  |   in|   23|     ap_none|                     shl_i_i_i439_12_cast|        scalar|
|shl_i_i_i439_13_cast  |   in|   23|     ap_none|                     shl_i_i_i439_13_cast|        scalar|
|shl_i_i_i439_14_cast  |   in|   23|     ap_none|                     shl_i_i_i439_14_cast|        scalar|
|shl_i_i_i439_15_cast  |   in|   23|     ap_none|                     shl_i_i_i439_15_cast|        scalar|
|shl_i_i_i439_16_cast  |   in|   23|     ap_none|                     shl_i_i_i439_16_cast|        scalar|
|shl_i_i_i439_17_cast  |   in|   23|     ap_none|                     shl_i_i_i439_17_cast|        scalar|
|shl_i_i_i439_18_cast  |   in|   23|     ap_none|                     shl_i_i_i439_18_cast|        scalar|
|shl_i_i_i439_19_cast  |   in|   23|     ap_none|                     shl_i_i_i439_19_cast|        scalar|
|shl_i_i_i439_20_cast  |   in|   23|     ap_none|                     shl_i_i_i439_20_cast|        scalar|
|shl_i_i_i439_21_cast  |   in|   23|     ap_none|                     shl_i_i_i439_21_cast|        scalar|
|shl_i_i_i439_22_cast  |   in|   23|     ap_none|                     shl_i_i_i439_22_cast|        scalar|
|shl_i_i_i439_23_cast  |   in|   23|     ap_none|                     shl_i_i_i439_23_cast|        scalar|
|shl_i_i_i439_24_cast  |   in|   23|     ap_none|                     shl_i_i_i439_24_cast|        scalar|
|shl_i_i_i439_25_cast  |   in|   23|     ap_none|                     shl_i_i_i439_25_cast|        scalar|
|shl_i_i_i439_26_cast  |   in|   23|     ap_none|                     shl_i_i_i439_26_cast|        scalar|
|shl_i_i_i439_27_cast  |   in|   23|     ap_none|                     shl_i_i_i439_27_cast|        scalar|
|shl_i_i_i439_28_cast  |   in|   23|     ap_none|                     shl_i_i_i439_28_cast|        scalar|
|shl_i_i_i439_29_cast  |   in|   23|     ap_none|                     shl_i_i_i439_29_cast|        scalar|
|shl_i_i_i439_30_cast  |   in|   23|     ap_none|                     shl_i_i_i439_30_cast|        scalar|
|sext_ln120            |   in|   23|     ap_none|                               sext_ln120|        scalar|
|z_V_address0          |  out|    5|   ap_memory|                                      z_V|         array|
|z_V_ce0               |  out|    1|   ap_memory|                                      z_V|         array|
|z_V_q0                |   in|   15|   ap_memory|                                      z_V|         array|
|h_prev_0_address0     |  out|    3|   ap_memory|                                 h_prev_0|         array|
|h_prev_0_ce0          |  out|    1|   ap_memory|                                 h_prev_0|         array|
|h_prev_0_q0           |   in|    8|   ap_memory|                                 h_prev_0|         array|
|h_prev_1_address0     |  out|    3|   ap_memory|                                 h_prev_1|         array|
|h_prev_1_ce0          |  out|    1|   ap_memory|                                 h_prev_1|         array|
|h_prev_1_q0           |   in|    8|   ap_memory|                                 h_prev_1|         array|
|h_prev_2_address0     |  out|    3|   ap_memory|                                 h_prev_2|         array|
|h_prev_2_ce0          |  out|    1|   ap_memory|                                 h_prev_2|         array|
|h_prev_2_q0           |   in|    8|   ap_memory|                                 h_prev_2|         array|
|h_prev_3_address0     |  out|    3|   ap_memory|                                 h_prev_3|         array|
|h_prev_3_ce0          |  out|    1|   ap_memory|                                 h_prev_3|         array|
|h_prev_3_q0           |   in|    8|   ap_memory|                                 h_prev_3|         array|
|h_new_address0        |  out|    5|   ap_memory|                                    h_new|         array|
|h_new_ce0             |  out|    1|   ap_memory|                                    h_new|         array|
|h_new_we0             |  out|    1|   ap_memory|                                    h_new|         array|
|h_new_d0              |  out|    8|   ap_memory|                                    h_new|         array|
+----------------------+-----+-----+------------+-----------------------------------------+--------------+

