

================================================================
== Vitis HLS Report for 'gru_cell_step_Pipeline_VITIS_LOOP_69_1'
================================================================
* Date:           Tue Aug 18 11:36:20 2026

* Version:        2022.2 (Build 3670227 on Oct 13 2022)
* Project:        seq2seqlite_student_proj
* Solution:       solution_streaming8 (Vivado IP Flow Target)
* Product family: kintex7
* Target device:  xc7k410t-ffg676-1


================================================================
== Performance Estimates
================================================================
+ Timing: 
    * Summary: 
    +--------+---------+----------+------------+
    |  Clock |  Target | Estimated| Uncertainty|
    +--------+---------+----------+------------+
    |ap_clk  |  4.50 ns|  3.066 ns|     1.22 ns|
    +--------+---------+----------+------------+

+ Latency: 
    * Summary: 
    +---------+---------+----------+----------+-----+-----+---------+
    |  Latency (cycles) |  Latency (absolute) |  Interval | Pipeline|
    |   min   |   max   |    min   |    max   | min | max |   Type  |
    +---------+---------+----------+----------+-----+-----+---------+
    |      153|      153|  0.689 us|  0.689 us|  153|  153|       no|
    +---------+---------+----------+----------+-----+-----+---------+

    + Detail: 
        * Instance: 
        N/A

        * Loop: 
        +-------------------+---------+---------+----------+-----------+-----------+------+----------+
        |                   |  Latency (cycles) | Iteration|  Initiation Interval  | Trip |          |
        |     Loop Name     |   min   |   max   |  Latency |  achieved |   target  | Count| Pipelined|
        +-------------------+---------+---------+----------+-----------+-----------+------+----------+
        |- VITIS_LOOP_69_1  |      151|      151|        28|          4|          4|    32|       yes|
        +-------------------+---------+---------+----------+-----------+-----------+------+----------+



================================================================
== Utilization Estimates
================================================================
* Summary: 
+-----------------+---------+------+--------+--------+-----+
|       Name      | BRAM_18K|  DSP |   FF   |   LUT  | URAM|
+-----------------+---------+------+--------+--------+-----+
|DSP              |        -|     -|       -|       -|    -|
|Expression       |        -|     -|       0|    3486|    -|
|FIFO             |        -|     -|       -|       -|    -|
|Instance         |        -|    33|    5425|    2451|    -|
|Memory           |        0|     -|     448|     245|    -|
|Multiplexer      |        -|     -|       -|      66|    -|
|Register         |        -|     -|    7605|      32|    -|
+-----------------+---------+------+--------+--------+-----+
|Total            |        0|    33|   13478|    6280|    0|
+-----------------+---------+------+--------+--------+-----+
|Available        |     1590|  1540|  508400|  254200|    0|
+-----------------+---------+------+--------+--------+-----+
|Utilization (%)  |        0|     2|       2|       2|    0|
+-----------------+---------+------+--------+--------+-----+

+ Detail: 
    * Instance: 
    +------------------------+--------------------+---------+----+-----+-----+-----+
    |        Instance        |       Module       | BRAM_18K| DSP|  FF | LUT | URAM|
    +------------------------+--------------------+---------+----+-----+-----+-----+
    |mul_23s_21s_44_5_1_U34  |mul_23s_21s_44_5_1  |        0|   1|  169|   67|    0|
    |mul_23s_21s_44_5_1_U40  |mul_23s_21s_44_5_1  |        0|   1|  169|   67|    0|
    |mul_23s_21s_44_5_1_U50  |mul_23s_21s_44_5_1  |        0|   1|  169|   67|    0|
    |mul_23s_21s_44_5_1_U52  |mul_23s_21s_44_5_1  |        0|   1|  169|   67|    0|
    |mul_23s_21s_44_5_1_U55  |mul_23s_21s_44_5_1  |        0|   1|  169|   67|    0|
    |mul_23s_21s_44_5_1_U61  |mul_23s_21s_44_5_1  |        0|   1|  169|   67|    0|
    |mul_23s_21s_44_5_1_U62  |mul_23s_21s_44_5_1  |        0|   1|  169|   67|    0|
    |mul_23s_21s_44_5_1_U66  |mul_23s_21s_44_5_1  |        0|   1|  169|   67|    0|
    |mul_23s_21s_44_5_1_U67  |mul_23s_21s_44_5_1  |        0|   1|  169|   67|    0|
    |mul_23s_22s_45_5_1_U41  |mul_23s_22s_45_5_1  |        0|   1|  169|   67|    0|
    |mul_23s_22s_45_5_1_U42  |mul_23s_22s_45_5_1  |        0|   1|  169|   67|    0|
    |mul_23s_22s_45_5_1_U43  |mul_23s_22s_45_5_1  |        0|   1|  169|   67|    0|
    |mul_23s_22s_45_5_1_U44  |mul_23s_22s_45_5_1  |        0|   1|  169|   67|    0|
    |mul_23s_22s_45_5_1_U45  |mul_23s_22s_45_5_1  |        0|   1|  169|   67|    0|
    |mul_23s_22s_45_5_1_U48  |mul_23s_22s_45_5_1  |        0|   1|  169|   67|    0|
    |mul_23s_22s_45_5_1_U49  |mul_23s_22s_45_5_1  |        0|   1|  169|   67|    0|
    |mul_23s_22s_45_5_1_U51  |mul_23s_22s_45_5_1  |        0|   1|  169|   67|    0|
    |mul_23s_22s_45_5_1_U53  |mul_23s_22s_45_5_1  |        0|   1|  169|   67|    0|
    |mul_23s_22s_45_5_1_U54  |mul_23s_22s_45_5_1  |        0|   1|  169|   67|    0|
    |mul_23s_22s_45_5_1_U56  |mul_23s_22s_45_5_1  |        0|   1|  169|   67|    0|
    |mul_23s_22s_45_5_1_U58  |mul_23s_22s_45_5_1  |        0|   1|  169|   67|    0|
    |mul_23s_22s_45_5_1_U59  |mul_23s_22s_45_5_1  |        0|   1|  169|   67|    0|
    |mul_23s_22s_45_5_1_U60  |mul_23s_22s_45_5_1  |        0|   1|  169|   67|    0|
    |mul_23s_22s_45_5_1_U63  |mul_23s_22s_45_5_1  |        0|   1|  169|   67|    0|
    |mul_23s_22s_45_5_1_U64  |mul_23s_22s_45_5_1  |        0|   1|  169|   67|    0|
    |mul_23s_22s_45_5_1_U65  |mul_23s_22s_45_5_1  |        0|   1|  169|   67|    0|
    |mul_23s_22s_45_5_1_U68  |mul_23s_22s_45_5_1  |        0|   1|  169|   67|    0|
    |mul_23s_22s_45_5_1_U69  |mul_23s_22s_45_5_1  |        0|   1|  169|   67|    0|
    |mul_23s_22s_45_5_1_U70  |mul_23s_22s_45_5_1  |        0|   1|  169|   67|    0|
    |mul_23s_22s_45_5_1_U71  |mul_23s_22s_45_5_1  |        0|   1|  169|   67|    0|
    |mul_23s_23s_46_5_1_U47  |mul_23s_23s_46_5_1  |        0|   1|  169|   67|    0|
    |mul_23s_23s_46_5_1_U57  |mul_23s_23s_46_5_1  |        0|   1|  169|   67|    0|
    |mul_24s_23s_47_3_1_U7   |mul_24s_23s_47_3_1  |        0|   1|   17|   23|    0|
    |mux_325_8_1_1_U4        |mux_325_8_1_1       |        0|   0|    0|  142|    0|
    |mux_325_8_1_1_U5        |mux_325_8_1_1       |        0|   0|    0|  142|    0|
    +------------------------+--------------------+---------+----+-----+-----+-----+
    |Total                   |                    |        0|  33| 5425| 2451|    0|
    +------------------------+--------------------+---------+----+-----+-----+-----+

    * DSP: 
    N/A

    * Memory: 
    +----------------------------------------+----------------------------------------------------------------------------------+---------+---+----+-----+------+-----+------+-------------+
    |                 Memory                 |                                      Module                                      | BRAM_18K| FF| LUT| URAM| Words| Bits| Banks| W*Bits*Banks|
    +----------------------------------------+----------------------------------------------------------------------------------+---------+---+----+-----+------+-----+------+-------------+
    |p_ZL26sencgru_recurrent_kernel_r_0_0_U  |gru_cell_step_Pipeline_VITIS_LOOP_69_1_p_ZL26sencgru_recurrent_kernel_r_0_0_Rcud  |        0|  7|   4|    0|    32|    7|     1|          224|
    |p_ZL26sencgru_recurrent_kernel_r_0_1_U  |gru_cell_step_Pipeline_VITIS_LOOP_69_1_p_ZL26sencgru_recurrent_kernel_r_0_1_Rsc4  |        0|  7|   4|    0|    32|    7|     1|          224|
    |p_ZL26sencgru_recurrent_kernel_r_0_2_U  |gru_cell_step_Pipeline_VITIS_LOOP_69_1_p_ZL26sencgru_recurrent_kernel_r_0_2_RIfE  |        0|  7|   4|    0|    32|    7|     1|          224|
    |p_ZL26sencgru_recurrent_kernel_r_0_3_U  |gru_cell_step_Pipeline_VITIS_LOOP_69_1_p_ZL26sencgru_recurrent_kernel_r_0_3_RYie  |        0|  8|   4|    0|    32|    8|     1|          256|
    |p_ZL26sencgru_recurrent_kernel_r_1_0_U  |gru_cell_step_Pipeline_VITIS_LOOP_69_1_p_ZL26sencgru_recurrent_kernel_r_1_0_ReOg  |        0|  6|   3|    0|    32|    6|     1|          192|
    |p_ZL26sencgru_recurrent_kernel_r_1_1_U  |gru_cell_step_Pipeline_VITIS_LOOP_69_1_p_ZL26sencgru_recurrent_kernel_r_1_1_Rudo  |        0|  7|   4|    0|    32|    7|     1|          224|
    |p_ZL26sencgru_recurrent_kernel_r_1_2_U  |gru_cell_step_Pipeline_VITIS_LOOP_69_1_p_ZL26sencgru_recurrent_kernel_r_1_2_RKfY  |        0|  7|   4|    0|    32|    7|     1|          224|
    |p_ZL26sencgru_recurrent_kernel_r_1_3_U  |gru_cell_step_Pipeline_VITIS_LOOP_69_1_p_ZL26sencgru_recurrent_kernel_r_1_3_R0iy  |        0|  7|   4|    0|    32|    7|     1|          224|
    |p_ZL26sencgru_recurrent_kernel_r_2_0_U  |gru_cell_step_Pipeline_VITIS_LOOP_69_1_p_ZL26sencgru_recurrent_kernel_r_2_0_Rg8j  |        0|  7|   4|    0|    32|    7|     1|          224|
    |p_ZL26sencgru_recurrent_kernel_r_2_1_U  |gru_cell_step_Pipeline_VITIS_LOOP_69_1_p_ZL26sencgru_recurrent_kernel_r_2_1_RwdI  |        0|  7|   4|    0|    32|    7|     1|          224|
    |p_ZL26sencgru_recurrent_kernel_r_2_2_U  |gru_cell_step_Pipeline_VITIS_LOOP_69_1_p_ZL26sencgru_recurrent_kernel_r_2_2_RMgi  |        0|  7|   4|    0|    32|    7|     1|          224|
    |p_ZL26sencgru_recurrent_kernel_r_2_3_U  |gru_cell_step_Pipeline_VITIS_LOOP_69_1_p_ZL26sencgru_recurrent_kernel_r_2_3_R2iS  |        0|  6|   3|    0|    32|    6|     1|          192|
    |p_ZL26sencgru_recurrent_kernel_r_3_0_U  |gru_cell_step_Pipeline_VITIS_LOOP_69_1_p_ZL26sencgru_recurrent_kernel_r_3_0_Ribs  |        0|  6|   3|    0|    32|    6|     1|          192|
    |p_ZL26sencgru_recurrent_kernel_r_3_1_U  |gru_cell_step_Pipeline_VITIS_LOOP_69_1_p_ZL26sencgru_recurrent_kernel_r_3_1_Ryd2  |        0|  7|   4|    0|    32|    7|     1|          224|
    |p_ZL26sencgru_recurrent_kernel_r_3_2_U  |gru_cell_step_Pipeline_VITIS_LOOP_69_1_p_ZL26sencgru_recurrent_kernel_r_3_2_ROgC  |        0|  8|   4|    0|    32|    8|     1|          256|
    |p_ZL26sencgru_recurrent_kernel_r_3_3_U  |gru_cell_step_Pipeline_VITIS_LOOP_69_1_p_ZL26sencgru_recurrent_kernel_r_3_3_R4jc  |        0|  7|   4|    0|    32|    7|     1|          224|
    |p_ZL26sencgru_recurrent_kernel_r_4_0_U  |gru_cell_step_Pipeline_VITIS_LOOP_69_1_p_ZL26sencgru_recurrent_kernel_r_4_0_RkbM  |        0|  7|   4|    0|    32|    7|     1|          224|
    |p_ZL26sencgru_recurrent_kernel_r_4_1_U  |gru_cell_step_Pipeline_VITIS_LOOP_69_1_p_ZL26sencgru_recurrent_kernel_r_4_1_RAem  |        0|  6|   3|    0|    32|    6|     1|          192|
    |p_ZL26sencgru_recurrent_kernel_r_4_2_U  |gru_cell_step_Pipeline_VITIS_LOOP_69_1_p_ZL26sencgru_recurrent_kernel_r_4_2_RQgW  |        0|  7|   4|    0|    32|    7|     1|          224|
    |p_ZL26sencgru_recurrent_kernel_r_4_3_U  |gru_cell_step_Pipeline_VITIS_LOOP_69_1_p_ZL26sencgru_recurrent_kernel_r_4_3_R6jw  |        0|  7|   4|    0|    32|    7|     1|          224|
    |p_ZL26sencgru_recurrent_kernel_r_5_0_U  |gru_cell_step_Pipeline_VITIS_LOOP_69_1_p_ZL26sencgru_recurrent_kernel_r_5_0_Rmb6  |        0|  6|   3|    0|    32|    6|     1|          192|
    |p_ZL26sencgru_recurrent_kernel_r_5_1_U  |gru_cell_step_Pipeline_VITIS_LOOP_69_1_p_ZL26sencgru_recurrent_kernel_r_5_1_RCeG  |        0|  7|   4|    0|    32|    7|     1|          224|
    |p_ZL26sencgru_recurrent_kernel_r_5_2_U  |gru_cell_step_Pipeline_VITIS_LOOP_69_1_p_ZL26sencgru_recurrent_kernel_r_5_2_RShg  |        0|  7|   4|    0|    32|    7|     1|          224|
    |p_ZL26sencgru_recurrent_kernel_r_5_3_U  |gru_cell_step_Pipeline_VITIS_LOOP_69_1_p_ZL26sencgru_recurrent_kernel_r_5_3_R8jQ  |        0|  7|   4|    0|    32|    7|     1|          224|
    |p_ZL26sencgru_recurrent_kernel_r_6_0_U  |gru_cell_step_Pipeline_VITIS_LOOP_69_1_p_ZL26sencgru_recurrent_kernel_r_6_0_Rocq  |        0|  7|   4|    0|    32|    7|     1|          224|
    |p_ZL26sencgru_recurrent_kernel_r_6_1_U  |gru_cell_step_Pipeline_VITIS_LOOP_69_1_p_ZL26sencgru_recurrent_kernel_r_6_1_REe0  |        0|  8|   4|    0|    32|    8|     1|          256|
    |p_ZL26sencgru_recurrent_kernel_r_6_2_U  |gru_cell_step_Pipeline_VITIS_LOOP_69_1_p_ZL26sencgru_recurrent_kernel_r_6_2_RUhA  |        0|  7|   4|    0|    32|    7|     1|          224|
    |p_ZL26sencgru_recurrent_kernel_r_6_3_U  |gru_cell_step_Pipeline_VITIS_LOOP_69_1_p_ZL26sencgru_recurrent_kernel_r_6_3_Rbak  |        0|  7|   4|    0|    32|    7|     1|          224|
    |p_ZL26sencgru_recurrent_kernel_r_7_0_U  |gru_cell_step_Pipeline_VITIS_LOOP_69_1_p_ZL26sencgru_recurrent_kernel_r_7_0_RqcK  |        0|  6|   3|    0|    32|    6|     1|          192|
    |p_ZL26sencgru_recurrent_kernel_r_7_1_U  |gru_cell_step_Pipeline_VITIS_LOOP_69_1_p_ZL26sencgru_recurrent_kernel_r_7_1_RGfk  |        0|  7|   4|    0|    32|    7|     1|          224|
    |p_ZL26sencgru_recurrent_kernel_r_7_2_U  |gru_cell_step_Pipeline_VITIS_LOOP_69_1_p_ZL26sencgru_recurrent_kernel_r_7_2_RWhU  |        0|  6|   3|    0|    32|    6|     1|          192|
    |p_ZL26sencgru_recurrent_kernel_r_7_3_U  |gru_cell_step_Pipeline_VITIS_LOOP_69_1_p_ZL26sencgru_recurrent_kernel_r_7_3_Rbck  |        0|  7|   4|    0|    32|    7|     1|          224|
    |p_ZL26sencgru_recurrent_kernel_z_0_0_U  |gru_cell_step_Pipeline_VITIS_LOOP_69_1_p_ZL26sencgru_recurrent_kernel_z_0_0_Rbkb  |        0|  6|   3|    0|    32|    6|     1|          192|
    |p_ZL26sencgru_recurrent_kernel_z_0_1_U  |gru_cell_step_Pipeline_VITIS_LOOP_69_1_p_ZL26sencgru_recurrent_kernel_z_0_1_RrcU  |        0|  6|   3|    0|    32|    6|     1|          192|
    |p_ZL26sencgru_recurrent_kernel_z_0_2_U  |gru_cell_step_Pipeline_VITIS_LOOP_69_1_p_ZL26sencgru_recurrent_kernel_z_0_2_RHfu  |        0|  6|   3|    0|    32|    6|     1|          192|
    |p_ZL26sencgru_recurrent_kernel_z_0_3_U  |gru_cell_step_Pipeline_VITIS_LOOP_69_1_p_ZL26sencgru_recurrent_kernel_z_0_3_RXh4  |        0|  7|   4|    0|    32|    7|     1|          224|
    |p_ZL26sencgru_recurrent_kernel_z_1_0_U  |gru_cell_step_Pipeline_VITIS_LOOP_69_1_p_ZL26sencgru_recurrent_kernel_z_1_0_RdEe  |        0|  7|   4|    0|    32|    7|     1|          224|
    |p_ZL26sencgru_recurrent_kernel_z_1_1_U  |gru_cell_step_Pipeline_VITIS_LOOP_69_1_p_ZL26sencgru_recurrent_kernel_z_1_1_Rtde  |        0|  7|   4|    0|    32|    7|     1|          224|
    |p_ZL26sencgru_recurrent_kernel_z_1_2_U  |gru_cell_step_Pipeline_VITIS_LOOP_69_1_p_ZL26sencgru_recurrent_kernel_z_1_2_RJfO  |        0|  7|   4|    0|    32|    7|     1|          224|
    |p_ZL26sencgru_recurrent_kernel_z_1_3_U  |gru_cell_step_Pipeline_VITIS_LOOP_69_1_p_ZL26sencgru_recurrent_kernel_z_1_3_RZio  |        0|  7|   4|    0|    32|    7|     1|          224|
    |p_ZL26sencgru_recurrent_kernel_z_2_0_U  |gru_cell_step_Pipeline_VITIS_LOOP_69_1_p_ZL26sencgru_recurrent_kernel_z_2_0_RfYi  |        0|  7|   4|    0|    32|    7|     1|          224|
    |p_ZL26sencgru_recurrent_kernel_z_2_1_U  |gru_cell_step_Pipeline_VITIS_LOOP_69_1_p_ZL26sencgru_recurrent_kernel_z_2_1_Rvdy  |        0|  6|   3|    0|    32|    6|     1|          192|
    |p_ZL26sencgru_recurrent_kernel_z_2_2_U  |gru_cell_step_Pipeline_VITIS_LOOP_69_1_p_ZL26sencgru_recurrent_kernel_z_2_2_RLf8  |        0|  7|   4|    0|    32|    7|     1|          224|
    |p_ZL26sencgru_recurrent_kernel_z_2_3_U  |gru_cell_step_Pipeline_VITIS_LOOP_69_1_p_ZL26sencgru_recurrent_kernel_z_2_3_R1iI  |        0|  7|   4|    0|    32|    7|     1|          224|
    |p_ZL26sencgru_recurrent_kernel_z_3_0_U  |gru_cell_step_Pipeline_VITIS_LOOP_69_1_p_ZL26sencgru_recurrent_kernel_z_3_0_Rhbi  |        0|  7|   4|    0|    32|    7|     1|          224|
    |p_ZL26sencgru_recurrent_kernel_z_3_1_U  |gru_cell_step_Pipeline_VITIS_LOOP_69_1_p_ZL26sencgru_recurrent_kernel_z_3_1_RxdS  |        0|  7|   4|    0|    32|    7|     1|          224|
    |p_ZL26sencgru_recurrent_kernel_z_3_2_U  |gru_cell_step_Pipeline_VITIS_LOOP_69_1_p_ZL26sencgru_recurrent_kernel_z_3_2_RNgs  |        0|  8|   4|    0|    32|    8|     1|          256|
    |p_ZL26sencgru_recurrent_kernel_z_3_3_U  |gru_cell_step_Pipeline_VITIS_LOOP_69_1_p_ZL26sencgru_recurrent_kernel_z_3_3_R3i2  |        0|  6|   3|    0|    32|    6|     1|          192|
    |p_ZL26sencgru_recurrent_kernel_z_4_0_U  |gru_cell_step_Pipeline_VITIS_LOOP_69_1_p_ZL26sencgru_recurrent_kernel_z_4_0_RjbC  |        0|  7|   4|    0|    32|    7|     1|          224|
    |p_ZL26sencgru_recurrent_kernel_z_4_1_U  |gru_cell_step_Pipeline_VITIS_LOOP_69_1_p_ZL26sencgru_recurrent_kernel_z_4_1_Rzec  |        0|  8|   4|    0|    32|    8|     1|          256|
    |p_ZL26sencgru_recurrent_kernel_z_4_2_U  |gru_cell_step_Pipeline_VITIS_LOOP_69_1_p_ZL26sencgru_recurrent_kernel_z_4_2_RPgM  |        0|  7|   4|    0|    32|    7|     1|          224|
    |p_ZL26sencgru_recurrent_kernel_z_4_3_U  |gru_cell_step_Pipeline_VITIS_LOOP_69_1_p_ZL26sencgru_recurrent_kernel_z_4_3_R5jm  |        0|  6|   3|    0|    32|    6|     1|          192|
    |p_ZL26sencgru_recurrent_kernel_z_5_0_U  |gru_cell_step_Pipeline_VITIS_LOOP_69_1_p_ZL26sencgru_recurrent_kernel_z_5_0_RlbW  |        0|  7|   4|    0|    32|    7|     1|          224|
    |p_ZL26sencgru_recurrent_kernel_z_5_1_U  |gru_cell_step_Pipeline_VITIS_LOOP_69_1_p_ZL26sencgru_recurrent_kernel_z_5_1_RBew  |        0|  6|   3|    0|    32|    6|     1|          192|
    |p_ZL26sencgru_recurrent_kernel_z_5_2_U  |gru_cell_step_Pipeline_VITIS_LOOP_69_1_p_ZL26sencgru_recurrent_kernel_z_5_2_RRg6  |        0|  6|   3|    0|    32|    6|     1|          192|
    |p_ZL26sencgru_recurrent_kernel_z_5_3_U  |gru_cell_step_Pipeline_VITIS_LOOP_69_1_p_ZL26sencgru_recurrent_kernel_z_5_3_R7jG  |        0|  6|   3|    0|    32|    6|     1|          192|
    |p_ZL26sencgru_recurrent_kernel_z_6_0_U  |gru_cell_step_Pipeline_VITIS_LOOP_69_1_p_ZL26sencgru_recurrent_kernel_z_6_0_Rncg  |        0|  7|   4|    0|    32|    7|     1|          224|
    |p_ZL26sencgru_recurrent_kernel_z_6_1_U  |gru_cell_step_Pipeline_VITIS_LOOP_69_1_p_ZL26sencgru_recurrent_kernel_z_6_1_RDeQ  |        0|  7|   4|    0|    32|    7|     1|          224|
    |p_ZL26sencgru_recurrent_kernel_z_6_2_U  |gru_cell_step_Pipeline_VITIS_LOOP_69_1_p_ZL26sencgru_recurrent_kernel_z_6_2_RThq  |        0|  6|   3|    0|    32|    6|     1|          192|
    |p_ZL26sencgru_recurrent_kernel_z_6_3_U  |gru_cell_step_Pipeline_VITIS_LOOP_69_1_p_ZL26sencgru_recurrent_kernel_z_6_3_R9j0  |        0|  7|   4|    0|    32|    7|     1|          224|
    |p_ZL26sencgru_recurrent_kernel_z_7_0_U  |gru_cell_step_Pipeline_VITIS_LOOP_69_1_p_ZL26sencgru_recurrent_kernel_z_7_0_RpcA  |        0|  7|   4|    0|    32|    7|     1|          224|
    |p_ZL26sencgru_recurrent_kernel_z_7_1_U  |gru_cell_step_Pipeline_VITIS_LOOP_69_1_p_ZL26sencgru_recurrent_kernel_z_7_1_RFfa  |        0|  7|   4|    0|    32|    7|     1|          224|
    |p_ZL26sencgru_recurrent_kernel_z_7_2_U  |gru_cell_step_Pipeline_VITIS_LOOP_69_1_p_ZL26sencgru_recurrent_kernel_z_7_2_RVhK  |        0|  7|   4|    0|    32|    7|     1|          224|
    |p_ZL26sencgru_recurrent_kernel_z_7_3_U  |gru_cell_step_Pipeline_VITIS_LOOP_69_1_p_ZL26sencgru_recurrent_kernel_z_7_3_Rbbk  |        0|  7|   4|    0|    32|    7|     1|          224|
    |sencgru_bias_r_U                        |gru_cell_step_Pipeline_VITIS_LOOP_69_1_sencgru_bias_r_ROM_AUTO_1R                 |        0|  6|   3|    0|    32|    6|     1|          192|
    |sencgru_bias_z_U                        |gru_cell_step_Pipeline_VITIS_LOOP_69_1_sencgru_bias_z_ROM_AUTO_1R                 |        0|  6|   3|    0|    32|    6|     1|          192|
    +----------------------------------------+----------------------------------------------------------------------------------+---------+---+----+-----+------+-----+------+-------------+
    |Total                                   |                                                                                  |        0|448| 245|    0|  2112|  448|    66|        14336|
    +----------------------------------------+----------------------------------------------------------------------------------+---------+---+----+-----+------+-----+------+-------------+

    * FIFO: 
    N/A

    * Expression: 
    +---------------------------+----------+----+---+----+------------+------------+
    |       Variable Name       | Operation| DSP| FF| LUT| Bitwidth P0| Bitwidth P1|
    +---------------------------+----------+----+---+----+------------+------------+
    |add_ln1347_35_fu_3754_p2   |         +|   0|  0|  61|          54|          44|
    |add_ln1347_fu_3781_p2      |         +|   0|  0|  61|          54|          44|
    |add_ln69_fu_1848_p2        |         +|   0|  0|  14|           6|           1|
    |ret_V_543_fu_3660_p2       |         +|   0|  0|  50|          50|          50|
    |ret_V_544_fu_2394_p2       |         +|   0|  0|  55|          48|          48|
    |ret_V_545_fu_2414_p2       |         +|   0|  0|  48|          48|          48|
    |ret_V_546_fu_2640_p2       |         +|   0|  0|  48|          48|          48|
    |ret_V_547_fu_2423_p2       |         +|   0|  0|  48|          48|          48|
    |ret_V_548_fu_2648_p2       |         +|   0|  0|  48|          48|          48|
    |ret_V_549_fu_2657_p2       |         +|   0|  0|  48|          48|          48|
    |ret_V_550_fu_2786_p2       |         +|   0|  0|  48|          48|          48|
    |ret_V_551_fu_2665_p2       |         +|   0|  0|  48|          48|          48|
    |ret_V_552_fu_2794_p2       |         +|   0|  0|  48|          48|          48|
    |ret_V_553_fu_2803_p2       |         +|   0|  0|  48|          48|          48|
    |ret_V_554_fu_2820_p2       |         +|   0|  0|  48|          48|          48|
    |ret_V_555_fu_2811_p2       |         +|   0|  0|  48|          48|          48|
    |ret_V_556_fu_2828_p2       |         +|   0|  0|  48|          48|          48|
    |ret_V_557_fu_2837_p2       |         +|   0|  0|  48|          48|          48|
    |ret_V_558_fu_2854_p2       |         +|   0|  0|  48|          48|          48|
    |ret_V_559_fu_2845_p2       |         +|   0|  0|  48|          48|          48|
    |ret_V_560_fu_2862_p2       |         +|   0|  0|  48|          48|          48|
    |ret_V_561_fu_2871_p2       |         +|   0|  0|  48|          48|          48|
    |ret_V_562_fu_2891_p2       |         +|   0|  0|  49|          49|          49|
    |ret_V_563_fu_2879_p2       |         +|   0|  0|  48|          48|          48|
    |ret_V_564_fu_2903_p2       |         +|   0|  0|  49|          49|          49|
    |ret_V_565_fu_2912_p2       |         +|   0|  0|  49|          49|          49|
    |ret_V_566_fu_3074_p2       |         +|   0|  0|  49|          49|          49|
    |ret_V_567_fu_2921_p2       |         +|   0|  0|  49|          49|          49|
    |ret_V_568_fu_3082_p2       |         +|   0|  0|  49|          49|          49|
    |ret_V_569_fu_3091_p2       |         +|   0|  0|  49|          49|          49|
    |ret_V_570_fu_3268_p2       |         +|   0|  0|  49|          49|          49|
    |ret_V_571_fu_3099_p2       |         +|   0|  0|  49|          49|          49|
    |ret_V_572_fu_3276_p2       |         +|   0|  0|  49|          49|          49|
    |ret_V_573_fu_3285_p2       |         +|   0|  0|  49|          49|          49|
    |ret_V_574_fu_3302_p2       |         +|   0|  0|  49|          49|          49|
    |ret_V_575_fu_3293_p2       |         +|   0|  0|  49|          49|          49|
    |ret_V_576_fu_3310_p2       |         +|   0|  0|  49|          49|          49|
    |ret_V_577_fu_3319_p2       |         +|   0|  0|  49|          49|          49|
    |ret_V_578_fu_3336_p2       |         +|   0|  0|  49|          49|          49|
    |ret_V_579_fu_3327_p2       |         +|   0|  0|  49|          49|          49|
    |ret_V_580_fu_3344_p2       |         +|   0|  0|  49|          49|          49|
    |ret_V_581_fu_3353_p2       |         +|   0|  0|  49|          49|          49|
    |ret_V_582_fu_3370_p2       |         +|   0|  0|  49|          49|          49|
    |ret_V_583_fu_3361_p2       |         +|   0|  0|  49|          49|          49|
    |ret_V_584_fu_3378_p2       |         +|   0|  0|  49|          49|          49|
    |ret_V_585_fu_3387_p2       |         +|   0|  0|  49|          49|          49|
    |ret_V_586_fu_3500_p2       |         +|   0|  0|  49|          49|          49|
    |ret_V_587_fu_3395_p2       |         +|   0|  0|  49|          49|          49|
    |ret_V_588_fu_3508_p2       |         +|   0|  0|  49|          49|          49|
    |ret_V_589_fu_3517_p2       |         +|   0|  0|  49|          49|          49|
    |ret_V_590_fu_3534_p2       |         +|   0|  0|  49|          49|          49|
    |ret_V_591_fu_3525_p2       |         +|   0|  0|  49|          49|          49|
    |ret_V_592_fu_3545_p2       |         +|   0|  0|  49|          49|          49|
    |ret_V_593_fu_3554_p2       |         +|   0|  0|  50|          50|          50|
    |ret_V_594_fu_3575_p2       |         +|   0|  0|  57|          50|          50|
    |ret_V_595_fu_3563_p2       |         +|   0|  0|  50|          50|          50|
    |ret_V_596_fu_3601_p2       |         +|   0|  0|  50|          50|          50|
    |ret_V_597_fu_3584_p2       |         +|   0|  0|  50|          50|          50|
    |ret_V_598_fu_3609_p2       |         +|   0|  0|  50|          50|          50|
    |ret_V_599_fu_3592_p2       |         +|   0|  0|  50|          50|          50|
    |ret_V_600_fu_3635_p2       |         +|   0|  0|  50|          50|          50|
    |ret_V_601_fu_3618_p2       |         +|   0|  0|  50|          50|          50|
    |ret_V_602_fu_3643_p2       |         +|   0|  0|  50|          50|          50|
    |ret_V_603_fu_3626_p2       |         +|   0|  0|  50|          50|          50|
    |ret_V_604_fu_3679_p2       |         +|   0|  0|  50|          50|          50|
    |ret_V_605_fu_3652_p2       |         +|   0|  0|  50|          50|          50|
    |ret_V_fu_3687_p2           |         +|   0|  0|  50|          50|          50|
    |sum_r_V_4_fu_3717_p2       |         +|   0|  0|  39|          32|          32|
    |sum_z_V_4_fu_3737_p2       |         +|   0|  0|  39|          32|          32|
    |icmp_ln1649_1_fu_3804_p2   |      icmp|   0|  0|  18|          32|          23|
    |icmp_ln1649_fu_3854_p2     |      icmp|   0|  0|  18|          32|          23|
    |icmp_ln69_fu_1842_p2       |      icmp|   0|  0|  10|           6|           7|
    |or_ln102_fu_3866_p2        |        or|   0|  0|   6|           1|           1|
    |or_ln107_fu_3816_p2        |        or|   0|  0|   6|           1|           1|
    |select_ln102_1_fu_3889_p3  |    select|   0|  0|  15|           1|          15|
    |select_ln102_fu_3872_p3    |    select|   0|  0|  16|           1|           1|
    |select_ln107_1_fu_3839_p3  |    select|   0|  0|  15|           1|          15|
    |select_ln107_fu_3822_p3    |    select|   0|  0|  16|           1|           1|
    |ap_enable_pp0              |       xor|   0|  0|   6|           1|           2|
    +---------------------------+----------+----+---+----+------------+------------+
    |Total                      |          |   0|  0|3486|        3387|        3374|
    +---------------------------+----------+----+---+----+------------+------------+

    * Multiplexer: 
    +-------------------------+----+-----------+-----+-----------+
    |           Name          | LUT| Input Size| Bits| Total Bits|
    +-------------------------+----+-----------+-----+-----------+
    |ap_NS_fsm                |  21|          5|    1|          5|
    |ap_done_int              |   9|          2|    1|          2|
    |ap_enable_reg_pp0_iter0  |   9|          2|    1|          2|
    |ap_enable_reg_pp0_iter1  |   9|          2|    1|          2|
    |ap_sig_allocacmp_u_1     |   9|          2|    6|         12|
    |u_fu_426                 |   9|          2|    6|         12|
    +-------------------------+----+-----------+-----+-----------+
    |Total                    |  66|         15|   16|         35|
    +-------------------------+----+-----------+-----+-----------+

    * Register: 
    +----------------------------------+----+----+-----+-----------+
    |               Name               | FF | LUT| Bits| Const Bits|
    +----------------------------------+----+----+-----+-----------+
    |add_ln1347_35_reg_5746            |  33|   0|   54|         21|
    |add_ln1347_reg_5758               |  33|   0|   54|         21|
    |ap_CS_fsm                         |   4|   0|    4|          0|
    |ap_done_reg                       |   1|   0|    1|          0|
    |ap_enable_reg_pp0_iter0_reg       |   1|   0|    1|          0|
    |ap_enable_reg_pp0_iter1           |   1|   0|    1|          0|
    |ap_enable_reg_pp0_iter2           |   1|   0|    1|          0|
    |ap_enable_reg_pp0_iter3           |   1|   0|    1|          0|
    |ap_enable_reg_pp0_iter4           |   1|   0|    1|          0|
    |ap_enable_reg_pp0_iter5           |   1|   0|    1|          0|
    |ap_enable_reg_pp0_iter6           |   1|   0|    1|          0|
    |ap_loop_exit_ready_pp0_iter1_reg  |   1|   0|    1|          0|
    |ap_loop_exit_ready_pp0_iter2_reg  |   1|   0|    1|          0|
    |ap_loop_exit_ready_pp0_iter3_reg  |   1|   0|    1|          0|
    |ap_loop_exit_ready_pp0_iter4_reg  |   1|   0|    1|          0|
    |ap_loop_exit_ready_pp0_iter5_reg  |   1|   0|    1|          0|
    |icmp_ln69_reg_4178                |   1|   0|    1|          0|
    |pre_r_acc_V_reg_5753              |  32|   0|   32|          0|
    |pre_z_acc_V_reg_5765              |  32|   0|   32|          0|
    |r_V_251_reg_4751                  |  44|   0|   44|          0|
    |r_V_252_reg_4756                  |  45|   0|   45|          0|
    |r_V_253_reg_4761                  |  45|   0|   45|          0|
    |r_V_254_reg_4766                  |  44|   0|   44|          0|
    |r_V_255_reg_4771                  |  45|   0|   45|          0|
    |r_V_256_reg_4776                  |  45|   0|   45|          0|
    |r_V_257_reg_4781                  |  45|   0|   45|          0|
    |r_V_258_reg_4786                  |  44|   0|   44|          0|
    |r_V_259_reg_4791                  |  45|   0|   45|          0|
    |r_V_260_reg_4796                  |  45|   0|   45|          0|
    |r_V_261_reg_4801                  |  45|   0|   45|          0|
    |r_V_262_reg_4806                  |  44|   0|   44|          0|
    |r_V_263_reg_4811                  |  45|   0|   45|          0|
    |r_V_264_reg_4816                  |  45|   0|   45|          0|
    |r_V_265_reg_5171                  |  45|   0|   45|          0|
    |r_V_266_reg_4826                  |  44|   0|   44|          0|
    |r_V_267_reg_4841                  |  44|   0|   44|          0|
    |r_V_268_reg_4846                  |  45|   0|   45|          0|
    |r_V_269_reg_5186                  |  45|   0|   45|          0|
    |r_V_270_reg_4856                  |  45|   0|   45|          0|
    |r_V_271_reg_5196                  |  44|   0|   44|          0|
    |r_V_272_reg_5201                  |  45|   0|   45|          0|
    |r_V_273_reg_5206                  |  45|   0|   45|          0|
    |r_V_274_reg_5211                  |  45|   0|   45|          0|
    |r_V_275_reg_5216                  |  46|   0|   46|          0|
    |r_V_276_reg_5221                  |  44|   0|   44|          0|
    |r_V_277_reg_5226                  |  44|   0|   44|          0|
    |r_V_278_reg_5231                  |  45|   0|   45|          0|
    |r_V_279_reg_5236                  |  45|   0|   45|          0|
    |r_V_280_reg_5241                  |  46|   0|   46|          0|
    |r_V_281_reg_5246                  |  45|   0|   45|          0|
    |r_V_282_reg_5251                  |  45|   0|   45|          0|
    |r_V_283_reg_5266                  |  44|   0|   44|          0|
    |r_V_284_reg_5271                  |  45|   0|   45|          0|
    |r_V_285_reg_5276                  |  45|   0|   45|          0|
    |r_V_286_reg_5281                  |  45|   0|   45|          0|
    |r_V_287_reg_5286                  |  45|   0|   45|          0|
    |r_V_288_reg_5291                  |  45|   0|   45|          0|
    |r_V_289_reg_5491                  |  46|   0|   46|          0|
    |r_V_290_reg_5301                  |  46|   0|   46|          0|
    |r_V_291_reg_5501                  |  45|   0|   45|          0|
    |r_V_292_reg_5506                  |  45|   0|   45|          0|
    |r_V_293_reg_5511                  |  44|   0|   44|          0|
    |r_V_294_reg_5516                  |  45|   0|   45|          0|
    |r_V_295_reg_5521                  |  44|   0|   44|          0|
    |r_V_296_reg_5526                  |  45|   0|   45|          0|
    |r_V_297_reg_5531                  |  45|   0|   45|          0|
    |r_V_298_reg_5536                  |  44|   0|   44|          0|
    |r_V_299_reg_5551                  |  45|   0|   45|          0|
    |r_V_300_reg_5556                  |  46|   0|   46|          0|
    |r_V_301_reg_5561                  |  45|   0|   45|          0|
    |r_V_302_reg_5566                  |  45|   0|   45|          0|
    |r_V_303_reg_5571                  |  45|   0|   45|          0|
    |r_V_304_reg_5576                  |  44|   0|   44|          0|
    |r_V_305_reg_5581                  |  44|   0|   44|          0|
    |r_V_306_reg_5586                  |  45|   0|   45|          0|
    |r_V_307_reg_5676                  |  44|   0|   44|          0|
    |r_V_308_reg_5596                  |  45|   0|   45|          0|
    |r_V_309_reg_5681                  |  44|   0|   44|          0|
    |r_V_310_reg_5606                  |  45|   0|   45|          0|
    |r_V_311_reg_5691                  |  45|   0|   45|          0|
    |r_V_312_reg_5696                  |  45|   0|   45|          0|
    |r_V_313_reg_5701                  |  45|   0|   45|          0|
    |r_V_314_reg_5706                  |  45|   0|   45|          0|
    |raw_257_reg_4336                  |   8|   0|    8|          0|
    |raw_258_reg_4346                  |   6|   0|    6|          0|
    |raw_259_reg_4351                  |   7|   0|    7|          0|
    |raw_260_reg_4356                  |   7|   0|    7|          0|
    |raw_261_reg_4361                  |   6|   0|    6|          0|
    |raw_262_reg_4366                  |   7|   0|    7|          0|
    |raw_263_reg_4371                  |   7|   0|    7|          0|
    |raw_264_reg_4376                  |   7|   0|    7|          0|
    |raw_265_reg_4381                  |   6|   0|    6|          0|
    |raw_266_reg_4386                  |   7|   0|    7|          0|
    |raw_267_reg_4391                  |   7|   0|    7|          0|
    |raw_268_reg_4396                  |   7|   0|    7|          0|
    |raw_269_reg_4401                  |   6|   0|    6|          0|
    |raw_270_reg_4406                  |   7|   0|    7|          0|
    |raw_271_reg_4411                  |   7|   0|    7|          0|
    |raw_272_reg_4646                  |   7|   0|    7|          0|
    |raw_273_reg_4416                  |   6|   0|    6|          0|
    |raw_274_reg_4421                  |   6|   0|    6|          0|
    |raw_275_reg_4426                  |   7|   0|    7|          0|
    |raw_276_reg_4651                  |   7|   0|    7|          0|
    |raw_277_reg_4431                  |   7|   0|    7|          0|
    |raw_278_reg_4656                  |   6|   0|    6|          0|
    |raw_279_reg_4661                  |   7|   0|    7|          0|
    |raw_280_reg_4666                  |   7|   0|    7|          0|
    |raw_281_reg_4671                  |   7|   0|    7|          0|
    |raw_282_reg_4676                  |   8|   0|    8|          0|
    |raw_283_reg_4681                  |   6|   0|    6|          0|
    |raw_284_reg_4686                  |   6|   0|    6|          0|
    |raw_285_reg_4691                  |   7|   0|    7|          0|
    |raw_286_reg_4696                  |   7|   0|    7|          0|
    |raw_287_reg_4701                  |   8|   0|    8|          0|
    |raw_288_reg_4706                  |   7|   0|    7|          0|
    |raw_289_reg_4711                  |   7|   0|    7|          0|
    |raw_290_reg_4716                  |   6|   0|    6|          0|
    |raw_291_reg_4721                  |   7|   0|    7|          0|
    |raw_292_reg_4726                  |   7|   0|    7|          0|
    |raw_293_reg_4731                  |   7|   0|    7|          0|
    |raw_294_reg_4736                  |   7|   0|    7|          0|
    |raw_295_reg_4741                  |   7|   0|    7|          0|
    |raw_296_reg_5071                  |   8|   0|    8|          0|
    |raw_297_reg_4746                  |   8|   0|    8|          0|
    |raw_298_reg_5076                  |   7|   0|    7|          0|
    |raw_299_reg_5081                  |   7|   0|    7|          0|
    |raw_300_reg_5086                  |   6|   0|    6|          0|
    |raw_301_reg_5091                  |   7|   0|    7|          0|
    |raw_302_reg_5096                  |   6|   0|    6|          0|
    |raw_303_reg_5101                  |   7|   0|    7|          0|
    |raw_304_reg_5106                  |   7|   0|    7|          0|
    |raw_305_reg_5111                  |   6|   0|    6|          0|
    |raw_306_reg_5116                  |   7|   0|    7|          0|
    |raw_307_reg_5121                  |   8|   0|    8|          0|
    |raw_308_reg_5126                  |   7|   0|    7|          0|
    |raw_309_reg_5131                  |   7|   0|    7|          0|
    |raw_310_reg_5136                  |   7|   0|    7|          0|
    |raw_311_reg_5141                  |   6|   0|    6|          0|
    |raw_312_reg_5146                  |   6|   0|    6|          0|
    |raw_313_reg_5151                  |   7|   0|    7|          0|
    |raw_314_reg_5426                  |   6|   0|    6|          0|
    |raw_315_reg_5156                  |   7|   0|    7|          0|
    |raw_316_reg_5436                  |   6|   0|    6|          0|
    |raw_317_reg_5161                  |   7|   0|    7|          0|
    |raw_318_reg_5446                  |   7|   0|    7|          0|
    |raw_319_reg_5451                  |   7|   0|    7|          0|
    |raw_320_reg_5456                  |   7|   0|    7|          0|
    |raw_321_reg_5461                  |   7|   0|    7|          0|
    |raw_322_reg_5711                  |   6|   0|    6|          0|
    |raw_323_reg_5716                  |   6|   0|    6|          0|
    |raw_reg_4241                      |   8|   0|    8|          0|
    |ret_V_544_reg_4831                |  48|   0|   48|          0|
    |ret_V_547_reg_4836                |  48|   0|   48|          0|
    |ret_V_548_reg_4921                |  48|   0|   48|          0|
    |ret_V_551_reg_4926                |  48|   0|   48|          0|
    |ret_V_552_reg_5061                |  48|   0|   48|          0|
    |ret_V_555_reg_5066                |  48|   0|   48|          0|
    |ret_V_556_reg_5166                |  48|   0|   48|          0|
    |ret_V_559_reg_5176                |  48|   0|   48|          0|
    |ret_V_560_reg_5181                |  48|   0|   48|          0|
    |ret_V_563_reg_5191                |  48|   0|   48|          0|
    |ret_V_564_reg_5256                |  49|   0|   49|          0|
    |ret_V_567_reg_5261                |  49|   0|   49|          0|
    |ret_V_568_reg_5376                |  49|   0|   49|          0|
    |ret_V_571_reg_5381                |  49|   0|   49|          0|
    |ret_V_572_reg_5466                |  49|   0|   49|          0|
    |ret_V_575_reg_5471                |  49|   0|   49|          0|
    |ret_V_576_reg_5476                |  49|   0|   49|          0|
    |ret_V_579_reg_5481                |  49|   0|   49|          0|
    |ret_V_580_reg_5486                |  49|   0|   49|          0|
    |ret_V_583_reg_5496                |  49|   0|   49|          0|
    |ret_V_584_reg_5541                |  49|   0|   49|          0|
    |ret_V_587_reg_5546                |  49|   0|   49|          0|
    |ret_V_588_reg_5631                |  49|   0|   49|          0|
    |ret_V_591_reg_5636                |  49|   0|   49|          0|
    |ret_V_592_reg_5641                |  49|   0|   49|          0|
    |ret_V_594_reg_5651                |  50|   0|   50|          0|
    |ret_V_595_reg_5646                |  50|   0|   50|          0|
    |ret_V_598_reg_5671                |  50|   0|   50|          0|
    |ret_V_599_reg_5656                |  50|   0|   50|          0|
    |ret_V_602_reg_5721                |  50|   0|   50|          0|
    |ret_V_603_reg_5686                |  50|   0|   50|          0|
    |select_ln102_1_reg_5775           |  15|   0|   15|          0|
    |select_ln107_1_reg_5770           |  15|   0|   15|          0|
    |sext_ln69_cast_reg_3904           |  45|   0|   45|          0|
    |sext_ln837_47_cast_reg_4167       |  44|   0|   44|          0|
    |sext_ln837_48_cast_reg_4152       |  44|   0|   44|          0|
    |sext_ln837_49_cast_reg_4157       |  45|   0|   45|          0|
    |sext_ln837_50_cast_reg_4146       |  45|   0|   45|          0|
    |sext_ln837_51_cast_reg_4136       |  44|   0|   44|          0|
    |sext_ln837_52_cast_reg_4141       |  45|   0|   45|          0|
    |sext_ln837_53_cast_reg_4130       |  45|   0|   45|          0|
    |sext_ln837_54_cast_reg_4120       |  44|   0|   44|          0|
    |sext_ln837_55_cast_reg_4125       |  45|   0|   45|          0|
    |sext_ln837_56_cast_reg_4114       |  45|   0|   45|          0|
    |sext_ln837_57_cast_reg_4104       |  44|   0|   44|          0|
    |sext_ln837_58_cast_reg_4109       |  45|   0|   45|          0|
    |sext_ln837_59_cast_reg_4094       |  45|   0|   45|          0|
    |sext_ln837_60_cast_reg_4099       |  44|   0|   44|          0|
    |sext_ln837_61_cast_reg_4088       |  45|   0|   45|          0|
    |sext_ln837_62_cast_reg_4078       |  45|   0|   45|          0|
    |sext_ln837_63_cast_reg_4083       |  44|   0|   44|          0|
    |sext_ln837_64_cast_reg_4072       |  45|   0|   45|          0|
    |sext_ln837_65_cast_reg_4062       |  44|   0|   44|          0|
    |sext_ln837_66_cast_reg_4067       |  46|   0|   46|          0|
    |sext_ln837_67_cast_reg_4052       |  45|   0|   45|          0|
    |sext_ln837_68_cast_reg_4057       |  44|   0|   44|          0|
    |sext_ln837_69_cast_reg_4042       |  46|   0|   46|          0|
    |sext_ln837_70_cast_reg_4047       |  45|   0|   45|          0|
    |sext_ln837_71_cast_reg_4036       |  45|   0|   45|          0|
    |sext_ln837_72_cast_reg_4026       |  45|   0|   45|          0|
    |sext_ln837_73_cast_reg_4031       |  44|   0|   44|          0|
    |sext_ln837_74_cast_reg_4020       |  45|   0|   45|          0|
    |sext_ln837_75_cast_reg_4014       |  45|   0|   45|          0|
    |sext_ln837_76_cast_reg_4008       |  46|   0|   46|          0|
    |sext_ln837_77_cast_reg_4002       |  45|   0|   45|          0|
    |sext_ln837_78_cast_reg_3992       |  45|   0|   45|          0|
    |sext_ln837_79_cast_reg_3997       |  44|   0|   44|          0|
    |sext_ln837_80_cast_reg_3982       |  45|   0|   45|          0|
    |sext_ln837_81_cast_reg_3987       |  44|   0|   44|          0|
    |sext_ln837_82_cast_reg_3972       |  44|   0|   44|          0|
    |sext_ln837_83_cast_reg_3977       |  45|   0|   45|          0|
    |sext_ln837_84_cast_reg_3962       |  46|   0|   46|          0|
    |sext_ln837_85_cast_reg_3967       |  45|   0|   45|          0|
    |sext_ln837_86_cast_reg_3956       |  45|   0|   45|          0|
    |sext_ln837_87_cast_reg_3946       |  44|   0|   44|          0|
    |sext_ln837_88_cast_reg_3951       |  45|   0|   45|          0|
    |sext_ln837_89_cast_reg_3936       |  45|   0|   45|          0|
    |sext_ln837_90_cast_reg_3941       |  44|   0|   44|          0|
    |sext_ln837_91_cast_reg_3926       |  45|   0|   45|          0|
    |sext_ln837_92_cast_reg_3931       |  44|   0|   44|          0|
    |sext_ln837_93_cast_reg_3916       |  45|   0|   45|          0|
    |sext_ln837_94_cast_reg_3921       |  44|   0|   44|          0|
    |sext_ln837_95_cast_reg_3910       |  45|   0|   45|          0|
    |sext_ln837_cast_reg_4162          |  45|   0|   45|          0|
    |shl_i_i_i314_cast_cast_reg_4172   |  47|   0|   47|          0|
    |sum_r_V_3_reg_4536                |  25|   0|   25|          0|
    |sum_r_V_4_reg_5736                |  32|   0|   32|          0|
    |sum_z_V_3_reg_4516                |  25|   0|   25|          0|
    |sum_z_V_4_reg_5741                |  32|   0|   32|          0|
    |tmp_57_reg_5726                   |  28|   0|   28|          0|
    |tmp_reg_5731                      |  28|   0|   28|          0|
    |trunc_ln76_reg_4236               |   5|   0|    5|          0|
    |u_fu_426                          |   6|   0|    6|          0|
    |zext_ln69_reg_4182                |   6|   0|   64|         58|
    |zext_ln69_reg_4182                |  64|  32|   64|         58|
    +----------------------------------+----+----+-----+-----------+
    |Total                             |7605|  32| 7705|        158|
    +----------------------------------+----+----+-----+-----------+



================================================================
== Interface
================================================================
* Summary: 
+----------------------+-----+-----+------------+----------------------------------------+--------------+
|       RTL Ports      | Dir | Bits|  Protocol  |              Source Object             |    C Type    |
+----------------------+-----+-----+------------+----------------------------------------+--------------+
|ap_clk                |   in|    1|  ap_ctrl_hs|  gru_cell_step_Pipeline_VITIS_LOOP_69_1|  return value|
|ap_rst                |   in|    1|  ap_ctrl_hs|  gru_cell_step_Pipeline_VITIS_LOOP_69_1|  return value|
|ap_start              |   in|    1|  ap_ctrl_hs|  gru_cell_step_Pipeline_VITIS_LOOP_69_1|  return value|
|ap_done               |  out|    1|  ap_ctrl_hs|  gru_cell_step_Pipeline_VITIS_LOOP_69_1|  return value|
|ap_idle               |  out|    1|  ap_ctrl_hs|  gru_cell_step_Pipeline_VITIS_LOOP_69_1|  return value|
|ap_ready              |  out|    1|  ap_ctrl_hs|  gru_cell_step_Pipeline_VITIS_LOOP_69_1|  return value|
|grp_fu_11250_p_din0   |  out|   24|  ap_ctrl_hs|  gru_cell_step_Pipeline_VITIS_LOOP_69_1|  return value|
|grp_fu_11250_p_din1   |  out|   23|  ap_ctrl_hs|  gru_cell_step_Pipeline_VITIS_LOOP_69_1|  return value|
|grp_fu_11250_p_dout0  |   in|   47|  ap_ctrl_hs|  gru_cell_step_Pipeline_VITIS_LOOP_69_1|  return value|
|grp_fu_11250_p_ce     |  out|    1|  ap_ctrl_hs|  gru_cell_step_Pipeline_VITIS_LOOP_69_1|  return value|
|grp_fu_11254_p_din0   |  out|   23|  ap_ctrl_hs|  gru_cell_step_Pipeline_VITIS_LOOP_69_1|  return value|
|grp_fu_11254_p_din1   |  out|   21|  ap_ctrl_hs|  gru_cell_step_Pipeline_VITIS_LOOP_69_1|  return value|
|grp_fu_11254_p_dout0  |   in|   44|  ap_ctrl_hs|  gru_cell_step_Pipeline_VITIS_LOOP_69_1|  return value|
|grp_fu_11254_p_ce     |  out|    1|  ap_ctrl_hs|  gru_cell_step_Pipeline_VITIS_LOOP_69_1|  return value|
|grp_fu_11258_p_din0   |  out|   23|  ap_ctrl_hs|  gru_cell_step_Pipeline_VITIS_LOOP_69_1|  return value|
|grp_fu_11258_p_din1   |  out|   22|  ap_ctrl_hs|  gru_cell_step_Pipeline_VITIS_LOOP_69_1|  return value|
|grp_fu_11258_p_dout0  |   in|   45|  ap_ctrl_hs|  gru_cell_step_Pipeline_VITIS_LOOP_69_1|  return value|
|grp_fu_11258_p_ce     |  out|    1|  ap_ctrl_hs|  gru_cell_step_Pipeline_VITIS_LOOP_69_1|  return value|
|grp_fu_11262_p_din0   |  out|   23|  ap_ctrl_hs|  gru_cell_step_Pipeline_VITIS_LOOP_69_1|  return value|
|grp_fu_11262_p_din1   |  out|   22|  ap_ctrl_hs|  gru_cell_step_Pipeline_VITIS_LOOP_69_1|  return value|
|grp_fu_11262_p_dout0  |   in|   45|  ap_ctrl_hs|  gru_cell_step_Pipeline_VITIS_LOOP_69_1|  return value|
|grp_fu_11262_p_ce     |  out|    1|  ap_ctrl_hs|  gru_cell_step_Pipeline_VITIS_LOOP_69_1|  return value|
|grp_fu_11266_p_din0   |  out|   23|  ap_ctrl_hs|  gru_cell_step_Pipeline_VITIS_LOOP_69_1|  return value|
|grp_fu_11266_p_din1   |  out|   21|  ap_ctrl_hs|  gru_cell_step_Pipeline_VITIS_LOOP_69_1|  return value|
|grp_fu_11266_p_dout0  |   in|   44|  ap_ctrl_hs|  gru_cell_step_Pipeline_VITIS_LOOP_69_1|  return value|
|grp_fu_11266_p_ce     |  out|    1|  ap_ctrl_hs|  gru_cell_step_Pipeline_VITIS_LOOP_69_1|  return value|
|grp_fu_11270_p_din0   |  out|   23|  ap_ctrl_hs|  gru_cell_step_Pipeline_VITIS_LOOP_69_1|  return value|
|grp_fu_11270_p_din1   |  out|   22|  ap_ctrl_hs|  gru_cell_step_Pipeline_VITIS_LOOP_69_1|  return value|
|grp_fu_11270_p_dout0  |   in|   45|  ap_ctrl_hs|  gru_cell_step_Pipeline_VITIS_LOOP_69_1|  return value|
|grp_fu_11270_p_ce     |  out|    1|  ap_ctrl_hs|  gru_cell_step_Pipeline_VITIS_LOOP_69_1|  return value|
|grp_fu_11274_p_din0   |  out|   23|  ap_ctrl_hs|  gru_cell_step_Pipeline_VITIS_LOOP_69_1|  return value|
|grp_fu_11274_p_din1   |  out|   22|  ap_ctrl_hs|  gru_cell_step_Pipeline_VITIS_LOOP_69_1|  return value|
|grp_fu_11274_p_dout0  |   in|   45|  ap_ctrl_hs|  gru_cell_step_Pipeline_VITIS_LOOP_69_1|  return value|
|grp_fu_11274_p_ce     |  out|    1|  ap_ctrl_hs|  gru_cell_step_Pipeline_VITIS_LOOP_69_1|  return value|
|grp_fu_11278_p_din0   |  out|   23|  ap_ctrl_hs|  gru_cell_step_Pipeline_VITIS_LOOP_69_1|  return value|
|grp_fu_11278_p_din1   |  out|   22|  ap_ctrl_hs|  gru_cell_step_Pipeline_VITIS_LOOP_69_1|  return value|
|grp_fu_11278_p_dout0  |   in|   45|  ap_ctrl_hs|  gru_cell_step_Pipeline_VITIS_LOOP_69_1|  return value|
|grp_fu_11278_p_ce     |  out|    1|  ap_ctrl_hs|  gru_cell_step_Pipeline_VITIS_LOOP_69_1|  return value|
|grp_fu_11282_p_din0   |  out|   23|  ap_ctrl_hs|  gru_cell_step_Pipeline_VITIS_LOOP_69_1|  return value|
|grp_fu_11282_p_din1   |  out|   21|  ap_ctrl_hs|  gru_cell_step_Pipeline_VITIS_LOOP_69_1|  return value|
|grp_fu_11282_p_dout0  |   in|   44|  ap_ctrl_hs|  gru_cell_step_Pipeline_VITIS_LOOP_69_1|  return value|
|grp_fu_11282_p_ce     |  out|    1|  ap_ctrl_hs|  gru_cell_step_Pipeline_VITIS_LOOP_69_1|  return value|
|grp_fu_11286_p_din0   |  out|   23|  ap_ctrl_hs|  gru_cell_step_Pipeline_VITIS_LOOP_69_1|  return value|
|grp_fu_11286_p_din1   |  out|   22|  ap_ctrl_hs|  gru_cell_step_Pipeline_VITIS_LOOP_69_1|  return value|
|grp_fu_11286_p_dout0  |   in|   45|  ap_ctrl_hs|  gru_cell_step_Pipeline_VITIS_LOOP_69_1|  return value|
|grp_fu_11286_p_ce     |  out|    1|  ap_ctrl_hs|  gru_cell_step_Pipeline_VITIS_LOOP_69_1|  return value|
|grp_fu_11290_p_din0   |  out|   23|  ap_ctrl_hs|  gru_cell_step_Pipeline_VITIS_LOOP_69_1|  return value|
|grp_fu_11290_p_din1   |  out|   22|  ap_ctrl_hs|  gru_cell_step_Pipeline_VITIS_LOOP_69_1|  return value|
|grp_fu_11290_p_dout0  |   in|   45|  ap_ctrl_hs|  gru_cell_step_Pipeline_VITIS_LOOP_69_1|  return value|
|grp_fu_11290_p_ce     |  out|    1|  ap_ctrl_hs|  gru_cell_step_Pipeline_VITIS_LOOP_69_1|  return value|
|grp_fu_11294_p_din0   |  out|   23|  ap_ctrl_hs|  gru_cell_step_Pipeline_VITIS_LOOP_69_1|  return value|
|grp_fu_11294_p_din1   |  out|   22|  ap_ctrl_hs|  gru_cell_step_Pipeline_VITIS_LOOP_69_1|  return value|
|grp_fu_11294_p_dout0  |   in|   45|  ap_ctrl_hs|  gru_cell_step_Pipeline_VITIS_LOOP_69_1|  return value|
|grp_fu_11294_p_ce     |  out|    1|  ap_ctrl_hs|  gru_cell_step_Pipeline_VITIS_LOOP_69_1|  return value|
|grp_fu_11298_p_din0   |  out|   23|  ap_ctrl_hs|  gru_cell_step_Pipeline_VITIS_LOOP_69_1|  return value|
|grp_fu_11298_p_din1   |  out|   21|  ap_ctrl_hs|  gru_cell_step_Pipeline_VITIS_LOOP_69_1|  return value|
|grp_fu_11298_p_dout0  |   in|   44|  ap_ctrl_hs|  gru_cell_step_Pipeline_VITIS_LOOP_69_1|  return value|
|grp_fu_11298_p_ce     |  out|    1|  ap_ctrl_hs|  gru_cell_step_Pipeline_VITIS_LOOP_69_1|  return value|
|grp_fu_11302_p_din0   |  out|   23|  ap_ctrl_hs|  gru_cell_step_Pipeline_VITIS_LOOP_69_1|  return value|
|grp_fu_11302_p_din1   |  out|   22|  ap_ctrl_hs|  gru_cell_step_Pipeline_VITIS_LOOP_69_1|  return value|
|grp_fu_11302_p_dout0  |   in|   45|  ap_ctrl_hs|  gru_cell_step_Pipeline_VITIS_LOOP_69_1|  return value|
|grp_fu_11302_p_ce     |  out|    1|  ap_ctrl_hs|  gru_cell_step_Pipeline_VITIS_LOOP_69_1|  return value|
|grp_fu_11306_p_din0   |  out|   23|  ap_ctrl_hs|  gru_cell_step_Pipeline_VITIS_LOOP_69_1|  return value|
|grp_fu_11306_p_din1   |  out|   22|  ap_ctrl_hs|  gru_cell_step_Pipeline_VITIS_LOOP_69_1|  return value|
|grp_fu_11306_p_dout0  |   in|   45|  ap_ctrl_hs|  gru_cell_step_Pipeline_VITIS_LOOP_69_1|  return value|
|grp_fu_11306_p_ce     |  out|    1|  ap_ctrl_hs|  gru_cell_step_Pipeline_VITIS_LOOP_69_1|  return value|
|grp_fu_11310_p_din0   |  out|   23|  ap_ctrl_hs|  gru_cell_step_Pipeline_VITIS_LOOP_69_1|  return value|
|grp_fu_11310_p_din1   |  out|   21|  ap_ctrl_hs|  gru_cell_step_Pipeline_VITIS_LOOP_69_1|  return value|
|grp_fu_11310_p_dout0  |   in|   44|  ap_ctrl_hs|  gru_cell_step_Pipeline_VITIS_LOOP_69_1|  return value|
|grp_fu_11310_p_ce     |  out|    1|  ap_ctrl_hs|  gru_cell_step_Pipeline_VITIS_LOOP_69_1|  return value|
|grp_fu_11314_p_din0   |  out|   23|  ap_ctrl_hs|  gru_cell_step_Pipeline_VITIS_LOOP_69_1|  return value|
|grp_fu_11314_p_din1   |  out|   21|  ap_ctrl_hs|  gru_cell_step_Pipeline_VITIS_LOOP_69_1|  return value|
|grp_fu_11314_p_dout0  |   in|   44|  ap_ctrl_hs|  gru_cell_step_Pipeline_VITIS_LOOP_69_1|  return value|
|grp_fu_11314_p_ce     |  out|    1|  ap_ctrl_hs|  gru_cell_step_Pipeline_VITIS_LOOP_69_1|  return value|
|grp_fu_11318_p_din0   |  out|   23|  ap_ctrl_hs|  gru_cell_step_Pipeline_VITIS_LOOP_69_1|  return value|
|grp_fu_11318_p_din1   |  out|   22|  ap_ctrl_hs|  gru_cell_step_Pipeline_VITIS_LOOP_69_1|  return value|
|grp_fu_11318_p_dout0  |   in|   45|  ap_ctrl_hs|  gru_cell_step_Pipeline_VITIS_LOOP_69_1|  return value|
|grp_fu_11318_p_ce     |  out|    1|  ap_ctrl_hs|  gru_cell_step_Pipeline_VITIS_LOOP_69_1|  return value|
|grp_fu_11322_p_din0   |  out|   23|  ap_ctrl_hs|  gru_cell_step_Pipeline_VITIS_LOOP_69_1|  return value|
|grp_fu_11322_p_din1   |  out|   22|  ap_ctrl_hs|  gru_cell_step_Pipeline_VITIS_LOOP_69_1|  return value|
|grp_fu_11322_p_dout0  |   in|   45|  ap_ctrl_hs|  gru_cell_step_Pipeline_VITIS_LOOP_69_1|  return value|
|grp_fu_11322_p_ce     |  out|    1|  ap_ctrl_hs|  gru_cell_step_Pipeline_VITIS_LOOP_69_1|  return value|
|grp_fu_11326_p_din0   |  out|   23|  ap_ctrl_hs|  gru_cell_step_Pipeline_VITIS_LOOP_69_1|  return value|
|grp_fu_11326_p_din1   |  out|   22|  ap_ctrl_hs|  gru_cell_step_Pipeline_VITIS_LOOP_69_1|  return value|
|grp_fu_11326_p_dout0  |   in|   45|  ap_ctrl_hs|  gru_cell_step_Pipeline_VITIS_LOOP_69_1|  return value|
|grp_fu_11326_p_ce     |  out|    1|  ap_ctrl_hs|  gru_cell_step_Pipeline_VITIS_LOOP_69_1|  return value|
|grp_fu_11330_p_din0   |  out|   23|  ap_ctrl_hs|  gru_cell_step_Pipeline_VITIS_LOOP_69_1|  return value|
|grp_fu_11330_p_din1   |  out|   22|  ap_ctrl_hs|  gru_cell_step_Pipeline_VITIS_LOOP_69_1|  return value|
|grp_fu_11330_p_dout0  |   in|   45|  ap_ctrl_hs|  gru_cell_step_Pipeline_VITIS_LOOP_69_1|  return value|
|grp_fu_11330_p_ce     |  out|    1|  ap_ctrl_hs|  gru_cell_step_Pipeline_VITIS_LOOP_69_1|  return value|
|grp_fu_11334_p_din0   |  out|   23|  ap_ctrl_hs|  gru_cell_step_Pipeline_VITIS_LOOP_69_1|  return value|
|grp_fu_11334_p_din1   |  out|   21|  ap_ctrl_hs|  gru_cell_step_Pipeline_VITIS_LOOP_69_1|  return value|
|grp_fu_11334_p_dout0  |   in|   44|  ap_ctrl_hs|  gru_cell_step_Pipeline_VITIS_LOOP_69_1|  return value|
|grp_fu_11334_p_ce     |  out|    1|  ap_ctrl_hs|  gru_cell_step_Pipeline_VITIS_LOOP_69_1|  return value|
|grp_fu_11338_p_din0   |  out|   23|  ap_ctrl_hs|  gru_cell_step_Pipeline_VITIS_LOOP_69_1|  return value|
|grp_fu_11338_p_din1   |  out|   22|  ap_ctrl_hs|  gru_cell_step_Pipeline_VITIS_LOOP_69_1|  return value|
|grp_fu_11338_p_dout0  |   in|   45|  ap_ctrl_hs|  gru_cell_step_Pipeline_VITIS_LOOP_69_1|  return value|
|grp_fu_11338_p_ce     |  out|    1|  ap_ctrl_hs|  gru_cell_step_Pipeline_VITIS_LOOP_69_1|  return value|
|grp_fu_11342_p_din0   |  out|   23|  ap_ctrl_hs|  gru_cell_step_Pipeline_VITIS_LOOP_69_1|  return value|
|grp_fu_11342_p_din1   |  out|   22|  ap_ctrl_hs|  gru_cell_step_Pipeline_VITIS_LOOP_69_1|  return value|
|grp_fu_11342_p_dout0  |   in|   45|  ap_ctrl_hs|  gru_cell_step_Pipeline_VITIS_LOOP_69_1|  return value|
|grp_fu_11342_p_ce     |  out|    1|  ap_ctrl_hs|  gru_cell_step_Pipeline_VITIS_LOOP_69_1|  return value|
|grp_fu_11346_p_din0   |  out|   23|  ap_ctrl_hs|  gru_cell_step_Pipeline_VITIS_LOOP_69_1|  return value|
|grp_fu_11346_p_din1   |  out|   22|  ap_ctrl_hs|  gru_cell_step_Pipeline_VITIS_LOOP_69_1|  return value|
|grp_fu_11346_p_dout0  |   in|   45|  ap_ctrl_hs|  gru_cell_step_Pipeline_VITIS_LOOP_69_1|  return value|
|grp_fu_11346_p_ce     |  out|    1|  ap_ctrl_hs|  gru_cell_step_Pipeline_VITIS_LOOP_69_1|  return value|
|grp_fu_11350_p_din0   |  out|   23|  ap_ctrl_hs|  gru_cell_step_Pipeline_VITIS_LOOP_69_1|  return value|
|grp_fu_11350_p_din1   |  out|   23|  ap_ctrl_hs|  gru_cell_step_Pipeline_VITIS_LOOP_69_1|  return value|
|grp_fu_11350_p_dout0  |   in|   46|  ap_ctrl_hs|  gru_cell_step_Pipeline_VITIS_LOOP_69_1|  return value|
|grp_fu_11350_p_ce     |  out|    1|  ap_ctrl_hs|  gru_cell_step_Pipeline_VITIS_LOOP_69_1|  return value|
|grp_fu_11354_p_din0   |  out|   23|  ap_ctrl_hs|  gru_cell_step_Pipeline_VITIS_LOOP_69_1|  return value|
|grp_fu_11354_p_din1   |  out|   21|  ap_ctrl_hs|  gru_cell_step_Pipeline_VITIS_LOOP_69_1|  return value|
|grp_fu_11354_p_dout0  |   in|   44|  ap_ctrl_hs|  gru_cell_step_Pipeline_VITIS_LOOP_69_1|  return value|
|grp_fu_11354_p_ce     |  out|    1|  ap_ctrl_hs|  gru_cell_step_Pipeline_VITIS_LOOP_69_1|  return value|
|grp_fu_11358_p_din0   |  out|   23|  ap_ctrl_hs|  gru_cell_step_Pipeline_VITIS_LOOP_69_1|  return value|
|grp_fu_11358_p_din1   |  out|   22|  ap_ctrl_hs|  gru_cell_step_Pipeline_VITIS_LOOP_69_1|  return value|
|grp_fu_11358_p_dout0  |   in|   45|  ap_ctrl_hs|  gru_cell_step_Pipeline_VITIS_LOOP_69_1|  return value|
|grp_fu_11358_p_ce     |  out|    1|  ap_ctrl_hs|  gru_cell_step_Pipeline_VITIS_LOOP_69_1|  return value|
|grp_fu_11362_p_din0   |  out|   23|  ap_ctrl_hs|  gru_cell_step_Pipeline_VITIS_LOOP_69_1|  return value|
|grp_fu_11362_p_din1   |  out|   22|  ap_ctrl_hs|  gru_cell_step_Pipeline_VITIS_LOOP_69_1|  return value|
|grp_fu_11362_p_dout0  |   in|   45|  ap_ctrl_hs|  gru_cell_step_Pipeline_VITIS_LOOP_69_1|  return value|
|grp_fu_11362_p_ce     |  out|    1|  ap_ctrl_hs|  gru_cell_step_Pipeline_VITIS_LOOP_69_1|  return value|
|grp_fu_11366_p_din0   |  out|   23|  ap_ctrl_hs|  gru_cell_step_Pipeline_VITIS_LOOP_69_1|  return value|
|grp_fu_11366_p_din1   |  out|   23|  ap_ctrl_hs|  gru_cell_step_Pipeline_VITIS_LOOP_69_1|  return value|
|grp_fu_11366_p_dout0  |   in|   46|  ap_ctrl_hs|  gru_cell_step_Pipeline_VITIS_LOOP_69_1|  return value|
|grp_fu_11366_p_ce     |  out|    1|  ap_ctrl_hs|  gru_cell_step_Pipeline_VITIS_LOOP_69_1|  return value|
|grp_fu_11370_p_din0   |  out|   23|  ap_ctrl_hs|  gru_cell_step_Pipeline_VITIS_LOOP_69_1|  return value|
|grp_fu_11370_p_din1   |  out|   22|  ap_ctrl_hs|  gru_cell_step_Pipeline_VITIS_LOOP_69_1|  return value|
|grp_fu_11370_p_dout0  |   in|   45|  ap_ctrl_hs|  gru_cell_step_Pipeline_VITIS_LOOP_69_1|  return value|
|grp_fu_11370_p_ce     |  out|    1|  ap_ctrl_hs|  gru_cell_step_Pipeline_VITIS_LOOP_69_1|  return value|
|grp_fu_11374_p_din0   |  out|   23|  ap_ctrl_hs|  gru_cell_step_Pipeline_VITIS_LOOP_69_1|  return value|
|grp_fu_11374_p_din1   |  out|   22|  ap_ctrl_hs|  gru_cell_step_Pipeline_VITIS_LOOP_69_1|  return value|
|grp_fu_11374_p_dout0  |   in|   45|  ap_ctrl_hs|  gru_cell_step_Pipeline_VITIS_LOOP_69_1|  return value|
|grp_fu_11374_p_ce     |  out|    1|  ap_ctrl_hs|  gru_cell_step_Pipeline_VITIS_LOOP_69_1|  return value|
|grp_fu_11378_p_din0   |  out|   23|  ap_ctrl_hs|  gru_cell_step_Pipeline_VITIS_LOOP_69_1|  return value|
|grp_fu_11378_p_din1   |  out|   23|  ap_ctrl_hs|  gru_cell_step_Pipeline_VITIS_LOOP_69_1|  return value|
|grp_fu_11378_p_dout0  |   in|   46|  ap_ctrl_hs|  gru_cell_step_Pipeline_VITIS_LOOP_69_1|  return value|
|grp_fu_11378_p_ce     |  out|    1|  ap_ctrl_hs|  gru_cell_step_Pipeline_VITIS_LOOP_69_1|  return value|
|shl_i_i_i314_cast     |   in|   24|     ap_none|                       shl_i_i_i314_cast|        scalar|
|sext_ln837_47         |   in|   23|     ap_none|                           sext_ln837_47|        scalar|
|sext_ln837            |   in|   23|     ap_none|                              sext_ln837|        scalar|
|sext_ln837_49         |   in|   23|     ap_none|                           sext_ln837_49|        scalar|
|sext_ln837_48         |   in|   23|     ap_none|                           sext_ln837_48|        scalar|
|sext_ln837_50         |   in|   23|     ap_none|                           sext_ln837_50|        scalar|
|sext_ln837_52         |   in|   23|     ap_none|                           sext_ln837_52|        scalar|
|sext_ln837_51         |   in|   23|     ap_none|                           sext_ln837_51|        scalar|
|sext_ln837_53         |   in|   23|     ap_none|                           sext_ln837_53|        scalar|
|sext_ln837_55         |   in|   23|     ap_none|                           sext_ln837_55|        scalar|
|sext_ln837_54         |   in|   23|     ap_none|                           sext_ln837_54|        scalar|
|sext_ln837_56         |   in|   23|     ap_none|                           sext_ln837_56|        scalar|
|sext_ln837_58         |   in|   23|     ap_none|                           sext_ln837_58|        scalar|
|sext_ln837_57         |   in|   23|     ap_none|                           sext_ln837_57|        scalar|
|sext_ln837_60         |   in|   23|     ap_none|                           sext_ln837_60|        scalar|
|sext_ln837_59         |   in|   23|     ap_none|                           sext_ln837_59|        scalar|
|sext_ln837_61         |   in|   23|     ap_none|                           sext_ln837_61|        scalar|
|sext_ln837_63         |   in|   23|     ap_none|                           sext_ln837_63|        scalar|
|sext_ln837_62         |   in|   23|     ap_none|                           sext_ln837_62|        scalar|
|sext_ln837_64         |   in|   23|     ap_none|                           sext_ln837_64|        scalar|
|sext_ln837_66         |   in|   23|     ap_none|                           sext_ln837_66|        scalar|
|sext_ln837_65         |   in|   23|     ap_none|                           sext_ln837_65|        scalar|
|sext_ln837_68         |   in|   23|     ap_none|                           sext_ln837_68|        scalar|
|sext_ln837_67         |   in|   23|     ap_none|                           sext_ln837_67|        scalar|
|sext_ln837_70         |   in|   23|     ap_none|                           sext_ln837_70|        scalar|
|sext_ln837_69         |   in|   23|     ap_none|                           sext_ln837_69|        scalar|
|sext_ln837_71         |   in|   23|     ap_none|                           sext_ln837_71|        scalar|
|sext_ln837_73         |   in|   23|     ap_none|                           sext_ln837_73|        scalar|
|sext_ln837_72         |   in|   23|     ap_none|                           sext_ln837_72|        scalar|
|sext_ln837_74         |   in|   23|     ap_none|                           sext_ln837_74|        scalar|
|sext_ln837_75         |   in|   23|     ap_none|                           sext_ln837_75|        scalar|
|sext_ln837_76         |   in|   23|     ap_none|                           sext_ln837_76|        scalar|
|sext_ln837_77         |   in|   23|     ap_none|                           sext_ln837_77|        scalar|
|sext_ln837_79         |   in|   23|     ap_none|                           sext_ln837_79|        scalar|
|sext_ln837_78         |   in|   23|     ap_none|                           sext_ln837_78|        scalar|
|sext_ln837_81         |   in|   23|     ap_none|                           sext_ln837_81|        scalar|
|sext_ln837_80         |   in|   23|     ap_none|                           sext_ln837_80|        scalar|
|sext_ln837_83         |   in|   23|     ap_none|                           sext_ln837_83|        scalar|
|sext_ln837_82         |   in|   23|     ap_none|                           sext_ln837_82|        scalar|
|sext_ln837_85         |   in|   23|     ap_none|                           sext_ln837_85|        scalar|
|sext_ln837_84         |   in|   23|     ap_none|                           sext_ln837_84|        scalar|
|sext_ln837_86         |   in|   23|     ap_none|                           sext_ln837_86|        scalar|
|sext_ln837_88         |   in|   23|     ap_none|                           sext_ln837_88|        scalar|
|sext_ln837_87         |   in|   23|     ap_none|                           sext_ln837_87|        scalar|
|sext_ln837_90         |   in|   23|     ap_none|                           sext_ln837_90|        scalar|
|sext_ln837_89         |   in|   23|     ap_none|                           sext_ln837_89|        scalar|
|sext_ln837_92         |   in|   23|     ap_none|                           sext_ln837_92|        scalar|
|sext_ln837_91         |   in|   23|     ap_none|                           sext_ln837_91|        scalar|
|sext_ln837_94         |   in|   23|     ap_none|                           sext_ln837_94|        scalar|
|sext_ln837_93         |   in|   23|     ap_none|                           sext_ln837_93|        scalar|
|sext_ln837_95         |   in|   23|     ap_none|                           sext_ln837_95|        scalar|
|sext_ln69             |   in|   23|     ap_none|                               sext_ln69|        scalar|
|z_V_address0          |  out|    5|   ap_memory|                                     z_V|         array|
|z_V_ce0               |  out|    1|   ap_memory|                                     z_V|         array|
|z_V_we0               |  out|    1|   ap_memory|                                     z_V|         array|
|z_V_d0                |  out|   15|   ap_memory|                                     z_V|         array|
|r_V_address0          |  out|    5|   ap_memory|                                     r_V|         array|
|r_V_ce0               |  out|    1|   ap_memory|                                     r_V|         array|
|r_V_we0               |  out|    1|   ap_memory|                                     r_V|         array|
|r_V_d0                |  out|   15|   ap_memory|                                     r_V|         array|
+----------------------+-----+-----+------------+----------------------------------------+--------------+

