

================================================================
== Vitis HLS Report for 'lane_worker8'
================================================================
* Date:           Tue Aug 18 11:36:54 2026

* Version:        2022.2 (Build 3670227 on Oct 13 2022)
* Project:        seq2seqlite_student_proj
* Solution:       solution_streaming8 (Vivado IP Flow Target)
* Product family: kintex7
* Target device:  xc7k410t-ffg676-1


================================================================
== Performance Estimates
================================================================
+ Timing: 
    * Summary: 
    +--------+---------+----------+------------+
    |  Clock |  Target | Estimated| Uncertainty|
    +--------+---------+----------+------------+
    |ap_clk  |  4.50 ns|  3.298 ns|     1.22 ns|
    +--------+---------+----------+------------+

+ Latency: 
    * Summary: 
    +------------+------------+------------+------------+------------+------------+---------+
    |     Latency (cycles)    |    Latency (absolute)   |         Interval        | Pipeline|
    |     min    |     max    |     min    |     max    |     min    |     max    |   Type  |
    +------------+------------+------------+------------+------------+------------+---------+
    |  3194562501|  3194562501|  14.376 sec|  14.376 sec|  3194562501|  3194562501|       no|
    +------------+------------+------------+------------+------------+------------+---------+

    + Detail: 
        * Instance: 
        +---------------------------------------------------------------+---------------------------------------------------+---------+---------+----------+----------+-----+-----+---------+
        |                                                               |                                                   |  Latency (cycles) |  Latency (absolute) |  Interval | Pipeline|
        |                            Instance                           |                       Module                      |   min   |   max   |    min   |    max   | min | max |   Type  |
        +---------------------------------------------------------------+---------------------------------------------------+---------+---------+----------+----------+-----+-----+---------+
        |grp_lane_worker8_Pipeline_READ_PIXEL_fu_2294                   |lane_worker8_Pipeline_READ_PIXEL                   |      138|      138|  0.621 us|  0.621 us|  138|  138|       no|
        |grp_gru_cell_step_fu_2302                                      |gru_cell_step                                      |      340|      340|  1.530 us|  1.530 us|  340|  340|       no|
        |grp_gru_cell_step_1_fu_2511                                    |gru_cell_step_1                                    |      338|      338|  1.521 us|  1.521 us|  338|  338|       no|
        |grp_lane_worker8_Pipeline_VITIS_LOOP_238_7_fu_2718             |lane_worker8_Pipeline_VITIS_LOOP_238_7             |       35|       35|  0.158 us|  0.158 us|   35|   35|       no|
        |grp_lane_worker8_Pipeline_WRITE_PIXEL_T_WRITE_PIXEL_O_fu_2822  |lane_worker8_Pipeline_WRITE_PIXEL_T_WRITE_PIXEL_O  |      410|      410|  1.845 us|  1.845 us|  410|  410|       no|
        +---------------------------------------------------------------+---------------------------------------------------+---------+---------+----------+----------+-----+-----+---------+

        * Loop: 
        +---------------------+------------+------------+----------+-----------+-----------+-------+----------+
        |                     |     Latency (cycles)    | Iteration|  Initiation Interval  |  Trip |          |
        |      Loop Name      |     min    |     max    |  Latency |  achieved |   target  | Count | Pipelined|
        +---------------------+------------+------------+----------+-----------+-----------+-------+----------+
        |- VITIS_LOOP_7_1     |  3194562500|  3194562500|    102226|          -|          -|  31250|        no|
        | + VITIS_LOOP_197_2  |       48600|       48600|       360|          -|          -|    135|        no|
        | + VITIS_LOOP_220_5  |       53055|       53055|       393|          -|          -|    135|        no|
        +---------------------+------------+------------+----------+-----------+-----------+-------+----------+



================================================================
== Utilization Estimates
================================================================
* Summary: 
+-----------------+---------+------+--------+--------+-----+
|       Name      | BRAM_18K|  DSP |   FF   |   LUT  | URAM|
+-----------------+---------+------+--------+--------+-----+
|DSP              |        -|     -|       -|       -|    -|
|Expression       |        -|     -|       0|     313|    -|
|FIFO             |        -|     -|       -|       -|    -|
|Instance         |        0|   233|   67993|   42591|    0|
|Memory           |        2|     -|     160|      16|    0|
|Multiplexer      |        -|     -|       -|    2244|    -|
|Register         |        -|     -|    1371|       -|    -|
+-----------------+---------+------+--------+--------+-----+
|Total            |        2|   233|   69524|   45164|    0|
+-----------------+---------+------+--------+--------+-----+
|Available        |     1590|  1540|  508400|  254200|    0|
+-----------------+---------+------+--------+--------+-----+
|Utilization (%)  |       ~0|    15|      13|      17|    0|
+-----------------+---------+------+--------+--------+-----+

+ Detail: 
    * Instance: 
    +---------------------------------------------------------------+---------------------------------------------------+---------+-----+-------+-------+-----+
    |                            Instance                           |                       Module                      | BRAM_18K| DSP |   FF  |  LUT  | URAM|
    +---------------------------------------------------------------+---------------------------------------------------+---------+-----+-------+-------+-----+
    |grp_gru_cell_step_fu_2302                                      |gru_cell_step                                      |        0|  100|  28314|  18870|    0|
    |grp_gru_cell_step_1_fu_2511                                    |gru_cell_step_1                                    |        0|  101|  28231|  18145|    0|
    |grp_lane_worker8_Pipeline_READ_PIXEL_fu_2294                   |lane_worker8_Pipeline_READ_PIXEL                   |        0|    0|     45|     83|    0|
    |grp_lane_worker8_Pipeline_VITIS_LOOP_238_7_fu_2718             |lane_worker8_Pipeline_VITIS_LOOP_238_7             |        0|   32|  11268|   5280|    0|
    |grp_lane_worker8_Pipeline_WRITE_PIXEL_T_WRITE_PIXEL_O_fu_2822  |lane_worker8_Pipeline_WRITE_PIXEL_T_WRITE_PIXEL_O  |        0|    0|    135|    213|    0|
    +---------------------------------------------------------------+---------------------------------------------------+---------+-----+-------+-------+-----+
    |Total                                                          |                                                   |        0|  233|  67993|  42591|    0|
    +---------------------------------------------------------------+---------------------------------------------------+---------+-----+-------+-------+-----+

    * DSP: 
    N/A

    * Memory: 
    +--------------+--------------------------------------+---------+----+----+-----+------+-----+------+-------------+
    |    Memory    |                Module                | BRAM_18K| FF | LUT| URAM| Words| Bits| Banks| W*Bits*Banks|
    +--------------+--------------------------------------+---------+----+----+-----+------+-----+------+-------------+
    |h_enc_V_U     |lane_worker8_h_enc_V_RAM_AUTO_1R1W    |        0|  16|   1|    0|     8|    8|     1|           64|
    |h_enc_V_22_U  |lane_worker8_h_enc_V_RAM_AUTO_1R1W    |        0|  16|   1|    0|     8|    8|     1|           64|
    |h_enc_V_23_U  |lane_worker8_h_enc_V_RAM_AUTO_1R1W    |        0|  16|   1|    0|     8|    8|     1|           64|
    |h_enc_V_24_U  |lane_worker8_h_enc_V_RAM_AUTO_1R1W    |        0|  16|   1|    0|     8|    8|     1|           64|
    |h_dec_V_U     |lane_worker8_h_enc_V_RAM_AUTO_1R1W    |        0|  16|   1|    0|     8|    8|     1|           64|
    |h_dec_V_22_U  |lane_worker8_h_enc_V_RAM_AUTO_1R1W    |        0|  16|   1|    0|     8|    8|     1|           64|
    |h_dec_V_23_U  |lane_worker8_h_enc_V_RAM_AUTO_1R1W    |        0|  16|   1|    0|     8|    8|     1|           64|
    |h_dec_V_24_U  |lane_worker8_h_enc_V_RAM_AUTO_1R1W    |        0|  16|   1|    0|     8|    8|     1|           64|
    |h_next_V_U    |lane_worker8_h_next_V_RAM_AUTO_1R1W   |        0|  16|   4|    0|    32|    8|     1|          256|
    |h_next_V_8_U  |lane_worker8_h_next_V_RAM_AUTO_1R1W   |        0|  16|   4|    0|    32|    8|     1|          256|
    |sfd_out_V_U   |lane_worker8_sfd_out_V_RAM_AUTO_1R1W  |        1|   0|   0|    0|   405|   16|     1|         6480|
    |tpsf_in_V_U   |lane_worker8_tpsf_in_V_RAM_AUTO_1R1W  |        1|   0|   0|    0|   135|   16|     1|         2160|
    +--------------+--------------------------------------+---------+----+----+-----+------+-----+------+-------------+
    |Total         |                                      |        2| 160|  16|    0|   668|  112|    12|         9664|
    +--------------+--------------------------------------+---------+----+----+-----+------+-----+------+-------------+

    * FIFO: 
    N/A

    * Expression: 
    +-----------------------+----------+----+---+----+------------+------------+
    |     Variable Name     | Operation| DSP| FF| LUT| Bitwidth P0| Bitwidth P1|
    +-----------------------+----------+----+---+----+------------+------------+
    |add_ln197_fu_2918_p2   |         +|   0|  0|  15|           8|           1|
    |add_ln220_fu_2934_p2   |         +|   0|  0|  15|           8|           1|
    |add_ln7_15_fu_2854_p2  |         +|   0|  0|  31|          24|           9|
    |add_ln7_16_fu_2860_p2  |         +|   0|  0|  32|          25|          10|
    |add_ln7_fu_2872_p2     |         +|   0|  0|  22|          15|           1|
    |add_ln9_8_fu_2961_p2   |         +|   0|  0|  71|          64|          64|
    |add_ln9_fu_2882_p2     |         +|   0|  0|  71|          64|          64|
    |sub_ln247_fu_2952_p2   |         -|   0|  0|  16|           9|           9|
    |icmp_ln197_fu_2912_p2  |      icmp|   0|  0|  11|           8|           8|
    |icmp_ln220_fu_2928_p2  |      icmp|   0|  0|  11|           8|           8|
    |icmp_ln7_fu_2866_p2    |      icmp|   0|  0|  12|          15|          12|
    |ap_block_state1        |        or|   0|  0|   6|           1|           1|
    +-----------------------+----------+----+---+----+------------+------------+
    |Total                  |          |   0|  0| 313|         249|         188|
    +-----------------------+----------+----+---+----+------------+------------+

    * Multiplexer: 
    +--------------------------+-----+-----------+-----+-----------+
    |           Name           | LUT | Input Size| Bits| Total Bits|
    +--------------------------+-----+-----------+-----+-----------+
    |ap_NS_fsm                 |  269|         63|    1|         63|
    |ap_done                   |    9|          2|    1|          2|
    |gmem_in0_blk_n_AR         |    9|          2|    1|          2|
    |gmem_out0_blk_n_AW        |    9|          2|    1|          2|
    |gmem_out0_blk_n_B         |    9|          2|    1|          2|
    |h_dec_V_22_address0       |   41|         10|    3|         30|
    |h_dec_V_22_address1       |   41|         10|    3|         30|
    |h_dec_V_22_ce0            |   13|          3|    1|          3|
    |h_dec_V_22_ce1            |   13|          3|    1|          3|
    |h_dec_V_22_d0             |   25|          6|    8|         48|
    |h_dec_V_22_d1             |   25|          6|    8|         48|
    |h_dec_V_23_address0       |   41|         10|    3|         30|
    |h_dec_V_23_address1       |   41|         10|    3|         30|
    |h_dec_V_23_ce0            |   13|          3|    1|          3|
    |h_dec_V_23_ce1            |   13|          3|    1|          3|
    |h_dec_V_23_d0             |   25|          6|    8|         48|
    |h_dec_V_23_d1             |   25|          6|    8|         48|
    |h_dec_V_24_address0       |   41|         10|    3|         30|
    |h_dec_V_24_address1       |   41|         10|    3|         30|
    |h_dec_V_24_ce0            |   13|          3|    1|          3|
    |h_dec_V_24_ce1            |   13|          3|    1|          3|
    |h_dec_V_24_d0             |   25|          6|    8|         48|
    |h_dec_V_24_d1             |   25|          6|    8|         48|
    |h_dec_V_address0          |   41|         10|    3|         30|
    |h_dec_V_address1          |   41|         10|    3|         30|
    |h_dec_V_ce0               |   13|          3|    1|          3|
    |h_dec_V_ce1               |   13|          3|    1|          3|
    |h_dec_V_d0                |   25|          6|    8|         48|
    |h_dec_V_d1                |   25|          6|    8|         48|
    |h_enc_V_22_address0       |   41|         10|    3|         30|
    |h_enc_V_22_address1       |   41|         10|    3|         30|
    |h_enc_V_22_ce0            |   13|          3|    1|          3|
    |h_enc_V_22_ce1            |   13|          3|    1|          3|
    |h_enc_V_22_d0             |   13|          3|    8|         24|
    |h_enc_V_22_d1             |   13|          3|    8|         24|
    |h_enc_V_23_address0       |   41|         10|    3|         30|
    |h_enc_V_23_address1       |   41|         10|    3|         30|
    |h_enc_V_23_ce0            |   13|          3|    1|          3|
    |h_enc_V_23_ce1            |   13|          3|    1|          3|
    |h_enc_V_23_d0             |   13|          3|    8|         24|
    |h_enc_V_23_d1             |   13|          3|    8|         24|
    |h_enc_V_24_address0       |   37|          9|    3|         27|
    |h_enc_V_24_address1       |   37|          9|    3|         27|
    |h_enc_V_24_ce0            |   13|          3|    1|          3|
    |h_enc_V_24_ce1            |   13|          3|    1|          3|
    |h_enc_V_24_d0             |   13|          3|    8|         24|
    |h_enc_V_24_d1             |   17|          4|    8|         32|
    |h_enc_V_address0          |   41|         10|    3|         30|
    |h_enc_V_address1          |   41|         10|    3|         30|
    |h_enc_V_ce0               |   13|          3|    1|          3|
    |h_enc_V_ce1               |   13|          3|    1|          3|
    |h_enc_V_d0                |   13|          3|    8|         24|
    |h_enc_V_d1                |   13|          3|    8|         24|
    |h_next_V_8_address0       |   87|         18|    5|         90|
    |h_next_V_8_address1       |   81|         17|    5|         85|
    |h_next_V_8_ce0            |   13|          3|    1|          3|
    |h_next_V_8_we0            |    9|          2|    1|          2|
    |h_next_V_address0         |   87|         18|    5|         90|
    |h_next_V_address1         |   81|         17|    5|         85|
    |h_next_V_ce0              |   13|          3|    1|          3|
    |h_next_V_we0              |    9|          2|    1|          2|
    |local_idx_fu_634          |    9|          2|   15|         30|
    |m_axi_gmem_in0_ARADDR     |   13|          3|   64|        192|
    |m_axi_gmem_in0_ARBURST    |    9|          2|    2|          4|
    |m_axi_gmem_in0_ARCACHE    |    9|          2|    4|          8|
    |m_axi_gmem_in0_ARID       |    9|          2|    1|          2|
    |m_axi_gmem_in0_ARLEN      |   13|          3|   32|         96|
    |m_axi_gmem_in0_ARLOCK     |    9|          2|    2|          4|
    |m_axi_gmem_in0_ARPROT     |    9|          2|    3|          6|
    |m_axi_gmem_in0_ARQOS      |    9|          2|    4|          8|
    |m_axi_gmem_in0_ARREGION   |    9|          2|    4|          8|
    |m_axi_gmem_in0_ARSIZE     |    9|          2|    3|          6|
    |m_axi_gmem_in0_ARUSER     |    9|          2|    1|          2|
    |m_axi_gmem_in0_ARVALID    |   13|          3|    1|          3|
    |m_axi_gmem_in0_RREADY     |    9|          2|    1|          2|
    |m_axi_gmem_out0_AWADDR    |   13|          3|   64|        192|
    |m_axi_gmem_out0_AWBURST   |    9|          2|    2|          4|
    |m_axi_gmem_out0_AWCACHE   |    9|          2|    4|          8|
    |m_axi_gmem_out0_AWID      |    9|          2|    1|          2|
    |m_axi_gmem_out0_AWLEN     |   13|          3|   32|         96|
    |m_axi_gmem_out0_AWLOCK    |    9|          2|    2|          4|
    |m_axi_gmem_out0_AWPROT    |    9|          2|    3|          6|
    |m_axi_gmem_out0_AWQOS     |    9|          2|    4|          8|
    |m_axi_gmem_out0_AWREGION  |    9|          2|    4|          8|
    |m_axi_gmem_out0_AWSIZE    |    9|          2|    3|          6|
    |m_axi_gmem_out0_AWUSER    |    9|          2|    1|          2|
    |m_axi_gmem_out0_AWVALID   |   13|          3|    1|          3|
    |m_axi_gmem_out0_BREADY    |   13|          3|    1|          3|
    |m_axi_gmem_out0_WVALID    |    9|          2|    1|          2|
    |phi_mul997_fu_626         |    9|          2|   24|         48|
    |phi_mul_fu_630            |    9|          2|   25|         50|
    |sfd_out_V_address0        |   13|          3|    9|         27|
    |sfd_out_V_ce0             |   13|          3|    1|          3|
    |sfd_out_V_we0             |    9|          2|    1|          2|
    |storemerge_reg_1863       |    9|          2|    8|         16|
    |t_15_reg_2283             |    9|          2|    8|         16|
    |t_reg_1877                |    9|          2|    8|         16|
    |tpsf_in_V_address0        |   13|          3|    8|         24|
    |tpsf_in_V_ce0             |   13|          3|    1|          3|
    |tpsf_in_V_we0             |    9|          2|    1|          2|
    +--------------------------+-----+-----------+-----+-----------+
    |Total                     | 2244|        519|  575|       2459|
    +--------------------------+-----+-----------+-----+-----------+

    * Register: 
    +----------------------------------------------------------------------------+----+----+-----+-----------+
    |                                    Name                                    | FF | LUT| Bits| Const Bits|
    +----------------------------------------------------------------------------+----+----+-----+-----------+
    |add_ln197_reg_4024                                                          |   8|   0|    8|          0|
    |add_ln220_reg_4202                                                          |   8|   0|    8|          0|
    |add_ln7_15_reg_3992                                                         |  24|   0|   24|          0|
    |add_ln7_16_reg_3997                                                         |  25|   0|   25|          0|
    |add_ln7_reg_4005                                                            |  15|   0|   15|          0|
    |ap_CS_fsm                                                                   |  62|   0|   62|          0|
    |ap_done_reg                                                                 |   1|   0|    1|          0|
    |grp_gru_cell_step_1_fu_2511_ap_start_reg                                    |   1|   0|    1|          0|
    |grp_gru_cell_step_fu_2302_ap_start_reg                                      |   1|   0|    1|          0|
    |grp_lane_worker8_Pipeline_READ_PIXEL_fu_2294_ap_start_reg                   |   1|   0|    1|          0|
    |grp_lane_worker8_Pipeline_VITIS_LOOP_238_7_fu_2718_ap_start_reg             |   1|   0|    1|          0|
    |grp_lane_worker8_Pipeline_WRITE_PIXEL_T_WRITE_PIXEL_O_fu_2822_ap_start_reg  |   1|   0|    1|          0|
    |h_next_V_8_load_10_reg_4268                                                 |   8|   0|    8|          0|
    |h_next_V_8_load_11_reg_4273                                                 |   8|   0|    8|          0|
    |h_next_V_8_load_12_reg_4278                                                 |   8|   0|    8|          0|
    |h_next_V_8_load_13_reg_4283                                                 |   8|   0|    8|          0|
    |h_next_V_8_load_14_reg_4288                                                 |   8|   0|    8|          0|
    |h_next_V_8_load_15_reg_4293                                                 |   8|   0|    8|          0|
    |h_next_V_8_load_16_reg_4298                                                 |   8|   0|    8|          0|
    |h_next_V_8_load_17_reg_4303                                                 |   8|   0|    8|          0|
    |h_next_V_8_load_18_reg_4308                                                 |   8|   0|    8|          0|
    |h_next_V_8_load_19_reg_4313                                                 |   8|   0|    8|          0|
    |h_next_V_8_load_1_reg_4223                                                  |   8|   0|    8|          0|
    |h_next_V_8_load_20_reg_4318                                                 |   8|   0|    8|          0|
    |h_next_V_8_load_21_reg_4323                                                 |   8|   0|    8|          0|
    |h_next_V_8_load_22_reg_4328                                                 |   8|   0|    8|          0|
    |h_next_V_8_load_23_reg_4333                                                 |   8|   0|    8|          0|
    |h_next_V_8_load_24_reg_4338                                                 |   8|   0|    8|          0|
    |h_next_V_8_load_25_reg_4343                                                 |   8|   0|    8|          0|
    |h_next_V_8_load_26_reg_4348                                                 |   8|   0|    8|          0|
    |h_next_V_8_load_27_reg_4353                                                 |   8|   0|    8|          0|
    |h_next_V_8_load_28_reg_4358                                                 |   8|   0|    8|          0|
    |h_next_V_8_load_29_reg_4363                                                 |   8|   0|    8|          0|
    |h_next_V_8_load_2_reg_4228                                                  |   8|   0|    8|          0|
    |h_next_V_8_load_3_reg_4233                                                  |   8|   0|    8|          0|
    |h_next_V_8_load_4_reg_4238                                                  |   8|   0|    8|          0|
    |h_next_V_8_load_5_reg_4243                                                  |   8|   0|    8|          0|
    |h_next_V_8_load_6_reg_4248                                                  |   8|   0|    8|          0|
    |h_next_V_8_load_7_reg_4253                                                  |   8|   0|    8|          0|
    |h_next_V_8_load_8_reg_4258                                                  |   8|   0|    8|          0|
    |h_next_V_8_load_9_reg_4263                                                  |   8|   0|    8|          0|
    |h_next_V_8_load_reg_4218                                                    |   8|   0|    8|          0|
    |h_next_V_load_218_reg_4044                                                  |   8|   0|    8|          0|
    |h_next_V_load_219_reg_4049                                                  |   8|   0|    8|          0|
    |h_next_V_load_220_reg_4054                                                  |   8|   0|    8|          0|
    |h_next_V_load_221_reg_4059                                                  |   8|   0|    8|          0|
    |h_next_V_load_222_reg_4064                                                  |   8|   0|    8|          0|
    |h_next_V_load_223_reg_4069                                                  |   8|   0|    8|          0|
    |h_next_V_load_224_reg_4074                                                  |   8|   0|    8|          0|
    |h_next_V_load_225_reg_4079                                                  |   8|   0|    8|          0|
    |h_next_V_load_226_reg_4084                                                  |   8|   0|    8|          0|
    |h_next_V_load_227_reg_4089                                                  |   8|   0|    8|          0|
    |h_next_V_load_228_reg_4094                                                  |   8|   0|    8|          0|
    |h_next_V_load_229_reg_4099                                                  |   8|   0|    8|          0|
    |h_next_V_load_230_reg_4104                                                  |   8|   0|    8|          0|
    |h_next_V_load_231_reg_4109                                                  |   8|   0|    8|          0|
    |h_next_V_load_232_reg_4114                                                  |   8|   0|    8|          0|
    |h_next_V_load_233_reg_4119                                                  |   8|   0|    8|          0|
    |h_next_V_load_234_reg_4124                                                  |   8|   0|    8|          0|
    |h_next_V_load_235_reg_4129                                                  |   8|   0|    8|          0|
    |h_next_V_load_236_reg_4134                                                  |   8|   0|    8|          0|
    |h_next_V_load_237_reg_4139                                                  |   8|   0|    8|          0|
    |h_next_V_load_238_reg_4144                                                  |   8|   0|    8|          0|
    |h_next_V_load_239_reg_4149                                                  |   8|   0|    8|          0|
    |h_next_V_load_240_reg_4154                                                  |   8|   0|    8|          0|
    |h_next_V_load_241_reg_4159                                                  |   8|   0|    8|          0|
    |h_next_V_load_242_reg_4164                                                  |   8|   0|    8|          0|
    |h_next_V_load_243_reg_4169                                                  |   8|   0|    8|          0|
    |h_next_V_load_244_reg_4174                                                  |   8|   0|    8|          0|
    |h_next_V_load_245_reg_4179                                                  |   8|   0|    8|          0|
    |h_next_V_load_246_reg_4184                                                  |   8|   0|    8|          0|
    |h_next_V_load_reg_4039                                                      |   8|   0|    8|          0|
    |local_idx_fu_634                                                            |  15|   0|   15|          0|
    |p_0_0_067_10_phi_reg_2010                                                   |   8|   0|    8|          0|
    |p_0_0_067_11_phi_reg_2023                                                   |   8|   0|    8|          0|
    |p_0_0_067_12_phi_reg_2036                                                   |   8|   0|    8|          0|
    |p_0_0_067_13_phi_reg_2049                                                   |   8|   0|    8|          0|
    |p_0_0_067_14_phi_reg_2062                                                   |   8|   0|    8|          0|
    |p_0_0_067_15_phi_reg_2075                                                   |   8|   0|    8|          0|
    |p_0_0_067_16_phi_reg_2088                                                   |   8|   0|    8|          0|
    |p_0_0_067_17_phi_reg_2101                                                   |   8|   0|    8|          0|
    |p_0_0_067_18_phi_reg_2114                                                   |   8|   0|    8|          0|
    |p_0_0_067_19_phi_reg_2127                                                   |   8|   0|    8|          0|
    |p_0_0_067_1_phi_reg_1900                                                    |   8|   0|    8|          0|
    |p_0_0_067_20_phi_reg_2140                                                   |   8|   0|    8|          0|
    |p_0_0_067_21_phi_reg_2153                                                   |   8|   0|    8|          0|
    |p_0_0_067_22_phi_reg_2166                                                   |   8|   0|    8|          0|
    |p_0_0_067_23_phi_reg_2179                                                   |   8|   0|    8|          0|
    |p_0_0_067_24_phi_reg_2192                                                   |   8|   0|    8|          0|
    |p_0_0_067_25_phi_reg_2205                                                   |   8|   0|    8|          0|
    |p_0_0_067_26_phi_reg_2218                                                   |   8|   0|    8|          0|
    |p_0_0_067_27_phi_reg_2231                                                   |   8|   0|    8|          0|
    |p_0_0_067_28_phi_reg_2244                                                   |   8|   0|    8|          0|
    |p_0_0_067_29_phi_reg_2257                                                   |   8|   0|    8|          0|
    |p_0_0_067_2_phi_reg_1912                                                    |   8|   0|    8|          0|
    |p_0_0_067_30_phi_reg_2270                                                   |   8|   0|    8|          0|
    |p_0_0_067_3_phi_reg_1924                                                    |   8|   0|    8|          0|
    |p_0_0_067_4_phi_reg_1936                                                    |   8|   0|    8|          0|
    |p_0_0_067_5_phi_reg_1948                                                    |   8|   0|    8|          0|
    |p_0_0_067_6_phi_reg_1960                                                    |   8|   0|    8|          0|
    |p_0_0_067_7_phi_reg_1972                                                    |   8|   0|    8|          0|
    |p_0_0_067_8_phi_reg_1984                                                    |   8|   0|    8|          0|
    |p_0_0_067_9_phi_reg_1997                                                    |   8|   0|    8|          0|
    |p_0_0_067_phi_reg_1888                                                      |   8|   0|    8|          0|
    |phi_mul997_fu_626                                                           |  24|   0|   24|          0|
    |phi_mul_fu_630                                                              |  25|   0|   25|          0|
    |r_V_211_reg_4378                                                            |   8|   0|   23|         15|
    |r_V_212_reg_4383                                                            |   8|   0|   23|         15|
    |r_V_213_reg_4388                                                            |   8|   0|   23|         15|
    |r_V_214_reg_4393                                                            |   8|   0|   23|         15|
    |r_V_215_reg_4398                                                            |   8|   0|   23|         15|
    |r_V_216_reg_4403                                                            |   8|   0|   23|         15|
    |r_V_217_reg_4408                                                            |   8|   0|   23|         15|
    |r_V_218_reg_4413                                                            |   8|   0|   23|         15|
    |r_V_219_reg_4418                                                            |   8|   0|   23|         15|
    |r_V_220_reg_4423                                                            |   8|   0|   23|         15|
    |r_V_221_reg_4428                                                            |   8|   0|   23|         15|
    |r_V_222_reg_4433                                                            |   8|   0|   23|         15|
    |r_V_223_reg_4438                                                            |   8|   0|   23|         15|
    |r_V_224_reg_4443                                                            |   8|   0|   23|         15|
    |r_V_225_reg_4448                                                            |   8|   0|   23|         15|
    |r_V_226_reg_4453                                                            |   8|   0|   23|         15|
    |r_V_227_reg_4458                                                            |   8|   0|   23|         15|
    |r_V_228_reg_4463                                                            |   8|   0|   23|         15|
    |r_V_229_reg_4468                                                            |   8|   0|   23|         15|
    |r_V_230_reg_4473                                                            |   8|   0|   23|         15|
    |r_V_231_reg_4478                                                            |   8|   0|   23|         15|
    |r_V_232_reg_4483                                                            |   8|   0|   23|         15|
    |r_V_233_reg_4488                                                            |   8|   0|   23|         15|
    |r_V_234_reg_4493                                                            |   8|   0|   23|         15|
    |r_V_235_reg_4498                                                            |   8|   0|   23|         15|
    |r_V_236_reg_4503                                                            |   8|   0|   23|         15|
    |r_V_237_reg_4508                                                            |   8|   0|   23|         15|
    |r_V_238_reg_4513                                                            |   8|   0|   23|         15|
    |r_V_239_reg_4518                                                            |   8|   0|   23|         15|
    |r_V_240_reg_4523                                                            |   8|   0|   23|         15|
    |r_V_reg_4368                                                                |   8|   0|   23|         15|
    |r_V_s_reg_4373                                                              |   8|   0|   23|         15|
    |storemerge_reg_1863                                                         |   8|   0|    8|          0|
    |sub_ln247_reg_4207                                                          |   9|   0|    9|          0|
    |t_15_reg_2283                                                               |   8|   0|    8|          0|
    |t_reg_1877                                                                  |   8|   0|    8|          0|
    |tpsf_in_V_load_reg_4034                                                     |  16|   0|   16|          0|
    |trunc_ln5_reg_4010                                                          |  63|   0|   63|          0|
    |trunc_ln_reg_4212                                                           |  63|   0|   63|          0|
    +----------------------------------------------------------------------------+----+----+-----+-----------+
    |Total                                                                       |1371|   0| 1851|        480|
    +----------------------------------------------------------------------------+----+----+-----+-----------+



================================================================
== Interface
================================================================
* Summary: 
+--------------------------+-----+-----+------------+--------------+--------------+
|         RTL Ports        | Dir | Bits|  Protocol  | Source Object|    C Type    |
+--------------------------+-----+-----+------------+--------------+--------------+
|ap_clk                    |   in|    1|  ap_ctrl_hs|  lane_worker8|  return value|
|ap_rst                    |   in|    1|  ap_ctrl_hs|  lane_worker8|  return value|
|ap_start                  |   in|    1|  ap_ctrl_hs|  lane_worker8|  return value|
|ap_done                   |  out|    1|  ap_ctrl_hs|  lane_worker8|  return value|
|ap_continue               |   in|    1|  ap_ctrl_hs|  lane_worker8|  return value|
|ap_idle                   |  out|    1|  ap_ctrl_hs|  lane_worker8|  return value|
|ap_ready                  |  out|    1|  ap_ctrl_hs|  lane_worker8|  return value|
|m_axi_gmem_in0_AWVALID    |  out|    1|       m_axi|      gmem_in0|       pointer|
|m_axi_gmem_in0_AWREADY    |   in|    1|       m_axi|      gmem_in0|       pointer|
|m_axi_gmem_in0_AWADDR     |  out|   64|       m_axi|      gmem_in0|       pointer|
|m_axi_gmem_in0_AWID       |  out|    1|       m_axi|      gmem_in0|       pointer|
|m_axi_gmem_in0_AWLEN      |  out|   32|       m_axi|      gmem_in0|       pointer|
|m_axi_gmem_in0_AWSIZE     |  out|    3|       m_axi|      gmem_in0|       pointer|
|m_axi_gmem_in0_AWBURST    |  out|    2|       m_axi|      gmem_in0|       pointer|
|m_axi_gmem_in0_AWLOCK     |  out|    2|       m_axi|      gmem_in0|       pointer|
|m_axi_gmem_in0_AWCACHE    |  out|    4|       m_axi|      gmem_in0|       pointer|
|m_axi_gmem_in0_AWPROT     |  out|    3|       m_axi|      gmem_in0|       pointer|
|m_axi_gmem_in0_AWQOS      |  out|    4|       m_axi|      gmem_in0|       pointer|
|m_axi_gmem_in0_AWREGION   |  out|    4|       m_axi|      gmem_in0|       pointer|
|m_axi_gmem_in0_AWUSER     |  out|    1|       m_axi|      gmem_in0|       pointer|
|m_axi_gmem_in0_WVALID     |  out|    1|       m_axi|      gmem_in0|       pointer|
|m_axi_gmem_in0_WREADY     |   in|    1|       m_axi|      gmem_in0|       pointer|
|m_axi_gmem_in0_WDATA      |  out|   16|       m_axi|      gmem_in0|       pointer|
|m_axi_gmem_in0_WSTRB      |  out|    2|       m_axi|      gmem_in0|       pointer|
|m_axi_gmem_in0_WLAST      |  out|    1|       m_axi|      gmem_in0|       pointer|
|m_axi_gmem_in0_WID        |  out|    1|       m_axi|      gmem_in0|       pointer|
|m_axi_gmem_in0_WUSER      |  out|    1|       m_axi|      gmem_in0|       pointer|
|m_axi_gmem_in0_ARVALID    |  out|    1|       m_axi|      gmem_in0|       pointer|
|m_axi_gmem_in0_ARREADY    |   in|    1|       m_axi|      gmem_in0|       pointer|
|m_axi_gmem_in0_ARADDR     |  out|   64|       m_axi|      gmem_in0|       pointer|
|m_axi_gmem_in0_ARID       |  out|    1|       m_axi|      gmem_in0|       pointer|
|m_axi_gmem_in0_ARLEN      |  out|   32|       m_axi|      gmem_in0|       pointer|
|m_axi_gmem_in0_ARSIZE     |  out|    3|       m_axi|      gmem_in0|       pointer|
|m_axi_gmem_in0_ARBURST    |  out|    2|       m_axi|      gmem_in0|       pointer|
|m_axi_gmem_in0_ARLOCK     |  out|    2|       m_axi|      gmem_in0|       pointer|
|m_axi_gmem_in0_ARCACHE    |  out|    4|       m_axi|      gmem_in0|       pointer|
|m_axi_gmem_in0_ARPROT     |  out|    3|       m_axi|      gmem_in0|       pointer|
|m_axi_gmem_in0_ARQOS      |  out|    4|       m_axi|      gmem_in0|       pointer|
|m_axi_gmem_in0_ARREGION   |  out|    4|       m_axi|      gmem_in0|       pointer|
|m_axi_gmem_in0_ARUSER     |  out|    1|       m_axi|      gmem_in0|       pointer|
|m_axi_gmem_in0_RVALID     |   in|    1|       m_axi|      gmem_in0|       pointer|
|m_axi_gmem_in0_RREADY     |  out|    1|       m_axi|      gmem_in0|       pointer|
|m_axi_gmem_in0_RDATA      |   in|   16|       m_axi|      gmem_in0|       pointer|
|m_axi_gmem_in0_RLAST      |   in|    1|       m_axi|      gmem_in0|       pointer|
|m_axi_gmem_in0_RID        |   in|    1|       m_axi|      gmem_in0|       pointer|
|m_axi_gmem_in0_RFIFONUM   |   in|   10|       m_axi|      gmem_in0|       pointer|
|m_axi_gmem_in0_RUSER      |   in|    1|       m_axi|      gmem_in0|       pointer|
|m_axi_gmem_in0_RRESP      |   in|    2|       m_axi|      gmem_in0|       pointer|
|m_axi_gmem_in0_BVALID     |   in|    1|       m_axi|      gmem_in0|       pointer|
|m_axi_gmem_in0_BREADY     |  out|    1|       m_axi|      gmem_in0|       pointer|
|m_axi_gmem_in0_BRESP      |   in|    2|       m_axi|      gmem_in0|       pointer|
|m_axi_gmem_in0_BID        |   in|    1|       m_axi|      gmem_in0|       pointer|
|m_axi_gmem_in0_BUSER      |   in|    1|       m_axi|      gmem_in0|       pointer|
|tpsf_in_lane              |   in|   64|     ap_none|  tpsf_in_lane|        scalar|
|m_axi_gmem_out0_AWVALID   |  out|    1|       m_axi|     gmem_out0|       pointer|
|m_axi_gmem_out0_AWREADY   |   in|    1|       m_axi|     gmem_out0|       pointer|
|m_axi_gmem_out0_AWADDR    |  out|   64|       m_axi|     gmem_out0|       pointer|
|m_axi_gmem_out0_AWID      |  out|    1|       m_axi|     gmem_out0|       pointer|
|m_axi_gmem_out0_AWLEN     |  out|   32|       m_axi|     gmem_out0|       pointer|
|m_axi_gmem_out0_AWSIZE    |  out|    3|       m_axi|     gmem_out0|       pointer|
|m_axi_gmem_out0_AWBURST   |  out|    2|       m_axi|     gmem_out0|       pointer|
|m_axi_gmem_out0_AWLOCK    |  out|    2|       m_axi|     gmem_out0|       pointer|
|m_axi_gmem_out0_AWCACHE   |  out|    4|       m_axi|     gmem_out0|       pointer|
|m_axi_gmem_out0_AWPROT    |  out|    3|       m_axi|     gmem_out0|       pointer|
|m_axi_gmem_out0_AWQOS     |  out|    4|       m_axi|     gmem_out0|       pointer|
|m_axi_gmem_out0_AWREGION  |  out|    4|       m_axi|     gmem_out0|       pointer|
|m_axi_gmem_out0_AWUSER    |  out|    1|       m_axi|     gmem_out0|       pointer|
|m_axi_gmem_out0_WVALID    |  out|    1|       m_axi|     gmem_out0|       pointer|
|m_axi_gmem_out0_WREADY    |   in|    1|       m_axi|     gmem_out0|       pointer|
|m_axi_gmem_out0_WDATA     |  out|   16|       m_axi|     gmem_out0|       pointer|
|m_axi_gmem_out0_WSTRB     |  out|    2|       m_axi|     gmem_out0|       pointer|
|m_axi_gmem_out0_WLAST     |  out|    1|       m_axi|     gmem_out0|       pointer|
|m_axi_gmem_out0_WID       |  out|    1|       m_axi|     gmem_out0|       pointer|
|m_axi_gmem_out0_WUSER     |  out|    1|       m_axi|     gmem_out0|       pointer|
|m_axi_gmem_out0_ARVALID   |  out|    1|       m_axi|     gmem_out0|       pointer|
|m_axi_gmem_out0_ARREADY   |   in|    1|       m_axi|     gmem_out0|       pointer|
|m_axi_gmem_out0_ARADDR    |  out|   64|       m_axi|     gmem_out0|       pointer|
|m_axi_gmem_out0_ARID      |  out|    1|       m_axi|     gmem_out0|       pointer|
|m_axi_gmem_out0_ARLEN     |  out|   32|       m_axi|     gmem_out0|       pointer|
|m_axi_gmem_out0_ARSIZE    |  out|    3|       m_axi|     gmem_out0|       pointer|
|m_axi_gmem_out0_ARBURST   |  out|    2|       m_axi|     gmem_out0|       pointer|
|m_axi_gmem_out0_ARLOCK    |  out|    2|       m_axi|     gmem_out0|       pointer|
|m_axi_gmem_out0_ARCACHE   |  out|    4|       m_axi|     gmem_out0|       pointer|
|m_axi_gmem_out0_ARPROT    |  out|    3|       m_axi|     gmem_out0|       pointer|
|m_axi_gmem_out0_ARQOS     |  out|    4|       m_axi|     gmem_out0|       pointer|
|m_axi_gmem_out0_ARREGION  |  out|    4|       m_axi|     gmem_out0|       pointer|
|m_axi_gmem_out0_ARUSER    |  out|    1|       m_axi|     gmem_out0|       pointer|
|m_axi_gmem_out0_RVALID    |   in|    1|       m_axi|     gmem_out0|       pointer|
|m_axi_gmem_out0_RREADY    |  out|    1|       m_axi|     gmem_out0|       pointer|
|m_axi_gmem_out0_RDATA     |   in|   16|       m_axi|     gmem_out0|       pointer|
|m_axi_gmem_out0_RLAST     |   in|    1|       m_axi|     gmem_out0|       pointer|
|m_axi_gmem_out0_RID       |   in|    1|       m_axi|     gmem_out0|       pointer|
|m_axi_gmem_out0_RFIFONUM  |   in|   10|       m_axi|     gmem_out0|       pointer|
|m_axi_gmem_out0_RUSER     |   in|    1|       m_axi|     gmem_out0|       pointer|
|m_axi_gmem_out0_RRESP     |   in|    2|       m_axi|     gmem_out0|       pointer|
|m_axi_gmem_out0_BVALID    |   in|    1|       m_axi|     gmem_out0|       pointer|
|m_axi_gmem_out0_BREADY    |  out|    1|       m_axi|     gmem_out0|       pointer|
|m_axi_gmem_out0_BRESP     |   in|    2|       m_axi|     gmem_out0|       pointer|
|m_axi_gmem_out0_BID       |   in|    1|       m_axi|     gmem_out0|       pointer|
|m_axi_gmem_out0_BUSER     |   in|    1|       m_axi|     gmem_out0|       pointer|
|sfd_out_lane              |   in|   64|     ap_none|  sfd_out_lane|        scalar|
+--------------------------+-----+-----+------------+--------------+--------------+

