

================================================================
== Vitis HLS Report for 'lane_worker8_3_Pipeline_READ_PIXEL'
================================================================
* Date:           Tue Aug 18 11:37:10 2026

* Version:        2022.2 (Build 3670227 on Oct 13 2022)
* Project:        seq2seqlite_student_proj
* Solution:       solution_streaming8 (Vivado IP Flow Target)
* Product family: kintex7
* Target device:  xc7k410t-ffg676-1


================================================================
== Performance Estimates
================================================================
+ Timing: 
    * Summary: 
    +--------+---------+----------+------------+
    |  Clock |  Target | Estimated| Uncertainty|
    +--------+---------+----------+------------+
    |ap_clk  |  4.50 ns|  3.285 ns|     1.22 ns|
    +--------+---------+----------+------------+

+ Latency: 
    * Summary: 
    +---------+---------+----------+----------+-----+-----+---------+
    |  Latency (cycles) |  Latency (absolute) |  Interval | Pipeline|
    |   min   |   max   |    min   |    max   | min | max |   Type  |
    +---------+---------+----------+----------+-----+-----+---------+
    |      138|      138|  0.621 us|  0.621 us|  138|  138|       no|
    +---------+---------+----------+----------+-----+-----+---------+

    + Detail: 
        * Instance: 
        N/A

        * Loop: 
        +--------------+---------+---------+----------+-----------+-----------+------+----------+
        |              |  Latency (cycles) | Iteration|  Initiation Interval  | Trip |          |
        |   Loop Name  |   min   |   max   |  Latency |  achieved |   target  | Count| Pipelined|
        +--------------+---------+---------+----------+-----------+-----------+------+----------+
        |- READ_PIXEL  |      136|      136|         3|          1|          1|   135|       yes|
        +--------------+---------+---------+----------+-----------+-----------+------+----------+



================================================================
== Utilization Estimates
================================================================
* Summary: 
+-----------------+---------+------+--------+--------+-----+
|       Name      | BRAM_18K|  DSP |   FF   |   LUT  | URAM|
+-----------------+---------+------+--------+--------+-----+
|DSP              |        -|     -|       -|       -|    -|
|Expression       |        -|     -|       0|      38|    -|
|FIFO             |        -|     -|       -|       -|    -|
|Instance         |        -|     -|       -|       -|    -|
|Memory           |        -|     -|       -|       -|    -|
|Multiplexer      |        -|     -|       -|      45|    -|
|Register         |        -|     -|      45|       -|    -|
+-----------------+---------+------+--------+--------+-----+
|Total            |        0|     0|      45|      83|    0|
+-----------------+---------+------+--------+--------+-----+
|Available        |     1590|  1540|  508400|  254200|    0|
+-----------------+---------+------+--------+--------+-----+
|Utilization (%)  |        0|     0|      ~0|      ~0|    0|
+-----------------+---------+------+--------+--------+-----+

+ Detail: 
    * Instance: 
    N/A

    * DSP: 
    N/A

    * Memory: 
    N/A

    * FIFO: 
    N/A

    * Expression: 
    +---------------------------+----------+----+---+----+------------+------------+
    |       Variable Name       | Operation| DSP| FF| LUT| Bitwidth P0| Bitwidth P1|
    +---------------------------+----------+----+---+----+------------+------------+
    |add_ln13_fu_100_p2         |         +|   0|  0|  15|           8|           1|
    |ap_block_pp0_stage0_11001  |       and|   0|  0|   6|           1|           1|
    |icmp_ln13_fu_94_p2         |      icmp|   0|  0|  11|           8|           8|
    |ap_enable_pp0              |       xor|   0|  0|   6|           1|           2|
    +---------------------------+----------+----+---+----+------------+------------+
    |Total                      |          |   0|  0|  38|          18|          12|
    +---------------------------+----------+----+---+----+------------+------------+

    * Multiplexer: 
    +-------------------------+----+-----------+-----+-----------+
    |           Name          | LUT| Input Size| Bits| Total Bits|
    +-------------------------+----+-----------+-----+-----------+
    |ap_done_int              |   9|          2|    1|          2|
    |ap_enable_reg_pp0_iter1  |   9|          2|    1|          2|
    |ap_sig_allocacmp_t_11    |   9|          2|    8|         16|
    |gmem_in2_blk_n_R         |   9|          2|    1|          2|
    |t_fu_48                  |   9|          2|    8|         16|
    +-------------------------+----+-----------+-----+-----------+
    |Total                    |  45|         10|   19|         38|
    +-------------------------+----+-----------+-----+-----------+

    * Register: 
    +----------------------------------+----+----+-----+-----------+
    |               Name               | FF | LUT| Bits| Const Bits|
    +----------------------------------+----+----+-----+-----------+
    |ap_CS_fsm                         |   1|   0|    1|          0|
    |ap_done_reg                       |   1|   0|    1|          0|
    |ap_enable_reg_pp0_iter1           |   1|   0|    1|          0|
    |ap_enable_reg_pp0_iter2           |   1|   0|    1|          0|
    |ap_loop_exit_ready_pp0_iter1_reg  |   1|   0|    1|          0|
    |gmem_in2_addr_read_reg_136        |  16|   0|   16|          0|
    |t_11_reg_122                      |   8|   0|    8|          0|
    |t_11_reg_122_pp0_iter1_reg        |   8|   0|    8|          0|
    |t_fu_48                           |   8|   0|    8|          0|
    +----------------------------------+----+----+-----+-----------+
    |Total                             |  45|   0|   45|          0|
    +----------------------------------+----+----+-----+-----------+



================================================================
== Interface
================================================================
* Summary: 
+-------------------------+-----+-----+------------+------------------------------------+--------------+
|        RTL Ports        | Dir | Bits|  Protocol  |            Source Object           |    C Type    |
+-------------------------+-----+-----+------------+------------------------------------+--------------+
|ap_clk                   |   in|    1|  ap_ctrl_hs|  lane_worker8.3_Pipeline_READ_PIXEL|  return value|
|ap_rst                   |   in|    1|  ap_ctrl_hs|  lane_worker8.3_Pipeline_READ_PIXEL|  return value|
|ap_start                 |   in|    1|  ap_ctrl_hs|  lane_worker8.3_Pipeline_READ_PIXEL|  return value|
|ap_done                  |  out|    1|  ap_ctrl_hs|  lane_worker8.3_Pipeline_READ_PIXEL|  return value|
|ap_idle                  |  out|    1|  ap_ctrl_hs|  lane_worker8.3_Pipeline_READ_PIXEL|  return value|
|ap_ready                 |  out|    1|  ap_ctrl_hs|  lane_worker8.3_Pipeline_READ_PIXEL|  return value|
|m_axi_gmem_in2_AWVALID   |  out|    1|       m_axi|                            gmem_in2|       pointer|
|m_axi_gmem_in2_AWREADY   |   in|    1|       m_axi|                            gmem_in2|       pointer|
|m_axi_gmem_in2_AWADDR    |  out|   64|       m_axi|                            gmem_in2|       pointer|
|m_axi_gmem_in2_AWID      |  out|    1|       m_axi|                            gmem_in2|       pointer|
|m_axi_gmem_in2_AWLEN     |  out|   32|       m_axi|                            gmem_in2|       pointer|
|m_axi_gmem_in2_AWSIZE    |  out|    3|       m_axi|                            gmem_in2|       pointer|
|m_axi_gmem_in2_AWBURST   |  out|    2|       m_axi|                            gmem_in2|       pointer|
|m_axi_gmem_in2_AWLOCK    |  out|    2|       m_axi|                            gmem_in2|       pointer|
|m_axi_gmem_in2_AWCACHE   |  out|    4|       m_axi|                            gmem_in2|       pointer|
|m_axi_gmem_in2_AWPROT    |  out|    3|       m_axi|                            gmem_in2|       pointer|
|m_axi_gmem_in2_AWQOS     |  out|    4|       m_axi|                            gmem_in2|       pointer|
|m_axi_gmem_in2_AWREGION  |  out|    4|       m_axi|                            gmem_in2|       pointer|
|m_axi_gmem_in2_AWUSER    |  out|    1|       m_axi|                            gmem_in2|       pointer|
|m_axi_gmem_in2_WVALID    |  out|    1|       m_axi|                            gmem_in2|       pointer|
|m_axi_gmem_in2_WREADY    |   in|    1|       m_axi|                            gmem_in2|       pointer|
|m_axi_gmem_in2_WDATA     |  out|   16|       m_axi|                            gmem_in2|       pointer|
|m_axi_gmem_in2_WSTRB     |  out|    2|       m_axi|                            gmem_in2|       pointer|
|m_axi_gmem_in2_WLAST     |  out|    1|       m_axi|                            gmem_in2|       pointer|
|m_axi_gmem_in2_WID       |  out|    1|       m_axi|                            gmem_in2|       pointer|
|m_axi_gmem_in2_WUSER     |  out|    1|       m_axi|                            gmem_in2|       pointer|
|m_axi_gmem_in2_ARVALID   |  out|    1|       m_axi|                            gmem_in2|       pointer|
|m_axi_gmem_in2_ARREADY   |   in|    1|       m_axi|                            gmem_in2|       pointer|
|m_axi_gmem_in2_ARADDR    |  out|   64|       m_axi|                            gmem_in2|       pointer|
|m_axi_gmem_in2_ARID      |  out|    1|       m_axi|                            gmem_in2|       pointer|
|m_axi_gmem_in2_ARLEN     |  out|   32|       m_axi|                            gmem_in2|       pointer|
|m_axi_gmem_in2_ARSIZE    |  out|    3|       m_axi|                            gmem_in2|       pointer|
|m_axi_gmem_in2_ARBURST   |  out|    2|       m_axi|                            gmem_in2|       pointer|
|m_axi_gmem_in2_ARLOCK    |  out|    2|       m_axi|                            gmem_in2|       pointer|
|m_axi_gmem_in2_ARCACHE   |  out|    4|       m_axi|                            gmem_in2|       pointer|
|m_axi_gmem_in2_ARPROT    |  out|    3|       m_axi|                            gmem_in2|       pointer|
|m_axi_gmem_in2_ARQOS     |  out|    4|       m_axi|                            gmem_in2|       pointer|
|m_axi_gmem_in2_ARREGION  |  out|    4|       m_axi|                            gmem_in2|       pointer|
|m_axi_gmem_in2_ARUSER    |  out|    1|       m_axi|                            gmem_in2|       pointer|
|m_axi_gmem_in2_RVALID    |   in|    1|       m_axi|                            gmem_in2|       pointer|
|m_axi_gmem_in2_RREADY    |  out|    1|       m_axi|                            gmem_in2|       pointer|
|m_axi_gmem_in2_RDATA     |   in|   16|       m_axi|                            gmem_in2|       pointer|
|m_axi_gmem_in2_RLAST     |   in|    1|       m_axi|                            gmem_in2|       pointer|
|m_axi_gmem_in2_RID       |   in|    1|       m_axi|                            gmem_in2|       pointer|
|m_axi_gmem_in2_RFIFONUM  |   in|   10|       m_axi|                            gmem_in2|       pointer|
|m_axi_gmem_in2_RUSER     |   in|    1|       m_axi|                            gmem_in2|       pointer|
|m_axi_gmem_in2_RRESP     |   in|    2|       m_axi|                            gmem_in2|       pointer|
|m_axi_gmem_in2_BVALID    |   in|    1|       m_axi|                            gmem_in2|       pointer|
|m_axi_gmem_in2_BREADY    |  out|    1|       m_axi|                            gmem_in2|       pointer|
|m_axi_gmem_in2_BRESP     |   in|    2|       m_axi|                            gmem_in2|       pointer|
|m_axi_gmem_in2_BID       |   in|    1|       m_axi|                            gmem_in2|       pointer|
|m_axi_gmem_in2_BUSER     |   in|    1|       m_axi|                            gmem_in2|       pointer|
|sext_ln13                |   in|   63|     ap_none|                           sext_ln13|        scalar|
|tpsf_in_V_address0       |  out|    8|   ap_memory|                           tpsf_in_V|         array|
|tpsf_in_V_ce0            |  out|    1|   ap_memory|                           tpsf_in_V|         array|
|tpsf_in_V_we0            |  out|    1|   ap_memory|                           tpsf_in_V|         array|
|tpsf_in_V_d0             |  out|   16|   ap_memory|                           tpsf_in_V|         array|
+-------------------------+-----+-----+------------+------------------------------------+--------------+

