

================================================================
== Vitis HLS Report for 'lane_worker8_3_Pipeline_WRITE_PIXEL_T_WRITE_PIXEL_O'
================================================================
* Date:           Tue Aug 18 11:37:14 2026

* Version:        2022.2 (Build 3670227 on Oct 13 2022)
* Project:        seq2seqlite_student_proj
* Solution:       solution_streaming8 (Vivado IP Flow Target)
* Product family: kintex7
* Target device:  xc7k410t-ffg676-1


================================================================
== Performance Estimates
================================================================
+ Timing: 
    * Summary: 
    +--------+---------+----------+------------+
    |  Clock |  Target | Estimated| Uncertainty|
    +--------+---------+----------+------------+
    |ap_clk  |  4.50 ns|  3.298 ns|     1.22 ns|
    +--------+---------+----------+------------+

+ Latency: 
    * Summary: 
    +---------+---------+----------+----------+-----+-----+---------+
    |  Latency (cycles) |  Latency (absolute) |  Interval | Pipeline|
    |   min   |   max   |    min   |    max   | min | max |   Type  |
    +---------+---------+----------+----------+-----+-----+---------+
    |      410|      410|  1.845 us|  1.845 us|  410|  410|       no|
    +---------+---------+----------+----------+-----+-----+---------+

    + Detail: 
        * Instance: 
        N/A

        * Loop: 
        +-------------------------------+---------+---------+----------+-----------+-----------+------+----------+
        |                               |  Latency (cycles) | Iteration|  Initiation Interval  | Trip |          |
        |           Loop Name           |   min   |   max   |  Latency |  achieved |   target  | Count| Pipelined|
        +-------------------------------+---------+---------+----------+-----------+-----------+------+----------+
        |- WRITE_PIXEL_T_WRITE_PIXEL_O  |      408|      408|         5|          1|          1|   405|       yes|
        +-------------------------------+---------+---------+----------+-----------+-----------+------+----------+



================================================================
== Utilization Estimates
================================================================
* Summary: 
+-----------------+---------+------+--------+--------+-----+
|       Name      | BRAM_18K|  DSP |   FF   |   LUT  | URAM|
+-----------------+---------+------+--------+--------+-----+
|DSP              |        -|     -|       -|       -|    -|
|Expression       |        -|     -|       0|     100|    -|
|FIFO             |        -|     -|       -|       -|    -|
|Instance         |        -|     -|       -|       -|    -|
|Memory           |        -|     -|       -|       -|    -|
|Multiplexer      |        -|     -|       -|      81|    -|
|Register         |        -|     -|     135|      32|    -|
+-----------------+---------+------+--------+--------+-----+
|Total            |        0|     0|     135|     213|    0|
+-----------------+---------+------+--------+--------+-----+
|Available        |     1590|  1540|  508400|  254200|    0|
+-----------------+---------+------+--------+--------+-----+
|Utilization (%)  |        0|     0|      ~0|      ~0|    0|
+-----------------+---------+------+--------+--------+-----+

+ Detail: 
    * Instance: 
    N/A

    * DSP: 
    N/A

    * Memory: 
    N/A

    * FIFO: 
    N/A

    * Expression: 
    +---------------------------+----------+----+---+----+------------+------------+
    |       Variable Name       | Operation| DSP| FF| LUT| Bitwidth P0| Bitwidth P1|
    +---------------------------+----------+----+---+----+------------+------------+
    |add_ln21_6_fu_129_p2       |         +|   0|  0|  16|           9|           1|
    |add_ln21_fu_141_p2         |         +|   0|  0|  15|           8|           1|
    |add_ln22_fu_173_p2         |         +|   0|  0|  10|           2|           1|
    |add_ln24_fu_213_p2         |         +|   0|  0|   9|           9|           9|
    |sub_ln24_fu_204_p2         |         -|   0|  0|   9|           9|           9|
    |ap_block_pp0_stage0_11001  |       and|   0|  0|   6|           1|           1|
    |icmp_ln21_fu_123_p2        |      icmp|   0|  0|  11|           9|           8|
    |icmp_ln22_fu_147_p2        |      icmp|   0|  0|   8|           2|           2|
    |select_ln21_6_fu_161_p3    |    select|   0|  0|   8|           1|           8|
    |select_ln21_fu_153_p3      |    select|   0|  0|   2|           1|           1|
    |ap_enable_pp0              |       xor|   0|  0|   6|           1|           2|
    +---------------------------+----------+----+---+----+------------+------------+
    |Total                      |          |   0|  0| 100|          52|          43|
    +---------------------------+----------+----+---+----+------------+------------+

    * Multiplexer: 
    +--------------------------------------+----+-----------+-----+-----------+
    |                 Name                 | LUT| Input Size| Bits| Total Bits|
    +--------------------------------------+----+-----------+-----+-----------+
    |ap_done_int                           |   9|          2|    1|          2|
    |ap_enable_reg_pp0_iter4               |   9|          2|    1|          2|
    |ap_sig_allocacmp_indvar_flatten_load  |   9|          2|    9|         18|
    |ap_sig_allocacmp_o_6_load             |   9|          2|    2|          4|
    |ap_sig_allocacmp_t_load               |   9|          2|    8|         16|
    |gmem_out2_blk_n_W                     |   9|          2|    1|          2|
    |indvar_flatten_fu_70                  |   9|          2|    9|         18|
    |o_6_fu_62                             |   9|          2|    2|          4|
    |t_fu_66                               |   9|          2|    8|         16|
    +--------------------------------------+----+-----------+-----+-----------+
    |Total                                 |  81|         18|   41|         82|
    +--------------------------------------+----+-----------+-----+-----------+

    * Register: 
    +----------------------------------+----+----+-----+-----------+
    |               Name               | FF | LUT| Bits| Const Bits|
    +----------------------------------+----+----+-----+-----------+
    |add_ln24_reg_273                  |   9|   0|    9|          0|
    |ap_CS_fsm                         |   1|   0|    1|          0|
    |ap_done_reg                       |   1|   0|    1|          0|
    |ap_enable_reg_pp0_iter1           |   1|   0|    1|          0|
    |ap_enable_reg_pp0_iter2           |   1|   0|    1|          0|
    |ap_enable_reg_pp0_iter3           |   1|   0|    1|          0|
    |ap_enable_reg_pp0_iter4           |   1|   0|    1|          0|
    |ap_loop_exit_ready_pp0_iter1_reg  |   1|   0|    1|          0|
    |ap_loop_exit_ready_pp0_iter2_reg  |   1|   0|    1|          0|
    |ap_loop_exit_ready_pp0_iter3_reg  |   1|   0|    1|          0|
    |icmp_ln21_reg_254                 |   1|   0|    1|          0|
    |indvar_flatten_fu_70              |   9|   0|    9|          0|
    |o_6_fu_62                         |   2|   0|    2|          0|
    |select_ln21_6_reg_263             |   8|   0|    8|          0|
    |select_ln21_reg_258               |   2|   0|    2|          0|
    |sfd_out_V_load_reg_288            |  16|   0|   16|          0|
    |t_fu_66                           |   8|   0|    8|          0|
    |trunc_ln21_reg_268                |   7|   0|    7|          0|
    |icmp_ln21_reg_254                 |  64|  32|    1|          0|
    +----------------------------------+----+----+-----+-----------+
    |Total                             | 135|  32|   72|          0|
    +----------------------------------+----+----+-----+-----------+



================================================================
== Interface
================================================================
* Summary: 
+--------------------------+-----+-----+------------+-----------------------------------------------------+--------------+
|         RTL Ports        | Dir | Bits|  Protocol  |                    Source Object                    |    C Type    |
+--------------------------+-----+-----+------------+-----------------------------------------------------+--------------+
|ap_clk                    |   in|    1|  ap_ctrl_hs|  lane_worker8.3_Pipeline_WRITE_PIXEL_T_WRITE_PIXEL_O|  return value|
|ap_rst                    |   in|    1|  ap_ctrl_hs|  lane_worker8.3_Pipeline_WRITE_PIXEL_T_WRITE_PIXEL_O|  return value|
|ap_start                  |   in|    1|  ap_ctrl_hs|  lane_worker8.3_Pipeline_WRITE_PIXEL_T_WRITE_PIXEL_O|  return value|
|ap_done                   |  out|    1|  ap_ctrl_hs|  lane_worker8.3_Pipeline_WRITE_PIXEL_T_WRITE_PIXEL_O|  return value|
|ap_idle                   |  out|    1|  ap_ctrl_hs|  lane_worker8.3_Pipeline_WRITE_PIXEL_T_WRITE_PIXEL_O|  return value|
|ap_ready                  |  out|    1|  ap_ctrl_hs|  lane_worker8.3_Pipeline_WRITE_PIXEL_T_WRITE_PIXEL_O|  return value|
|m_axi_gmem_out2_AWVALID   |  out|    1|       m_axi|                                            gmem_out2|       pointer|
|m_axi_gmem_out2_AWREADY   |   in|    1|       m_axi|                                            gmem_out2|       pointer|
|m_axi_gmem_out2_AWADDR    |  out|   64|       m_axi|                                            gmem_out2|       pointer|
|m_axi_gmem_out2_AWID      |  out|    1|       m_axi|                                            gmem_out2|       pointer|
|m_axi_gmem_out2_AWLEN     |  out|   32|       m_axi|                                            gmem_out2|       pointer|
|m_axi_gmem_out2_AWSIZE    |  out|    3|       m_axi|                                            gmem_out2|       pointer|
|m_axi_gmem_out2_AWBURST   |  out|    2|       m_axi|                                            gmem_out2|       pointer|
|m_axi_gmem_out2_AWLOCK    |  out|    2|       m_axi|                                            gmem_out2|       pointer|
|m_axi_gmem_out2_AWCACHE   |  out|    4|       m_axi|                                            gmem_out2|       pointer|
|m_axi_gmem_out2_AWPROT    |  out|    3|       m_axi|                                            gmem_out2|       pointer|
|m_axi_gmem_out2_AWQOS     |  out|    4|       m_axi|                                            gmem_out2|       pointer|
|m_axi_gmem_out2_AWREGION  |  out|    4|       m_axi|                                            gmem_out2|       pointer|
|m_axi_gmem_out2_AWUSER    |  out|    1|       m_axi|                                            gmem_out2|       pointer|
|m_axi_gmem_out2_WVALID    |  out|    1|       m_axi|                                            gmem_out2|       pointer|
|m_axi_gmem_out2_WREADY    |   in|    1|       m_axi|                                            gmem_out2|       pointer|
|m_axi_gmem_out2_WDATA     |  out|   16|       m_axi|                                            gmem_out2|       pointer|
|m_axi_gmem_out2_WSTRB     |  out|    2|       m_axi|                                            gmem_out2|       pointer|
|m_axi_gmem_out2_WLAST     |  out|    1|       m_axi|                                            gmem_out2|       pointer|
|m_axi_gmem_out2_WID       |  out|    1|       m_axi|                                            gmem_out2|       pointer|
|m_axi_gmem_out2_WUSER     |  out|    1|       m_axi|                                            gmem_out2|       pointer|
|m_axi_gmem_out2_ARVALID   |  out|    1|       m_axi|                                            gmem_out2|       pointer|
|m_axi_gmem_out2_ARREADY   |   in|    1|       m_axi|                                            gmem_out2|       pointer|
|m_axi_gmem_out2_ARADDR    |  out|   64|       m_axi|                                            gmem_out2|       pointer|
|m_axi_gmem_out2_ARID      |  out|    1|       m_axi|                                            gmem_out2|       pointer|
|m_axi_gmem_out2_ARLEN     |  out|   32|       m_axi|                                            gmem_out2|       pointer|
|m_axi_gmem_out2_ARSIZE    |  out|    3|       m_axi|                                            gmem_out2|       pointer|
|m_axi_gmem_out2_ARBURST   |  out|    2|       m_axi|                                            gmem_out2|       pointer|
|m_axi_gmem_out2_ARLOCK    |  out|    2|       m_axi|                                            gmem_out2|       pointer|
|m_axi_gmem_out2_ARCACHE   |  out|    4|       m_axi|                                            gmem_out2|       pointer|
|m_axi_gmem_out2_ARPROT    |  out|    3|       m_axi|                                            gmem_out2|       pointer|
|m_axi_gmem_out2_ARQOS     |  out|    4|       m_axi|                                            gmem_out2|       pointer|
|m_axi_gmem_out2_ARREGION  |  out|    4|       m_axi|                                            gmem_out2|       pointer|
|m_axi_gmem_out2_ARUSER    |  out|    1|       m_axi|                                            gmem_out2|       pointer|
|m_axi_gmem_out2_RVALID    |   in|    1|       m_axi|                                            gmem_out2|       pointer|
|m_axi_gmem_out2_RREADY    |  out|    1|       m_axi|                                            gmem_out2|       pointer|
|m_axi_gmem_out2_RDATA     |   in|   16|       m_axi|                                            gmem_out2|       pointer|
|m_axi_gmem_out2_RLAST     |   in|    1|       m_axi|                                            gmem_out2|       pointer|
|m_axi_gmem_out2_RID       |   in|    1|       m_axi|                                            gmem_out2|       pointer|
|m_axi_gmem_out2_RFIFONUM  |   in|   10|       m_axi|                                            gmem_out2|       pointer|
|m_axi_gmem_out2_RUSER     |   in|    1|       m_axi|                                            gmem_out2|       pointer|
|m_axi_gmem_out2_RRESP     |   in|    2|       m_axi|                                            gmem_out2|       pointer|
|m_axi_gmem_out2_BVALID    |   in|    1|       m_axi|                                            gmem_out2|       pointer|
|m_axi_gmem_out2_BREADY    |  out|    1|       m_axi|                                            gmem_out2|       pointer|
|m_axi_gmem_out2_BRESP     |   in|    2|       m_axi|                                            gmem_out2|       pointer|
|m_axi_gmem_out2_BID       |   in|    1|       m_axi|                                            gmem_out2|       pointer|
|m_axi_gmem_out2_BUSER     |   in|    1|       m_axi|                                            gmem_out2|       pointer|
|sext_ln21                 |   in|   63|     ap_none|                                            sext_ln21|        scalar|
|sfd_out_V_address0        |  out|    9|   ap_memory|                                            sfd_out_V|         array|
|sfd_out_V_ce0             |  out|    1|   ap_memory|                                            sfd_out_V|         array|
|sfd_out_V_q0              |   in|   16|   ap_memory|                                            sfd_out_V|         array|
+--------------------------+-----+-----+------------+-----------------------------------------------------+--------------+

