

================================================================
== Vitis HLS Report for 'student_infer_frame_streaming8'
================================================================
* Date:           Tue Aug 18 11:38:15 2026

* Version:        2022.2 (Build 3670227 on Oct 13 2022)
* Project:        seq2seqlite_student_proj
* Solution:       solution_streaming8 (Vivado IP Flow Target)
* Product family: kintex7
* Target device:  xc7k410t-ffg676-1


================================================================
== Performance Estimates
================================================================
+ Timing: 
    * Summary: 
    +--------+---------+----------+------------+
    |  Clock |  Target | Estimated| Uncertainty|
    +--------+---------+----------+------------+
    |ap_clk  |  4.50 ns|  3.298 ns|     1.22 ns|
    +--------+---------+----------+------------+

+ Latency: 
    * Summary: 
    +---------+---------+----------+----------+------------+------------+----------+
    |  Latency (cycles) |  Latency (absolute) |         Interval        | Pipeline |
    |   min   |   max   |    min   |    max   |     min    |     max    |   Type   |
    +---------+---------+----------+----------+------------+------------+----------+
    |        ?|        ?|         ?|         ?|  3194562502|  3194562502|  dataflow|
    +---------+---------+----------+----------+------------+------------+----------+

    + Detail: 
        * Instance: 
        +-------------------+----------------+------------+------------+------------+------------+------------+------------+---------+
        |                   |                |     Latency (cycles)    |    Latency (absolute)   |         Interval        | Pipeline|
        |      Instance     |     Module     |     min    |     max    |     min    |     max    |     min    |     max    |   Type  |
        +-------------------+----------------+------------+------------+------------+------------+------------+------------+---------+
        |lane_worker8_U0    |lane_worker8    |  3194562501|  3194562501|  14.376 sec|  14.376 sec|  3194562501|  3194562501|       no|
        |lane_worker8_2_U0  |lane_worker8_2  |  3194562501|  3194562501|  14.376 sec|  14.376 sec|  3194562501|  3194562501|       no|
        |lane_worker8_3_U0  |lane_worker8_3  |  3194562501|  3194562501|  14.376 sec|  14.376 sec|  3194562501|  3194562501|       no|
        |lane_worker8_4_U0  |lane_worker8_4  |  3194562501|  3194562501|  14.376 sec|  14.376 sec|  3194562501|  3194562501|       no|
        |lane_worker8_5_U0  |lane_worker8_5  |  3194562501|  3194562501|  14.376 sec|  14.376 sec|  3194562501|  3194562501|       no|
        |lane_worker8_6_U0  |lane_worker8_6  |  3194562501|  3194562501|  14.376 sec|  14.376 sec|  3194562501|  3194562501|       no|
        |lane_worker8_7_U0  |lane_worker8_7  |  3194562501|  3194562501|  14.376 sec|  14.376 sec|  3194562501|  3194562501|       no|
        |lane_worker8_8_U0  |lane_worker8_8  |  3194562501|  3194562501|  14.376 sec|  14.376 sec|  3194562501|  3194562501|       no|
        +-------------------+----------------+------------+------------+------------+------------+------------+------------+---------+

        * Loop: 
        N/A



================================================================
== Utilization Estimates
================================================================
* Summary: 
+-----------------+---------+------+--------+--------+-----+
|       Name      | BRAM_18K|  DSP |   FF   |   LUT  | URAM|
+-----------------+---------+------+--------+--------+-----+
|DSP              |        -|     -|       -|       -|    -|
|Expression       |        -|     -|       0|     114|    -|
|FIFO             |        -|     -|       -|       -|    -|
|Instance         |       16|  1864|  569108|  385400|    0|
|Memory           |        -|     -|       -|       -|    -|
|Multiplexer      |        -|     -|       -|      72|    -|
|Register         |        -|     -|       8|       -|    -|
+-----------------+---------+------+--------+--------+-----+
|Total            |       16|  1864|  569116|  385586|    0|
+-----------------+---------+------+--------+--------+-----+
|Available        |     1590|  1540|  508400|  254200|    0|
+-----------------+---------+------+--------+--------+-----+
|Utilization (%)  |        1|   121|     111|     151|    0|
+-----------------+---------+------+--------+--------+-----+

+ Detail: 
    * Instance: 
    +-------------------+-----------------+---------+-----+-------+-------+-----+
    |      Instance     |      Module     | BRAM_18K| DSP |   FF  |  LUT  | URAM|
    +-------------------+-----------------+---------+-----+-------+-------+-----+
    |control_s_axi_U    |control_s_axi    |        0|    0|   1156|   2088|    0|
    |gmem_in0_m_axi_U   |gmem_in0_m_axi   |        0|    0|    735|   1375|    0|
    |gmem_in1_m_axi_U   |gmem_in1_m_axi   |        0|    0|    735|   1375|    0|
    |gmem_in2_m_axi_U   |gmem_in2_m_axi   |        0|    0|    735|   1375|    0|
    |gmem_in3_m_axi_U   |gmem_in3_m_axi   |        0|    0|    735|   1375|    0|
    |gmem_in4_m_axi_U   |gmem_in4_m_axi   |        0|    0|    735|   1375|    0|
    |gmem_in5_m_axi_U   |gmem_in5_m_axi   |        0|    0|    735|   1375|    0|
    |gmem_in6_m_axi_U   |gmem_in6_m_axi   |        0|    0|    735|   1375|    0|
    |gmem_in7_m_axi_U   |gmem_in7_m_axi   |        0|    0|    735|   1375|    0|
    |gmem_out0_m_axi_U  |gmem_out0_m_axi  |        0|    0|    735|   1375|    0|
    |gmem_out1_m_axi_U  |gmem_out1_m_axi  |        0|    0|    735|   1375|    0|
    |gmem_out2_m_axi_U  |gmem_out2_m_axi  |        0|    0|    735|   1375|    0|
    |gmem_out3_m_axi_U  |gmem_out3_m_axi  |        0|    0|    735|   1375|    0|
    |gmem_out4_m_axi_U  |gmem_out4_m_axi  |        0|    0|    735|   1375|    0|
    |gmem_out5_m_axi_U  |gmem_out5_m_axi  |        0|    0|    735|   1375|    0|
    |gmem_out6_m_axi_U  |gmem_out6_m_axi  |        0|    0|    735|   1375|    0|
    |gmem_out7_m_axi_U  |gmem_out7_m_axi  |        0|    0|    735|   1375|    0|
    |lane_worker8_U0    |lane_worker8     |        2|  233|  69524|  45164|    0|
    |lane_worker8_2_U0  |lane_worker8_2   |        2|  233|  69524|  45164|    0|
    |lane_worker8_3_U0  |lane_worker8_3   |        2|  233|  69524|  45164|    0|
    |lane_worker8_4_U0  |lane_worker8_4   |        2|  233|  69524|  45164|    0|
    |lane_worker8_5_U0  |lane_worker8_5   |        2|  233|  69524|  45164|    0|
    |lane_worker8_6_U0  |lane_worker8_6   |        2|  233|  69524|  45164|    0|
    |lane_worker8_7_U0  |lane_worker8_7   |        2|  233|  69524|  45164|    0|
    |lane_worker8_8_U0  |lane_worker8_8   |        2|  233|  69524|  45164|    0|
    +-------------------+-----------------+---------+-----+-------+-------+-----+
    |Total              |                 |       16| 1864| 569108| 385400|    0|
    +-------------------+-----------------+---------+-----+-------+-------+-----+

    * DSP: 
    N/A

    * Memory: 
    N/A

    * FIFO: 
    N/A

    * Expression: 
    +------------------------------------+----------+----+---+----+------------+------------+
    |            Variable Name           | Operation| DSP| FF| LUT| Bitwidth P0| Bitwidth P1|
    +------------------------------------+----------+----+---+----+------------+------------+
    |ap_idle                             |       and|   0|  0|   6|           1|           1|
    |ap_sync_done                        |       and|   0|  0|   6|           1|           1|
    |ap_sync_ready                       |       and|   0|  0|   6|           1|           1|
    |lane_worker8_2_U0_ap_start          |       and|   0|  0|   6|           1|           1|
    |lane_worker8_3_U0_ap_start          |       and|   0|  0|   6|           1|           1|
    |lane_worker8_4_U0_ap_start          |       and|   0|  0|   6|           1|           1|
    |lane_worker8_5_U0_ap_start          |       and|   0|  0|   6|           1|           1|
    |lane_worker8_6_U0_ap_start          |       and|   0|  0|   6|           1|           1|
    |lane_worker8_7_U0_ap_start          |       and|   0|  0|   6|           1|           1|
    |lane_worker8_8_U0_ap_start          |       and|   0|  0|   6|           1|           1|
    |lane_worker8_U0_ap_start            |       and|   0|  0|   6|           1|           1|
    |ap_sync_lane_worker8_2_U0_ap_ready  |        or|   0|  0|   6|           1|           1|
    |ap_sync_lane_worker8_3_U0_ap_ready  |        or|   0|  0|   6|           1|           1|
    |ap_sync_lane_worker8_4_U0_ap_ready  |        or|   0|  0|   6|           1|           1|
    |ap_sync_lane_worker8_5_U0_ap_ready  |        or|   0|  0|   6|           1|           1|
    |ap_sync_lane_worker8_6_U0_ap_ready  |        or|   0|  0|   6|           1|           1|
    |ap_sync_lane_worker8_7_U0_ap_ready  |        or|   0|  0|   6|           1|           1|
    |ap_sync_lane_worker8_8_U0_ap_ready  |        or|   0|  0|   6|           1|           1|
    |ap_sync_lane_worker8_U0_ap_ready    |        or|   0|  0|   6|           1|           1|
    +------------------------------------+----------+----+---+----+------------+------------+
    |Total                               |          |   0|  0| 114|          19|          19|
    +------------------------------------+----------+----+---+----+------------+------------+

    * Multiplexer: 
    +----------------------------------------+----+-----------+-----+-----------+
    |                  Name                  | LUT| Input Size| Bits| Total Bits|
    +----------------------------------------+----+-----------+-----+-----------+
    |ap_sync_reg_lane_worker8_2_U0_ap_ready  |   9|          2|    1|          2|
    |ap_sync_reg_lane_worker8_3_U0_ap_ready  |   9|          2|    1|          2|
    |ap_sync_reg_lane_worker8_4_U0_ap_ready  |   9|          2|    1|          2|
    |ap_sync_reg_lane_worker8_5_U0_ap_ready  |   9|          2|    1|          2|
    |ap_sync_reg_lane_worker8_6_U0_ap_ready  |   9|          2|    1|          2|
    |ap_sync_reg_lane_worker8_7_U0_ap_ready  |   9|          2|    1|          2|
    |ap_sync_reg_lane_worker8_8_U0_ap_ready  |   9|          2|    1|          2|
    |ap_sync_reg_lane_worker8_U0_ap_ready    |   9|          2|    1|          2|
    +----------------------------------------+----+-----------+-----+-----------+
    |Total                                   |  72|         16|    8|         16|
    +----------------------------------------+----+-----------+-----+-----------+

    * Register: 
    +----------------------------------------+---+----+-----+-----------+
    |                  Name                  | FF| LUT| Bits| Const Bits|
    +----------------------------------------+---+----+-----+-----------+
    |ap_sync_reg_lane_worker8_2_U0_ap_ready  |  1|   0|    1|          0|
    |ap_sync_reg_lane_worker8_3_U0_ap_ready  |  1|   0|    1|          0|
    |ap_sync_reg_lane_worker8_4_U0_ap_ready  |  1|   0|    1|          0|
    |ap_sync_reg_lane_worker8_5_U0_ap_ready  |  1|   0|    1|          0|
    |ap_sync_reg_lane_worker8_6_U0_ap_ready  |  1|   0|    1|          0|
    |ap_sync_reg_lane_worker8_7_U0_ap_ready  |  1|   0|    1|          0|
    |ap_sync_reg_lane_worker8_8_U0_ap_ready  |  1|   0|    1|          0|
    |ap_sync_reg_lane_worker8_U0_ap_ready    |  1|   0|    1|          0|
    +----------------------------------------+---+----+-----+-----------+
    |Total                                   |  8|   0|    8|          0|
    +----------------------------------------+---+----+-----+-----------+



================================================================
== Interface
================================================================
* Summary: 
+--------------------------+-----+-----+------------+--------------------------------+--------------+
|         RTL Ports        | Dir | Bits|  Protocol  |          Source Object         |    C Type    |
+--------------------------+-----+-----+------------+--------------------------------+--------------+
|s_axi_control_AWVALID     |   in|    1|       s_axi|                         control|        scalar|
|s_axi_control_AWREADY     |  out|    1|       s_axi|                         control|        scalar|
|s_axi_control_AWADDR      |   in|    8|       s_axi|                         control|        scalar|
|s_axi_control_WVALID      |   in|    1|       s_axi|                         control|        scalar|
|s_axi_control_WREADY      |  out|    1|       s_axi|                         control|        scalar|
|s_axi_control_WDATA       |   in|   32|       s_axi|                         control|        scalar|
|s_axi_control_WSTRB       |   in|    4|       s_axi|                         control|        scalar|
|s_axi_control_ARVALID     |   in|    1|       s_axi|                         control|        scalar|
|s_axi_control_ARREADY     |  out|    1|       s_axi|                         control|        scalar|
|s_axi_control_ARADDR      |   in|    8|       s_axi|                         control|        scalar|
|s_axi_control_RVALID      |  out|    1|       s_axi|                         control|        scalar|
|s_axi_control_RREADY      |   in|    1|       s_axi|                         control|        scalar|
|s_axi_control_RDATA       |  out|   32|       s_axi|                         control|        scalar|
|s_axi_control_RRESP       |  out|    2|       s_axi|                         control|        scalar|
|s_axi_control_BVALID      |  out|    1|       s_axi|                         control|        scalar|
|s_axi_control_BREADY      |   in|    1|       s_axi|                         control|        scalar|
|s_axi_control_BRESP       |  out|    2|       s_axi|                         control|        scalar|
|ap_clk                    |   in|    1|  ap_ctrl_hs|  student_infer_frame_streaming8|  return value|
|ap_rst_n                  |   in|    1|  ap_ctrl_hs|  student_infer_frame_streaming8|  return value|
|interrupt                 |  out|    1|  ap_ctrl_hs|  student_infer_frame_streaming8|  return value|
|m_axi_gmem_in0_AWVALID    |  out|    1|       m_axi|                        gmem_in0|       pointer|
|m_axi_gmem_in0_AWREADY    |   in|    1|       m_axi|                        gmem_in0|       pointer|
|m_axi_gmem_in0_AWADDR     |  out|   64|       m_axi|                        gmem_in0|       pointer|
|m_axi_gmem_in0_AWID       |  out|    1|       m_axi|                        gmem_in0|       pointer|
|m_axi_gmem_in0_AWLEN      |  out|    8|       m_axi|                        gmem_in0|       pointer|
|m_axi_gmem_in0_AWSIZE     |  out|    3|       m_axi|                        gmem_in0|       pointer|
|m_axi_gmem_in0_AWBURST    |  out|    2|       m_axi|                        gmem_in0|       pointer|
|m_axi_gmem_in0_AWLOCK     |  out|    2|       m_axi|                        gmem_in0|       pointer|
|m_axi_gmem_in0_AWCACHE    |  out|    4|       m_axi|                        gmem_in0|       pointer|
|m_axi_gmem_in0_AWPROT     |  out|    3|       m_axi|                        gmem_in0|       pointer|
|m_axi_gmem_in0_AWQOS      |  out|    4|       m_axi|                        gmem_in0|       pointer|
|m_axi_gmem_in0_AWREGION   |  out|    4|       m_axi|                        gmem_in0|       pointer|
|m_axi_gmem_in0_AWUSER     |  out|    1|       m_axi|                        gmem_in0|       pointer|
|m_axi_gmem_in0_WVALID     |  out|    1|       m_axi|                        gmem_in0|       pointer|
|m_axi_gmem_in0_WREADY     |   in|    1|       m_axi|                        gmem_in0|       pointer|
|m_axi_gmem_in0_WDATA      |  out|   32|       m_axi|                        gmem_in0|       pointer|
|m_axi_gmem_in0_WSTRB      |  out|    4|       m_axi|                        gmem_in0|       pointer|
|m_axi_gmem_in0_WLAST      |  out|    1|       m_axi|                        gmem_in0|       pointer|
|m_axi_gmem_in0_WID        |  out|    1|       m_axi|                        gmem_in0|       pointer|
|m_axi_gmem_in0_WUSER      |  out|    1|       m_axi|                        gmem_in0|       pointer|
|m_axi_gmem_in0_ARVALID    |  out|    1|       m_axi|                        gmem_in0|       pointer|
|m_axi_gmem_in0_ARREADY    |   in|    1|       m_axi|                        gmem_in0|       pointer|
|m_axi_gmem_in0_ARADDR     |  out|   64|       m_axi|                        gmem_in0|       pointer|
|m_axi_gmem_in0_ARID       |  out|    1|       m_axi|                        gmem_in0|       pointer|
|m_axi_gmem_in0_ARLEN      |  out|    8|       m_axi|                        gmem_in0|       pointer|
|m_axi_gmem_in0_ARSIZE     |  out|    3|       m_axi|                        gmem_in0|       pointer|
|m_axi_gmem_in0_ARBURST    |  out|    2|       m_axi|                        gmem_in0|       pointer|
|m_axi_gmem_in0_ARLOCK     |  out|    2|       m_axi|                        gmem_in0|       pointer|
|m_axi_gmem_in0_ARCACHE    |  out|    4|       m_axi|                        gmem_in0|       pointer|
|m_axi_gmem_in0_ARPROT     |  out|    3|       m_axi|                        gmem_in0|       pointer|
|m_axi_gmem_in0_ARQOS      |  out|    4|       m_axi|                        gmem_in0|       pointer|
|m_axi_gmem_in0_ARREGION   |  out|    4|       m_axi|                        gmem_in0|       pointer|
|m_axi_gmem_in0_ARUSER     |  out|    1|       m_axi|                        gmem_in0|       pointer|
|m_axi_gmem_in0_RVALID     |   in|    1|       m_axi|                        gmem_in0|       pointer|
|m_axi_gmem_in0_RREADY     |  out|    1|       m_axi|                        gmem_in0|       pointer|
|m_axi_gmem_in0_RDATA      |   in|   32|       m_axi|                        gmem_in0|       pointer|
|m_axi_gmem_in0_RLAST      |   in|    1|       m_axi|                        gmem_in0|       pointer|
|m_axi_gmem_in0_RID        |   in|    1|       m_axi|                        gmem_in0|       pointer|
|m_axi_gmem_in0_RUSER      |   in|    1|       m_axi|                        gmem_in0|       pointer|
|m_axi_gmem_in0_RRESP      |   in|    2|       m_axi|                        gmem_in0|       pointer|
|m_axi_gmem_in0_BVALID     |   in|    1|       m_axi|                        gmem_in0|       pointer|
|m_axi_gmem_in0_BREADY     |  out|    1|       m_axi|                        gmem_in0|       pointer|
|m_axi_gmem_in0_BRESP      |   in|    2|       m_axi|                        gmem_in0|       pointer|
|m_axi_gmem_in0_BID        |   in|    1|       m_axi|                        gmem_in0|       pointer|
|m_axi_gmem_in0_BUSER      |   in|    1|       m_axi|                        gmem_in0|       pointer|
|m_axi_gmem_in1_AWVALID    |  out|    1|       m_axi|                        gmem_in1|       pointer|
|m_axi_gmem_in1_AWREADY    |   in|    1|       m_axi|                        gmem_in1|       pointer|
|m_axi_gmem_in1_AWADDR     |  out|   64|       m_axi|                        gmem_in1|       pointer|
|m_axi_gmem_in1_AWID       |  out|    1|       m_axi|                        gmem_in1|       pointer|
|m_axi_gmem_in1_AWLEN      |  out|    8|       m_axi|                        gmem_in1|       pointer|
|m_axi_gmem_in1_AWSIZE     |  out|    3|       m_axi|                        gmem_in1|       pointer|
|m_axi_gmem_in1_AWBURST    |  out|    2|       m_axi|                        gmem_in1|       pointer|
|m_axi_gmem_in1_AWLOCK     |  out|    2|       m_axi|                        gmem_in1|       pointer|
|m_axi_gmem_in1_AWCACHE    |  out|    4|       m_axi|                        gmem_in1|       pointer|
|m_axi_gmem_in1_AWPROT     |  out|    3|       m_axi|                        gmem_in1|       pointer|
|m_axi_gmem_in1_AWQOS      |  out|    4|       m_axi|                        gmem_in1|       pointer|
|m_axi_gmem_in1_AWREGION   |  out|    4|       m_axi|                        gmem_in1|       pointer|
|m_axi_gmem_in1_AWUSER     |  out|    1|       m_axi|                        gmem_in1|       pointer|
|m_axi_gmem_in1_WVALID     |  out|    1|       m_axi|                        gmem_in1|       pointer|
|m_axi_gmem_in1_WREADY     |   in|    1|       m_axi|                        gmem_in1|       pointer|
|m_axi_gmem_in1_WDATA      |  out|   32|       m_axi|                        gmem_in1|       pointer|
|m_axi_gmem_in1_WSTRB      |  out|    4|       m_axi|                        gmem_in1|       pointer|
|m_axi_gmem_in1_WLAST      |  out|    1|       m_axi|                        gmem_in1|       pointer|
|m_axi_gmem_in1_WID        |  out|    1|       m_axi|                        gmem_in1|       pointer|
|m_axi_gmem_in1_WUSER      |  out|    1|       m_axi|                        gmem_in1|       pointer|
|m_axi_gmem_in1_ARVALID    |  out|    1|       m_axi|                        gmem_in1|       pointer|
|m_axi_gmem_in1_ARREADY    |   in|    1|       m_axi|                        gmem_in1|       pointer|
|m_axi_gmem_in1_ARADDR     |  out|   64|       m_axi|                        gmem_in1|       pointer|
|m_axi_gmem_in1_ARID       |  out|    1|       m_axi|                        gmem_in1|       pointer|
|m_axi_gmem_in1_ARLEN      |  out|    8|       m_axi|                        gmem_in1|       pointer|
|m_axi_gmem_in1_ARSIZE     |  out|    3|       m_axi|                        gmem_in1|       pointer|
|m_axi_gmem_in1_ARBURST    |  out|    2|       m_axi|                        gmem_in1|       pointer|
|m_axi_gmem_in1_ARLOCK     |  out|    2|       m_axi|                        gmem_in1|       pointer|
|m_axi_gmem_in1_ARCACHE    |  out|    4|       m_axi|                        gmem_in1|       pointer|
|m_axi_gmem_in1_ARPROT     |  out|    3|       m_axi|                        gmem_in1|       pointer|
|m_axi_gmem_in1_ARQOS      |  out|    4|       m_axi|                        gmem_in1|       pointer|
|m_axi_gmem_in1_ARREGION   |  out|    4|       m_axi|                        gmem_in1|       pointer|
|m_axi_gmem_in1_ARUSER     |  out|    1|       m_axi|                        gmem_in1|       pointer|
|m_axi_gmem_in1_RVALID     |   in|    1|       m_axi|                        gmem_in1|       pointer|
|m_axi_gmem_in1_RREADY     |  out|    1|       m_axi|                        gmem_in1|       pointer|
|m_axi_gmem_in1_RDATA      |   in|   32|       m_axi|                        gmem_in1|       pointer|
|m_axi_gmem_in1_RLAST      |   in|    1|       m_axi|                        gmem_in1|       pointer|
|m_axi_gmem_in1_RID        |   in|    1|       m_axi|                        gmem_in1|       pointer|
|m_axi_gmem_in1_RUSER      |   in|    1|       m_axi|                        gmem_in1|       pointer|
|m_axi_gmem_in1_RRESP      |   in|    2|       m_axi|                        gmem_in1|       pointer|
|m_axi_gmem_in1_BVALID     |   in|    1|       m_axi|                        gmem_in1|       pointer|
|m_axi_gmem_in1_BREADY     |  out|    1|       m_axi|                        gmem_in1|       pointer|
|m_axi_gmem_in1_BRESP      |   in|    2|       m_axi|                        gmem_in1|       pointer|
|m_axi_gmem_in1_BID        |   in|    1|       m_axi|                        gmem_in1|       pointer|
|m_axi_gmem_in1_BUSER      |   in|    1|       m_axi|                        gmem_in1|       pointer|
|m_axi_gmem_in2_AWVALID    |  out|    1|       m_axi|                        gmem_in2|       pointer|
|m_axi_gmem_in2_AWREADY    |   in|    1|       m_axi|                        gmem_in2|       pointer|
|m_axi_gmem_in2_AWADDR     |  out|   64|       m_axi|                        gmem_in2|       pointer|
|m_axi_gmem_in2_AWID       |  out|    1|       m_axi|                        gmem_in2|       pointer|
|m_axi_gmem_in2_AWLEN      |  out|    8|       m_axi|                        gmem_in2|       pointer|
|m_axi_gmem_in2_AWSIZE     |  out|    3|       m_axi|                        gmem_in2|       pointer|
|m_axi_gmem_in2_AWBURST    |  out|    2|       m_axi|                        gmem_in2|       pointer|
|m_axi_gmem_in2_AWLOCK     |  out|    2|       m_axi|                        gmem_in2|       pointer|
|m_axi_gmem_in2_AWCACHE    |  out|    4|       m_axi|                        gmem_in2|       pointer|
|m_axi_gmem_in2_AWPROT     |  out|    3|       m_axi|                        gmem_in2|       pointer|
|m_axi_gmem_in2_AWQOS      |  out|    4|       m_axi|                        gmem_in2|       pointer|
|m_axi_gmem_in2_AWREGION   |  out|    4|       m_axi|                        gmem_in2|       pointer|
|m_axi_gmem_in2_AWUSER     |  out|    1|       m_axi|                        gmem_in2|       pointer|
|m_axi_gmem_in2_WVALID     |  out|    1|       m_axi|                        gmem_in2|       pointer|
|m_axi_gmem_in2_WREADY     |   in|    1|       m_axi|                        gmem_in2|       pointer|
|m_axi_gmem_in2_WDATA      |  out|   32|       m_axi|                        gmem_in2|       pointer|
|m_axi_gmem_in2_WSTRB      |  out|    4|       m_axi|                        gmem_in2|       pointer|
|m_axi_gmem_in2_WLAST      |  out|    1|       m_axi|                        gmem_in2|       pointer|
|m_axi_gmem_in2_WID        |  out|    1|       m_axi|                        gmem_in2|       pointer|
|m_axi_gmem_in2_WUSER      |  out|    1|       m_axi|                        gmem_in2|       pointer|
|m_axi_gmem_in2_ARVALID    |  out|    1|       m_axi|                        gmem_in2|       pointer|
|m_axi_gmem_in2_ARREADY    |   in|    1|       m_axi|                        gmem_in2|       pointer|
|m_axi_gmem_in2_ARADDR     |  out|   64|       m_axi|                        gmem_in2|       pointer|
|m_axi_gmem_in2_ARID       |  out|    1|       m_axi|                        gmem_in2|       pointer|
|m_axi_gmem_in2_ARLEN      |  out|    8|       m_axi|                        gmem_in2|       pointer|
|m_axi_gmem_in2_ARSIZE     |  out|    3|       m_axi|                        gmem_in2|       pointer|
|m_axi_gmem_in2_ARBURST    |  out|    2|       m_axi|                        gmem_in2|       pointer|
|m_axi_gmem_in2_ARLOCK     |  out|    2|       m_axi|                        gmem_in2|       pointer|
|m_axi_gmem_in2_ARCACHE    |  out|    4|       m_axi|                        gmem_in2|       pointer|
|m_axi_gmem_in2_ARPROT     |  out|    3|       m_axi|                        gmem_in2|       pointer|
|m_axi_gmem_in2_ARQOS      |  out|    4|       m_axi|                        gmem_in2|       pointer|
|m_axi_gmem_in2_ARREGION   |  out|    4|       m_axi|                        gmem_in2|       pointer|
|m_axi_gmem_in2_ARUSER     |  out|    1|       m_axi|                        gmem_in2|       pointer|
|m_axi_gmem_in2_RVALID     |   in|    1|       m_axi|                        gmem_in2|       pointer|
|m_axi_gmem_in2_RREADY     |  out|    1|       m_axi|                        gmem_in2|       pointer|
|m_axi_gmem_in2_RDATA      |   in|   32|       m_axi|                        gmem_in2|       pointer|
|m_axi_gmem_in2_RLAST      |   in|    1|       m_axi|                        gmem_in2|       pointer|
|m_axi_gmem_in2_RID        |   in|    1|       m_axi|                        gmem_in2|       pointer|
|m_axi_gmem_in2_RUSER      |   in|    1|       m_axi|                        gmem_in2|       pointer|
|m_axi_gmem_in2_RRESP      |   in|    2|       m_axi|                        gmem_in2|       pointer|
|m_axi_gmem_in2_BVALID     |   in|    1|       m_axi|                        gmem_in2|       pointer|
|m_axi_gmem_in2_BREADY     |  out|    1|       m_axi|                        gmem_in2|       pointer|
|m_axi_gmem_in2_BRESP      |   in|    2|       m_axi|                        gmem_in2|       pointer|
|m_axi_gmem_in2_BID        |   in|    1|       m_axi|                        gmem_in2|       pointer|
|m_axi_gmem_in2_BUSER      |   in|    1|       m_axi|                        gmem_in2|       pointer|
|m_axi_gmem_in3_AWVALID    |  out|    1|       m_axi|                        gmem_in3|       pointer|
|m_axi_gmem_in3_AWREADY    |   in|    1|       m_axi|                        gmem_in3|       pointer|
|m_axi_gmem_in3_AWADDR     |  out|   64|       m_axi|                        gmem_in3|       pointer|
|m_axi_gmem_in3_AWID       |  out|    1|       m_axi|                        gmem_in3|       pointer|
|m_axi_gmem_in3_AWLEN      |  out|    8|       m_axi|                        gmem_in3|       pointer|
|m_axi_gmem_in3_AWSIZE     |  out|    3|       m_axi|                        gmem_in3|       pointer|
|m_axi_gmem_in3_AWBURST    |  out|    2|       m_axi|                        gmem_in3|       pointer|
|m_axi_gmem_in3_AWLOCK     |  out|    2|       m_axi|                        gmem_in3|       pointer|
|m_axi_gmem_in3_AWCACHE    |  out|    4|       m_axi|                        gmem_in3|       pointer|
|m_axi_gmem_in3_AWPROT     |  out|    3|       m_axi|                        gmem_in3|       pointer|
|m_axi_gmem_in3_AWQOS      |  out|    4|       m_axi|                        gmem_in3|       pointer|
|m_axi_gmem_in3_AWREGION   |  out|    4|       m_axi|                        gmem_in3|       pointer|
|m_axi_gmem_in3_AWUSER     |  out|    1|       m_axi|                        gmem_in3|       pointer|
|m_axi_gmem_in3_WVALID     |  out|    1|       m_axi|                        gmem_in3|       pointer|
|m_axi_gmem_in3_WREADY     |   in|    1|       m_axi|                        gmem_in3|       pointer|
|m_axi_gmem_in3_WDATA      |  out|   32|       m_axi|                        gmem_in3|       pointer|
|m_axi_gmem_in3_WSTRB      |  out|    4|       m_axi|                        gmem_in3|       pointer|
|m_axi_gmem_in3_WLAST      |  out|    1|       m_axi|                        gmem_in3|       pointer|
|m_axi_gmem_in3_WID        |  out|    1|       m_axi|                        gmem_in3|       pointer|
|m_axi_gmem_in3_WUSER      |  out|    1|       m_axi|                        gmem_in3|       pointer|
|m_axi_gmem_in3_ARVALID    |  out|    1|       m_axi|                        gmem_in3|       pointer|
|m_axi_gmem_in3_ARREADY    |   in|    1|       m_axi|                        gmem_in3|       pointer|
|m_axi_gmem_in3_ARADDR     |  out|   64|       m_axi|                        gmem_in3|       pointer|
|m_axi_gmem_in3_ARID       |  out|    1|       m_axi|                        gmem_in3|       pointer|
|m_axi_gmem_in3_ARLEN      |  out|    8|       m_axi|                        gmem_in3|       pointer|
|m_axi_gmem_in3_ARSIZE     |  out|    3|       m_axi|                        gmem_in3|       pointer|
|m_axi_gmem_in3_ARBURST    |  out|    2|       m_axi|                        gmem_in3|       pointer|
|m_axi_gmem_in3_ARLOCK     |  out|    2|       m_axi|                        gmem_in3|       pointer|
|m_axi_gmem_in3_ARCACHE    |  out|    4|       m_axi|                        gmem_in3|       pointer|
|m_axi_gmem_in3_ARPROT     |  out|    3|       m_axi|                        gmem_in3|       pointer|
|m_axi_gmem_in3_ARQOS      |  out|    4|       m_axi|                        gmem_in3|       pointer|
|m_axi_gmem_in3_ARREGION   |  out|    4|       m_axi|                        gmem_in3|       pointer|
|m_axi_gmem_in3_ARUSER     |  out|    1|       m_axi|                        gmem_in3|       pointer|
|m_axi_gmem_in3_RVALID     |   in|    1|       m_axi|                        gmem_in3|       pointer|
|m_axi_gmem_in3_RREADY     |  out|    1|       m_axi|                        gmem_in3|       pointer|
|m_axi_gmem_in3_RDATA      |   in|   32|       m_axi|                        gmem_in3|       pointer|
|m_axi_gmem_in3_RLAST      |   in|    1|       m_axi|                        gmem_in3|       pointer|
|m_axi_gmem_in3_RID        |   in|    1|       m_axi|                        gmem_in3|       pointer|
|m_axi_gmem_in3_RUSER      |   in|    1|       m_axi|                        gmem_in3|       pointer|
|m_axi_gmem_in3_RRESP      |   in|    2|       m_axi|                        gmem_in3|       pointer|
|m_axi_gmem_in3_BVALID     |   in|    1|       m_axi|                        gmem_in3|       pointer|
|m_axi_gmem_in3_BREADY     |  out|    1|       m_axi|                        gmem_in3|       pointer|
|m_axi_gmem_in3_BRESP      |   in|    2|       m_axi|                        gmem_in3|       pointer|
|m_axi_gmem_in3_BID        |   in|    1|       m_axi|                        gmem_in3|       pointer|
|m_axi_gmem_in3_BUSER      |   in|    1|       m_axi|                        gmem_in3|       pointer|
|m_axi_gmem_in4_AWVALID    |  out|    1|       m_axi|                        gmem_in4|       pointer|
|m_axi_gmem_in4_AWREADY    |   in|    1|       m_axi|                        gmem_in4|       pointer|
|m_axi_gmem_in4_AWADDR     |  out|   64|       m_axi|                        gmem_in4|       pointer|
|m_axi_gmem_in4_AWID       |  out|    1|       m_axi|                        gmem_in4|       pointer|
|m_axi_gmem_in4_AWLEN      |  out|    8|       m_axi|                        gmem_in4|       pointer|
|m_axi_gmem_in4_AWSIZE     |  out|    3|       m_axi|                        gmem_in4|       pointer|
|m_axi_gmem_in4_AWBURST    |  out|    2|       m_axi|                        gmem_in4|       pointer|
|m_axi_gmem_in4_AWLOCK     |  out|    2|       m_axi|                        gmem_in4|       pointer|
|m_axi_gmem_in4_AWCACHE    |  out|    4|       m_axi|                        gmem_in4|       pointer|
|m_axi_gmem_in4_AWPROT     |  out|    3|       m_axi|                        gmem_in4|       pointer|
|m_axi_gmem_in4_AWQOS      |  out|    4|       m_axi|                        gmem_in4|       pointer|
|m_axi_gmem_in4_AWREGION   |  out|    4|       m_axi|                        gmem_in4|       pointer|
|m_axi_gmem_in4_AWUSER     |  out|    1|       m_axi|                        gmem_in4|       pointer|
|m_axi_gmem_in4_WVALID     |  out|    1|       m_axi|                        gmem_in4|       pointer|
|m_axi_gmem_in4_WREADY     |   in|    1|       m_axi|                        gmem_in4|       pointer|
|m_axi_gmem_in4_WDATA      |  out|   32|       m_axi|                        gmem_in4|       pointer|
|m_axi_gmem_in4_WSTRB      |  out|    4|       m_axi|                        gmem_in4|       pointer|
|m_axi_gmem_in4_WLAST      |  out|    1|       m_axi|                        gmem_in4|       pointer|
|m_axi_gmem_in4_WID        |  out|    1|       m_axi|                        gmem_in4|       pointer|
|m_axi_gmem_in4_WUSER      |  out|    1|       m_axi|                        gmem_in4|       pointer|
|m_axi_gmem_in4_ARVALID    |  out|    1|       m_axi|                        gmem_in4|       pointer|
|m_axi_gmem_in4_ARREADY    |   in|    1|       m_axi|                        gmem_in4|       pointer|
|m_axi_gmem_in4_ARADDR     |  out|   64|       m_axi|                        gmem_in4|       pointer|
|m_axi_gmem_in4_ARID       |  out|    1|       m_axi|                        gmem_in4|       pointer|
|m_axi_gmem_in4_ARLEN      |  out|    8|       m_axi|                        gmem_in4|       pointer|
|m_axi_gmem_in4_ARSIZE     |  out|    3|       m_axi|                        gmem_in4|       pointer|
|m_axi_gmem_in4_ARBURST    |  out|    2|       m_axi|                        gmem_in4|       pointer|
|m_axi_gmem_in4_ARLOCK     |  out|    2|       m_axi|                        gmem_in4|       pointer|
|m_axi_gmem_in4_ARCACHE    |  out|    4|       m_axi|                        gmem_in4|       pointer|
|m_axi_gmem_in4_ARPROT     |  out|    3|       m_axi|                        gmem_in4|       pointer|
|m_axi_gmem_in4_ARQOS      |  out|    4|       m_axi|                        gmem_in4|       pointer|
|m_axi_gmem_in4_ARREGION   |  out|    4|       m_axi|                        gmem_in4|       pointer|
|m_axi_gmem_in4_ARUSER     |  out|    1|       m_axi|                        gmem_in4|       pointer|
|m_axi_gmem_in4_RVALID     |   in|    1|       m_axi|                        gmem_in4|       pointer|
|m_axi_gmem_in4_RREADY     |  out|    1|       m_axi|                        gmem_in4|       pointer|
|m_axi_gmem_in4_RDATA      |   in|   32|       m_axi|                        gmem_in4|       pointer|
|m_axi_gmem_in4_RLAST      |   in|    1|       m_axi|                        gmem_in4|       pointer|
|m_axi_gmem_in4_RID        |   in|    1|       m_axi|                        gmem_in4|       pointer|
|m_axi_gmem_in4_RUSER      |   in|    1|       m_axi|                        gmem_in4|       pointer|
|m_axi_gmem_in4_RRESP      |   in|    2|       m_axi|                        gmem_in4|       pointer|
|m_axi_gmem_in4_BVALID     |   in|    1|       m_axi|                        gmem_in4|       pointer|
|m_axi_gmem_in4_BREADY     |  out|    1|       m_axi|                        gmem_in4|       pointer|
|m_axi_gmem_in4_BRESP      |   in|    2|       m_axi|                        gmem_in4|       pointer|
|m_axi_gmem_in4_BID        |   in|    1|       m_axi|                        gmem_in4|       pointer|
|m_axi_gmem_in4_BUSER      |   in|    1|       m_axi|                        gmem_in4|       pointer|
|m_axi_gmem_in5_AWVALID    |  out|    1|       m_axi|                        gmem_in5|       pointer|
|m_axi_gmem_in5_AWREADY    |   in|    1|       m_axi|                        gmem_in5|       pointer|
|m_axi_gmem_in5_AWADDR     |  out|   64|       m_axi|                        gmem_in5|       pointer|
|m_axi_gmem_in5_AWID       |  out|    1|       m_axi|                        gmem_in5|       pointer|
|m_axi_gmem_in5_AWLEN      |  out|    8|       m_axi|                        gmem_in5|       pointer|
|m_axi_gmem_in5_AWSIZE     |  out|    3|       m_axi|                        gmem_in5|       pointer|
|m_axi_gmem_in5_AWBURST    |  out|    2|       m_axi|                        gmem_in5|       pointer|
|m_axi_gmem_in5_AWLOCK     |  out|    2|       m_axi|                        gmem_in5|       pointer|
|m_axi_gmem_in5_AWCACHE    |  out|    4|       m_axi|                        gmem_in5|       pointer|
|m_axi_gmem_in5_AWPROT     |  out|    3|       m_axi|                        gmem_in5|       pointer|
|m_axi_gmem_in5_AWQOS      |  out|    4|       m_axi|                        gmem_in5|       pointer|
|m_axi_gmem_in5_AWREGION   |  out|    4|       m_axi|                        gmem_in5|       pointer|
|m_axi_gmem_in5_AWUSER     |  out|    1|       m_axi|                        gmem_in5|       pointer|
|m_axi_gmem_in5_WVALID     |  out|    1|       m_axi|                        gmem_in5|       pointer|
|m_axi_gmem_in5_WREADY     |   in|    1|       m_axi|                        gmem_in5|       pointer|
|m_axi_gmem_in5_WDATA      |  out|   32|       m_axi|                        gmem_in5|       pointer|
|m_axi_gmem_in5_WSTRB      |  out|    4|       m_axi|                        gmem_in5|       pointer|
|m_axi_gmem_in5_WLAST      |  out|    1|       m_axi|                        gmem_in5|       pointer|
|m_axi_gmem_in5_WID        |  out|    1|       m_axi|                        gmem_in5|       pointer|
|m_axi_gmem_in5_WUSER      |  out|    1|       m_axi|                        gmem_in5|       pointer|
|m_axi_gmem_in5_ARVALID    |  out|    1|       m_axi|                        gmem_in5|       pointer|
|m_axi_gmem_in5_ARREADY    |   in|    1|       m_axi|                        gmem_in5|       pointer|
|m_axi_gmem_in5_ARADDR     |  out|   64|       m_axi|                        gmem_in5|       pointer|
|m_axi_gmem_in5_ARID       |  out|    1|       m_axi|                        gmem_in5|       pointer|
|m_axi_gmem_in5_ARLEN      |  out|    8|       m_axi|                        gmem_in5|       pointer|
|m_axi_gmem_in5_ARSIZE     |  out|    3|       m_axi|                        gmem_in5|       pointer|
|m_axi_gmem_in5_ARBURST    |  out|    2|       m_axi|                        gmem_in5|       pointer|
|m_axi_gmem_in5_ARLOCK     |  out|    2|       m_axi|                        gmem_in5|       pointer|
|m_axi_gmem_in5_ARCACHE    |  out|    4|       m_axi|                        gmem_in5|       pointer|
|m_axi_gmem_in5_ARPROT     |  out|    3|       m_axi|                        gmem_in5|       pointer|
|m_axi_gmem_in5_ARQOS      |  out|    4|       m_axi|                        gmem_in5|       pointer|
|m_axi_gmem_in5_ARREGION   |  out|    4|       m_axi|                        gmem_in5|       pointer|
|m_axi_gmem_in5_ARUSER     |  out|    1|       m_axi|                        gmem_in5|       pointer|
|m_axi_gmem_in5_RVALID     |   in|    1|       m_axi|                        gmem_in5|       pointer|
|m_axi_gmem_in5_RREADY     |  out|    1|       m_axi|                        gmem_in5|       pointer|
|m_axi_gmem_in5_RDATA      |   in|   32|       m_axi|                        gmem_in5|       pointer|
|m_axi_gmem_in5_RLAST      |   in|    1|       m_axi|                        gmem_in5|       pointer|
|m_axi_gmem_in5_RID        |   in|    1|       m_axi|                        gmem_in5|       pointer|
|m_axi_gmem_in5_RUSER      |   in|    1|       m_axi|                        gmem_in5|       pointer|
|m_axi_gmem_in5_RRESP      |   in|    2|       m_axi|                        gmem_in5|       pointer|
|m_axi_gmem_in5_BVALID     |   in|    1|       m_axi|                        gmem_in5|       pointer|
|m_axi_gmem_in5_BREADY     |  out|    1|       m_axi|                        gmem_in5|       pointer|
|m_axi_gmem_in5_BRESP      |   in|    2|       m_axi|                        gmem_in5|       pointer|
|m_axi_gmem_in5_BID        |   in|    1|       m_axi|                        gmem_in5|       pointer|
|m_axi_gmem_in5_BUSER      |   in|    1|       m_axi|                        gmem_in5|       pointer|
|m_axi_gmem_in6_AWVALID    |  out|    1|       m_axi|                        gmem_in6|       pointer|
|m_axi_gmem_in6_AWREADY    |   in|    1|       m_axi|                        gmem_in6|       pointer|
|m_axi_gmem_in6_AWADDR     |  out|   64|       m_axi|                        gmem_in6|       pointer|
|m_axi_gmem_in6_AWID       |  out|    1|       m_axi|                        gmem_in6|       pointer|
|m_axi_gmem_in6_AWLEN      |  out|    8|       m_axi|                        gmem_in6|       pointer|
|m_axi_gmem_in6_AWSIZE     |  out|    3|       m_axi|                        gmem_in6|       pointer|
|m_axi_gmem_in6_AWBURST    |  out|    2|       m_axi|                        gmem_in6|       pointer|
|m_axi_gmem_in6_AWLOCK     |  out|    2|       m_axi|                        gmem_in6|       pointer|
|m_axi_gmem_in6_AWCACHE    |  out|    4|       m_axi|                        gmem_in6|       pointer|
|m_axi_gmem_in6_AWPROT     |  out|    3|       m_axi|                        gmem_in6|       pointer|
|m_axi_gmem_in6_AWQOS      |  out|    4|       m_axi|                        gmem_in6|       pointer|
|m_axi_gmem_in6_AWREGION   |  out|    4|       m_axi|                        gmem_in6|       pointer|
|m_axi_gmem_in6_AWUSER     |  out|    1|       m_axi|                        gmem_in6|       pointer|
|m_axi_gmem_in6_WVALID     |  out|    1|       m_axi|                        gmem_in6|       pointer|
|m_axi_gmem_in6_WREADY     |   in|    1|       m_axi|                        gmem_in6|       pointer|
|m_axi_gmem_in6_WDATA      |  out|   32|       m_axi|                        gmem_in6|       pointer|
|m_axi_gmem_in6_WSTRB      |  out|    4|       m_axi|                        gmem_in6|       pointer|
|m_axi_gmem_in6_WLAST      |  out|    1|       m_axi|                        gmem_in6|       pointer|
|m_axi_gmem_in6_WID        |  out|    1|       m_axi|                        gmem_in6|       pointer|
|m_axi_gmem_in6_WUSER      |  out|    1|       m_axi|                        gmem_in6|       pointer|
|m_axi_gmem_in6_ARVALID    |  out|    1|       m_axi|                        gmem_in6|       pointer|
|m_axi_gmem_in6_ARREADY    |   in|    1|       m_axi|                        gmem_in6|       pointer|
|m_axi_gmem_in6_ARADDR     |  out|   64|       m_axi|                        gmem_in6|       pointer|
|m_axi_gmem_in6_ARID       |  out|    1|       m_axi|                        gmem_in6|       pointer|
|m_axi_gmem_in6_ARLEN      |  out|    8|       m_axi|                        gmem_in6|       pointer|
|m_axi_gmem_in6_ARSIZE     |  out|    3|       m_axi|                        gmem_in6|       pointer|
|m_axi_gmem_in6_ARBURST    |  out|    2|       m_axi|                        gmem_in6|       pointer|
|m_axi_gmem_in6_ARLOCK     |  out|    2|       m_axi|                        gmem_in6|       pointer|
|m_axi_gmem_in6_ARCACHE    |  out|    4|       m_axi|                        gmem_in6|       pointer|
|m_axi_gmem_in6_ARPROT     |  out|    3|       m_axi|                        gmem_in6|       pointer|
|m_axi_gmem_in6_ARQOS      |  out|    4|       m_axi|                        gmem_in6|       pointer|
|m_axi_gmem_in6_ARREGION   |  out|    4|       m_axi|                        gmem_in6|       pointer|
|m_axi_gmem_in6_ARUSER     |  out|    1|       m_axi|                        gmem_in6|       pointer|
|m_axi_gmem_in6_RVALID     |   in|    1|       m_axi|                        gmem_in6|       pointer|
|m_axi_gmem_in6_RREADY     |  out|    1|       m_axi|                        gmem_in6|       pointer|
|m_axi_gmem_in6_RDATA      |   in|   32|       m_axi|                        gmem_in6|       pointer|
|m_axi_gmem_in6_RLAST      |   in|    1|       m_axi|                        gmem_in6|       pointer|
|m_axi_gmem_in6_RID        |   in|    1|       m_axi|                        gmem_in6|       pointer|
|m_axi_gmem_in6_RUSER      |   in|    1|       m_axi|                        gmem_in6|       pointer|
|m_axi_gmem_in6_RRESP      |   in|    2|       m_axi|                        gmem_in6|       pointer|
|m_axi_gmem_in6_BVALID     |   in|    1|       m_axi|                        gmem_in6|       pointer|
|m_axi_gmem_in6_BREADY     |  out|    1|       m_axi|                        gmem_in6|       pointer|
|m_axi_gmem_in6_BRESP      |   in|    2|       m_axi|                        gmem_in6|       pointer|
|m_axi_gmem_in6_BID        |   in|    1|       m_axi|                        gmem_in6|       pointer|
|m_axi_gmem_in6_BUSER      |   in|    1|       m_axi|                        gmem_in6|       pointer|
|m_axi_gmem_in7_AWVALID    |  out|    1|       m_axi|                        gmem_in7|       pointer|
|m_axi_gmem_in7_AWREADY    |   in|    1|       m_axi|                        gmem_in7|       pointer|
|m_axi_gmem_in7_AWADDR     |  out|   64|       m_axi|                        gmem_in7|       pointer|
|m_axi_gmem_in7_AWID       |  out|    1|       m_axi|                        gmem_in7|       pointer|
|m_axi_gmem_in7_AWLEN      |  out|    8|       m_axi|                        gmem_in7|       pointer|
|m_axi_gmem_in7_AWSIZE     |  out|    3|       m_axi|                        gmem_in7|       pointer|
|m_axi_gmem_in7_AWBURST    |  out|    2|       m_axi|                        gmem_in7|       pointer|
|m_axi_gmem_in7_AWLOCK     |  out|    2|       m_axi|                        gmem_in7|       pointer|
|m_axi_gmem_in7_AWCACHE    |  out|    4|       m_axi|                        gmem_in7|       pointer|
|m_axi_gmem_in7_AWPROT     |  out|    3|       m_axi|                        gmem_in7|       pointer|
|m_axi_gmem_in7_AWQOS      |  out|    4|       m_axi|                        gmem_in7|       pointer|
|m_axi_gmem_in7_AWREGION   |  out|    4|       m_axi|                        gmem_in7|       pointer|
|m_axi_gmem_in7_AWUSER     |  out|    1|       m_axi|                        gmem_in7|       pointer|
|m_axi_gmem_in7_WVALID     |  out|    1|       m_axi|                        gmem_in7|       pointer|
|m_axi_gmem_in7_WREADY     |   in|    1|       m_axi|                        gmem_in7|       pointer|
|m_axi_gmem_in7_WDATA      |  out|   32|       m_axi|                        gmem_in7|       pointer|
|m_axi_gmem_in7_WSTRB      |  out|    4|       m_axi|                        gmem_in7|       pointer|
|m_axi_gmem_in7_WLAST      |  out|    1|       m_axi|                        gmem_in7|       pointer|
|m_axi_gmem_in7_WID        |  out|    1|       m_axi|                        gmem_in7|       pointer|
|m_axi_gmem_in7_WUSER      |  out|    1|       m_axi|                        gmem_in7|       pointer|
|m_axi_gmem_in7_ARVALID    |  out|    1|       m_axi|                        gmem_in7|       pointer|
|m_axi_gmem_in7_ARREADY    |   in|    1|       m_axi|                        gmem_in7|       pointer|
|m_axi_gmem_in7_ARADDR     |  out|   64|       m_axi|                        gmem_in7|       pointer|
|m_axi_gmem_in7_ARID       |  out|    1|       m_axi|                        gmem_in7|       pointer|
|m_axi_gmem_in7_ARLEN      |  out|    8|       m_axi|                        gmem_in7|       pointer|
|m_axi_gmem_in7_ARSIZE     |  out|    3|       m_axi|                        gmem_in7|       pointer|
|m_axi_gmem_in7_ARBURST    |  out|    2|       m_axi|                        gmem_in7|       pointer|
|m_axi_gmem_in7_ARLOCK     |  out|    2|       m_axi|                        gmem_in7|       pointer|
|m_axi_gmem_in7_ARCACHE    |  out|    4|       m_axi|                        gmem_in7|       pointer|
|m_axi_gmem_in7_ARPROT     |  out|    3|       m_axi|                        gmem_in7|       pointer|
|m_axi_gmem_in7_ARQOS      |  out|    4|       m_axi|                        gmem_in7|       pointer|
|m_axi_gmem_in7_ARREGION   |  out|    4|       m_axi|                        gmem_in7|       pointer|
|m_axi_gmem_in7_ARUSER     |  out|    1|       m_axi|                        gmem_in7|       pointer|
|m_axi_gmem_in7_RVALID     |   in|    1|       m_axi|                        gmem_in7|       pointer|
|m_axi_gmem_in7_RREADY     |  out|    1|       m_axi|                        gmem_in7|       pointer|
|m_axi_gmem_in7_RDATA      |   in|   32|       m_axi|                        gmem_in7|       pointer|
|m_axi_gmem_in7_RLAST      |   in|    1|       m_axi|                        gmem_in7|       pointer|
|m_axi_gmem_in7_RID        |   in|    1|       m_axi|                        gmem_in7|       pointer|
|m_axi_gmem_in7_RUSER      |   in|    1|       m_axi|                        gmem_in7|       pointer|
|m_axi_gmem_in7_RRESP      |   in|    2|       m_axi|                        gmem_in7|       pointer|
|m_axi_gmem_in7_BVALID     |   in|    1|       m_axi|                        gmem_in7|       pointer|
|m_axi_gmem_in7_BREADY     |  out|    1|       m_axi|                        gmem_in7|       pointer|
|m_axi_gmem_in7_BRESP      |   in|    2|       m_axi|                        gmem_in7|       pointer|
|m_axi_gmem_in7_BID        |   in|    1|       m_axi|                        gmem_in7|       pointer|
|m_axi_gmem_in7_BUSER      |   in|    1|       m_axi|                        gmem_in7|       pointer|
|m_axi_gmem_out0_AWVALID   |  out|    1|       m_axi|                       gmem_out0|       pointer|
|m_axi_gmem_out0_AWREADY   |   in|    1|       m_axi|                       gmem_out0|       pointer|
|m_axi_gmem_out0_AWADDR    |  out|   64|       m_axi|                       gmem_out0|       pointer|
|m_axi_gmem_out0_AWID      |  out|    1|       m_axi|                       gmem_out0|       pointer|
|m_axi_gmem_out0_AWLEN     |  out|    8|       m_axi|                       gmem_out0|       pointer|
|m_axi_gmem_out0_AWSIZE    |  out|    3|       m_axi|                       gmem_out0|       pointer|
|m_axi_gmem_out0_AWBURST   |  out|    2|       m_axi|                       gmem_out0|       pointer|
|m_axi_gmem_out0_AWLOCK    |  out|    2|       m_axi|                       gmem_out0|       pointer|
|m_axi_gmem_out0_AWCACHE   |  out|    4|       m_axi|                       gmem_out0|       pointer|
|m_axi_gmem_out0_AWPROT    |  out|    3|       m_axi|                       gmem_out0|       pointer|
|m_axi_gmem_out0_AWQOS     |  out|    4|       m_axi|                       gmem_out0|       pointer|
|m_axi_gmem_out0_AWREGION  |  out|    4|       m_axi|                       gmem_out0|       pointer|
|m_axi_gmem_out0_AWUSER    |  out|    1|       m_axi|                       gmem_out0|       pointer|
|m_axi_gmem_out0_WVALID    |  out|    1|       m_axi|                       gmem_out0|       pointer|
|m_axi_gmem_out0_WREADY    |   in|    1|       m_axi|                       gmem_out0|       pointer|
|m_axi_gmem_out0_WDATA     |  out|   32|       m_axi|                       gmem_out0|       pointer|
|m_axi_gmem_out0_WSTRB     |  out|    4|       m_axi|                       gmem_out0|       pointer|
|m_axi_gmem_out0_WLAST     |  out|    1|       m_axi|                       gmem_out0|       pointer|
|m_axi_gmem_out0_WID       |  out|    1|       m_axi|                       gmem_out0|       pointer|
|m_axi_gmem_out0_WUSER     |  out|    1|       m_axi|                       gmem_out0|       pointer|
|m_axi_gmem_out0_ARVALID   |  out|    1|       m_axi|                       gmem_out0|       pointer|
|m_axi_gmem_out0_ARREADY   |   in|    1|       m_axi|                       gmem_out0|       pointer|
|m_axi_gmem_out0_ARADDR    |  out|   64|       m_axi|                       gmem_out0|       pointer|
|m_axi_gmem_out0_ARID      |  out|    1|       m_axi|                       gmem_out0|       pointer|
|m_axi_gmem_out0_ARLEN     |  out|    8|       m_axi|                       gmem_out0|       pointer|
|m_axi_gmem_out0_ARSIZE    |  out|    3|       m_axi|                       gmem_out0|       pointer|
|m_axi_gmem_out0_ARBURST   |  out|    2|       m_axi|                       gmem_out0|       pointer|
|m_axi_gmem_out0_ARLOCK    |  out|    2|       m_axi|                       gmem_out0|       pointer|
|m_axi_gmem_out0_ARCACHE   |  out|    4|       m_axi|                       gmem_out0|       pointer|
|m_axi_gmem_out0_ARPROT    |  out|    3|       m_axi|                       gmem_out0|       pointer|
|m_axi_gmem_out0_ARQOS     |  out|    4|       m_axi|                       gmem_out0|       pointer|
|m_axi_gmem_out0_ARREGION  |  out|    4|       m_axi|                       gmem_out0|       pointer|
|m_axi_gmem_out0_ARUSER    |  out|    1|       m_axi|                       gmem_out0|       pointer|
|m_axi_gmem_out0_RVALID    |   in|    1|       m_axi|                       gmem_out0|       pointer|
|m_axi_gmem_out0_RREADY    |  out|    1|       m_axi|                       gmem_out0|       pointer|
|m_axi_gmem_out0_RDATA     |   in|   32|       m_axi|                       gmem_out0|       pointer|
|m_axi_gmem_out0_RLAST     |   in|    1|       m_axi|                       gmem_out0|       pointer|
|m_axi_gmem_out0_RID       |   in|    1|       m_axi|                       gmem_out0|       pointer|
|m_axi_gmem_out0_RUSER     |   in|    1|       m_axi|                       gmem_out0|       pointer|
|m_axi_gmem_out0_RRESP     |   in|    2|       m_axi|                       gmem_out0|       pointer|
|m_axi_gmem_out0_BVALID    |   in|    1|       m_axi|                       gmem_out0|       pointer|
|m_axi_gmem_out0_BREADY    |  out|    1|       m_axi|                       gmem_out0|       pointer|
|m_axi_gmem_out0_BRESP     |   in|    2|       m_axi|                       gmem_out0|       pointer|
|m_axi_gmem_out0_BID       |   in|    1|       m_axi|                       gmem_out0|       pointer|
|m_axi_gmem_out0_BUSER     |   in|    1|       m_axi|                       gmem_out0|       pointer|
|m_axi_gmem_out1_AWVALID   |  out|    1|       m_axi|                       gmem_out1|       pointer|
|m_axi_gmem_out1_AWREADY   |   in|    1|       m_axi|                       gmem_out1|       pointer|
|m_axi_gmem_out1_AWADDR    |  out|   64|       m_axi|                       gmem_out1|       pointer|
|m_axi_gmem_out1_AWID      |  out|    1|       m_axi|                       gmem_out1|       pointer|
|m_axi_gmem_out1_AWLEN     |  out|    8|       m_axi|                       gmem_out1|       pointer|
|m_axi_gmem_out1_AWSIZE    |  out|    3|       m_axi|                       gmem_out1|       pointer|
|m_axi_gmem_out1_AWBURST   |  out|    2|       m_axi|                       gmem_out1|       pointer|
|m_axi_gmem_out1_AWLOCK    |  out|    2|       m_axi|                       gmem_out1|       pointer|
|m_axi_gmem_out1_AWCACHE   |  out|    4|       m_axi|                       gmem_out1|       pointer|
|m_axi_gmem_out1_AWPROT    |  out|    3|       m_axi|                       gmem_out1|       pointer|
|m_axi_gmem_out1_AWQOS     |  out|    4|       m_axi|                       gmem_out1|       pointer|
|m_axi_gmem_out1_AWREGION  |  out|    4|       m_axi|                       gmem_out1|       pointer|
|m_axi_gmem_out1_AWUSER    |  out|    1|       m_axi|                       gmem_out1|       pointer|
|m_axi_gmem_out1_WVALID    |  out|    1|       m_axi|                       gmem_out1|       pointer|
|m_axi_gmem_out1_WREADY    |   in|    1|       m_axi|                       gmem_out1|       pointer|
|m_axi_gmem_out1_WDATA     |  out|   32|       m_axi|                       gmem_out1|       pointer|
|m_axi_gmem_out1_WSTRB     |  out|    4|       m_axi|                       gmem_out1|       pointer|
|m_axi_gmem_out1_WLAST     |  out|    1|       m_axi|                       gmem_out1|       pointer|
|m_axi_gmem_out1_WID       |  out|    1|       m_axi|                       gmem_out1|       pointer|
|m_axi_gmem_out1_WUSER     |  out|    1|       m_axi|                       gmem_out1|       pointer|
|m_axi_gmem_out1_ARVALID   |  out|    1|       m_axi|                       gmem_out1|       pointer|
|m_axi_gmem_out1_ARREADY   |   in|    1|       m_axi|                       gmem_out1|       pointer|
|m_axi_gmem_out1_ARADDR    |  out|   64|       m_axi|                       gmem_out1|       pointer|
|m_axi_gmem_out1_ARID      |  out|    1|       m_axi|                       gmem_out1|       pointer|
|m_axi_gmem_out1_ARLEN     |  out|    8|       m_axi|                       gmem_out1|       pointer|
|m_axi_gmem_out1_ARSIZE    |  out|    3|       m_axi|                       gmem_out1|       pointer|
|m_axi_gmem_out1_ARBURST   |  out|    2|       m_axi|                       gmem_out1|       pointer|
|m_axi_gmem_out1_ARLOCK    |  out|    2|       m_axi|                       gmem_out1|       pointer|
|m_axi_gmem_out1_ARCACHE   |  out|    4|       m_axi|                       gmem_out1|       pointer|
|m_axi_gmem_out1_ARPROT    |  out|    3|       m_axi|                       gmem_out1|       pointer|
|m_axi_gmem_out1_ARQOS     |  out|    4|       m_axi|                       gmem_out1|       pointer|
|m_axi_gmem_out1_ARREGION  |  out|    4|       m_axi|                       gmem_out1|       pointer|
|m_axi_gmem_out1_ARUSER    |  out|    1|       m_axi|                       gmem_out1|       pointer|
|m_axi_gmem_out1_RVALID    |   in|    1|       m_axi|                       gmem_out1|       pointer|
|m_axi_gmem_out1_RREADY    |  out|    1|       m_axi|                       gmem_out1|       pointer|
|m_axi_gmem_out1_RDATA     |   in|   32|       m_axi|                       gmem_out1|       pointer|
|m_axi_gmem_out1_RLAST     |   in|    1|       m_axi|                       gmem_out1|       pointer|
|m_axi_gmem_out1_RID       |   in|    1|       m_axi|                       gmem_out1|       pointer|
|m_axi_gmem_out1_RUSER     |   in|    1|       m_axi|                       gmem_out1|       pointer|
|m_axi_gmem_out1_RRESP     |   in|    2|       m_axi|                       gmem_out1|       pointer|
|m_axi_gmem_out1_BVALID    |   in|    1|       m_axi|                       gmem_out1|       pointer|
|m_axi_gmem_out1_BREADY    |  out|    1|       m_axi|                       gmem_out1|       pointer|
|m_axi_gmem_out1_BRESP     |   in|    2|       m_axi|                       gmem_out1|       pointer|
|m_axi_gmem_out1_BID       |   in|    1|       m_axi|                       gmem_out1|       pointer|
|m_axi_gmem_out1_BUSER     |   in|    1|       m_axi|                       gmem_out1|       pointer|
|m_axi_gmem_out2_AWVALID   |  out|    1|       m_axi|                       gmem_out2|       pointer|
|m_axi_gmem_out2_AWREADY   |   in|    1|       m_axi|                       gmem_out2|       pointer|
|m_axi_gmem_out2_AWADDR    |  out|   64|       m_axi|                       gmem_out2|       pointer|
|m_axi_gmem_out2_AWID      |  out|    1|       m_axi|                       gmem_out2|       pointer|
|m_axi_gmem_out2_AWLEN     |  out|    8|       m_axi|                       gmem_out2|       pointer|
|m_axi_gmem_out2_AWSIZE    |  out|    3|       m_axi|                       gmem_out2|       pointer|
|m_axi_gmem_out2_AWBURST   |  out|    2|       m_axi|                       gmem_out2|       pointer|
|m_axi_gmem_out2_AWLOCK    |  out|    2|       m_axi|                       gmem_out2|       pointer|
|m_axi_gmem_out2_AWCACHE   |  out|    4|       m_axi|                       gmem_out2|       pointer|
|m_axi_gmem_out2_AWPROT    |  out|    3|       m_axi|                       gmem_out2|       pointer|
|m_axi_gmem_out2_AWQOS     |  out|    4|       m_axi|                       gmem_out2|       pointer|
|m_axi_gmem_out2_AWREGION  |  out|    4|       m_axi|                       gmem_out2|       pointer|
|m_axi_gmem_out2_AWUSER    |  out|    1|       m_axi|                       gmem_out2|       pointer|
|m_axi_gmem_out2_WVALID    |  out|    1|       m_axi|                       gmem_out2|       pointer|
|m_axi_gmem_out2_WREADY    |   in|    1|       m_axi|                       gmem_out2|       pointer|
|m_axi_gmem_out2_WDATA     |  out|   32|       m_axi|                       gmem_out2|       pointer|
|m_axi_gmem_out2_WSTRB     |  out|    4|       m_axi|                       gmem_out2|       pointer|
|m_axi_gmem_out2_WLAST     |  out|    1|       m_axi|                       gmem_out2|       pointer|
|m_axi_gmem_out2_WID       |  out|    1|       m_axi|                       gmem_out2|       pointer|
|m_axi_gmem_out2_WUSER     |  out|    1|       m_axi|                       gmem_out2|       pointer|
|m_axi_gmem_out2_ARVALID   |  out|    1|       m_axi|                       gmem_out2|       pointer|
|m_axi_gmem_out2_ARREADY   |   in|    1|       m_axi|                       gmem_out2|       pointer|
|m_axi_gmem_out2_ARADDR    |  out|   64|       m_axi|                       gmem_out2|       pointer|
|m_axi_gmem_out2_ARID      |  out|    1|       m_axi|                       gmem_out2|       pointer|
|m_axi_gmem_out2_ARLEN     |  out|    8|       m_axi|                       gmem_out2|       pointer|
|m_axi_gmem_out2_ARSIZE    |  out|    3|       m_axi|                       gmem_out2|       pointer|
|m_axi_gmem_out2_ARBURST   |  out|    2|       m_axi|                       gmem_out2|       pointer|
|m_axi_gmem_out2_ARLOCK    |  out|    2|       m_axi|                       gmem_out2|       pointer|
|m_axi_gmem_out2_ARCACHE   |  out|    4|       m_axi|                       gmem_out2|       pointer|
|m_axi_gmem_out2_ARPROT    |  out|    3|       m_axi|                       gmem_out2|       pointer|
|m_axi_gmem_out2_ARQOS     |  out|    4|       m_axi|                       gmem_out2|       pointer|
|m_axi_gmem_out2_ARREGION  |  out|    4|       m_axi|                       gmem_out2|       pointer|
|m_axi_gmem_out2_ARUSER    |  out|    1|       m_axi|                       gmem_out2|       pointer|
|m_axi_gmem_out2_RVALID    |   in|    1|       m_axi|                       gmem_out2|       pointer|
|m_axi_gmem_out2_RREADY    |  out|    1|       m_axi|                       gmem_out2|       pointer|
|m_axi_gmem_out2_RDATA     |   in|   32|       m_axi|                       gmem_out2|       pointer|
|m_axi_gmem_out2_RLAST     |   in|    1|       m_axi|                       gmem_out2|       pointer|
|m_axi_gmem_out2_RID       |   in|    1|       m_axi|                       gmem_out2|       pointer|
|m_axi_gmem_out2_RUSER     |   in|    1|       m_axi|                       gmem_out2|       pointer|
|m_axi_gmem_out2_RRESP     |   in|    2|       m_axi|                       gmem_out2|       pointer|
|m_axi_gmem_out2_BVALID    |   in|    1|       m_axi|                       gmem_out2|       pointer|
|m_axi_gmem_out2_BREADY    |  out|    1|       m_axi|                       gmem_out2|       pointer|
|m_axi_gmem_out2_BRESP     |   in|    2|       m_axi|                       gmem_out2|       pointer|
|m_axi_gmem_out2_BID       |   in|    1|       m_axi|                       gmem_out2|       pointer|
|m_axi_gmem_out2_BUSER     |   in|    1|       m_axi|                       gmem_out2|       pointer|
|m_axi_gmem_out3_AWVALID   |  out|    1|       m_axi|                       gmem_out3|       pointer|
|m_axi_gmem_out3_AWREADY   |   in|    1|       m_axi|                       gmem_out3|       pointer|
|m_axi_gmem_out3_AWADDR    |  out|   64|       m_axi|                       gmem_out3|       pointer|
|m_axi_gmem_out3_AWID      |  out|    1|       m_axi|                       gmem_out3|       pointer|
|m_axi_gmem_out3_AWLEN     |  out|    8|       m_axi|                       gmem_out3|       pointer|
|m_axi_gmem_out3_AWSIZE    |  out|    3|       m_axi|                       gmem_out3|       pointer|
|m_axi_gmem_out3_AWBURST   |  out|    2|       m_axi|                       gmem_out3|       pointer|
|m_axi_gmem_out3_AWLOCK    |  out|    2|       m_axi|                       gmem_out3|       pointer|
|m_axi_gmem_out3_AWCACHE   |  out|    4|       m_axi|                       gmem_out3|       pointer|
|m_axi_gmem_out3_AWPROT    |  out|    3|       m_axi|                       gmem_out3|       pointer|
|m_axi_gmem_out3_AWQOS     |  out|    4|       m_axi|                       gmem_out3|       pointer|
|m_axi_gmem_out3_AWREGION  |  out|    4|       m_axi|                       gmem_out3|       pointer|
|m_axi_gmem_out3_AWUSER    |  out|    1|       m_axi|                       gmem_out3|       pointer|
|m_axi_gmem_out3_WVALID    |  out|    1|       m_axi|                       gmem_out3|       pointer|
|m_axi_gmem_out3_WREADY    |   in|    1|       m_axi|                       gmem_out3|       pointer|
|m_axi_gmem_out3_WDATA     |  out|   32|       m_axi|                       gmem_out3|       pointer|
|m_axi_gmem_out3_WSTRB     |  out|    4|       m_axi|                       gmem_out3|       pointer|
|m_axi_gmem_out3_WLAST     |  out|    1|       m_axi|                       gmem_out3|       pointer|
|m_axi_gmem_out3_WID       |  out|    1|       m_axi|                       gmem_out3|       pointer|
|m_axi_gmem_out3_WUSER     |  out|    1|       m_axi|                       gmem_out3|       pointer|
|m_axi_gmem_out3_ARVALID   |  out|    1|       m_axi|                       gmem_out3|       pointer|
|m_axi_gmem_out3_ARREADY   |   in|    1|       m_axi|                       gmem_out3|       pointer|
|m_axi_gmem_out3_ARADDR    |  out|   64|       m_axi|                       gmem_out3|       pointer|
|m_axi_gmem_out3_ARID      |  out|    1|       m_axi|                       gmem_out3|       pointer|
|m_axi_gmem_out3_ARLEN     |  out|    8|       m_axi|                       gmem_out3|       pointer|
|m_axi_gmem_out3_ARSIZE    |  out|    3|       m_axi|                       gmem_out3|       pointer|
|m_axi_gmem_out3_ARBURST   |  out|    2|       m_axi|                       gmem_out3|       pointer|
|m_axi_gmem_out3_ARLOCK    |  out|    2|       m_axi|                       gmem_out3|       pointer|
|m_axi_gmem_out3_ARCACHE   |  out|    4|       m_axi|                       gmem_out3|       pointer|
|m_axi_gmem_out3_ARPROT    |  out|    3|       m_axi|                       gmem_out3|       pointer|
|m_axi_gmem_out3_ARQOS     |  out|    4|       m_axi|                       gmem_out3|       pointer|
|m_axi_gmem_out3_ARREGION  |  out|    4|       m_axi|                       gmem_out3|       pointer|
|m_axi_gmem_out3_ARUSER    |  out|    1|       m_axi|                       gmem_out3|       pointer|
|m_axi_gmem_out3_RVALID    |   in|    1|       m_axi|                       gmem_out3|       pointer|
|m_axi_gmem_out3_RREADY    |  out|    1|       m_axi|                       gmem_out3|       pointer|
|m_axi_gmem_out3_RDATA     |   in|   32|       m_axi|                       gmem_out3|       pointer|
|m_axi_gmem_out3_RLAST     |   in|    1|       m_axi|                       gmem_out3|       pointer|
|m_axi_gmem_out3_RID       |   in|    1|       m_axi|                       gmem_out3|       pointer|
|m_axi_gmem_out3_RUSER     |   in|    1|       m_axi|                       gmem_out3|       pointer|
|m_axi_gmem_out3_RRESP     |   in|    2|       m_axi|                       gmem_out3|       pointer|
|m_axi_gmem_out3_BVALID    |   in|    1|       m_axi|                       gmem_out3|       pointer|
|m_axi_gmem_out3_BREADY    |  out|    1|       m_axi|                       gmem_out3|       pointer|
|m_axi_gmem_out3_BRESP     |   in|    2|       m_axi|                       gmem_out3|       pointer|
|m_axi_gmem_out3_BID       |   in|    1|       m_axi|                       gmem_out3|       pointer|
|m_axi_gmem_out3_BUSER     |   in|    1|       m_axi|                       gmem_out3|       pointer|
|m_axi_gmem_out4_AWVALID   |  out|    1|       m_axi|                       gmem_out4|       pointer|
|m_axi_gmem_out4_AWREADY   |   in|    1|       m_axi|                       gmem_out4|       pointer|
|m_axi_gmem_out4_AWADDR    |  out|   64|       m_axi|                       gmem_out4|       pointer|
|m_axi_gmem_out4_AWID      |  out|    1|       m_axi|                       gmem_out4|       pointer|
|m_axi_gmem_out4_AWLEN     |  out|    8|       m_axi|                       gmem_out4|       pointer|
|m_axi_gmem_out4_AWSIZE    |  out|    3|       m_axi|                       gmem_out4|       pointer|
|m_axi_gmem_out4_AWBURST   |  out|    2|       m_axi|                       gmem_out4|       pointer|
|m_axi_gmem_out4_AWLOCK    |  out|    2|       m_axi|                       gmem_out4|       pointer|
|m_axi_gmem_out4_AWCACHE   |  out|    4|       m_axi|                       gmem_out4|       pointer|
|m_axi_gmem_out4_AWPROT    |  out|    3|       m_axi|                       gmem_out4|       pointer|
|m_axi_gmem_out4_AWQOS     |  out|    4|       m_axi|                       gmem_out4|       pointer|
|m_axi_gmem_out4_AWREGION  |  out|    4|       m_axi|                       gmem_out4|       pointer|
|m_axi_gmem_out4_AWUSER    |  out|    1|       m_axi|                       gmem_out4|       pointer|
|m_axi_gmem_out4_WVALID    |  out|    1|       m_axi|                       gmem_out4|       pointer|
|m_axi_gmem_out4_WREADY    |   in|    1|       m_axi|                       gmem_out4|       pointer|
|m_axi_gmem_out4_WDATA     |  out|   32|       m_axi|                       gmem_out4|       pointer|
|m_axi_gmem_out4_WSTRB     |  out|    4|       m_axi|                       gmem_out4|       pointer|
|m_axi_gmem_out4_WLAST     |  out|    1|       m_axi|                       gmem_out4|       pointer|
|m_axi_gmem_out4_WID       |  out|    1|       m_axi|                       gmem_out4|       pointer|
|m_axi_gmem_out4_WUSER     |  out|    1|       m_axi|                       gmem_out4|       pointer|
|m_axi_gmem_out4_ARVALID   |  out|    1|       m_axi|                       gmem_out4|       pointer|
|m_axi_gmem_out4_ARREADY   |   in|    1|       m_axi|                       gmem_out4|       pointer|
|m_axi_gmem_out4_ARADDR    |  out|   64|       m_axi|                       gmem_out4|       pointer|
|m_axi_gmem_out4_ARID      |  out|    1|       m_axi|                       gmem_out4|       pointer|
|m_axi_gmem_out4_ARLEN     |  out|    8|       m_axi|                       gmem_out4|       pointer|
|m_axi_gmem_out4_ARSIZE    |  out|    3|       m_axi|                       gmem_out4|       pointer|
|m_axi_gmem_out4_ARBURST   |  out|    2|       m_axi|                       gmem_out4|       pointer|
|m_axi_gmem_out4_ARLOCK    |  out|    2|       m_axi|                       gmem_out4|       pointer|
|m_axi_gmem_out4_ARCACHE   |  out|    4|       m_axi|                       gmem_out4|       pointer|
|m_axi_gmem_out4_ARPROT    |  out|    3|       m_axi|                       gmem_out4|       pointer|
|m_axi_gmem_out4_ARQOS     |  out|    4|       m_axi|                       gmem_out4|       pointer|
|m_axi_gmem_out4_ARREGION  |  out|    4|       m_axi|                       gmem_out4|       pointer|
|m_axi_gmem_out4_ARUSER    |  out|    1|       m_axi|                       gmem_out4|       pointer|
|m_axi_gmem_out4_RVALID    |   in|    1|       m_axi|                       gmem_out4|       pointer|
|m_axi_gmem_out4_RREADY    |  out|    1|       m_axi|                       gmem_out4|       pointer|
|m_axi_gmem_out4_RDATA     |   in|   32|       m_axi|                       gmem_out4|       pointer|
|m_axi_gmem_out4_RLAST     |   in|    1|       m_axi|                       gmem_out4|       pointer|
|m_axi_gmem_out4_RID       |   in|    1|       m_axi|                       gmem_out4|       pointer|
|m_axi_gmem_out4_RUSER     |   in|    1|       m_axi|                       gmem_out4|       pointer|
|m_axi_gmem_out4_RRESP     |   in|    2|       m_axi|                       gmem_out4|       pointer|
|m_axi_gmem_out4_BVALID    |   in|    1|       m_axi|                       gmem_out4|       pointer|
|m_axi_gmem_out4_BREADY    |  out|    1|       m_axi|                       gmem_out4|       pointer|
|m_axi_gmem_out4_BRESP     |   in|    2|       m_axi|                       gmem_out4|       pointer|
|m_axi_gmem_out4_BID       |   in|    1|       m_axi|                       gmem_out4|       pointer|
|m_axi_gmem_out4_BUSER     |   in|    1|       m_axi|                       gmem_out4|       pointer|
|m_axi_gmem_out5_AWVALID   |  out|    1|       m_axi|                       gmem_out5|       pointer|
|m_axi_gmem_out5_AWREADY   |   in|    1|       m_axi|                       gmem_out5|       pointer|
|m_axi_gmem_out5_AWADDR    |  out|   64|       m_axi|                       gmem_out5|       pointer|
|m_axi_gmem_out5_AWID      |  out|    1|       m_axi|                       gmem_out5|       pointer|
|m_axi_gmem_out5_AWLEN     |  out|    8|       m_axi|                       gmem_out5|       pointer|
|m_axi_gmem_out5_AWSIZE    |  out|    3|       m_axi|                       gmem_out5|       pointer|
|m_axi_gmem_out5_AWBURST   |  out|    2|       m_axi|                       gmem_out5|       pointer|
|m_axi_gmem_out5_AWLOCK    |  out|    2|       m_axi|                       gmem_out5|       pointer|
|m_axi_gmem_out5_AWCACHE   |  out|    4|       m_axi|                       gmem_out5|       pointer|
|m_axi_gmem_out5_AWPROT    |  out|    3|       m_axi|                       gmem_out5|       pointer|
|m_axi_gmem_out5_AWQOS     |  out|    4|       m_axi|                       gmem_out5|       pointer|
|m_axi_gmem_out5_AWREGION  |  out|    4|       m_axi|                       gmem_out5|       pointer|
|m_axi_gmem_out5_AWUSER    |  out|    1|       m_axi|                       gmem_out5|       pointer|
|m_axi_gmem_out5_WVALID    |  out|    1|       m_axi|                       gmem_out5|       pointer|
|m_axi_gmem_out5_WREADY    |   in|    1|       m_axi|                       gmem_out5|       pointer|
|m_axi_gmem_out5_WDATA     |  out|   32|       m_axi|                       gmem_out5|       pointer|
|m_axi_gmem_out5_WSTRB     |  out|    4|       m_axi|                       gmem_out5|       pointer|
|m_axi_gmem_out5_WLAST     |  out|    1|       m_axi|                       gmem_out5|       pointer|
|m_axi_gmem_out5_WID       |  out|    1|       m_axi|                       gmem_out5|       pointer|
|m_axi_gmem_out5_WUSER     |  out|    1|       m_axi|                       gmem_out5|       pointer|
|m_axi_gmem_out5_ARVALID   |  out|    1|       m_axi|                       gmem_out5|       pointer|
|m_axi_gmem_out5_ARREADY   |   in|    1|       m_axi|                       gmem_out5|       pointer|
|m_axi_gmem_out5_ARADDR    |  out|   64|       m_axi|                       gmem_out5|       pointer|
|m_axi_gmem_out5_ARID      |  out|    1|       m_axi|                       gmem_out5|       pointer|
|m_axi_gmem_out5_ARLEN     |  out|    8|       m_axi|                       gmem_out5|       pointer|
|m_axi_gmem_out5_ARSIZE    |  out|    3|       m_axi|                       gmem_out5|       pointer|
|m_axi_gmem_out5_ARBURST   |  out|    2|       m_axi|                       gmem_out5|       pointer|
|m_axi_gmem_out5_ARLOCK    |  out|    2|       m_axi|                       gmem_out5|       pointer|
|m_axi_gmem_out5_ARCACHE   |  out|    4|       m_axi|                       gmem_out5|       pointer|
|m_axi_gmem_out5_ARPROT    |  out|    3|       m_axi|                       gmem_out5|       pointer|
|m_axi_gmem_out5_ARQOS     |  out|    4|       m_axi|                       gmem_out5|       pointer|
|m_axi_gmem_out5_ARREGION  |  out|    4|       m_axi|                       gmem_out5|       pointer|
|m_axi_gmem_out5_ARUSER    |  out|    1|       m_axi|                       gmem_out5|       pointer|
|m_axi_gmem_out5_RVALID    |   in|    1|       m_axi|                       gmem_out5|       pointer|
|m_axi_gmem_out5_RREADY    |  out|    1|       m_axi|                       gmem_out5|       pointer|
|m_axi_gmem_out5_RDATA     |   in|   32|       m_axi|                       gmem_out5|       pointer|
|m_axi_gmem_out5_RLAST     |   in|    1|       m_axi|                       gmem_out5|       pointer|
|m_axi_gmem_out5_RID       |   in|    1|       m_axi|                       gmem_out5|       pointer|
|m_axi_gmem_out5_RUSER     |   in|    1|       m_axi|                       gmem_out5|       pointer|
|m_axi_gmem_out5_RRESP     |   in|    2|       m_axi|                       gmem_out5|       pointer|
|m_axi_gmem_out5_BVALID    |   in|    1|       m_axi|                       gmem_out5|       pointer|
|m_axi_gmem_out5_BREADY    |  out|    1|       m_axi|                       gmem_out5|       pointer|
|m_axi_gmem_out5_BRESP     |   in|    2|       m_axi|                       gmem_out5|       pointer|
|m_axi_gmem_out5_BID       |   in|    1|       m_axi|                       gmem_out5|       pointer|
|m_axi_gmem_out5_BUSER     |   in|    1|       m_axi|                       gmem_out5|       pointer|
|m_axi_gmem_out6_AWVALID   |  out|    1|       m_axi|                       gmem_out6|       pointer|
|m_axi_gmem_out6_AWREADY   |   in|    1|       m_axi|                       gmem_out6|       pointer|
|m_axi_gmem_out6_AWADDR    |  out|   64|       m_axi|                       gmem_out6|       pointer|
|m_axi_gmem_out6_AWID      |  out|    1|       m_axi|                       gmem_out6|       pointer|
|m_axi_gmem_out6_AWLEN     |  out|    8|       m_axi|                       gmem_out6|       pointer|
|m_axi_gmem_out6_AWSIZE    |  out|    3|       m_axi|                       gmem_out6|       pointer|
|m_axi_gmem_out6_AWBURST   |  out|    2|       m_axi|                       gmem_out6|       pointer|
|m_axi_gmem_out6_AWLOCK    |  out|    2|       m_axi|                       gmem_out6|       pointer|
|m_axi_gmem_out6_AWCACHE   |  out|    4|       m_axi|                       gmem_out6|       pointer|
|m_axi_gmem_out6_AWPROT    |  out|    3|       m_axi|                       gmem_out6|       pointer|
|m_axi_gmem_out6_AWQOS     |  out|    4|       m_axi|                       gmem_out6|       pointer|
|m_axi_gmem_out6_AWREGION  |  out|    4|       m_axi|                       gmem_out6|       pointer|
|m_axi_gmem_out6_AWUSER    |  out|    1|       m_axi|                       gmem_out6|       pointer|
|m_axi_gmem_out6_WVALID    |  out|    1|       m_axi|                       gmem_out6|       pointer|
|m_axi_gmem_out6_WREADY    |   in|    1|       m_axi|                       gmem_out6|       pointer|
|m_axi_gmem_out6_WDATA     |  out|   32|       m_axi|                       gmem_out6|       pointer|
|m_axi_gmem_out6_WSTRB     |  out|    4|       m_axi|                       gmem_out6|       pointer|
|m_axi_gmem_out6_WLAST     |  out|    1|       m_axi|                       gmem_out6|       pointer|
|m_axi_gmem_out6_WID       |  out|    1|       m_axi|                       gmem_out6|       pointer|
|m_axi_gmem_out6_WUSER     |  out|    1|       m_axi|                       gmem_out6|       pointer|
|m_axi_gmem_out6_ARVALID   |  out|    1|       m_axi|                       gmem_out6|       pointer|
|m_axi_gmem_out6_ARREADY   |   in|    1|       m_axi|                       gmem_out6|       pointer|
|m_axi_gmem_out6_ARADDR    |  out|   64|       m_axi|                       gmem_out6|       pointer|
|m_axi_gmem_out6_ARID      |  out|    1|       m_axi|                       gmem_out6|       pointer|
|m_axi_gmem_out6_ARLEN     |  out|    8|       m_axi|                       gmem_out6|       pointer|
|m_axi_gmem_out6_ARSIZE    |  out|    3|       m_axi|                       gmem_out6|       pointer|
|m_axi_gmem_out6_ARBURST   |  out|    2|       m_axi|                       gmem_out6|       pointer|
|m_axi_gmem_out6_ARLOCK    |  out|    2|       m_axi|                       gmem_out6|       pointer|
|m_axi_gmem_out6_ARCACHE   |  out|    4|       m_axi|                       gmem_out6|       pointer|
|m_axi_gmem_out6_ARPROT    |  out|    3|       m_axi|                       gmem_out6|       pointer|
|m_axi_gmem_out6_ARQOS     |  out|    4|       m_axi|                       gmem_out6|       pointer|
|m_axi_gmem_out6_ARREGION  |  out|    4|       m_axi|                       gmem_out6|       pointer|
|m_axi_gmem_out6_ARUSER    |  out|    1|       m_axi|                       gmem_out6|       pointer|
|m_axi_gmem_out6_RVALID    |   in|    1|       m_axi|                       gmem_out6|       pointer|
|m_axi_gmem_out6_RREADY    |  out|    1|       m_axi|                       gmem_out6|       pointer|
|m_axi_gmem_out6_RDATA     |   in|   32|       m_axi|                       gmem_out6|       pointer|
|m_axi_gmem_out6_RLAST     |   in|    1|       m_axi|                       gmem_out6|       pointer|
|m_axi_gmem_out6_RID       |   in|    1|       m_axi|                       gmem_out6|       pointer|
|m_axi_gmem_out6_RUSER     |   in|    1|       m_axi|                       gmem_out6|       pointer|
|m_axi_gmem_out6_RRESP     |   in|    2|       m_axi|                       gmem_out6|       pointer|
|m_axi_gmem_out6_BVALID    |   in|    1|       m_axi|                       gmem_out6|       pointer|
|m_axi_gmem_out6_BREADY    |  out|    1|       m_axi|                       gmem_out6|       pointer|
|m_axi_gmem_out6_BRESP     |   in|    2|       m_axi|                       gmem_out6|       pointer|
|m_axi_gmem_out6_BID       |   in|    1|       m_axi|                       gmem_out6|       pointer|
|m_axi_gmem_out6_BUSER     |   in|    1|       m_axi|                       gmem_out6|       pointer|
|m_axi_gmem_out7_AWVALID   |  out|    1|       m_axi|                       gmem_out7|       pointer|
|m_axi_gmem_out7_AWREADY   |   in|    1|       m_axi|                       gmem_out7|       pointer|
|m_axi_gmem_out7_AWADDR    |  out|   64|       m_axi|                       gmem_out7|       pointer|
|m_axi_gmem_out7_AWID      |  out|    1|       m_axi|                       gmem_out7|       pointer|
|m_axi_gmem_out7_AWLEN     |  out|    8|       m_axi|                       gmem_out7|       pointer|
|m_axi_gmem_out7_AWSIZE    |  out|    3|       m_axi|                       gmem_out7|       pointer|
|m_axi_gmem_out7_AWBURST   |  out|    2|       m_axi|                       gmem_out7|       pointer|
|m_axi_gmem_out7_AWLOCK    |  out|    2|       m_axi|                       gmem_out7|       pointer|
|m_axi_gmem_out7_AWCACHE   |  out|    4|       m_axi|                       gmem_out7|       pointer|
|m_axi_gmem_out7_AWPROT    |  out|    3|       m_axi|                       gmem_out7|       pointer|
|m_axi_gmem_out7_AWQOS     |  out|    4|       m_axi|                       gmem_out7|       pointer|
|m_axi_gmem_out7_AWREGION  |  out|    4|       m_axi|                       gmem_out7|       pointer|
|m_axi_gmem_out7_AWUSER    |  out|    1|       m_axi|                       gmem_out7|       pointer|
|m_axi_gmem_out7_WVALID    |  out|    1|       m_axi|                       gmem_out7|       pointer|
|m_axi_gmem_out7_WREADY    |   in|    1|       m_axi|                       gmem_out7|       pointer|
|m_axi_gmem_out7_WDATA     |  out|   32|       m_axi|                       gmem_out7|       pointer|
|m_axi_gmem_out7_WSTRB     |  out|    4|       m_axi|                       gmem_out7|       pointer|
|m_axi_gmem_out7_WLAST     |  out|    1|       m_axi|                       gmem_out7|       pointer|
|m_axi_gmem_out7_WID       |  out|    1|       m_axi|                       gmem_out7|       pointer|
|m_axi_gmem_out7_WUSER     |  out|    1|       m_axi|                       gmem_out7|       pointer|
|m_axi_gmem_out7_ARVALID   |  out|    1|       m_axi|                       gmem_out7|       pointer|
|m_axi_gmem_out7_ARREADY   |   in|    1|       m_axi|                       gmem_out7|       pointer|
|m_axi_gmem_out7_ARADDR    |  out|   64|       m_axi|                       gmem_out7|       pointer|
|m_axi_gmem_out7_ARID      |  out|    1|       m_axi|                       gmem_out7|       pointer|
|m_axi_gmem_out7_ARLEN     |  out|    8|       m_axi|                       gmem_out7|       pointer|
|m_axi_gmem_out7_ARSIZE    |  out|    3|       m_axi|                       gmem_out7|       pointer|
|m_axi_gmem_out7_ARBURST   |  out|    2|       m_axi|                       gmem_out7|       pointer|
|m_axi_gmem_out7_ARLOCK    |  out|    2|       m_axi|                       gmem_out7|       pointer|
|m_axi_gmem_out7_ARCACHE   |  out|    4|       m_axi|                       gmem_out7|       pointer|
|m_axi_gmem_out7_ARPROT    |  out|    3|       m_axi|                       gmem_out7|       pointer|
|m_axi_gmem_out7_ARQOS     |  out|    4|       m_axi|                       gmem_out7|       pointer|
|m_axi_gmem_out7_ARREGION  |  out|    4|       m_axi|                       gmem_out7|       pointer|
|m_axi_gmem_out7_ARUSER    |  out|    1|       m_axi|                       gmem_out7|       pointer|
|m_axi_gmem_out7_RVALID    |   in|    1|       m_axi|                       gmem_out7|       pointer|
|m_axi_gmem_out7_RREADY    |  out|    1|       m_axi|                       gmem_out7|       pointer|
|m_axi_gmem_out7_RDATA     |   in|   32|       m_axi|                       gmem_out7|       pointer|
|m_axi_gmem_out7_RLAST     |   in|    1|       m_axi|                       gmem_out7|       pointer|
|m_axi_gmem_out7_RID       |   in|    1|       m_axi|                       gmem_out7|       pointer|
|m_axi_gmem_out7_RUSER     |   in|    1|       m_axi|                       gmem_out7|       pointer|
|m_axi_gmem_out7_RRESP     |   in|    2|       m_axi|                       gmem_out7|       pointer|
|m_axi_gmem_out7_BVALID    |   in|    1|       m_axi|                       gmem_out7|       pointer|
|m_axi_gmem_out7_BREADY    |  out|    1|       m_axi|                       gmem_out7|       pointer|
|m_axi_gmem_out7_BRESP     |   in|    2|       m_axi|                       gmem_out7|       pointer|
|m_axi_gmem_out7_BID       |   in|    1|       m_axi|                       gmem_out7|       pointer|
|m_axi_gmem_out7_BUSER     |   in|    1|       m_axi|                       gmem_out7|       pointer|
+--------------------------+-----+-----+------------+--------------------------------+--------------+

