

================================================================
== Vitis HLS Report for 'gru_cell_step_1_Pipeline_VITIS_LOOP_48_1'
================================================================
* Date:           Fri Aug 14 15:46:39 2026

* Version:        2022.2 (Build 3670227 on Oct 13 2022)
* Project:        seq2seqlite_student_proj
* Solution:       solution1 (Vivado IP Flow Target)
* Product family: kintex7
* Target device:  xc7k410t-ffg676-1


================================================================
== Performance Estimates
================================================================
+ Timing: 
    * Summary: 
    +--------+---------+----------+------------+
    |  Clock |  Target | Estimated| Uncertainty|
    +--------+---------+----------+------------+
    |ap_clk  |  4.50 ns|  2.996 ns|     1.22 ns|
    +--------+---------+----------+------------+

+ Latency: 
    * Summary: 
    +---------+---------+----------+----------+-----+-----+---------+
    |  Latency (cycles) |  Latency (absolute) |  Interval | Pipeline|
    |   min   |   max   |    min   |    max   | min | max |   Type  |
    +---------+---------+----------+----------+-----+-----+---------+
    |      159|      159|  0.716 us|  0.716 us|  159|  159|       no|
    +---------+---------+----------+----------+-----+-----+---------+

    + Detail: 
        * Instance: 
        N/A

        * Loop: 
        +-------------------+---------+---------+----------+-----------+-----------+------+----------+
        |                   |  Latency (cycles) | Iteration|  Initiation Interval  | Trip |          |
        |     Loop Name     |   min   |   max   |  Latency |  achieved |   target  | Count| Pipelined|
        +-------------------+---------+---------+----------+-----------+-----------+------+----------+
        |- VITIS_LOOP_48_1  |      157|      157|        34|          4|          4|    32|       yes|
        +-------------------+---------+---------+----------+-----------+-----------+------+----------+



================================================================
== Utilization Estimates
================================================================
* Summary: 
+-----------------+---------+------+--------+--------+-----+
|       Name      | BRAM_18K|  DSP |   FF   |   LUT  | URAM|
+-----------------+---------+------+--------+--------+-----+
|DSP              |        -|     2|       -|       -|    -|
|Expression       |        -|     -|       0|    3113|    -|
|FIFO             |        -|     -|       -|       -|    -|
|Instance         |        -|    14|    2366|     938|    -|
|Memory           |        0|     -|     475|     258|    -|
|Multiplexer      |        -|     -|       -|     138|    -|
|Register         |        -|     -|    7184|      64|    -|
+-----------------+---------+------+--------+--------+-----+
|Total            |        0|    16|   10025|    4511|    0|
+-----------------+---------+------+--------+--------+-----+
|Available        |     1590|  1540|  508400|  254200|    0|
+-----------------+---------+------+--------+--------+-----+
|Utilization (%)  |        0|     1|       1|       1|    0|
+-----------------+---------+------+--------+--------+-----+

+ Detail: 
    * Instance: 
    +-------------------------+--------------------+---------+----+-----+----+-----+
    |         Instance        |       Module       | BRAM_18K| DSP|  FF | LUT| URAM|
    +-------------------------+--------------------+---------+----+-----+----+-----+
    |mul_23s_23s_46_5_1_U430  |mul_23s_23s_46_5_1  |        0|   1|  169|  67|    0|
    |mul_23s_23s_46_5_1_U431  |mul_23s_23s_46_5_1  |        0|   1|  169|  67|    0|
    |mul_23s_23s_46_5_1_U435  |mul_23s_23s_46_5_1  |        0|   1|  169|  67|    0|
    |mul_23s_23s_46_5_1_U436  |mul_23s_23s_46_5_1  |        0|   1|  169|  67|    0|
    |mul_23s_23s_46_5_1_U440  |mul_23s_23s_46_5_1  |        0|   1|  169|  67|    0|
    |mul_23s_23s_46_5_1_U443  |mul_23s_23s_46_5_1  |        0|   1|  169|  67|    0|
    |mul_23s_23s_46_5_1_U446  |mul_23s_23s_46_5_1  |        0|   1|  169|  67|    0|
    |mul_23s_23s_46_5_1_U452  |mul_23s_23s_46_5_1  |        0|   1|  169|  67|    0|
    |mul_23s_23s_46_5_1_U454  |mul_23s_23s_46_5_1  |        0|   1|  169|  67|    0|
    |mul_23s_23s_46_5_1_U455  |mul_23s_23s_46_5_1  |        0|   1|  169|  67|    0|
    |mul_23s_23s_46_5_1_U465  |mul_23s_23s_46_5_1  |        0|   1|  169|  67|    0|
    |mul_23s_23s_46_5_1_U466  |mul_23s_23s_46_5_1  |        0|   1|  169|  67|    0|
    |mul_23s_23s_46_5_1_U468  |mul_23s_23s_46_5_1  |        0|   1|  169|  67|    0|
    |mul_23s_23s_46_5_1_U469  |mul_23s_23s_46_5_1  |        0|   1|  169|  67|    0|
    +-------------------------+--------------------+---------+----+-----+----+-----+
    |Total                    |                    |        0|  14| 2366| 938|    0|
    +-------------------------+--------------------+---------+----+-----+----+-----+

    * DSP: 
    +------------------------------+-------------------------+-----------+
    |           Instance           |          Module         | Expression|
    +------------------------------+-------------------------+-----------+
    |mul_mul_16s_12ns_28_4_1_U470  |mul_mul_16s_12ns_28_4_1  |    i0 * i1|
    |mul_mul_16s_12ns_28_4_1_U471  |mul_mul_16s_12ns_28_4_1  |    i0 * i1|
    +------------------------------+-------------------------+-----------+

    * Memory: 
    +----------------------------------------+----------------------------------------------------------------------------------+---------+---+----+-----+------+-----+------+-------------+
    |                 Memory                 |                                      Module                                      | BRAM_18K| FF| LUT| URAM| Words| Bits| Banks| W*Bits*Banks|
    +----------------------------------------+----------------------------------------------------------------------------------+---------+---+----+-----+------+-----+------+-------------+
    |p_ZL26sdecgru_recurrent_kernel_r_0_0_U  |gru_cell_step_1_Pipeline_VITIS_LOOP_48_1_p_ZL26sdecgru_recurrent_kernel_r_0_0bKp  |        0|  7|   4|    0|    32|    7|     1|          224|
    |p_ZL26sdecgru_recurrent_kernel_r_0_1_U  |gru_cell_step_1_Pipeline_VITIS_LOOP_48_1_p_ZL26sdecgru_recurrent_kernel_r_0_1b0s  |        0|  7|   4|    0|    32|    7|     1|          224|
    |p_ZL26sdecgru_recurrent_kernel_r_0_2_U  |gru_cell_step_1_Pipeline_VITIS_LOOP_48_1_p_ZL26sdecgru_recurrent_kernel_r_0_2cgu  |        0|  8|   4|    0|    32|    8|     1|          256|
    |p_ZL26sdecgru_recurrent_kernel_r_0_3_U  |gru_cell_step_1_Pipeline_VITIS_LOOP_48_1_p_ZL26sdecgru_recurrent_kernel_r_0_3cwx  |        0|  8|   4|    0|    32|    8|     1|          256|
    |p_ZL26sdecgru_recurrent_kernel_r_1_0_U  |gru_cell_step_1_Pipeline_VITIS_LOOP_48_1_p_ZL26sdecgru_recurrent_kernel_r_1_0bMq  |        0|  6|   3|    0|    32|    6|     1|          192|
    |p_ZL26sdecgru_recurrent_kernel_r_1_1_U  |gru_cell_step_1_Pipeline_VITIS_LOOP_48_1_p_ZL26sdecgru_recurrent_kernel_r_1_1b2s  |        0|  8|   4|    0|    32|    8|     1|          256|
    |p_ZL26sdecgru_recurrent_kernel_r_1_2_U  |gru_cell_step_1_Pipeline_VITIS_LOOP_48_1_p_ZL26sdecgru_recurrent_kernel_r_1_2civ  |        0|  7|   4|    0|    32|    7|     1|          224|
    |p_ZL26sdecgru_recurrent_kernel_r_1_3_U  |gru_cell_step_1_Pipeline_VITIS_LOOP_48_1_p_ZL26sdecgru_recurrent_kernel_r_1_3cyx  |        0|  7|   4|    0|    32|    7|     1|          224|
    |p_ZL26sdecgru_recurrent_kernel_r_2_0_U  |gru_cell_step_1_Pipeline_VITIS_LOOP_48_1_p_ZL26sdecgru_recurrent_kernel_r_2_0bOq  |        0|  7|   4|    0|    32|    7|     1|          224|
    |p_ZL26sdecgru_recurrent_kernel_r_2_1_U  |gru_cell_step_1_Pipeline_VITIS_LOOP_48_1_p_ZL26sdecgru_recurrent_kernel_r_2_1b4t  |        0|  8|   4|    0|    32|    8|     1|          256|
    |p_ZL26sdecgru_recurrent_kernel_r_2_2_U  |gru_cell_step_1_Pipeline_VITIS_LOOP_48_1_p_ZL26sdecgru_recurrent_kernel_r_2_2ckv  |        0|  8|   4|    0|    32|    8|     1|          256|
    |p_ZL26sdecgru_recurrent_kernel_r_2_3_U  |gru_cell_step_1_Pipeline_VITIS_LOOP_48_1_p_ZL26sdecgru_recurrent_kernel_r_2_3cAy  |        0|  7|   4|    0|    32|    7|     1|          224|
    |p_ZL26sdecgru_recurrent_kernel_r_3_0_U  |gru_cell_step_1_Pipeline_VITIS_LOOP_48_1_p_ZL26sdecgru_recurrent_kernel_r_3_0bQq  |        0|  7|   4|    0|    32|    7|     1|          224|
    |p_ZL26sdecgru_recurrent_kernel_r_3_1_U  |gru_cell_step_1_Pipeline_VITIS_LOOP_48_1_p_ZL26sdecgru_recurrent_kernel_r_3_1b6t  |        0|  7|   4|    0|    32|    7|     1|          224|
    |p_ZL26sdecgru_recurrent_kernel_r_3_2_U  |gru_cell_step_1_Pipeline_VITIS_LOOP_48_1_p_ZL26sdecgru_recurrent_kernel_r_3_2cmv  |        0|  7|   4|    0|    32|    7|     1|          224|
    |p_ZL26sdecgru_recurrent_kernel_r_3_3_U  |gru_cell_step_1_Pipeline_VITIS_LOOP_48_1_p_ZL26sdecgru_recurrent_kernel_r_3_3cCy  |        0|  7|   4|    0|    32|    7|     1|          224|
    |p_ZL26sdecgru_recurrent_kernel_r_4_0_U  |gru_cell_step_1_Pipeline_VITIS_LOOP_48_1_p_ZL26sdecgru_recurrent_kernel_r_4_0bSr  |        0|  6|   3|    0|    32|    6|     1|          192|
    |p_ZL26sdecgru_recurrent_kernel_r_4_1_U  |gru_cell_step_1_Pipeline_VITIS_LOOP_48_1_p_ZL26sdecgru_recurrent_kernel_r_4_1b8t  |        0|  8|   4|    0|    32|    8|     1|          256|
    |p_ZL26sdecgru_recurrent_kernel_r_4_2_U  |gru_cell_step_1_Pipeline_VITIS_LOOP_48_1_p_ZL26sdecgru_recurrent_kernel_r_4_2cow  |        0|  7|   4|    0|    32|    7|     1|          224|
    |p_ZL26sdecgru_recurrent_kernel_r_4_3_U  |gru_cell_step_1_Pipeline_VITIS_LOOP_48_1_p_ZL26sdecgru_recurrent_kernel_r_4_3cEy  |        0|  7|   4|    0|    32|    7|     1|          224|
    |p_ZL26sdecgru_recurrent_kernel_r_5_0_U  |gru_cell_step_1_Pipeline_VITIS_LOOP_48_1_p_ZL26sdecgru_recurrent_kernel_r_5_0bUr  |        0|  7|   4|    0|    32|    7|     1|          224|
    |p_ZL26sdecgru_recurrent_kernel_r_5_1_U  |gru_cell_step_1_Pipeline_VITIS_LOOP_48_1_p_ZL26sdecgru_recurrent_kernel_r_5_1cau  |        0|  7|   4|    0|    32|    7|     1|          224|
    |p_ZL26sdecgru_recurrent_kernel_r_5_2_U  |gru_cell_step_1_Pipeline_VITIS_LOOP_48_1_p_ZL26sdecgru_recurrent_kernel_r_5_2cqw  |        0|  7|   4|    0|    32|    7|     1|          224|
    |p_ZL26sdecgru_recurrent_kernel_r_5_3_U  |gru_cell_step_1_Pipeline_VITIS_LOOP_48_1_p_ZL26sdecgru_recurrent_kernel_r_5_3cGz  |        0|  7|   4|    0|    32|    7|     1|          224|
    |p_ZL26sdecgru_recurrent_kernel_r_6_0_U  |gru_cell_step_1_Pipeline_VITIS_LOOP_48_1_p_ZL26sdecgru_recurrent_kernel_r_6_0bWr  |        0|  7|   4|    0|    32|    7|     1|          224|
    |p_ZL26sdecgru_recurrent_kernel_r_6_1_U  |gru_cell_step_1_Pipeline_VITIS_LOOP_48_1_p_ZL26sdecgru_recurrent_kernel_r_6_1ccu  |        0|  7|   4|    0|    32|    7|     1|          224|
    |p_ZL26sdecgru_recurrent_kernel_r_6_2_U  |gru_cell_step_1_Pipeline_VITIS_LOOP_48_1_p_ZL26sdecgru_recurrent_kernel_r_6_2csw  |        0|  7|   4|    0|    32|    7|     1|          224|
    |p_ZL26sdecgru_recurrent_kernel_r_6_3_U  |gru_cell_step_1_Pipeline_VITIS_LOOP_48_1_p_ZL26sdecgru_recurrent_kernel_r_6_3cIz  |        0|  7|   4|    0|    32|    7|     1|          224|
    |p_ZL26sdecgru_recurrent_kernel_r_7_0_U  |gru_cell_step_1_Pipeline_VITIS_LOOP_48_1_p_ZL26sdecgru_recurrent_kernel_r_7_0bYs  |        0|  7|   4|    0|    32|    7|     1|          224|
    |p_ZL26sdecgru_recurrent_kernel_r_7_1_U  |gru_cell_step_1_Pipeline_VITIS_LOOP_48_1_p_ZL26sdecgru_recurrent_kernel_r_7_1ceu  |        0|  6|   3|    0|    32|    6|     1|          192|
    |p_ZL26sdecgru_recurrent_kernel_r_7_2_U  |gru_cell_step_1_Pipeline_VITIS_LOOP_48_1_p_ZL26sdecgru_recurrent_kernel_r_7_2cux  |        0|  7|   4|    0|    32|    7|     1|          224|
    |p_ZL26sdecgru_recurrent_kernel_r_7_3_U  |gru_cell_step_1_Pipeline_VITIS_LOOP_48_1_p_ZL26sdecgru_recurrent_kernel_r_7_3cKz  |        0|  8|   4|    0|    32|    8|     1|          256|
    |p_ZL26sdecgru_recurrent_kernel_z_0_0_U  |gru_cell_step_1_Pipeline_VITIS_LOOP_48_1_p_ZL26sdecgru_recurrent_kernel_z_0_0bJp  |        0|  8|   4|    0|    32|    8|     1|          256|
    |p_ZL26sdecgru_recurrent_kernel_z_0_1_U  |gru_cell_step_1_Pipeline_VITIS_LOOP_48_1_p_ZL26sdecgru_recurrent_kernel_z_0_1bZs  |        0|  7|   4|    0|    32|    7|     1|          224|
    |p_ZL26sdecgru_recurrent_kernel_z_0_2_U  |gru_cell_step_1_Pipeline_VITIS_LOOP_48_1_p_ZL26sdecgru_recurrent_kernel_z_0_2cfu  |        0|  7|   4|    0|    32|    7|     1|          224|
    |p_ZL26sdecgru_recurrent_kernel_z_0_3_U  |gru_cell_step_1_Pipeline_VITIS_LOOP_48_1_p_ZL26sdecgru_recurrent_kernel_z_0_3cvx  |        0|  8|   4|    0|    32|    8|     1|          256|
    |p_ZL26sdecgru_recurrent_kernel_z_1_0_U  |gru_cell_step_1_Pipeline_VITIS_LOOP_48_1_p_ZL26sdecgru_recurrent_kernel_z_1_0bLp  |        0|  7|   4|    0|    32|    7|     1|          224|
    |p_ZL26sdecgru_recurrent_kernel_z_1_1_U  |gru_cell_step_1_Pipeline_VITIS_LOOP_48_1_p_ZL26sdecgru_recurrent_kernel_z_1_1b1s  |        0|  8|   4|    0|    32|    8|     1|          256|
    |p_ZL26sdecgru_recurrent_kernel_z_1_2_U  |gru_cell_step_1_Pipeline_VITIS_LOOP_48_1_p_ZL26sdecgru_recurrent_kernel_z_1_2chv  |        0|  8|   4|    0|    32|    8|     1|          256|
    |p_ZL26sdecgru_recurrent_kernel_z_1_3_U  |gru_cell_step_1_Pipeline_VITIS_LOOP_48_1_p_ZL26sdecgru_recurrent_kernel_z_1_3cxx  |        0|  7|   4|    0|    32|    7|     1|          224|
    |p_ZL26sdecgru_recurrent_kernel_z_2_0_U  |gru_cell_step_1_Pipeline_VITIS_LOOP_48_1_p_ZL26sdecgru_recurrent_kernel_z_2_0bNq  |        0|  7|   4|    0|    32|    7|     1|          224|
    |p_ZL26sdecgru_recurrent_kernel_z_2_1_U  |gru_cell_step_1_Pipeline_VITIS_LOOP_48_1_p_ZL26sdecgru_recurrent_kernel_z_2_1b3s  |        0|  7|   4|    0|    32|    7|     1|          224|
    |p_ZL26sdecgru_recurrent_kernel_z_2_2_U  |gru_cell_step_1_Pipeline_VITIS_LOOP_48_1_p_ZL26sdecgru_recurrent_kernel_z_2_2cjv  |        0|  7|   4|    0|    32|    7|     1|          224|
    |p_ZL26sdecgru_recurrent_kernel_z_2_3_U  |gru_cell_step_1_Pipeline_VITIS_LOOP_48_1_p_ZL26sdecgru_recurrent_kernel_z_2_3czy  |        0|  6|   3|    0|    32|    6|     1|          192|
    |p_ZL26sdecgru_recurrent_kernel_z_3_0_U  |gru_cell_step_1_Pipeline_VITIS_LOOP_48_1_p_ZL26sdecgru_recurrent_kernel_z_3_0bPq  |        0|  7|   4|    0|    32|    7|     1|          224|
    |p_ZL26sdecgru_recurrent_kernel_z_3_1_U  |gru_cell_step_1_Pipeline_VITIS_LOOP_48_1_p_ZL26sdecgru_recurrent_kernel_z_3_1b5t  |        0|  7|   4|    0|    32|    7|     1|          224|
    |p_ZL26sdecgru_recurrent_kernel_z_3_2_U  |gru_cell_step_1_Pipeline_VITIS_LOOP_48_1_p_ZL26sdecgru_recurrent_kernel_z_3_2clv  |        0|  7|   4|    0|    32|    7|     1|          224|
    |p_ZL26sdecgru_recurrent_kernel_z_3_3_U  |gru_cell_step_1_Pipeline_VITIS_LOOP_48_1_p_ZL26sdecgru_recurrent_kernel_z_3_3cBy  |        0|  7|   4|    0|    32|    7|     1|          224|
    |p_ZL26sdecgru_recurrent_kernel_z_4_0_U  |gru_cell_step_1_Pipeline_VITIS_LOOP_48_1_p_ZL26sdecgru_recurrent_kernel_z_4_0bRq  |        0|  7|   4|    0|    32|    7|     1|          224|
    |p_ZL26sdecgru_recurrent_kernel_z_4_1_U  |gru_cell_step_1_Pipeline_VITIS_LOOP_48_1_p_ZL26sdecgru_recurrent_kernel_z_4_1b7t  |        0|  8|   4|    0|    32|    8|     1|          256|
    |p_ZL26sdecgru_recurrent_kernel_z_4_2_U  |gru_cell_step_1_Pipeline_VITIS_LOOP_48_1_p_ZL26sdecgru_recurrent_kernel_z_4_2cnw  |        0|  8|   4|    0|    32|    8|     1|          256|
    |p_ZL26sdecgru_recurrent_kernel_z_4_3_U  |gru_cell_step_1_Pipeline_VITIS_LOOP_48_1_p_ZL26sdecgru_recurrent_kernel_z_4_3cDy  |        0|  7|   4|    0|    32|    7|     1|          224|
    |p_ZL26sdecgru_recurrent_kernel_z_5_0_U  |gru_cell_step_1_Pipeline_VITIS_LOOP_48_1_p_ZL26sdecgru_recurrent_kernel_z_5_0bTr  |        0|  8|   4|    0|    32|    8|     1|          256|
    |p_ZL26sdecgru_recurrent_kernel_z_5_1_U  |gru_cell_step_1_Pipeline_VITIS_LOOP_48_1_p_ZL26sdecgru_recurrent_kernel_z_5_1b9t  |        0|  7|   4|    0|    32|    7|     1|          224|
    |p_ZL26sdecgru_recurrent_kernel_z_5_2_U  |gru_cell_step_1_Pipeline_VITIS_LOOP_48_1_p_ZL26sdecgru_recurrent_kernel_z_5_2cpw  |        0|  6|   3|    0|    32|    6|     1|          192|
    |p_ZL26sdecgru_recurrent_kernel_z_5_3_U  |gru_cell_step_1_Pipeline_VITIS_LOOP_48_1_p_ZL26sdecgru_recurrent_kernel_z_5_3cFz  |        0|  8|   4|    0|    32|    8|     1|          256|
    |p_ZL26sdecgru_recurrent_kernel_z_6_0_U  |gru_cell_step_1_Pipeline_VITIS_LOOP_48_1_p_ZL26sdecgru_recurrent_kernel_z_6_0bVr  |        0|  7|   4|    0|    32|    7|     1|          224|
    |p_ZL26sdecgru_recurrent_kernel_z_6_1_U  |gru_cell_step_1_Pipeline_VITIS_LOOP_48_1_p_ZL26sdecgru_recurrent_kernel_z_6_1cbu  |        0|  8|   4|    0|    32|    8|     1|          256|
    |p_ZL26sdecgru_recurrent_kernel_z_6_2_U  |gru_cell_step_1_Pipeline_VITIS_LOOP_48_1_p_ZL26sdecgru_recurrent_kernel_z_6_2crw  |        0|  7|   4|    0|    32|    7|     1|          224|
    |p_ZL26sdecgru_recurrent_kernel_z_6_3_U  |gru_cell_step_1_Pipeline_VITIS_LOOP_48_1_p_ZL26sdecgru_recurrent_kernel_z_6_3cHz  |        0|  8|   4|    0|    32|    8|     1|          256|
    |p_ZL26sdecgru_recurrent_kernel_z_7_0_U  |gru_cell_step_1_Pipeline_VITIS_LOOP_48_1_p_ZL26sdecgru_recurrent_kernel_z_7_0bXr  |        0|  7|   4|    0|    32|    7|     1|          224|
    |p_ZL26sdecgru_recurrent_kernel_z_7_1_U  |gru_cell_step_1_Pipeline_VITIS_LOOP_48_1_p_ZL26sdecgru_recurrent_kernel_z_7_1cdu  |        0|  7|   4|    0|    32|    7|     1|          224|
    |p_ZL26sdecgru_recurrent_kernel_z_7_2_U  |gru_cell_step_1_Pipeline_VITIS_LOOP_48_1_p_ZL26sdecgru_recurrent_kernel_z_7_2ctx  |        0|  8|   4|    0|    32|    8|     1|          256|
    |p_ZL26sdecgru_recurrent_kernel_z_7_3_U  |gru_cell_step_1_Pipeline_VITIS_LOOP_48_1_p_ZL26sdecgru_recurrent_kernel_z_7_3cJz  |        0|  8|   4|    0|    32|    8|     1|          256|
    |sdecgru_bias_r_U                        |gru_cell_step_1_Pipeline_VITIS_LOOP_48_1_sdecgru_bias_r_ROM_AUTO_1R               |        0|  6|   3|    0|    32|    6|     1|          192|
    |sdecgru_bias_z_U                        |gru_cell_step_1_Pipeline_VITIS_LOOP_48_1_sdecgru_bias_z_ROM_AUTO_1R               |        0|  7|   4|    0|    32|    7|     1|          224|
    +----------------------------------------+----------------------------------------------------------------------------------+---------+---+----+-----+------+-----+------+-------------+
    |Total                                   |                                                                                  |        0|475| 258|    0|  2112|  475|    66|        15200|
    +----------------------------------------+----------------------------------------------------------------------------------+---------+---+----+-----+------+-----+------+-------------+

    * FIFO: 
    N/A

    * Expression: 
    +----------------------+----------+----+---+----+------------+------------+
    |     Variable Name    | Operation| DSP| FF| LUT| Bitwidth P0| Bitwidth P1|
    +----------------------+----------+----+---+----+------------+------------+
    |add_ln48_fu_1692_p2   |         +|   0|  0|  14|           6|           1|
    |ret_V_221_fu_2243_p2  |         +|   0|  0|  46|          46|          46|
    |ret_V_226_fu_2322_p2  |         +|   0|  0|  46|          46|          46|
    |ret_V_227_fu_2341_p2  |         +|   0|  0|  46|          46|          46|
    |ret_V_232_fu_2453_p2  |         +|   0|  0|  46|          46|          46|
    |ret_V_233_fu_2468_p2  |         +|   0|  0|  46|          46|          46|
    |ret_V_238_fu_2720_p2  |         +|   0|  0|  46|          46|          46|
    |ret_V_241_fu_2742_p2  |         +|   0|  0|  46|          46|          46|
    |ret_V_244_fu_2797_p2  |         +|   0|  0|  46|          46|          46|
    |ret_V_247_fu_2821_p2  |         +|   0|  0|  46|          46|          46|
    |ret_V_250_fu_3099_p2  |         +|   0|  0|  46|          46|          46|
    |ret_V_253_fu_3122_p2  |         +|   0|  0|  46|          46|          46|
    |ret_V_256_fu_3177_p2  |         +|   0|  0|  46|          46|          46|
    |ret_V_259_fu_3204_p2  |         +|   0|  0|  46|          46|          46|
    |ret_V_262_fu_3336_p2  |         +|   0|  0|  46|          46|          46|
    |ret_V_265_fu_3358_p2  |         +|   0|  0|  46|          46|          46|
    |ret_V_268_fu_3417_p2  |         +|   0|  0|  46|          46|          46|
    |ret_V_271_fu_3444_p2  |         +|   0|  0|  46|          46|          46|
    |ret_V_274_fu_3496_p2  |         +|   0|  0|  46|          46|          46|
    |ret_V_276_fu_3541_p2  |         +|   0|  0|  53|          46|          46|
    |ret_V_277_fu_3519_p2  |         +|   0|  0|  46|          46|          46|
    |ret_V_278_fu_1980_p2  |         +|   0|  0|  53|          46|          46|
    |ret_V_279_fu_1988_p2  |         +|   0|  0|  52|          45|          45|
    |ret_V_280_fu_2207_p2  |         +|   0|  0|  46|          46|          46|
    |ret_V_281_fu_2215_p2  |         +|   0|  0|  46|          46|          46|
    |ret_V_282_fu_2292_p2  |         +|   0|  0|  53|          46|          46|
    |ret_V_283_fu_2301_p2  |         +|   0|  0|  53|          46|          46|
    |ret_V_284_fu_2307_p2  |         +|   0|  0|  46|          46|          46|
    |ret_V_285_fu_2314_p2  |         +|   0|  0|  46|          46|          46|
    |ret_V_286_fu_2374_p2  |         +|   0|  0|  53|          46|          46|
    |ret_V_287_fu_2383_p2  |         +|   0|  0|  53|          46|          46|
    |ret_V_288_fu_2440_p2  |         +|   0|  0|  46|          46|          46|
    |ret_V_289_fu_2448_p2  |         +|   0|  0|  46|          46|          46|
    |ret_V_290_fu_2692_p2  |         +|   0|  0|  53|          46|          46|
    |ret_V_291_fu_2698_p2  |         +|   0|  0|  46|          46|          46|
    |ret_V_292_fu_2715_p2  |         +|   0|  0|  46|          46|          46|
    |ret_V_293_fu_2706_p2  |         +|   0|  0|  46|          46|          46|
    |ret_V_294_fu_2735_p2  |         +|   0|  0|  46|          46|          46|
    |ret_V_295_fu_2768_p2  |         +|   0|  0|  53|          46|          46|
    |ret_V_296_fu_2790_p2  |         +|   0|  0|  46|          46|          46|
    |ret_V_297_fu_2784_p2  |         +|   0|  0|  53|          46|          46|
    |ret_V_298_fu_2816_p2  |         +|   0|  0|  46|          46|          46|
    |ret_V_299_fu_2894_p2  |         +|   0|  0|  53|          46|          46|
    |ret_V_300_fu_3092_p2  |         +|   0|  0|  46|          46|          46|
    |ret_V_301_fu_2910_p2  |         +|   0|  0|  53|          46|          46|
    |ret_V_302_fu_3115_p2  |         +|   0|  0|  46|          46|          46|
    |ret_V_303_fu_3148_p2  |         +|   0|  0|  53|          46|          46|
    |ret_V_304_fu_3170_p2  |         +|   0|  0|  46|          46|          46|
    |ret_V_305_fu_3164_p2  |         +|   0|  0|  53|          46|          46|
    |ret_V_306_fu_3196_p2  |         +|   0|  0|  46|          46|          46|
    |ret_V_307_fu_3230_p2  |         +|   0|  0|  53|          46|          46|
    |ret_V_308_fu_3332_p2  |         +|   0|  0|  46|          46|          46|
    |ret_V_309_fu_3246_p2  |         +|   0|  0|  53|          46|          46|
    |ret_V_310_fu_3351_p2  |         +|   0|  0|  46|          46|          46|
    |ret_V_311_fu_3384_p2  |         +|   0|  0|  53|          46|          46|
    |ret_V_312_fu_3409_p2  |         +|   0|  0|  46|          46|          46|
    |ret_V_313_fu_3400_p2  |         +|   0|  0|  53|          46|          46|
    |ret_V_314_fu_3436_p2  |         +|   0|  0|  46|          46|          46|
    |ret_V_315_fu_3470_p2  |         +|   0|  0|  53|          46|          46|
    |ret_V_316_fu_3492_p2  |         +|   0|  0|  46|          46|          46|
    |ret_V_317_fu_3486_p2  |         +|   0|  0|  53|          46|          46|
    |ret_V_318_fu_3514_p2  |         +|   0|  0|  46|          46|          46|
    |ret_V_fu_2224_p2      |         +|   0|  0|  46|          46|          46|
    |sum_r_V_2_fu_3567_p2  |         +|   0|  0|  31|          24|          24|
    |sum_z_V_2_fu_3593_p2  |         +|   0|  0|  31|          24|          24|
    |icmp_ln48_fu_1686_p2  |      icmp|   0|  0|  10|           6|           7|
    |ap_enable_pp0         |       xor|   0|  0|   6|           1|           2|
    |pre_r_V_fu_3623_p2    |       xor|   0|  0|  15|          14|          15|
    |pre_z_V_fu_3638_p2    |       xor|   0|  0|  15|          14|          15|
    +----------------------+----------+----+---+----+------------+------------+
    |Total                 |          |   0|  0|3113|        2940|        2939|
    +----------------------+----------+----+---+----+------------+------------+

    * Multiplexer: 
    +----------------------------------+----+-----------+-----+-----------+
    |               Name               | LUT| Input Size| Bits| Total Bits|
    +----------------------------------+----+-----------+-----+-----------+
    |ap_NS_fsm                         |  21|          5|    1|          5|
    |ap_done_int                       |   9|          2|    1|          2|
    |ap_enable_reg_pp0_iter0           |   9|          2|    1|          2|
    |ap_enable_reg_pp0_iter1           |   9|          2|    1|          2|
    |ap_enable_reg_pp0_iter8           |   9|          2|    1|          2|
    |ap_loop_exit_ready_pp0_iter1_reg  |   9|          2|    1|          2|
    |ap_loop_exit_ready_pp0_iter2_reg  |   9|          2|    1|          2|
    |ap_loop_exit_ready_pp0_iter3_reg  |   9|          2|    1|          2|
    |ap_loop_exit_ready_pp0_iter4_reg  |   9|          2|    1|          2|
    |ap_loop_exit_ready_pp0_iter5_reg  |   9|          2|    1|          2|
    |ap_loop_exit_ready_pp0_iter6_reg  |   9|          2|    1|          2|
    |ap_loop_exit_ready_pp0_iter7_reg  |   9|          2|    1|          2|
    |ap_sig_allocacmp_u_3              |   9|          2|    6|         12|
    |u_fu_310                          |   9|          2|    6|         12|
    +----------------------------------+----+-----------+-----+-----------+
    |Total                             | 138|         31|   24|         51|
    +----------------------------------+----+-----------+-----+-----------+

    * Register: 
    +----------------------------------+----+----+-----+-----------+
    |               Name               | FF | LUT| Bits| Const Bits|
    +----------------------------------+----+----+-----+-----------+
    |ap_CS_fsm                         |   4|   0|    4|          0|
    |ap_done_reg                       |   1|   0|    1|          0|
    |ap_enable_reg_pp0_iter0_reg       |   1|   0|    1|          0|
    |ap_enable_reg_pp0_iter1           |   1|   0|    1|          0|
    |ap_enable_reg_pp0_iter2           |   1|   0|    1|          0|
    |ap_enable_reg_pp0_iter3           |   1|   0|    1|          0|
    |ap_enable_reg_pp0_iter4           |   1|   0|    1|          0|
    |ap_enable_reg_pp0_iter5           |   1|   0|    1|          0|
    |ap_enable_reg_pp0_iter6           |   1|   0|    1|          0|
    |ap_enable_reg_pp0_iter7           |   1|   0|    1|          0|
    |ap_enable_reg_pp0_iter8           |   1|   0|    1|          0|
    |ap_loop_exit_ready_pp0_iter1_reg  |   1|   0|    1|          0|
    |ap_loop_exit_ready_pp0_iter2_reg  |   1|   0|    1|          0|
    |ap_loop_exit_ready_pp0_iter3_reg  |   1|   0|    1|          0|
    |ap_loop_exit_ready_pp0_iter4_reg  |   1|   0|    1|          0|
    |ap_loop_exit_ready_pp0_iter5_reg  |   1|   0|    1|          0|
    |ap_loop_exit_ready_pp0_iter6_reg  |   1|   0|    1|          0|
    |ap_loop_exit_ready_pp0_iter7_reg  |   1|   0|    1|          0|
    |icmp_ln48_reg_3921                |   1|   0|    1|          0|
    |pre_r_V_reg_5508                  |  14|   0|   14|          0|
    |pre_z_V_reg_5513                  |  14|   0|   14|          0|
    |r_V_177_reg_4363                  |  45|   0|   45|          0|
    |r_V_178_reg_4368                  |  44|   0|   44|          0|
    |r_V_179_reg_4373                  |  45|   0|   45|          0|
    |r_V_180_reg_4378                  |  45|   0|   45|          0|
    |r_V_181_reg_4383                  |  45|   0|   45|          0|
    |r_V_182_reg_4388                  |  45|   0|   45|          0|
    |r_V_183_reg_4393                  |  45|   0|   45|          0|
    |r_V_184_reg_4398                  |  44|   0|   44|          0|
    |r_V_185_reg_4403                  |  46|   0|   46|          0|
    |r_V_186_reg_4408                  |  45|   0|   45|          0|
    |r_V_187_reg_4413                  |  45|   0|   45|          0|
    |r_V_188_reg_4418                  |  45|   0|   45|          0|
    |r_V_189_reg_4693                  |  45|   0|   45|          0|
    |r_V_190_reg_4698                  |  45|   0|   45|          0|
    |r_V_191_reg_4713                  |  45|   0|   45|          0|
    |r_V_192_reg_4718                  |  45|   0|   45|          0|
    |r_V_193_reg_4723                  |  46|   0|   46|          0|
    |r_V_194_reg_4728                  |  46|   0|   46|          0|
    |r_V_195_reg_4733                  |  45|   0|   45|          0|
    |r_V_196_reg_4738                  |  46|   0|   46|          0|
    |r_V_197_reg_4743                  |  45|   0|   45|          0|
    |r_V_198_reg_4748                  |  45|   0|   45|          0|
    |r_V_199_reg_4753                  |  46|   0|   46|          0|
    |r_V_200_reg_4758                  |  46|   0|   46|          0|
    |r_V_201_reg_4763                  |  45|   0|   45|          0|
    |r_V_202_reg_4768                  |  45|   0|   45|          0|
    |r_V_203_reg_5033                  |  46|   0|   46|          0|
    |r_V_204_reg_4778                  |  45|   0|   45|          0|
    |r_V_205_reg_5043                  |  45|   0|   45|          0|
    |r_V_206_reg_5048                  |  44|   0|   44|          0|
    |r_V_207_reg_5058                  |  45|   0|   45|          0|
    |r_V_208_reg_4808                  |  46|   0|   46|          0|
    |r_V_209_reg_5068                  |  46|   0|   46|          0|
    |r_V_210_reg_5073                  |  45|   0|   45|          0|
    |r_V_211_reg_5078                  |  45|   0|   45|          0|
    |r_V_212_reg_5083                  |  46|   0|   46|          0|
    |r_V_213_reg_5088                  |  45|   0|   45|          0|
    |r_V_214_reg_5093                  |  45|   0|   45|          0|
    |r_V_215_reg_5098                  |  46|   0|   46|          0|
    |r_V_216_reg_5103                  |  45|   0|   45|          0|
    |r_V_217_reg_5108                  |  44|   0|   44|          0|
    |r_V_218_reg_5113                  |  45|   0|   45|          0|
    |r_V_219_reg_5278                  |  45|   0|   45|          0|
    |r_V_220_reg_5123                  |  45|   0|   45|          0|
    |r_V_221_reg_5288                  |  46|   0|   46|          0|
    |r_V_222_reg_5293                  |  45|   0|   45|          0|
    |r_V_223_reg_5308                  |  46|   0|   46|          0|
    |r_V_224_reg_5313                  |  46|   0|   46|          0|
    |r_V_225_reg_5318                  |  45|   0|   45|          0|
    |r_V_226_reg_5323                  |  45|   0|   45|          0|
    |r_V_227_reg_5328                  |  44|   0|   44|          0|
    |r_V_228_reg_5333                  |  45|   0|   45|          0|
    |r_V_229_reg_5338                  |  45|   0|   45|          0|
    |r_V_230_reg_5343                  |  45|   0|   45|          0|
    |r_V_231_reg_5348                  |  45|   0|   45|          0|
    |r_V_232_reg_5353                  |  45|   0|   45|          0|
    |r_V_233_reg_5433                  |  46|   0|   46|          0|
    |r_V_234_reg_5363                  |  45|   0|   45|          0|
    |r_V_235_reg_5443                  |  46|   0|   46|          0|
    |r_V_236_reg_5448                  |  45|   0|   45|          0|
    |r_V_237_reg_5453                  |  46|   0|   46|          0|
    |r_V_238_reg_5458                  |  46|   0|   46|          0|
    |r_V_239_reg_5493                  |  16|   0|   16|          0|
    |r_V_240_reg_5488                  |  16|   0|   16|          0|
    |r_V_241_reg_4353                  |  46|   0|   46|          0|
    |r_V_242_reg_4358                  |  45|   0|   45|          0|
    |raw_165_reg_4058                  |   7|   0|    7|          0|
    |raw_166_reg_4063                  |   7|   0|    7|          0|
    |raw_167_reg_4068                  |   6|   0|    6|          0|
    |raw_168_reg_4073                  |   7|   0|    7|          0|
    |raw_169_reg_4078                  |   7|   0|    7|          0|
    |raw_170_reg_4083                  |   7|   0|    7|          0|
    |raw_171_reg_4088                  |   7|   0|    7|          0|
    |raw_172_reg_4093                  |   7|   0|    7|          0|
    |raw_173_reg_4098                  |   6|   0|    6|          0|
    |raw_174_reg_4103                  |   8|   0|    8|          0|
    |raw_175_reg_4108                  |   7|   0|    7|          0|
    |raw_176_reg_4113                  |   7|   0|    7|          0|
    |raw_177_reg_4118                  |   7|   0|    7|          0|
    |raw_178_reg_4273                  |   7|   0|    7|          0|
    |raw_179_reg_4278                  |   7|   0|    7|          0|
    |raw_180_reg_4283                  |   7|   0|    7|          0|
    |raw_181_reg_4288                  |   7|   0|    7|          0|
    |raw_182_reg_4293                  |   8|   0|    8|          0|
    |raw_183_reg_4298                  |   8|   0|    8|          0|
    |raw_184_reg_4303                  |   7|   0|    7|          0|
    |raw_185_reg_4308                  |   8|   0|    8|          0|
    |raw_186_reg_4313                  |   7|   0|    7|          0|
    |raw_187_reg_4318                  |   7|   0|    7|          0|
    |raw_188_reg_4323                  |   8|   0|    8|          0|
    |raw_189_reg_4328                  |   8|   0|    8|          0|
    |raw_190_reg_4333                  |   7|   0|    7|          0|
    |raw_191_reg_4338                  |   7|   0|    7|          0|
    |raw_192_reg_4608                  |   8|   0|    8|          0|
    |raw_193_reg_4343                  |   7|   0|    7|          0|
    |raw_194_reg_4613                  |   7|   0|    7|          0|
    |raw_195_reg_4618                  |   6|   0|    6|          0|
    |raw_196_reg_4623                  |   7|   0|    7|          0|
    |raw_197_reg_4348                  |   8|   0|    8|          0|
    |raw_198_reg_4628                  |   8|   0|    8|          0|
    |raw_199_reg_4633                  |   7|   0|    7|          0|
    |raw_200_reg_4638                  |   7|   0|    7|          0|
    |raw_201_reg_4643                  |   8|   0|    8|          0|
    |raw_202_reg_4648                  |   7|   0|    7|          0|
    |raw_203_reg_4653                  |   7|   0|    7|          0|
    |raw_204_reg_4658                  |   8|   0|    8|          0|
    |raw_205_reg_4663                  |   7|   0|    7|          0|
    |raw_206_reg_4668                  |   6|   0|    6|          0|
    |raw_207_reg_4673                  |   7|   0|    7|          0|
    |raw_208_reg_4948                  |   7|   0|    7|          0|
    |raw_209_reg_4678                  |   7|   0|    7|          0|
    |raw_210_reg_4953                  |   8|   0|    8|          0|
    |raw_211_reg_4958                  |   7|   0|    7|          0|
    |raw_212_reg_4963                  |   8|   0|    8|          0|
    |raw_213_reg_4968                  |   8|   0|    8|          0|
    |raw_214_reg_4973                  |   7|   0|    7|          0|
    |raw_215_reg_4978                  |   7|   0|    7|          0|
    |raw_216_reg_4983                  |   6|   0|    6|          0|
    |raw_217_reg_4988                  |   7|   0|    7|          0|
    |raw_218_reg_4993                  |   7|   0|    7|          0|
    |raw_219_reg_4998                  |   7|   0|    7|          0|
    |raw_220_reg_5003                  |   7|   0|    7|          0|
    |raw_221_reg_5008                  |   7|   0|    7|          0|
    |raw_222_reg_5223                  |   8|   0|    8|          0|
    |raw_223_reg_5013                  |   7|   0|    7|          0|
    |raw_224_reg_5233                  |   8|   0|    8|          0|
    |raw_225_reg_5238                  |   7|   0|    7|          0|
    |raw_226_reg_5243                  |   8|   0|    8|          0|
    |raw_227_reg_5248                  |   8|   0|    8|          0|
    |raw_228_reg_5463                  |   7|   0|    7|          0|
    |raw_229_reg_5468                  |   6|   0|    6|          0|
    |raw_reg_4053                      |   8|   0|    8|          0|
    |ret_V_278_reg_4433                |  46|   0|   46|          0|
    |ret_V_279_reg_4438                |  45|   0|   45|          0|
    |ret_V_282_reg_4598                |  46|   0|   46|          0|
    |ret_V_283_reg_4603                |  46|   0|   46|          0|
    |ret_V_286_reg_4703                |  46|   0|   46|          0|
    |ret_V_287_reg_4708                |  46|   0|   46|          0|
    |ret_V_290_reg_4938                |  46|   0|   46|          0|
    |ret_V_293_reg_4943                |  46|   0|   46|          0|
    |ret_V_295_reg_5028                |  46|   0|   46|          0|
    |ret_V_297_reg_5038                |  46|   0|   46|          0|
    |ret_V_299_reg_5163                |  46|   0|   46|          0|
    |ret_V_301_reg_5168                |  46|   0|   46|          0|
    |ret_V_303_reg_5263                |  46|   0|   46|          0|
    |ret_V_305_reg_5268                |  46|   0|   46|          0|
    |ret_V_307_reg_5298                |  46|   0|   46|          0|
    |ret_V_309_reg_5303                |  46|   0|   46|          0|
    |ret_V_311_reg_5398                |  46|   0|   46|          0|
    |ret_V_313_reg_5403                |  46|   0|   46|          0|
    |ret_V_315_reg_5428                |  46|   0|   46|          0|
    |ret_V_317_reg_5438                |  46|   0|   46|          0|
    |sext_ln48_cast_reg_3665           |  46|   0|   46|          0|
    |sext_ln837_10_cast_reg_3863       |  45|   0|   45|          0|
    |sext_ln837_11_cast_reg_3857       |  45|   0|   45|          0|
    |sext_ln837_12_cast_reg_3851       |  45|   0|   45|          0|
    |sext_ln837_13_cast_reg_3845       |  46|   0|   46|          0|
    |sext_ln837_14_cast_reg_3835       |  46|   0|   46|          0|
    |sext_ln837_15_cast_reg_3840       |  45|   0|   45|          0|
    |sext_ln837_16_cast_reg_3829       |  45|   0|   45|          0|
    |sext_ln837_17_cast_reg_3823       |  46|   0|   46|          0|
    |sext_ln837_18_cast_reg_3817       |  45|   0|   45|          0|
    |sext_ln837_19_cast_reg_3807       |  45|   0|   45|          0|
    |sext_ln837_1_cast_reg_3916        |  46|   0|   46|          0|
    |sext_ln837_20_cast_reg_3812       |  46|   0|   46|          0|
    |sext_ln837_21_cast_reg_3797       |  44|   0|   44|          0|
    |sext_ln837_22_cast_reg_3802       |  45|   0|   45|          0|
    |sext_ln837_23_cast_reg_3787       |  46|   0|   46|          0|
    |sext_ln837_24_cast_reg_3792       |  45|   0|   45|          0|
    |sext_ln837_25_cast_reg_3777       |  45|   0|   45|          0|
    |sext_ln837_26_cast_reg_3782       |  46|   0|   46|          0|
    |sext_ln837_27_cast_reg_3767       |  46|   0|   46|          0|
    |sext_ln837_28_cast_reg_3772       |  45|   0|   45|          0|
    |sext_ln837_29_cast_reg_3761       |  45|   0|   45|          0|
    |sext_ln837_2_cast_reg_3901        |  44|   0|   44|          0|
    |sext_ln837_30_cast_reg_3751       |  45|   0|   45|          0|
    |sext_ln837_31_cast_reg_3756       |  46|   0|   46|          0|
    |sext_ln837_32_cast_reg_3741       |  45|   0|   45|          0|
    |sext_ln837_33_cast_reg_3746       |  44|   0|   44|          0|
    |sext_ln837_34_cast_reg_3735       |  45|   0|   45|          0|
    |sext_ln837_35_cast_reg_3725       |  45|   0|   45|          0|
    |sext_ln837_36_cast_reg_3730       |  46|   0|   46|          0|
    |sext_ln837_37_cast_reg_3719       |  46|   0|   46|          0|
    |sext_ln837_38_cast_reg_3713       |  45|   0|   45|          0|
    |sext_ln837_39_cast_reg_3703       |  45|   0|   45|          0|
    |sext_ln837_3_cast_reg_3906        |  45|   0|   45|          0|
    |sext_ln837_40_cast_reg_3708       |  44|   0|   44|          0|
    |sext_ln837_41_cast_reg_3697       |  45|   0|   45|          0|
    |sext_ln837_42_cast_reg_3691       |  45|   0|   45|          0|
    |sext_ln837_43_cast_reg_3681       |  45|   0|   45|          0|
    |sext_ln837_44_cast_reg_3686       |  46|   0|   46|          0|
    |sext_ln837_45_cast_reg_3671       |  45|   0|   45|          0|
    |sext_ln837_46_cast_reg_3676       |  46|   0|   46|          0|
    |sext_ln837_4_cast_reg_3895        |  45|   0|   45|          0|
    |sext_ln837_5_cast_reg_3889        |  45|   0|   45|          0|
    |sext_ln837_6_cast_reg_3879        |  44|   0|   44|          0|
    |sext_ln837_7_cast_reg_3884        |  45|   0|   45|          0|
    |sext_ln837_8_cast_reg_3869        |  45|   0|   45|          0|
    |sext_ln837_9_cast_reg_3874        |  46|   0|   46|          0|
    |sext_ln837_cast_reg_3911          |  45|   0|   45|          0|
    |sum_r_V_reg_5478                  |  24|   0|   24|          0|
    |sum_z_V_reg_5483                  |  24|   0|   24|          0|
    |tmp_101_reg_5063                  |  24|   0|   24|          0|
    |tmp_106_reg_5253                  |  24|   0|   24|          0|
    |tmp_109_reg_5273                  |  24|   0|   24|          0|
    |tmp_110_reg_5283                  |  24|   0|   24|          0|
    |tmp_111_reg_5388                  |  24|   0|   24|          0|
    |tmp_112_reg_5393                  |  24|   0|   24|          0|
    |tmp_113_reg_5408                  |  24|   0|   24|          0|
    |tmp_114_reg_5413                  |  24|   0|   24|          0|
    |tmp_115_reg_5473                  |  24|   0|   24|          0|
    |tmp_67_reg_4513                   |  24|   0|   24|          0|
    |tmp_74_reg_4683                   |  24|   0|   24|          0|
    |tmp_75_reg_4688                   |  24|   0|   24|          0|
    |tmp_82_reg_4793                   |  24|   0|   24|          0|
    |tmp_83_reg_4798                   |  24|   0|   24|          0|
    |tmp_90_reg_5018                   |  24|   0|   24|          0|
    |tmp_93_reg_5023                   |  24|   0|   24|          0|
    |tmp_98_reg_5053                   |  24|   0|   24|          0|
    |tmp_reg_4508                      |  24|   0|   24|          0|
    |tmp_s_reg_5258                    |  24|   0|   24|          0|
    |u_fu_310                          |   6|   0|    6|          0|
    |zext_ln48_reg_3925                |   6|   0|   64|         58|
    |icmp_ln48_reg_3921                |  64|  32|    1|          0|
    |zext_ln48_reg_3925                |  64|  32|   64|         58|
    +----------------------------------+----+----+-----+-----------+
    |Total                             |7184|  64| 7179|        116|
    +----------------------------------+----+----+-----+-----------+



================================================================
== Interface
================================================================
* Summary: 
+----------------------+-----+-----+------------+------------------------------------------+--------------+
|       RTL Ports      | Dir | Bits|  Protocol  |               Source Object              |    C Type    |
+----------------------+-----+-----+------------+------------------------------------------+--------------+
|ap_clk                |   in|    1|  ap_ctrl_hs|  gru_cell_step.1_Pipeline_VITIS_LOOP_48_1|  return value|
|ap_rst                |   in|    1|  ap_ctrl_hs|  gru_cell_step.1_Pipeline_VITIS_LOOP_48_1|  return value|
|ap_start              |   in|    1|  ap_ctrl_hs|  gru_cell_step.1_Pipeline_VITIS_LOOP_48_1|  return value|
|ap_done               |  out|    1|  ap_ctrl_hs|  gru_cell_step.1_Pipeline_VITIS_LOOP_48_1|  return value|
|ap_idle               |  out|    1|  ap_ctrl_hs|  gru_cell_step.1_Pipeline_VITIS_LOOP_48_1|  return value|
|ap_ready              |  out|    1|  ap_ctrl_hs|  gru_cell_step.1_Pipeline_VITIS_LOOP_48_1|  return value|
|grp_fu_11016_p_din0   |  out|   23|  ap_ctrl_hs|  gru_cell_step.1_Pipeline_VITIS_LOOP_48_1|  return value|
|grp_fu_11016_p_din1   |  out|   23|  ap_ctrl_hs|  gru_cell_step.1_Pipeline_VITIS_LOOP_48_1|  return value|
|grp_fu_11016_p_dout0  |   in|   46|  ap_ctrl_hs|  gru_cell_step.1_Pipeline_VITIS_LOOP_48_1|  return value|
|grp_fu_11016_p_ce     |  out|    1|  ap_ctrl_hs|  gru_cell_step.1_Pipeline_VITIS_LOOP_48_1|  return value|
|grp_fu_11020_p_din0   |  out|   22|  ap_ctrl_hs|  gru_cell_step.1_Pipeline_VITIS_LOOP_48_1|  return value|
|grp_fu_11020_p_din1   |  out|   23|  ap_ctrl_hs|  gru_cell_step.1_Pipeline_VITIS_LOOP_48_1|  return value|
|grp_fu_11020_p_dout0  |   in|   45|  ap_ctrl_hs|  gru_cell_step.1_Pipeline_VITIS_LOOP_48_1|  return value|
|grp_fu_11020_p_ce     |  out|    1|  ap_ctrl_hs|  gru_cell_step.1_Pipeline_VITIS_LOOP_48_1|  return value|
|grp_fu_11024_p_din0   |  out|   22|  ap_ctrl_hs|  gru_cell_step.1_Pipeline_VITIS_LOOP_48_1|  return value|
|grp_fu_11024_p_din1   |  out|   23|  ap_ctrl_hs|  gru_cell_step.1_Pipeline_VITIS_LOOP_48_1|  return value|
|grp_fu_11024_p_dout0  |   in|   45|  ap_ctrl_hs|  gru_cell_step.1_Pipeline_VITIS_LOOP_48_1|  return value|
|grp_fu_11024_p_ce     |  out|    1|  ap_ctrl_hs|  gru_cell_step.1_Pipeline_VITIS_LOOP_48_1|  return value|
|grp_fu_11028_p_din0   |  out|   21|  ap_ctrl_hs|  gru_cell_step.1_Pipeline_VITIS_LOOP_48_1|  return value|
|grp_fu_11028_p_din1   |  out|   23|  ap_ctrl_hs|  gru_cell_step.1_Pipeline_VITIS_LOOP_48_1|  return value|
|grp_fu_11028_p_dout0  |   in|   44|  ap_ctrl_hs|  gru_cell_step.1_Pipeline_VITIS_LOOP_48_1|  return value|
|grp_fu_11028_p_ce     |  out|    1|  ap_ctrl_hs|  gru_cell_step.1_Pipeline_VITIS_LOOP_48_1|  return value|
|grp_fu_11032_p_din0   |  out|   22|  ap_ctrl_hs|  gru_cell_step.1_Pipeline_VITIS_LOOP_48_1|  return value|
|grp_fu_11032_p_din1   |  out|   23|  ap_ctrl_hs|  gru_cell_step.1_Pipeline_VITIS_LOOP_48_1|  return value|
|grp_fu_11032_p_dout0  |   in|   45|  ap_ctrl_hs|  gru_cell_step.1_Pipeline_VITIS_LOOP_48_1|  return value|
|grp_fu_11032_p_ce     |  out|    1|  ap_ctrl_hs|  gru_cell_step.1_Pipeline_VITIS_LOOP_48_1|  return value|
|grp_fu_11036_p_din0   |  out|   22|  ap_ctrl_hs|  gru_cell_step.1_Pipeline_VITIS_LOOP_48_1|  return value|
|grp_fu_11036_p_din1   |  out|   23|  ap_ctrl_hs|  gru_cell_step.1_Pipeline_VITIS_LOOP_48_1|  return value|
|grp_fu_11036_p_dout0  |   in|   45|  ap_ctrl_hs|  gru_cell_step.1_Pipeline_VITIS_LOOP_48_1|  return value|
|grp_fu_11036_p_ce     |  out|    1|  ap_ctrl_hs|  gru_cell_step.1_Pipeline_VITIS_LOOP_48_1|  return value|
|grp_fu_11040_p_din0   |  out|   22|  ap_ctrl_hs|  gru_cell_step.1_Pipeline_VITIS_LOOP_48_1|  return value|
|grp_fu_11040_p_din1   |  out|   23|  ap_ctrl_hs|  gru_cell_step.1_Pipeline_VITIS_LOOP_48_1|  return value|
|grp_fu_11040_p_dout0  |   in|   45|  ap_ctrl_hs|  gru_cell_step.1_Pipeline_VITIS_LOOP_48_1|  return value|
|grp_fu_11040_p_ce     |  out|    1|  ap_ctrl_hs|  gru_cell_step.1_Pipeline_VITIS_LOOP_48_1|  return value|
|grp_fu_11044_p_din0   |  out|   22|  ap_ctrl_hs|  gru_cell_step.1_Pipeline_VITIS_LOOP_48_1|  return value|
|grp_fu_11044_p_din1   |  out|   23|  ap_ctrl_hs|  gru_cell_step.1_Pipeline_VITIS_LOOP_48_1|  return value|
|grp_fu_11044_p_dout0  |   in|   45|  ap_ctrl_hs|  gru_cell_step.1_Pipeline_VITIS_LOOP_48_1|  return value|
|grp_fu_11044_p_ce     |  out|    1|  ap_ctrl_hs|  gru_cell_step.1_Pipeline_VITIS_LOOP_48_1|  return value|
|grp_fu_11048_p_din0   |  out|   22|  ap_ctrl_hs|  gru_cell_step.1_Pipeline_VITIS_LOOP_48_1|  return value|
|grp_fu_11048_p_din1   |  out|   23|  ap_ctrl_hs|  gru_cell_step.1_Pipeline_VITIS_LOOP_48_1|  return value|
|grp_fu_11048_p_dout0  |   in|   45|  ap_ctrl_hs|  gru_cell_step.1_Pipeline_VITIS_LOOP_48_1|  return value|
|grp_fu_11048_p_ce     |  out|    1|  ap_ctrl_hs|  gru_cell_step.1_Pipeline_VITIS_LOOP_48_1|  return value|
|grp_fu_11052_p_din0   |  out|   21|  ap_ctrl_hs|  gru_cell_step.1_Pipeline_VITIS_LOOP_48_1|  return value|
|grp_fu_11052_p_din1   |  out|   23|  ap_ctrl_hs|  gru_cell_step.1_Pipeline_VITIS_LOOP_48_1|  return value|
|grp_fu_11052_p_dout0  |   in|   44|  ap_ctrl_hs|  gru_cell_step.1_Pipeline_VITIS_LOOP_48_1|  return value|
|grp_fu_11052_p_ce     |  out|    1|  ap_ctrl_hs|  gru_cell_step.1_Pipeline_VITIS_LOOP_48_1|  return value|
|grp_fu_11056_p_din0   |  out|   23|  ap_ctrl_hs|  gru_cell_step.1_Pipeline_VITIS_LOOP_48_1|  return value|
|grp_fu_11056_p_din1   |  out|   23|  ap_ctrl_hs|  gru_cell_step.1_Pipeline_VITIS_LOOP_48_1|  return value|
|grp_fu_11056_p_dout0  |   in|   46|  ap_ctrl_hs|  gru_cell_step.1_Pipeline_VITIS_LOOP_48_1|  return value|
|grp_fu_11056_p_ce     |  out|    1|  ap_ctrl_hs|  gru_cell_step.1_Pipeline_VITIS_LOOP_48_1|  return value|
|grp_fu_11060_p_din0   |  out|   22|  ap_ctrl_hs|  gru_cell_step.1_Pipeline_VITIS_LOOP_48_1|  return value|
|grp_fu_11060_p_din1   |  out|   23|  ap_ctrl_hs|  gru_cell_step.1_Pipeline_VITIS_LOOP_48_1|  return value|
|grp_fu_11060_p_dout0  |   in|   45|  ap_ctrl_hs|  gru_cell_step.1_Pipeline_VITIS_LOOP_48_1|  return value|
|grp_fu_11060_p_ce     |  out|    1|  ap_ctrl_hs|  gru_cell_step.1_Pipeline_VITIS_LOOP_48_1|  return value|
|grp_fu_11064_p_din0   |  out|   22|  ap_ctrl_hs|  gru_cell_step.1_Pipeline_VITIS_LOOP_48_1|  return value|
|grp_fu_11064_p_din1   |  out|   23|  ap_ctrl_hs|  gru_cell_step.1_Pipeline_VITIS_LOOP_48_1|  return value|
|grp_fu_11064_p_dout0  |   in|   45|  ap_ctrl_hs|  gru_cell_step.1_Pipeline_VITIS_LOOP_48_1|  return value|
|grp_fu_11064_p_ce     |  out|    1|  ap_ctrl_hs|  gru_cell_step.1_Pipeline_VITIS_LOOP_48_1|  return value|
|grp_fu_11068_p_din0   |  out|   22|  ap_ctrl_hs|  gru_cell_step.1_Pipeline_VITIS_LOOP_48_1|  return value|
|grp_fu_11068_p_din1   |  out|   23|  ap_ctrl_hs|  gru_cell_step.1_Pipeline_VITIS_LOOP_48_1|  return value|
|grp_fu_11068_p_dout0  |   in|   45|  ap_ctrl_hs|  gru_cell_step.1_Pipeline_VITIS_LOOP_48_1|  return value|
|grp_fu_11068_p_ce     |  out|    1|  ap_ctrl_hs|  gru_cell_step.1_Pipeline_VITIS_LOOP_48_1|  return value|
|grp_fu_11072_p_din0   |  out|   22|  ap_ctrl_hs|  gru_cell_step.1_Pipeline_VITIS_LOOP_48_1|  return value|
|grp_fu_11072_p_din1   |  out|   23|  ap_ctrl_hs|  gru_cell_step.1_Pipeline_VITIS_LOOP_48_1|  return value|
|grp_fu_11072_p_dout0  |   in|   45|  ap_ctrl_hs|  gru_cell_step.1_Pipeline_VITIS_LOOP_48_1|  return value|
|grp_fu_11072_p_ce     |  out|    1|  ap_ctrl_hs|  gru_cell_step.1_Pipeline_VITIS_LOOP_48_1|  return value|
|grp_fu_11076_p_din0   |  out|   22|  ap_ctrl_hs|  gru_cell_step.1_Pipeline_VITIS_LOOP_48_1|  return value|
|grp_fu_11076_p_din1   |  out|   23|  ap_ctrl_hs|  gru_cell_step.1_Pipeline_VITIS_LOOP_48_1|  return value|
|grp_fu_11076_p_dout0  |   in|   45|  ap_ctrl_hs|  gru_cell_step.1_Pipeline_VITIS_LOOP_48_1|  return value|
|grp_fu_11076_p_ce     |  out|    1|  ap_ctrl_hs|  gru_cell_step.1_Pipeline_VITIS_LOOP_48_1|  return value|
|grp_fu_11080_p_din0   |  out|   22|  ap_ctrl_hs|  gru_cell_step.1_Pipeline_VITIS_LOOP_48_1|  return value|
|grp_fu_11080_p_din1   |  out|   23|  ap_ctrl_hs|  gru_cell_step.1_Pipeline_VITIS_LOOP_48_1|  return value|
|grp_fu_11080_p_dout0  |   in|   45|  ap_ctrl_hs|  gru_cell_step.1_Pipeline_VITIS_LOOP_48_1|  return value|
|grp_fu_11080_p_ce     |  out|    1|  ap_ctrl_hs|  gru_cell_step.1_Pipeline_VITIS_LOOP_48_1|  return value|
|grp_fu_11084_p_din0   |  out|   22|  ap_ctrl_hs|  gru_cell_step.1_Pipeline_VITIS_LOOP_48_1|  return value|
|grp_fu_11084_p_din1   |  out|   23|  ap_ctrl_hs|  gru_cell_step.1_Pipeline_VITIS_LOOP_48_1|  return value|
|grp_fu_11084_p_dout0  |   in|   45|  ap_ctrl_hs|  gru_cell_step.1_Pipeline_VITIS_LOOP_48_1|  return value|
|grp_fu_11084_p_ce     |  out|    1|  ap_ctrl_hs|  gru_cell_step.1_Pipeline_VITIS_LOOP_48_1|  return value|
|grp_fu_11088_p_din0   |  out|   23|  ap_ctrl_hs|  gru_cell_step.1_Pipeline_VITIS_LOOP_48_1|  return value|
|grp_fu_11088_p_din1   |  out|   23|  ap_ctrl_hs|  gru_cell_step.1_Pipeline_VITIS_LOOP_48_1|  return value|
|grp_fu_11088_p_dout0  |   in|   46|  ap_ctrl_hs|  gru_cell_step.1_Pipeline_VITIS_LOOP_48_1|  return value|
|grp_fu_11088_p_ce     |  out|    1|  ap_ctrl_hs|  gru_cell_step.1_Pipeline_VITIS_LOOP_48_1|  return value|
|grp_fu_11092_p_din0   |  out|   23|  ap_ctrl_hs|  gru_cell_step.1_Pipeline_VITIS_LOOP_48_1|  return value|
|grp_fu_11092_p_din1   |  out|   23|  ap_ctrl_hs|  gru_cell_step.1_Pipeline_VITIS_LOOP_48_1|  return value|
|grp_fu_11092_p_dout0  |   in|   46|  ap_ctrl_hs|  gru_cell_step.1_Pipeline_VITIS_LOOP_48_1|  return value|
|grp_fu_11092_p_ce     |  out|    1|  ap_ctrl_hs|  gru_cell_step.1_Pipeline_VITIS_LOOP_48_1|  return value|
|grp_fu_11096_p_din0   |  out|   22|  ap_ctrl_hs|  gru_cell_step.1_Pipeline_VITIS_LOOP_48_1|  return value|
|grp_fu_11096_p_din1   |  out|   23|  ap_ctrl_hs|  gru_cell_step.1_Pipeline_VITIS_LOOP_48_1|  return value|
|grp_fu_11096_p_dout0  |   in|   45|  ap_ctrl_hs|  gru_cell_step.1_Pipeline_VITIS_LOOP_48_1|  return value|
|grp_fu_11096_p_ce     |  out|    1|  ap_ctrl_hs|  gru_cell_step.1_Pipeline_VITIS_LOOP_48_1|  return value|
|grp_fu_11100_p_din0   |  out|   23|  ap_ctrl_hs|  gru_cell_step.1_Pipeline_VITIS_LOOP_48_1|  return value|
|grp_fu_11100_p_din1   |  out|   23|  ap_ctrl_hs|  gru_cell_step.1_Pipeline_VITIS_LOOP_48_1|  return value|
|grp_fu_11100_p_dout0  |   in|   46|  ap_ctrl_hs|  gru_cell_step.1_Pipeline_VITIS_LOOP_48_1|  return value|
|grp_fu_11100_p_ce     |  out|    1|  ap_ctrl_hs|  gru_cell_step.1_Pipeline_VITIS_LOOP_48_1|  return value|
|grp_fu_11104_p_din0   |  out|   22|  ap_ctrl_hs|  gru_cell_step.1_Pipeline_VITIS_LOOP_48_1|  return value|
|grp_fu_11104_p_din1   |  out|   23|  ap_ctrl_hs|  gru_cell_step.1_Pipeline_VITIS_LOOP_48_1|  return value|
|grp_fu_11104_p_dout0  |   in|   45|  ap_ctrl_hs|  gru_cell_step.1_Pipeline_VITIS_LOOP_48_1|  return value|
|grp_fu_11104_p_ce     |  out|    1|  ap_ctrl_hs|  gru_cell_step.1_Pipeline_VITIS_LOOP_48_1|  return value|
|grp_fu_11108_p_din0   |  out|   22|  ap_ctrl_hs|  gru_cell_step.1_Pipeline_VITIS_LOOP_48_1|  return value|
|grp_fu_11108_p_din1   |  out|   23|  ap_ctrl_hs|  gru_cell_step.1_Pipeline_VITIS_LOOP_48_1|  return value|
|grp_fu_11108_p_dout0  |   in|   45|  ap_ctrl_hs|  gru_cell_step.1_Pipeline_VITIS_LOOP_48_1|  return value|
|grp_fu_11108_p_ce     |  out|    1|  ap_ctrl_hs|  gru_cell_step.1_Pipeline_VITIS_LOOP_48_1|  return value|
|grp_fu_11112_p_din0   |  out|   22|  ap_ctrl_hs|  gru_cell_step.1_Pipeline_VITIS_LOOP_48_1|  return value|
|grp_fu_11112_p_din1   |  out|   23|  ap_ctrl_hs|  gru_cell_step.1_Pipeline_VITIS_LOOP_48_1|  return value|
|grp_fu_11112_p_dout0  |   in|   45|  ap_ctrl_hs|  gru_cell_step.1_Pipeline_VITIS_LOOP_48_1|  return value|
|grp_fu_11112_p_ce     |  out|    1|  ap_ctrl_hs|  gru_cell_step.1_Pipeline_VITIS_LOOP_48_1|  return value|
|grp_fu_11116_p_din0   |  out|   22|  ap_ctrl_hs|  gru_cell_step.1_Pipeline_VITIS_LOOP_48_1|  return value|
|grp_fu_11116_p_din1   |  out|   23|  ap_ctrl_hs|  gru_cell_step.1_Pipeline_VITIS_LOOP_48_1|  return value|
|grp_fu_11116_p_dout0  |   in|   45|  ap_ctrl_hs|  gru_cell_step.1_Pipeline_VITIS_LOOP_48_1|  return value|
|grp_fu_11116_p_ce     |  out|    1|  ap_ctrl_hs|  gru_cell_step.1_Pipeline_VITIS_LOOP_48_1|  return value|
|grp_fu_11120_p_din0   |  out|   22|  ap_ctrl_hs|  gru_cell_step.1_Pipeline_VITIS_LOOP_48_1|  return value|
|grp_fu_11120_p_din1   |  out|   23|  ap_ctrl_hs|  gru_cell_step.1_Pipeline_VITIS_LOOP_48_1|  return value|
|grp_fu_11120_p_dout0  |   in|   45|  ap_ctrl_hs|  gru_cell_step.1_Pipeline_VITIS_LOOP_48_1|  return value|
|grp_fu_11120_p_ce     |  out|    1|  ap_ctrl_hs|  gru_cell_step.1_Pipeline_VITIS_LOOP_48_1|  return value|
|grp_fu_11124_p_din0   |  out|   22|  ap_ctrl_hs|  gru_cell_step.1_Pipeline_VITIS_LOOP_48_1|  return value|
|grp_fu_11124_p_din1   |  out|   23|  ap_ctrl_hs|  gru_cell_step.1_Pipeline_VITIS_LOOP_48_1|  return value|
|grp_fu_11124_p_dout0  |   in|   45|  ap_ctrl_hs|  gru_cell_step.1_Pipeline_VITIS_LOOP_48_1|  return value|
|grp_fu_11124_p_ce     |  out|    1|  ap_ctrl_hs|  gru_cell_step.1_Pipeline_VITIS_LOOP_48_1|  return value|
|grp_fu_11128_p_din0   |  out|   21|  ap_ctrl_hs|  gru_cell_step.1_Pipeline_VITIS_LOOP_48_1|  return value|
|grp_fu_11128_p_din1   |  out|   23|  ap_ctrl_hs|  gru_cell_step.1_Pipeline_VITIS_LOOP_48_1|  return value|
|grp_fu_11128_p_dout0  |   in|   44|  ap_ctrl_hs|  gru_cell_step.1_Pipeline_VITIS_LOOP_48_1|  return value|
|grp_fu_11128_p_ce     |  out|    1|  ap_ctrl_hs|  gru_cell_step.1_Pipeline_VITIS_LOOP_48_1|  return value|
|grp_fu_11132_p_din0   |  out|   22|  ap_ctrl_hs|  gru_cell_step.1_Pipeline_VITIS_LOOP_48_1|  return value|
|grp_fu_11132_p_din1   |  out|   23|  ap_ctrl_hs|  gru_cell_step.1_Pipeline_VITIS_LOOP_48_1|  return value|
|grp_fu_11132_p_dout0  |   in|   45|  ap_ctrl_hs|  gru_cell_step.1_Pipeline_VITIS_LOOP_48_1|  return value|
|grp_fu_11132_p_ce     |  out|    1|  ap_ctrl_hs|  gru_cell_step.1_Pipeline_VITIS_LOOP_48_1|  return value|
|grp_fu_11136_p_din0   |  out|   22|  ap_ctrl_hs|  gru_cell_step.1_Pipeline_VITIS_LOOP_48_1|  return value|
|grp_fu_11136_p_din1   |  out|   23|  ap_ctrl_hs|  gru_cell_step.1_Pipeline_VITIS_LOOP_48_1|  return value|
|grp_fu_11136_p_dout0  |   in|   45|  ap_ctrl_hs|  gru_cell_step.1_Pipeline_VITIS_LOOP_48_1|  return value|
|grp_fu_11136_p_ce     |  out|    1|  ap_ctrl_hs|  gru_cell_step.1_Pipeline_VITIS_LOOP_48_1|  return value|
|grp_fu_11140_p_din0   |  out|   22|  ap_ctrl_hs|  gru_cell_step.1_Pipeline_VITIS_LOOP_48_1|  return value|
|grp_fu_11140_p_din1   |  out|   23|  ap_ctrl_hs|  gru_cell_step.1_Pipeline_VITIS_LOOP_48_1|  return value|
|grp_fu_11140_p_dout0  |   in|   45|  ap_ctrl_hs|  gru_cell_step.1_Pipeline_VITIS_LOOP_48_1|  return value|
|grp_fu_11140_p_ce     |  out|    1|  ap_ctrl_hs|  gru_cell_step.1_Pipeline_VITIS_LOOP_48_1|  return value|
|grp_fu_11144_p_din0   |  out|   22|  ap_ctrl_hs|  gru_cell_step.1_Pipeline_VITIS_LOOP_48_1|  return value|
|grp_fu_11144_p_din1   |  out|   23|  ap_ctrl_hs|  gru_cell_step.1_Pipeline_VITIS_LOOP_48_1|  return value|
|grp_fu_11144_p_dout0  |   in|   45|  ap_ctrl_hs|  gru_cell_step.1_Pipeline_VITIS_LOOP_48_1|  return value|
|grp_fu_11144_p_ce     |  out|    1|  ap_ctrl_hs|  gru_cell_step.1_Pipeline_VITIS_LOOP_48_1|  return value|
|grp_fu_11148_p_din0   |  out|   22|  ap_ctrl_hs|  gru_cell_step.1_Pipeline_VITIS_LOOP_48_1|  return value|
|grp_fu_11148_p_din1   |  out|   23|  ap_ctrl_hs|  gru_cell_step.1_Pipeline_VITIS_LOOP_48_1|  return value|
|grp_fu_11148_p_dout0  |   in|   45|  ap_ctrl_hs|  gru_cell_step.1_Pipeline_VITIS_LOOP_48_1|  return value|
|grp_fu_11148_p_ce     |  out|    1|  ap_ctrl_hs|  gru_cell_step.1_Pipeline_VITIS_LOOP_48_1|  return value|
|grp_fu_11152_p_din0   |  out|   22|  ap_ctrl_hs|  gru_cell_step.1_Pipeline_VITIS_LOOP_48_1|  return value|
|grp_fu_11152_p_din1   |  out|   23|  ap_ctrl_hs|  gru_cell_step.1_Pipeline_VITIS_LOOP_48_1|  return value|
|grp_fu_11152_p_dout0  |   in|   45|  ap_ctrl_hs|  gru_cell_step.1_Pipeline_VITIS_LOOP_48_1|  return value|
|grp_fu_11152_p_ce     |  out|    1|  ap_ctrl_hs|  gru_cell_step.1_Pipeline_VITIS_LOOP_48_1|  return value|
|grp_fu_11156_p_din0   |  out|   21|  ap_ctrl_hs|  gru_cell_step.1_Pipeline_VITIS_LOOP_48_1|  return value|
|grp_fu_11156_p_din1   |  out|   23|  ap_ctrl_hs|  gru_cell_step.1_Pipeline_VITIS_LOOP_48_1|  return value|
|grp_fu_11156_p_dout0  |   in|   44|  ap_ctrl_hs|  gru_cell_step.1_Pipeline_VITIS_LOOP_48_1|  return value|
|grp_fu_11156_p_ce     |  out|    1|  ap_ctrl_hs|  gru_cell_step.1_Pipeline_VITIS_LOOP_48_1|  return value|
|grp_fu_11160_p_din0   |  out|   22|  ap_ctrl_hs|  gru_cell_step.1_Pipeline_VITIS_LOOP_48_1|  return value|
|grp_fu_11160_p_din1   |  out|   23|  ap_ctrl_hs|  gru_cell_step.1_Pipeline_VITIS_LOOP_48_1|  return value|
|grp_fu_11160_p_dout0  |   in|   45|  ap_ctrl_hs|  gru_cell_step.1_Pipeline_VITIS_LOOP_48_1|  return value|
|grp_fu_11160_p_ce     |  out|    1|  ap_ctrl_hs|  gru_cell_step.1_Pipeline_VITIS_LOOP_48_1|  return value|
|grp_fu_11164_p_din0   |  out|   22|  ap_ctrl_hs|  gru_cell_step.1_Pipeline_VITIS_LOOP_48_1|  return value|
|grp_fu_11164_p_din1   |  out|   23|  ap_ctrl_hs|  gru_cell_step.1_Pipeline_VITIS_LOOP_48_1|  return value|
|grp_fu_11164_p_dout0  |   in|   45|  ap_ctrl_hs|  gru_cell_step.1_Pipeline_VITIS_LOOP_48_1|  return value|
|grp_fu_11164_p_ce     |  out|    1|  ap_ctrl_hs|  gru_cell_step.1_Pipeline_VITIS_LOOP_48_1|  return value|
|grp_fu_11168_p_din0   |  out|   22|  ap_ctrl_hs|  gru_cell_step.1_Pipeline_VITIS_LOOP_48_1|  return value|
|grp_fu_11168_p_din1   |  out|   23|  ap_ctrl_hs|  gru_cell_step.1_Pipeline_VITIS_LOOP_48_1|  return value|
|grp_fu_11168_p_dout0  |   in|   45|  ap_ctrl_hs|  gru_cell_step.1_Pipeline_VITIS_LOOP_48_1|  return value|
|grp_fu_11168_p_ce     |  out|    1|  ap_ctrl_hs|  gru_cell_step.1_Pipeline_VITIS_LOOP_48_1|  return value|
|grp_fu_11172_p_din0   |  out|   22|  ap_ctrl_hs|  gru_cell_step.1_Pipeline_VITIS_LOOP_48_1|  return value|
|grp_fu_11172_p_din1   |  out|   23|  ap_ctrl_hs|  gru_cell_step.1_Pipeline_VITIS_LOOP_48_1|  return value|
|grp_fu_11172_p_dout0  |   in|   45|  ap_ctrl_hs|  gru_cell_step.1_Pipeline_VITIS_LOOP_48_1|  return value|
|grp_fu_11172_p_ce     |  out|    1|  ap_ctrl_hs|  gru_cell_step.1_Pipeline_VITIS_LOOP_48_1|  return value|
|grp_fu_11176_p_din0   |  out|   22|  ap_ctrl_hs|  gru_cell_step.1_Pipeline_VITIS_LOOP_48_1|  return value|
|grp_fu_11176_p_din1   |  out|   23|  ap_ctrl_hs|  gru_cell_step.1_Pipeline_VITIS_LOOP_48_1|  return value|
|grp_fu_11176_p_dout0  |   in|   45|  ap_ctrl_hs|  gru_cell_step.1_Pipeline_VITIS_LOOP_48_1|  return value|
|grp_fu_11176_p_ce     |  out|    1|  ap_ctrl_hs|  gru_cell_step.1_Pipeline_VITIS_LOOP_48_1|  return value|
|grp_fu_11180_p_din0   |  out|   22|  ap_ctrl_hs|  gru_cell_step.1_Pipeline_VITIS_LOOP_48_1|  return value|
|grp_fu_11180_p_din1   |  out|   23|  ap_ctrl_hs|  gru_cell_step.1_Pipeline_VITIS_LOOP_48_1|  return value|
|grp_fu_11180_p_dout0  |   in|   45|  ap_ctrl_hs|  gru_cell_step.1_Pipeline_VITIS_LOOP_48_1|  return value|
|grp_fu_11180_p_ce     |  out|    1|  ap_ctrl_hs|  gru_cell_step.1_Pipeline_VITIS_LOOP_48_1|  return value|
|grp_fu_11184_p_din0   |  out|   21|  ap_ctrl_hs|  gru_cell_step.1_Pipeline_VITIS_LOOP_48_1|  return value|
|grp_fu_11184_p_din1   |  out|   23|  ap_ctrl_hs|  gru_cell_step.1_Pipeline_VITIS_LOOP_48_1|  return value|
|grp_fu_11184_p_dout0  |   in|   44|  ap_ctrl_hs|  gru_cell_step.1_Pipeline_VITIS_LOOP_48_1|  return value|
|grp_fu_11184_p_ce     |  out|    1|  ap_ctrl_hs|  gru_cell_step.1_Pipeline_VITIS_LOOP_48_1|  return value|
|grp_fu_11188_p_din0   |  out|   22|  ap_ctrl_hs|  gru_cell_step.1_Pipeline_VITIS_LOOP_48_1|  return value|
|grp_fu_11188_p_din1   |  out|   23|  ap_ctrl_hs|  gru_cell_step.1_Pipeline_VITIS_LOOP_48_1|  return value|
|grp_fu_11188_p_dout0  |   in|   45|  ap_ctrl_hs|  gru_cell_step.1_Pipeline_VITIS_LOOP_48_1|  return value|
|grp_fu_11188_p_ce     |  out|    1|  ap_ctrl_hs|  gru_cell_step.1_Pipeline_VITIS_LOOP_48_1|  return value|
|grp_fu_11192_p_din0   |  out|   22|  ap_ctrl_hs|  gru_cell_step.1_Pipeline_VITIS_LOOP_48_1|  return value|
|grp_fu_11192_p_din1   |  out|   23|  ap_ctrl_hs|  gru_cell_step.1_Pipeline_VITIS_LOOP_48_1|  return value|
|grp_fu_11192_p_dout0  |   in|   45|  ap_ctrl_hs|  gru_cell_step.1_Pipeline_VITIS_LOOP_48_1|  return value|
|grp_fu_11192_p_ce     |  out|    1|  ap_ctrl_hs|  gru_cell_step.1_Pipeline_VITIS_LOOP_48_1|  return value|
|grp_fu_11196_p_din0   |  out|   22|  ap_ctrl_hs|  gru_cell_step.1_Pipeline_VITIS_LOOP_48_1|  return value|
|grp_fu_11196_p_din1   |  out|   23|  ap_ctrl_hs|  gru_cell_step.1_Pipeline_VITIS_LOOP_48_1|  return value|
|grp_fu_11196_p_dout0  |   in|   45|  ap_ctrl_hs|  gru_cell_step.1_Pipeline_VITIS_LOOP_48_1|  return value|
|grp_fu_11196_p_ce     |  out|    1|  ap_ctrl_hs|  gru_cell_step.1_Pipeline_VITIS_LOOP_48_1|  return value|
|grp_fu_11200_p_din0   |  out|   22|  ap_ctrl_hs|  gru_cell_step.1_Pipeline_VITIS_LOOP_48_1|  return value|
|grp_fu_11200_p_din1   |  out|   23|  ap_ctrl_hs|  gru_cell_step.1_Pipeline_VITIS_LOOP_48_1|  return value|
|grp_fu_11200_p_dout0  |   in|   45|  ap_ctrl_hs|  gru_cell_step.1_Pipeline_VITIS_LOOP_48_1|  return value|
|grp_fu_11200_p_ce     |  out|    1|  ap_ctrl_hs|  gru_cell_step.1_Pipeline_VITIS_LOOP_48_1|  return value|
|grp_fu_11204_p_din0   |  out|   22|  ap_ctrl_hs|  gru_cell_step.1_Pipeline_VITIS_LOOP_48_1|  return value|
|grp_fu_11204_p_din1   |  out|   23|  ap_ctrl_hs|  gru_cell_step.1_Pipeline_VITIS_LOOP_48_1|  return value|
|grp_fu_11204_p_dout0  |   in|   45|  ap_ctrl_hs|  gru_cell_step.1_Pipeline_VITIS_LOOP_48_1|  return value|
|grp_fu_11204_p_ce     |  out|    1|  ap_ctrl_hs|  gru_cell_step.1_Pipeline_VITIS_LOOP_48_1|  return value|
|grp_fu_11208_p_din0   |  out|   22|  ap_ctrl_hs|  gru_cell_step.1_Pipeline_VITIS_LOOP_48_1|  return value|
|grp_fu_11208_p_din1   |  out|   23|  ap_ctrl_hs|  gru_cell_step.1_Pipeline_VITIS_LOOP_48_1|  return value|
|grp_fu_11208_p_dout0  |   in|   45|  ap_ctrl_hs|  gru_cell_step.1_Pipeline_VITIS_LOOP_48_1|  return value|
|grp_fu_11208_p_ce     |  out|    1|  ap_ctrl_hs|  gru_cell_step.1_Pipeline_VITIS_LOOP_48_1|  return value|
|grp_fu_11212_p_din0   |  out|   22|  ap_ctrl_hs|  gru_cell_step.1_Pipeline_VITIS_LOOP_48_1|  return value|
|grp_fu_11212_p_din1   |  out|   23|  ap_ctrl_hs|  gru_cell_step.1_Pipeline_VITIS_LOOP_48_1|  return value|
|grp_fu_11212_p_dout0  |   in|   45|  ap_ctrl_hs|  gru_cell_step.1_Pipeline_VITIS_LOOP_48_1|  return value|
|grp_fu_11212_p_ce     |  out|    1|  ap_ctrl_hs|  gru_cell_step.1_Pipeline_VITIS_LOOP_48_1|  return value|
|sext_ln837_1          |   in|   23|     ap_none|                              sext_ln837_1|        scalar|
|sext_ln837            |   in|   23|     ap_none|                                sext_ln837|        scalar|
|sext_ln837_3          |   in|   23|     ap_none|                              sext_ln837_3|        scalar|
|sext_ln837_2          |   in|   23|     ap_none|                              sext_ln837_2|        scalar|
|sext_ln837_4          |   in|   23|     ap_none|                              sext_ln837_4|        scalar|
|sext_ln837_5          |   in|   23|     ap_none|                              sext_ln837_5|        scalar|
|sext_ln837_7          |   in|   23|     ap_none|                              sext_ln837_7|        scalar|
|sext_ln837_6          |   in|   23|     ap_none|                              sext_ln837_6|        scalar|
|sext_ln837_9          |   in|   23|     ap_none|                              sext_ln837_9|        scalar|
|sext_ln837_8          |   in|   23|     ap_none|                              sext_ln837_8|        scalar|
|sext_ln837_10         |   in|   23|     ap_none|                             sext_ln837_10|        scalar|
|sext_ln837_11         |   in|   23|     ap_none|                             sext_ln837_11|        scalar|
|sext_ln837_12         |   in|   23|     ap_none|                             sext_ln837_12|        scalar|
|sext_ln837_13         |   in|   23|     ap_none|                             sext_ln837_13|        scalar|
|sext_ln837_15         |   in|   23|     ap_none|                             sext_ln837_15|        scalar|
|sext_ln837_14         |   in|   23|     ap_none|                             sext_ln837_14|        scalar|
|sext_ln837_16         |   in|   23|     ap_none|                             sext_ln837_16|        scalar|
|sext_ln837_17         |   in|   23|     ap_none|                             sext_ln837_17|        scalar|
|sext_ln837_18         |   in|   23|     ap_none|                             sext_ln837_18|        scalar|
|sext_ln837_20         |   in|   23|     ap_none|                             sext_ln837_20|        scalar|
|sext_ln837_19         |   in|   23|     ap_none|                             sext_ln837_19|        scalar|
|sext_ln837_22         |   in|   23|     ap_none|                             sext_ln837_22|        scalar|
|sext_ln837_21         |   in|   23|     ap_none|                             sext_ln837_21|        scalar|
|sext_ln837_24         |   in|   23|     ap_none|                             sext_ln837_24|        scalar|
|sext_ln837_23         |   in|   23|     ap_none|                             sext_ln837_23|        scalar|
|sext_ln837_26         |   in|   23|     ap_none|                             sext_ln837_26|        scalar|
|sext_ln837_25         |   in|   23|     ap_none|                             sext_ln837_25|        scalar|
|sext_ln837_28         |   in|   23|     ap_none|                             sext_ln837_28|        scalar|
|sext_ln837_27         |   in|   23|     ap_none|                             sext_ln837_27|        scalar|
|sext_ln837_29         |   in|   23|     ap_none|                             sext_ln837_29|        scalar|
|sext_ln837_31         |   in|   23|     ap_none|                             sext_ln837_31|        scalar|
|sext_ln837_30         |   in|   23|     ap_none|                             sext_ln837_30|        scalar|
|sext_ln837_33         |   in|   23|     ap_none|                             sext_ln837_33|        scalar|
|sext_ln837_32         |   in|   23|     ap_none|                             sext_ln837_32|        scalar|
|sext_ln837_34         |   in|   23|     ap_none|                             sext_ln837_34|        scalar|
|sext_ln837_36         |   in|   23|     ap_none|                             sext_ln837_36|        scalar|
|sext_ln837_35         |   in|   23|     ap_none|                             sext_ln837_35|        scalar|
|sext_ln837_37         |   in|   23|     ap_none|                             sext_ln837_37|        scalar|
|sext_ln837_38         |   in|   23|     ap_none|                             sext_ln837_38|        scalar|
|sext_ln837_40         |   in|   23|     ap_none|                             sext_ln837_40|        scalar|
|sext_ln837_39         |   in|   23|     ap_none|                             sext_ln837_39|        scalar|
|sext_ln837_41         |   in|   23|     ap_none|                             sext_ln837_41|        scalar|
|sext_ln837_42         |   in|   23|     ap_none|                             sext_ln837_42|        scalar|
|sext_ln837_44         |   in|   23|     ap_none|                             sext_ln837_44|        scalar|
|sext_ln837_43         |   in|   23|     ap_none|                             sext_ln837_43|        scalar|
|sext_ln837_46         |   in|   23|     ap_none|                             sext_ln837_46|        scalar|
|sext_ln837_45         |   in|   23|     ap_none|                             sext_ln837_45|        scalar|
|sext_ln48             |   in|   23|     ap_none|                                 sext_ln48|        scalar|
|z_V_address0          |  out|    5|   ap_memory|                                       z_V|         array|
|z_V_ce0               |  out|    1|   ap_memory|                                       z_V|         array|
|z_V_we0               |  out|    1|   ap_memory|                                       z_V|         array|
|z_V_d0                |  out|   14|   ap_memory|                                       z_V|         array|
|r_V_address0          |  out|    5|   ap_memory|                                       r_V|         array|
|r_V_ce0               |  out|    1|   ap_memory|                                       r_V|         array|
|r_V_we0               |  out|    1|   ap_memory|                                       r_V|         array|
|r_V_d0                |  out|   14|   ap_memory|                                       r_V|         array|
+----------------------+-----+-----+------------+------------------------------------------+--------------+

