

================================================================
== Vitis HLS Report for 'gru_cell_step_Pipeline_VITIS_LOOP_94_5'
================================================================
* Date:           Fri Aug 14 15:46:29 2026

* Version:        2022.2 (Build 3670227 on Oct 13 2022)
* Project:        seq2seqlite_student_proj
* Solution:       solution1 (Vivado IP Flow Target)
* Product family: kintex7
* Target device:  xc7k410t-ffg676-1


================================================================
== Performance Estimates
================================================================
+ Timing: 
    * Summary: 
    +--------+---------+----------+------------+
    |  Clock |  Target | Estimated| Uncertainty|
    +--------+---------+----------+------------+
    |ap_clk  |  4.50 ns|  3.240 ns|     1.22 ns|
    +--------+---------+----------+------------+

+ Latency: 
    * Summary: 
    +---------+---------+----------+----------+-----+-----+---------+
    |  Latency (cycles) |  Latency (absolute) |  Interval | Pipeline|
    |   min   |   max   |    min   |    max   | min | max |   Type  |
    +---------+---------+----------+----------+-----+-----+---------+
    |      173|      173|  0.778 us|  0.778 us|  173|  173|       no|
    +---------+---------+----------+----------+-----+-----+---------+

    + Detail: 
        * Instance: 
        N/A

        * Loop: 
        +-------------------+---------+---------+----------+-----------+-----------+------+----------+
        |                   |  Latency (cycles) | Iteration|  Initiation Interval  | Trip |          |
        |     Loop Name     |   min   |   max   |  Latency |  achieved |   target  | Count| Pipelined|
        +-------------------+---------+---------+----------+-----------+-----------+------+----------+
        |- VITIS_LOOP_94_5  |      171|      171|        48|          4|          4|    32|       yes|
        +-------------------+---------+---------+----------+-----------+-----------+------+----------+



================================================================
== Utilization Estimates
================================================================
* Summary: 
+-----------------+---------+------+--------+--------+-----+
|       Name      | BRAM_18K|  DSP |   FF   |   LUT  | URAM|
+-----------------+---------+------+--------+--------+-----+
|DSP              |        -|     2|       -|       -|    -|
|Expression       |        -|     -|       0|    2493|    -|
|FIFO             |        -|     -|       -|       -|    -|
|Instance         |        -|     -|       0|     159|    -|
|Memory           |        0|     -|     225|     123|    -|
|Multiplexer      |        -|     -|       -|      66|    -|
|Register         |        -|     -|    4757|     128|    -|
+-----------------+---------+------+--------+--------+-----+
|Total            |        0|     2|    4982|    2969|    0|
+-----------------+---------+------+--------+--------+-----+
|Available        |     1590|  1540|  508400|  254200|    0|
+-----------------+---------+------+--------+--------+-----+
|Utilization (%)  |        0|    ~0|      ~0|       1|    0|
+-----------------+---------+------+--------+--------+-----+

+ Detail: 
    * Instance: 
    +----------------------+-----------------+---------+----+---+-----+-----+
    |       Instance       |      Module     | BRAM_18K| DSP| FF| LUT | URAM|
    +----------------------+-----------------+---------+----+---+-----+-----+
    |mux_325_8_1_1_x_U202  |mux_325_8_1_1_x  |        0|   0|  0|  142|    0|
    |mux_42_8_1_1_U197     |mux_42_8_1_1     |        0|   0|  0|   17|    0|
    +----------------------+-----------------+---------+----+---+-----+-----+
    |Total                 |                 |        0|   0|  0|  159|    0|
    +----------------------+-----------------+---------+----+---+-----+-----+

    * DSP: 
    +------------------------------+-------------------------+-----------+
    |           Instance           |          Module         | Expression|
    +------------------------------+-------------------------+-----------+
    |mul_mul_15s_14ns_29_4_1_U232  |mul_mul_15s_14ns_29_4_1  |    i0 * i1|
    |mul_mul_15s_15ns_30_4_1_U233  |mul_mul_15s_15ns_30_4_1  |    i0 * i1|
    +------------------------------+-------------------------+-----------+

    * Memory: 
    +----------------------------------------+----------------------------------------------------------------------------------+---------+---+----+-----+------+-----+------+-------------+
    |                 Memory                 |                                      Module                                      | BRAM_18K| FF| LUT| URAM| Words| Bits| Banks| W*Bits*Banks|
    +----------------------------------------+----------------------------------------------------------------------------------+---------+---+----+-----+------+-----+------+-------------+
    |p_ZL26sencgru_recurrent_kernel_h_0_0_U  |gru_cell_step_Pipeline_VITIS_LOOP_94_5_p_ZL26sencgru_recurrent_kernel_h_0_0_Rbdk  |        0|  7|   4|    0|    32|    7|     1|          224|
    |p_ZL26sencgru_recurrent_kernel_h_0_1_U  |gru_cell_step_Pipeline_VITIS_LOOP_94_5_p_ZL26sencgru_recurrent_kernel_h_0_1_Rbll  |        0|  6|   3|    0|    32|    6|     1|          192|
    |p_ZL26sencgru_recurrent_kernel_h_0_2_U  |gru_cell_step_Pipeline_VITIS_LOOP_94_5_p_ZL26sencgru_recurrent_kernel_h_0_2_Rbtn  |        0|  6|   3|    0|    32|    6|     1|          192|
    |p_ZL26sencgru_recurrent_kernel_h_0_3_U  |gru_cell_step_Pipeline_VITIS_LOOP_94_5_p_ZL26sencgru_recurrent_kernel_h_0_3_RbBo  |        0|  7|   4|    0|    32|    7|     1|          224|
    |p_ZL26sencgru_recurrent_kernel_h_1_0_U  |gru_cell_step_Pipeline_VITIS_LOOP_94_5_p_ZL26sencgru_recurrent_kernel_h_1_0_Rbek  |        0|  7|   4|    0|    32|    7|     1|          224|
    |p_ZL26sencgru_recurrent_kernel_h_1_1_U  |gru_cell_step_Pipeline_VITIS_LOOP_94_5_p_ZL26sencgru_recurrent_kernel_h_1_1_Rbml  |        0|  7|   4|    0|    32|    7|     1|          224|
    |p_ZL26sencgru_recurrent_kernel_h_1_2_U  |gru_cell_step_Pipeline_VITIS_LOOP_94_5_p_ZL26sencgru_recurrent_kernel_h_1_2_Rbun  |        0|  7|   4|    0|    32|    7|     1|          224|
    |p_ZL26sencgru_recurrent_kernel_h_1_3_U  |gru_cell_step_Pipeline_VITIS_LOOP_94_5_p_ZL26sencgru_recurrent_kernel_h_1_3_RbCo  |        0|  7|   4|    0|    32|    7|     1|          224|
    |p_ZL26sencgru_recurrent_kernel_h_2_0_U  |gru_cell_step_Pipeline_VITIS_LOOP_94_5_p_ZL26sencgru_recurrent_kernel_h_2_0_Rbfk  |        0|  7|   4|    0|    32|    7|     1|          224|
    |p_ZL26sencgru_recurrent_kernel_h_2_1_U  |gru_cell_step_Pipeline_VITIS_LOOP_94_5_p_ZL26sencgru_recurrent_kernel_h_2_1_Rbnm  |        0|  7|   4|    0|    32|    7|     1|          224|
    |p_ZL26sencgru_recurrent_kernel_h_2_2_U  |gru_cell_step_Pipeline_VITIS_LOOP_94_5_p_ZL26sencgru_recurrent_kernel_h_2_2_Rbvn  |        0|  7|   4|    0|    32|    7|     1|          224|
    |p_ZL26sencgru_recurrent_kernel_h_2_3_U  |gru_cell_step_Pipeline_VITIS_LOOP_94_5_p_ZL26sencgru_recurrent_kernel_h_2_3_RbDo  |        0|  7|   4|    0|    32|    7|     1|          224|
    |p_ZL26sencgru_recurrent_kernel_h_3_0_U  |gru_cell_step_Pipeline_VITIS_LOOP_94_5_p_ZL26sencgru_recurrent_kernel_h_3_0_Rbgk  |        0|  7|   4|    0|    32|    7|     1|          224|
    |p_ZL26sencgru_recurrent_kernel_h_3_1_U  |gru_cell_step_Pipeline_VITIS_LOOP_94_5_p_ZL26sencgru_recurrent_kernel_h_3_1_Rbom  |        0|  6|   3|    0|    32|    6|     1|          192|
    |p_ZL26sencgru_recurrent_kernel_h_3_2_U  |gru_cell_step_Pipeline_VITIS_LOOP_94_5_p_ZL26sencgru_recurrent_kernel_h_3_2_Rbwn  |        0|  8|   4|    0|    32|    8|     1|          256|
    |p_ZL26sencgru_recurrent_kernel_h_3_3_U  |gru_cell_step_Pipeline_VITIS_LOOP_94_5_p_ZL26sencgru_recurrent_kernel_h_3_3_RbEo  |        0|  7|   4|    0|    32|    7|     1|          224|
    |p_ZL26sencgru_recurrent_kernel_h_4_0_U  |gru_cell_step_Pipeline_VITIS_LOOP_94_5_p_ZL26sencgru_recurrent_kernel_h_4_0_Rbhl  |        0|  6|   3|    0|    32|    6|     1|          192|
    |p_ZL26sencgru_recurrent_kernel_h_4_1_U  |gru_cell_step_Pipeline_VITIS_LOOP_94_5_p_ZL26sencgru_recurrent_kernel_h_4_1_Rbpm  |        0|  7|   4|    0|    32|    7|     1|          224|
    |p_ZL26sencgru_recurrent_kernel_h_4_2_U  |gru_cell_step_Pipeline_VITIS_LOOP_94_5_p_ZL26sencgru_recurrent_kernel_h_4_2_Rbxn  |        0|  7|   4|    0|    32|    7|     1|          224|
    |p_ZL26sencgru_recurrent_kernel_h_4_3_U  |gru_cell_step_Pipeline_VITIS_LOOP_94_5_p_ZL26sencgru_recurrent_kernel_h_4_3_RbFp  |        0|  7|   4|    0|    32|    7|     1|          224|
    |p_ZL26sencgru_recurrent_kernel_h_5_0_U  |gru_cell_step_Pipeline_VITIS_LOOP_94_5_p_ZL26sencgru_recurrent_kernel_h_5_0_Rbil  |        0|  7|   4|    0|    32|    7|     1|          224|
    |p_ZL26sencgru_recurrent_kernel_h_5_1_U  |gru_cell_step_Pipeline_VITIS_LOOP_94_5_p_ZL26sencgru_recurrent_kernel_h_5_1_Rbqm  |        0|  6|   3|    0|    32|    6|     1|          192|
    |p_ZL26sencgru_recurrent_kernel_h_5_2_U  |gru_cell_step_Pipeline_VITIS_LOOP_94_5_p_ZL26sencgru_recurrent_kernel_h_5_2_Rbyn  |        0|  6|   3|    0|    32|    6|     1|          192|
    |p_ZL26sencgru_recurrent_kernel_h_5_3_U  |gru_cell_step_Pipeline_VITIS_LOOP_94_5_p_ZL26sencgru_recurrent_kernel_h_5_3_RbGp  |        0|  7|   4|    0|    32|    7|     1|          224|
    |p_ZL26sencgru_recurrent_kernel_h_6_0_U  |gru_cell_step_Pipeline_VITIS_LOOP_94_5_p_ZL26sencgru_recurrent_kernel_h_6_0_Rbjl  |        0|  7|   4|    0|    32|    7|     1|          224|
    |p_ZL26sencgru_recurrent_kernel_h_6_1_U  |gru_cell_step_Pipeline_VITIS_LOOP_94_5_p_ZL26sencgru_recurrent_kernel_h_6_1_Rbrm  |        0|  8|   4|    0|    32|    8|     1|          256|
    |p_ZL26sencgru_recurrent_kernel_h_6_2_U  |gru_cell_step_Pipeline_VITIS_LOOP_94_5_p_ZL26sencgru_recurrent_kernel_h_6_2_Rbzo  |        0|  7|   4|    0|    32|    7|     1|          224|
    |p_ZL26sencgru_recurrent_kernel_h_6_3_U  |gru_cell_step_Pipeline_VITIS_LOOP_94_5_p_ZL26sencgru_recurrent_kernel_h_6_3_RbHp  |        0|  7|   4|    0|    32|    7|     1|          224|
    |p_ZL26sencgru_recurrent_kernel_h_7_0_U  |gru_cell_step_Pipeline_VITIS_LOOP_94_5_p_ZL26sencgru_recurrent_kernel_h_7_0_Rbkl  |        0|  6|   3|    0|    32|    6|     1|          192|
    |p_ZL26sencgru_recurrent_kernel_h_7_1_U  |gru_cell_step_Pipeline_VITIS_LOOP_94_5_p_ZL26sencgru_recurrent_kernel_h_7_1_Rbsm  |        0|  8|   4|    0|    32|    8|     1|          256|
    |p_ZL26sencgru_recurrent_kernel_h_7_2_U  |gru_cell_step_Pipeline_VITIS_LOOP_94_5_p_ZL26sencgru_recurrent_kernel_h_7_2_RbAo  |        0|  7|   4|    0|    32|    7|     1|          224|
    |p_ZL26sencgru_recurrent_kernel_h_7_3_U  |gru_cell_step_Pipeline_VITIS_LOOP_94_5_p_ZL26sencgru_recurrent_kernel_h_7_3_RbIp  |        0|  6|   3|    0|    32|    6|     1|          192|
    |sencgru_bias_h_U                        |gru_cell_step_Pipeline_VITIS_LOOP_94_5_sencgru_bias_h_ROM_AUTO_1R                 |        0|  6|   3|    0|    32|    6|     1|          192|
    +----------------------------------------+----------------------------------------------------------------------------------+---------+---+----+-----+------+-----+------+-------------+
    |Total                                   |                                                                                  |        0|225| 123|    0|  1056|  225|    33|         7200|
    +----------------------------------------+----------------------------------------------------------------------------------+---------+---+----+-----+------+-----+------+-------------+

    * FIFO: 
    N/A

    * Expression: 
    +-----------------------------+----------+----+---+----+------------+------------+
    |        Variable Name        | Operation| DSP| FF| LUT| Bitwidth P0| Bitwidth P1|
    +-----------------------------+----------+----+---+----+------------+------------+
    |add_ln1347_1_fu_3012_p2      |         +|   0|  0|  36|          29|          29|
    |add_ln823_fu_3026_p2         |         +|   0|  0|  28|          21|          21|
    |add_ln94_fu_1207_p2          |         +|   0|  0|  14|           6|           1|
    |add_ln97_1_fu_2777_p2        |         +|   0|  0|  30|          23|          23|
    |add_ln97_fu_2866_p2          |         +|   0|  0|  31|          24|          24|
    |h_upd_V_4_fu_3065_p2         |         +|   0|  0|  15|           8|           8|
    |hh_V_1_fu_2811_p2            |         +|   0|  0|  15|           8|           8|
    |ret_V_31_fu_1565_p2          |         +|   0|  0|  61|          54|          54|
    |ret_V_32_fu_1591_p2          |         +|   0|  0|  61|          54|          54|
    |ret_V_33_fu_1617_p2          |         +|   0|  0|  61|          54|          54|
    |ret_V_34_fu_1643_p2          |         +|   0|  0|  61|          54|          54|
    |ret_V_35_fu_1733_p2          |         +|   0|  0|  61|          54|          54|
    |ret_V_36_fu_1759_p2          |         +|   0|  0|  61|          54|          54|
    |ret_V_37_fu_1785_p2          |         +|   0|  0|  61|          54|          54|
    |ret_V_38_fu_1811_p2          |         +|   0|  0|  61|          54|          54|
    |ret_V_39_fu_1885_p2          |         +|   0|  0|  61|          54|          54|
    |ret_V_40_fu_1943_p2          |         +|   0|  0|  61|          54|          54|
    |ret_V_41_fu_1969_p2          |         +|   0|  0|  61|          54|          54|
    |ret_V_42_fu_1995_p2          |         +|   0|  0|  61|          54|          54|
    |ret_V_43_fu_2021_p2          |         +|   0|  0|  61|          54|          54|
    |ret_V_44_fu_2111_p2          |         +|   0|  0|  61|          54|          54|
    |ret_V_45_fu_2137_p2          |         +|   0|  0|  61|          54|          54|
    |ret_V_46_fu_2163_p2          |         +|   0|  0|  61|          54|          54|
    |ret_V_47_fu_2189_p2          |         +|   0|  0|  61|          54|          54|
    |ret_V_48_fu_2247_p2          |         +|   0|  0|  61|          54|          54|
    |ret_V_49_fu_2321_p2          |         +|   0|  0|  61|          54|          54|
    |ret_V_50_fu_2347_p2          |         +|   0|  0|  61|          54|          54|
    |ret_V_51_fu_2373_p2          |         +|   0|  0|  61|          54|          54|
    |ret_V_52_fu_2399_p2          |         +|   0|  0|  61|          54|          54|
    |ret_V_53_fu_2489_p2          |         +|   0|  0|  61|          54|          54|
    |ret_V_54_fu_2515_p2          |         +|   0|  0|  61|          54|          54|
    |ret_V_55_fu_2541_p2          |         +|   0|  0|  61|          54|          54|
    |ret_V_56_fu_2567_p2          |         +|   0|  0|  61|          54|          54|
    |ret_V_57_fu_2609_p2          |         +|   0|  0|  61|          54|          54|
    |ret_V_58_fu_2635_p2          |         +|   0|  0|  61|          54|          54|
    |ret_V_59_fu_2661_p2          |         +|   0|  0|  61|          54|          54|
    |ret_V_60_fu_2687_p2          |         +|   0|  0|  61|          54|          54|
    |ret_V_61_fu_2713_p2          |         +|   0|  0|  61|          54|          54|
    |ret_V_63_fu_3049_p2          |         +|   0|  0|  37|          30|          30|
    |ret_V_fu_1519_p2             |         +|   0|  0|  55|          48|          48|
    |sum_h_V_2_fu_2772_p2         |         +|   0|  0|  39|          32|          32|
    |one_minus_z_V_fu_2972_p2     |         -|   0|  0|  23|          16|          15|
    |and_ln890_fu_2901_p2         |       and|   0|  0|   6|           1|           1|
    |and_ln891_1_fu_3140_p2       |       and|   0|  0|   6|           1|           1|
    |and_ln891_fu_2913_p2         |       and|   0|  0|   6|           1|           1|
    |carry_2_fu_2876_p2           |       and|   0|  0|   6|           1|           1|
    |carry_4_fu_3084_p2           |       and|   0|  0|   6|           1|           1|
    |deleted_ones_1_fu_3134_p2    |       and|   0|  0|   6|           1|           1|
    |overflow_1_fu_3164_p2        |       and|   0|  0|   6|           1|           1|
    |overflow_fu_2934_p2          |       and|   0|  0|   6|           1|           1|
    |underflow_1_fu_3188_p2       |       and|   0|  0|   6|           1|           1|
    |underflow_fu_2958_p2         |       and|   0|  0|   6|           1|           1|
    |Range1_all_ones_fu_2851_p2   |      icmp|   0|  0|  11|           9|           2|
    |Range1_all_zeros_fu_2857_p2  |      icmp|   0|  0|  11|           9|           1|
    |Range2_all_ones_fu_2835_p2   |      icmp|   0|  0|  11|           8|           2|
    |icmp_ln94_fu_1201_p2         |      icmp|   0|  0|  10|           6|           7|
    |or_ln346_1_fu_3194_p2        |        or|   0|  0|   6|           1|           1|
    |or_ln346_fu_2963_p2          |        or|   0|  0|   6|           1|           1|
    |or_ln888_fu_3102_p2          |        or|   0|  0|   6|           1|           1|
    |or_ln890_fu_3128_p2          |        or|   0|  0|   6|           1|           1|
    |or_ln895_1_fu_3152_p2        |        or|   0|  0|   6|           1|           1|
    |or_ln895_fu_2924_p2          |        or|   0|  0|   6|           1|           1|
    |or_ln896_1_fu_3176_p2        |        or|   0|  0|   6|           1|           1|
    |or_ln896_fu_2946_p2          |        or|   0|  0|   6|           1|           1|
    |deleted_ones_fu_2906_p3      |    select|   0|  0|   2|           1|           1|
    |deleted_zeros_fu_2881_p3     |    select|   0|  0|   2|           1|           1|
    |h_new_d0                     |    select|   0|  0|   8|           1|           8|
    |select_ln346_2_fu_2985_p3    |    select|   0|  0|   8|           1|           8|
    |select_ln346_3_fu_3200_p3    |    select|   0|  0|   9|           1|           7|
    |select_ln346_fu_2978_p3      |    select|   0|  0|   9|           1|           7|
    |ap_enable_pp0                |       xor|   0|  0|   6|           1|           2|
    |deleted_zeros_1_fu_3108_p2   |       xor|   0|  0|   6|           1|           1|
    |xor_ln888_fu_3097_p2         |       xor|   0|  0|   6|           1|           2|
    |xor_ln890_1_fu_3122_p2       |       xor|   0|  0|   6|           1|           2|
    |xor_ln890_fu_2895_p2         |       xor|   0|  0|   6|           1|           2|
    |xor_ln895_2_fu_2929_p2       |       xor|   0|  0|   6|           1|           2|
    |xor_ln895_3_fu_3146_p2       |       xor|   0|  0|   6|           1|           2|
    |xor_ln895_4_fu_3158_p2       |       xor|   0|  0|   6|           1|           2|
    |xor_ln895_fu_2918_p2         |       xor|   0|  0|   6|           1|           2|
    |xor_ln896_3_fu_2940_p2       |       xor|   0|  0|   6|           1|           2|
    |xor_ln896_4_fu_2952_p2       |       xor|   0|  0|   6|           1|           1|
    |xor_ln896_5_fu_3078_p2       |       xor|   0|  0|   6|           1|           2|
    |xor_ln896_6_fu_3170_p2       |       xor|   0|  0|   6|           1|           2|
    |xor_ln896_7_fu_3182_p2       |       xor|   0|  0|   6|           1|           1|
    |xor_ln896_fu_2871_p2         |       xor|   0|  0|   6|           1|           2|
    +-----------------------------+----------+----+---+----+------------+------------+
    |Total                        |          |   0|  0|2493|        1990|        2002|
    +-----------------------------+----------+----+---+----+------------+------------+

    * Multiplexer: 
    +-------------------------+----+-----------+-----+-----------+
    |           Name          | LUT| Input Size| Bits| Total Bits|
    +-------------------------+----+-----------+-----+-----------+
    |ap_NS_fsm                |  21|          5|    1|          5|
    |ap_done_int              |   9|          2|    1|          2|
    |ap_enable_reg_pp0_iter0  |   9|          2|    1|          2|
    |ap_enable_reg_pp0_iter1  |   9|          2|    1|          2|
    |ap_sig_allocacmp_u_1     |   9|          2|    6|         12|
    |u_fu_352                 |   9|          2|    6|         12|
    +-------------------------+----+-----------+-----+-----------+
    |Total                    |  66|         15|   16|         35|
    +-------------------------+----+-----------+-----+-----------+

    * Register: 
    +------------------------------------+----+----+-----+-----------+
    |                Name                | FF | LUT| Bits| Const Bits|
    +------------------------------------+----+----+-----+-----------+
    |Range1_all_ones_reg_4379            |   1|   0|    1|          0|
    |Range1_all_zeros_reg_4386           |   1|   0|    1|          0|
    |Range2_all_ones_reg_4374            |   1|   0|    1|          0|
    |ap_CS_fsm                           |   4|   0|    4|          0|
    |ap_done_reg                         |   1|   0|    1|          0|
    |ap_enable_reg_pp0_iter0_reg         |   1|   0|    1|          0|
    |ap_enable_reg_pp0_iter1             |   1|   0|    1|          0|
    |ap_enable_reg_pp0_iter10            |   1|   0|    1|          0|
    |ap_enable_reg_pp0_iter11            |   1|   0|    1|          0|
    |ap_enable_reg_pp0_iter2             |   1|   0|    1|          0|
    |ap_enable_reg_pp0_iter3             |   1|   0|    1|          0|
    |ap_enable_reg_pp0_iter4             |   1|   0|    1|          0|
    |ap_enable_reg_pp0_iter5             |   1|   0|    1|          0|
    |ap_enable_reg_pp0_iter6             |   1|   0|    1|          0|
    |ap_enable_reg_pp0_iter7             |   1|   0|    1|          0|
    |ap_enable_reg_pp0_iter8             |   1|   0|    1|          0|
    |ap_enable_reg_pp0_iter9             |   1|   0|    1|          0|
    |ap_loop_exit_ready_pp0_iter10_reg   |   1|   0|    1|          0|
    |ap_loop_exit_ready_pp0_iter1_reg    |   1|   0|    1|          0|
    |ap_loop_exit_ready_pp0_iter2_reg    |   1|   0|    1|          0|
    |ap_loop_exit_ready_pp0_iter3_reg    |   1|   0|    1|          0|
    |ap_loop_exit_ready_pp0_iter4_reg    |   1|   0|    1|          0|
    |ap_loop_exit_ready_pp0_iter5_reg    |   1|   0|    1|          0|
    |ap_loop_exit_ready_pp0_iter6_reg    |   1|   0|    1|          0|
    |ap_loop_exit_ready_pp0_iter7_reg    |   1|   0|    1|          0|
    |ap_loop_exit_ready_pp0_iter8_reg    |   1|   0|    1|          0|
    |ap_loop_exit_ready_pp0_iter9_reg    |   1|   0|    1|          0|
    |h_upd_V_3_reg_4431                  |   8|   0|    8|          0|
    |h_upd_V_4_reg_4447                  |   8|   0|    8|          0|
    |hh_V_1_reg_4363                     |   8|   0|    8|          0|
    |icmp_ln94_reg_3407                  |   1|   0|    1|          0|
    |one_minus_z_V_reg_4401              |  15|   0|   15|          0|
    |or_ln346_1_reg_4457                 |   1|   0|    1|          0|
    |or_ln346_reg_4396                   |   1|   0|    1|          0|
    |overflow_1_reg_4452                 |   1|   0|    1|          0|
    |overflow_reg_4391                   |   1|   0|    1|          0|
    |p_Result_3_reg_4358                 |   1|   0|    1|          0|
    |p_Result_4_reg_4368                 |   1|   0|    1|          0|
    |p_Result_6_reg_4436                 |   1|   0|    1|          0|
    |p_Result_s_reg_4352                 |   1|   0|    1|          0|
    |r_V_32_reg_3632                     |  45|   0|   45|          0|
    |r_V_33_reg_3637                     |  45|   0|   45|          0|
    |r_V_34_reg_3642                     |  45|   0|   45|          0|
    |r_V_35_reg_3647                     |  45|   0|   45|          0|
    |r_V_36_reg_3732                     |  44|   0|   44|          0|
    |r_V_37_reg_3742                     |  45|   0|   45|          0|
    |r_V_38_reg_3747                     |  45|   0|   45|          0|
    |r_V_39_reg_3752                     |  44|   0|   44|          0|
    |r_V_40_reg_3762                     |  44|   0|   44|          0|
    |r_V_41_reg_3852                     |  45|   0|   45|          0|
    |r_V_42_reg_3862                     |  45|   0|   45|          0|
    |r_V_43_reg_3867                     |  44|   0|   44|          0|
    |r_V_44_reg_3872                     |  45|   0|   45|          0|
    |r_V_45_reg_3957                     |  44|   0|   44|          0|
    |r_V_46_reg_3967                     |  46|   0|   46|          0|
    |r_V_47_reg_3972                     |  46|   0|   46|          0|
    |r_V_48_reg_3982                     |  44|   0|   44|          0|
    |r_V_49_reg_3987                     |  45|   0|   45|          0|
    |r_V_50_reg_4077                     |  45|   0|   45|          0|
    |r_V_51_reg_4087                     |  46|   0|   46|          0|
    |r_V_52_reg_4092                     |  45|   0|   45|          0|
    |r_V_53_reg_4097                     |  44|   0|   44|          0|
    |r_V_54_reg_4182                     |  45|   0|   45|          0|
    |r_V_55_reg_4192                     |  45|   0|   45|          0|
    |r_V_56_reg_4207                     |  45|   0|   45|          0|
    |r_V_57_reg_4212                     |  45|   0|   45|          0|
    |r_V_58_reg_4217                     |  45|   0|   45|          0|
    |r_V_59_reg_4262                     |  45|   0|   45|          0|
    |r_V_60_reg_4272                     |  45|   0|   45|          0|
    |r_V_61_reg_4277                     |  45|   0|   45|          0|
    |r_V_62_reg_4282                     |  45|   0|   45|          0|
    |r_V_63_reg_4312                     |  44|   0|   44|          0|
    |r_V_64_reg_3515                     |  14|   0|   14|          0|
    |r_V_68_reg_3616                     |  29|   0|   29|          0|
    |r_V_69_reg_4416                     |  30|   0|   30|          0|
    |raw_33_reg_3495                     |   7|   0|    7|          0|
    |raw_34_reg_3500                     |   7|   0|    7|          0|
    |raw_35_reg_3505                     |   7|   0|    7|          0|
    |raw_36_reg_3510                     |   7|   0|    7|          0|
    |raw_37_reg_3591                     |   6|   0|    6|          0|
    |raw_38_reg_3596                     |   7|   0|    7|          0|
    |raw_39_reg_3601                     |   7|   0|    7|          0|
    |raw_40_reg_3606                     |   6|   0|    6|          0|
    |raw_41_reg_3611                     |   6|   0|    6|          0|
    |raw_42_reg_3712                     |   7|   0|    7|          0|
    |raw_43_reg_3717                     |   7|   0|    7|          0|
    |raw_44_reg_3722                     |   6|   0|    6|          0|
    |raw_45_reg_3727                     |   7|   0|    7|          0|
    |raw_46_reg_3822                     |   6|   0|    6|          0|
    |raw_47_reg_3827                     |   8|   0|    8|          0|
    |raw_48_reg_3832                     |   8|   0|    8|          0|
    |raw_49_reg_3837                     |   6|   0|    6|          0|
    |raw_50_reg_3842                     |   7|   0|    7|          0|
    |raw_51_reg_3932                     |   7|   0|    7|          0|
    |raw_52_reg_3937                     |   8|   0|    8|          0|
    |raw_53_reg_3942                     |   7|   0|    7|          0|
    |raw_54_reg_3947                     |   6|   0|    6|          0|
    |raw_55_reg_4042                     |   7|   0|    7|          0|
    |raw_56_reg_4047                     |   7|   0|    7|          0|
    |raw_57_reg_4052                     |   7|   0|    7|          0|
    |raw_58_reg_4057                     |   7|   0|    7|          0|
    |raw_59_reg_4062                     |   7|   0|    7|          0|
    |raw_60_reg_4152                     |   7|   0|    7|          0|
    |raw_61_reg_4157                     |   7|   0|    7|          0|
    |raw_62_reg_4162                     |   7|   0|    7|          0|
    |raw_63_reg_4167                     |   7|   0|    7|          0|
    |raw_64_reg_4242                     |   6|   0|    6|          0|
    |raw_65_reg_4322                     |   6|   0|    6|          0|
    |raw_reg_3556                        |   8|   0|    8|          0|
    |sext_ln94_cast_reg_3236             |  44|   0|   44|          0|
    |shl_i_i_i314_cast_cast_reg_3396     |  47|   0|   47|          0|
    |shl_i_i_i439_10_cast_cast_reg_3341  |  45|   0|   45|          0|
    |shl_i_i_i439_11_cast_cast_reg_3336  |  44|   0|   44|          0|
    |shl_i_i_i439_12_cast_cast_reg_3331  |  45|   0|   45|          0|
    |shl_i_i_i439_13_cast_cast_reg_3326  |  44|   0|   44|          0|
    |shl_i_i_i439_14_cast_cast_reg_3321  |  46|   0|   46|          0|
    |shl_i_i_i439_15_cast_cast_reg_3316  |  46|   0|   46|          0|
    |shl_i_i_i439_16_cast_cast_reg_3311  |  44|   0|   44|          0|
    |shl_i_i_i439_17_cast_cast_reg_3306  |  45|   0|   45|          0|
    |shl_i_i_i439_18_cast_cast_reg_3301  |  45|   0|   45|          0|
    |shl_i_i_i439_19_cast_cast_reg_3296  |  46|   0|   46|          0|
    |shl_i_i_i439_1_cast_cast_reg_3386   |  45|   0|   45|          0|
    |shl_i_i_i439_20_cast_cast_reg_3291  |  45|   0|   45|          0|
    |shl_i_i_i439_21_cast_cast_reg_3286  |  44|   0|   44|          0|
    |shl_i_i_i439_22_cast_cast_reg_3281  |  45|   0|   45|          0|
    |shl_i_i_i439_23_cast_cast_reg_3276  |  45|   0|   45|          0|
    |shl_i_i_i439_24_cast_cast_reg_3271  |  45|   0|   45|          0|
    |shl_i_i_i439_25_cast_cast_reg_3266  |  45|   0|   45|          0|
    |shl_i_i_i439_26_cast_cast_reg_3261  |  45|   0|   45|          0|
    |shl_i_i_i439_27_cast_cast_reg_3256  |  45|   0|   45|          0|
    |shl_i_i_i439_28_cast_cast_reg_3251  |  45|   0|   45|          0|
    |shl_i_i_i439_29_cast_cast_reg_3246  |  45|   0|   45|          0|
    |shl_i_i_i439_2_cast_cast_reg_3381   |  45|   0|   45|          0|
    |shl_i_i_i439_30_cast_cast_reg_3241  |  45|   0|   45|          0|
    |shl_i_i_i439_3_cast_cast_reg_3376   |  45|   0|   45|          0|
    |shl_i_i_i439_4_cast_cast_reg_3371   |  44|   0|   44|          0|
    |shl_i_i_i439_5_cast_cast_reg_3366   |  45|   0|   45|          0|
    |shl_i_i_i439_6_cast_cast_reg_3361   |  45|   0|   45|          0|
    |shl_i_i_i439_7_cast_cast_reg_3356   |  44|   0|   44|          0|
    |shl_i_i_i439_8_cast_cast_reg_3351   |  44|   0|   44|          0|
    |shl_i_i_i439_9_cast_cast_reg_3346   |  45|   0|   45|          0|
    |shl_i_i_i439_cast_cast_reg_3391     |  45|   0|   45|          0|
    |shl_ln838_64_reg_4347               |   6|   0|   21|         15|
    |sum_h_V_reg_4327                    |  32|   0|   32|          0|
    |tmp_31_reg_3707                     |  32|   0|   32|          0|
    |tmp_32_reg_3737                     |  32|   0|   32|          0|
    |tmp_33_reg_3757                     |  32|   0|   32|          0|
    |tmp_34_reg_3787                     |  32|   0|   32|          0|
    |tmp_35_reg_3817                     |  32|   0|   32|          0|
    |tmp_36_reg_3847                     |  32|   0|   32|          0|
    |tmp_37_reg_3857                     |  32|   0|   32|          0|
    |tmp_38_reg_3892                     |  32|   0|   32|          0|
    |tmp_40_reg_3927                     |  32|   0|   32|          0|
    |tmp_41_reg_3952                     |  32|   0|   32|          0|
    |tmp_42_reg_3962                     |  32|   0|   32|          0|
    |tmp_43_reg_3977                     |  32|   0|   32|          0|
    |tmp_44_reg_4037                     |  32|   0|   32|          0|
    |tmp_45_reg_4067                     |  32|   0|   32|          0|
    |tmp_46_reg_4072                     |  32|   0|   32|          0|
    |tmp_47_reg_4082                     |  32|   0|   32|          0|
    |tmp_48_reg_4132                     |  32|   0|   32|          0|
    |tmp_49_reg_4172                     |  32|   0|   32|          0|
    |tmp_4_reg_3521                      |   8|   0|    8|          0|
    |tmp_50_reg_4177                     |  32|   0|   32|          0|
    |tmp_51_reg_4187                     |  32|   0|   32|          0|
    |tmp_52_reg_4202                     |  32|   0|   32|          0|
    |tmp_53_reg_4247                     |  32|   0|   32|          0|
    |tmp_54_reg_4252                     |  32|   0|   32|          0|
    |tmp_55_reg_4257                     |  32|   0|   32|          0|
    |tmp_56_reg_4267                     |  32|   0|   32|          0|
    |tmp_57_reg_4292                     |  32|   0|   32|          0|
    |tmp_58_reg_4297                     |  32|   0|   32|          0|
    |tmp_59_reg_4302                     |  32|   0|   32|          0|
    |tmp_60_reg_4317                     |  32|   0|   32|          0|
    |tmp_73_reg_4342                     |   1|   0|    1|          0|
    |tmp_78_reg_4442                     |   1|   0|    1|          0|
    |tmp_reg_3672                        |  26|   0|   26|          0|
    |tmp_s_reg_3682                      |  32|   0|   32|          0|
    |trunc_ln1270_1_reg_4421             |  21|   0|   21|          0|
    |trunc_ln1270_reg_3622               |  21|   0|   21|          0|
    |trunc_ln1347_reg_4426               |  29|   0|   29|          0|
    |trunc_ln813_3_reg_4337              |  24|   0|   24|          0|
    |trunc_ln818_2_reg_3627              |  25|   0|   25|          0|
    |trunc_ln94_reg_3490                 |   5|   0|    5|          0|
    |trunc_ln_reg_4332                   |  23|   0|   23|          0|
    |u_1_reg_3401                        |   6|   0|    6|          0|
    |u_fu_352                            |   6|   0|    6|          0|
    |zext_ln94_reg_3411                  |   6|   0|   64|         58|
    |r_V_64_reg_3515                     |  64|  32|   14|          0|
    |r_V_68_reg_3616                     |  64|  32|   29|          0|
    |trunc_ln1270_reg_3622               |  64|  32|   21|          0|
    |zext_ln94_reg_3411                  |  64|  32|   64|         58|
    +------------------------------------+----+----+-----+-----------+
    |Total                               |4757| 128| 4702|        131|
    +------------------------------------+----+----+-----+-----------+



================================================================
== Interface
================================================================
* Summary: 
+----------------------+-----+-----+------------+----------------------------------------+--------------+
|       RTL Ports      | Dir | Bits|  Protocol  |              Source Object             |    C Type    |
+----------------------+-----+-----+------------+----------------------------------------+--------------+
|ap_clk                |   in|    1|  ap_ctrl_hs|  gru_cell_step_Pipeline_VITIS_LOOP_94_5|  return value|
|ap_rst                |   in|    1|  ap_ctrl_hs|  gru_cell_step_Pipeline_VITIS_LOOP_94_5|  return value|
|ap_start              |   in|    1|  ap_ctrl_hs|  gru_cell_step_Pipeline_VITIS_LOOP_94_5|  return value|
|ap_done               |  out|    1|  ap_ctrl_hs|  gru_cell_step_Pipeline_VITIS_LOOP_94_5|  return value|
|ap_idle               |  out|    1|  ap_ctrl_hs|  gru_cell_step_Pipeline_VITIS_LOOP_94_5|  return value|
|ap_ready              |  out|    1|  ap_ctrl_hs|  gru_cell_step_Pipeline_VITIS_LOOP_94_5|  return value|
|grp_fu_11064_p_din0   |  out|   22|  ap_ctrl_hs|  gru_cell_step_Pipeline_VITIS_LOOP_94_5|  return value|
|grp_fu_11064_p_din1   |  out|   23|  ap_ctrl_hs|  gru_cell_step_Pipeline_VITIS_LOOP_94_5|  return value|
|grp_fu_11064_p_dout0  |   in|   45|  ap_ctrl_hs|  gru_cell_step_Pipeline_VITIS_LOOP_94_5|  return value|
|grp_fu_11064_p_ce     |  out|    1|  ap_ctrl_hs|  gru_cell_step_Pipeline_VITIS_LOOP_94_5|  return value|
|grp_fu_11068_p_din0   |  out|   22|  ap_ctrl_hs|  gru_cell_step_Pipeline_VITIS_LOOP_94_5|  return value|
|grp_fu_11068_p_din1   |  out|   23|  ap_ctrl_hs|  gru_cell_step_Pipeline_VITIS_LOOP_94_5|  return value|
|grp_fu_11068_p_dout0  |   in|   45|  ap_ctrl_hs|  gru_cell_step_Pipeline_VITIS_LOOP_94_5|  return value|
|grp_fu_11068_p_ce     |  out|    1|  ap_ctrl_hs|  gru_cell_step_Pipeline_VITIS_LOOP_94_5|  return value|
|grp_fu_11076_p_din0   |  out|   22|  ap_ctrl_hs|  gru_cell_step_Pipeline_VITIS_LOOP_94_5|  return value|
|grp_fu_11076_p_din1   |  out|   23|  ap_ctrl_hs|  gru_cell_step_Pipeline_VITIS_LOOP_94_5|  return value|
|grp_fu_11076_p_dout0  |   in|   45|  ap_ctrl_hs|  gru_cell_step_Pipeline_VITIS_LOOP_94_5|  return value|
|grp_fu_11076_p_ce     |  out|    1|  ap_ctrl_hs|  gru_cell_step_Pipeline_VITIS_LOOP_94_5|  return value|
|grp_fu_11080_p_din0   |  out|   22|  ap_ctrl_hs|  gru_cell_step_Pipeline_VITIS_LOOP_94_5|  return value|
|grp_fu_11080_p_din1   |  out|   23|  ap_ctrl_hs|  gru_cell_step_Pipeline_VITIS_LOOP_94_5|  return value|
|grp_fu_11080_p_dout0  |   in|   45|  ap_ctrl_hs|  gru_cell_step_Pipeline_VITIS_LOOP_94_5|  return value|
|grp_fu_11080_p_ce     |  out|    1|  ap_ctrl_hs|  gru_cell_step_Pipeline_VITIS_LOOP_94_5|  return value|
|grp_fu_11056_p_din0   |  out|   23|  ap_ctrl_hs|  gru_cell_step_Pipeline_VITIS_LOOP_94_5|  return value|
|grp_fu_11056_p_din1   |  out|   24|  ap_ctrl_hs|  gru_cell_step_Pipeline_VITIS_LOOP_94_5|  return value|
|grp_fu_11056_p_dout0  |   in|   47|  ap_ctrl_hs|  gru_cell_step_Pipeline_VITIS_LOOP_94_5|  return value|
|grp_fu_11056_p_ce     |  out|    1|  ap_ctrl_hs|  gru_cell_step_Pipeline_VITIS_LOOP_94_5|  return value|
|grp_fu_11060_p_din0   |  out|   21|  ap_ctrl_hs|  gru_cell_step_Pipeline_VITIS_LOOP_94_5|  return value|
|grp_fu_11060_p_din1   |  out|   23|  ap_ctrl_hs|  gru_cell_step_Pipeline_VITIS_LOOP_94_5|  return value|
|grp_fu_11060_p_dout0  |   in|   44|  ap_ctrl_hs|  gru_cell_step_Pipeline_VITIS_LOOP_94_5|  return value|
|grp_fu_11060_p_ce     |  out|    1|  ap_ctrl_hs|  gru_cell_step_Pipeline_VITIS_LOOP_94_5|  return value|
|grp_fu_11084_p_din0   |  out|   22|  ap_ctrl_hs|  gru_cell_step_Pipeline_VITIS_LOOP_94_5|  return value|
|grp_fu_11084_p_din1   |  out|   23|  ap_ctrl_hs|  gru_cell_step_Pipeline_VITIS_LOOP_94_5|  return value|
|grp_fu_11084_p_dout0  |   in|   45|  ap_ctrl_hs|  gru_cell_step_Pipeline_VITIS_LOOP_94_5|  return value|
|grp_fu_11084_p_ce     |  out|    1|  ap_ctrl_hs|  gru_cell_step_Pipeline_VITIS_LOOP_94_5|  return value|
|grp_fu_11092_p_din0   |  out|   22|  ap_ctrl_hs|  gru_cell_step_Pipeline_VITIS_LOOP_94_5|  return value|
|grp_fu_11092_p_din1   |  out|   23|  ap_ctrl_hs|  gru_cell_step_Pipeline_VITIS_LOOP_94_5|  return value|
|grp_fu_11092_p_dout0  |   in|   45|  ap_ctrl_hs|  gru_cell_step_Pipeline_VITIS_LOOP_94_5|  return value|
|grp_fu_11092_p_ce     |  out|    1|  ap_ctrl_hs|  gru_cell_step_Pipeline_VITIS_LOOP_94_5|  return value|
|grp_fu_11072_p_din0   |  out|   21|  ap_ctrl_hs|  gru_cell_step_Pipeline_VITIS_LOOP_94_5|  return value|
|grp_fu_11072_p_din1   |  out|   23|  ap_ctrl_hs|  gru_cell_step_Pipeline_VITIS_LOOP_94_5|  return value|
|grp_fu_11072_p_dout0  |   in|   44|  ap_ctrl_hs|  gru_cell_step_Pipeline_VITIS_LOOP_94_5|  return value|
|grp_fu_11072_p_ce     |  out|    1|  ap_ctrl_hs|  gru_cell_step_Pipeline_VITIS_LOOP_94_5|  return value|
|grp_fu_11088_p_din0   |  out|   21|  ap_ctrl_hs|  gru_cell_step_Pipeline_VITIS_LOOP_94_5|  return value|
|grp_fu_11088_p_din1   |  out|   23|  ap_ctrl_hs|  gru_cell_step_Pipeline_VITIS_LOOP_94_5|  return value|
|grp_fu_11088_p_dout0  |   in|   44|  ap_ctrl_hs|  gru_cell_step_Pipeline_VITIS_LOOP_94_5|  return value|
|grp_fu_11088_p_ce     |  out|    1|  ap_ctrl_hs|  gru_cell_step_Pipeline_VITIS_LOOP_94_5|  return value|
|grp_fu_11096_p_din0   |  out|   22|  ap_ctrl_hs|  gru_cell_step_Pipeline_VITIS_LOOP_94_5|  return value|
|grp_fu_11096_p_din1   |  out|   23|  ap_ctrl_hs|  gru_cell_step_Pipeline_VITIS_LOOP_94_5|  return value|
|grp_fu_11096_p_dout0  |   in|   45|  ap_ctrl_hs|  gru_cell_step_Pipeline_VITIS_LOOP_94_5|  return value|
|grp_fu_11096_p_ce     |  out|    1|  ap_ctrl_hs|  gru_cell_step_Pipeline_VITIS_LOOP_94_5|  return value|
|grp_fu_11100_p_din0   |  out|   22|  ap_ctrl_hs|  gru_cell_step_Pipeline_VITIS_LOOP_94_5|  return value|
|grp_fu_11100_p_din1   |  out|   23|  ap_ctrl_hs|  gru_cell_step_Pipeline_VITIS_LOOP_94_5|  return value|
|grp_fu_11100_p_dout0  |   in|   45|  ap_ctrl_hs|  gru_cell_step_Pipeline_VITIS_LOOP_94_5|  return value|
|grp_fu_11100_p_ce     |  out|    1|  ap_ctrl_hs|  gru_cell_step_Pipeline_VITIS_LOOP_94_5|  return value|
|grp_fu_11104_p_din0   |  out|   21|  ap_ctrl_hs|  gru_cell_step_Pipeline_VITIS_LOOP_94_5|  return value|
|grp_fu_11104_p_din1   |  out|   23|  ap_ctrl_hs|  gru_cell_step_Pipeline_VITIS_LOOP_94_5|  return value|
|grp_fu_11104_p_dout0  |   in|   44|  ap_ctrl_hs|  gru_cell_step_Pipeline_VITIS_LOOP_94_5|  return value|
|grp_fu_11104_p_ce     |  out|    1|  ap_ctrl_hs|  gru_cell_step_Pipeline_VITIS_LOOP_94_5|  return value|
|grp_fu_11108_p_din0   |  out|   22|  ap_ctrl_hs|  gru_cell_step_Pipeline_VITIS_LOOP_94_5|  return value|
|grp_fu_11108_p_din1   |  out|   23|  ap_ctrl_hs|  gru_cell_step_Pipeline_VITIS_LOOP_94_5|  return value|
|grp_fu_11108_p_dout0  |   in|   45|  ap_ctrl_hs|  gru_cell_step_Pipeline_VITIS_LOOP_94_5|  return value|
|grp_fu_11108_p_ce     |  out|    1|  ap_ctrl_hs|  gru_cell_step_Pipeline_VITIS_LOOP_94_5|  return value|
|grp_fu_11116_p_din0   |  out|   21|  ap_ctrl_hs|  gru_cell_step_Pipeline_VITIS_LOOP_94_5|  return value|
|grp_fu_11116_p_din1   |  out|   23|  ap_ctrl_hs|  gru_cell_step_Pipeline_VITIS_LOOP_94_5|  return value|
|grp_fu_11116_p_dout0  |   in|   44|  ap_ctrl_hs|  gru_cell_step_Pipeline_VITIS_LOOP_94_5|  return value|
|grp_fu_11116_p_ce     |  out|    1|  ap_ctrl_hs|  gru_cell_step_Pipeline_VITIS_LOOP_94_5|  return value|
|grp_fu_11156_p_din0   |  out|   23|  ap_ctrl_hs|  gru_cell_step_Pipeline_VITIS_LOOP_94_5|  return value|
|grp_fu_11156_p_din1   |  out|   23|  ap_ctrl_hs|  gru_cell_step_Pipeline_VITIS_LOOP_94_5|  return value|
|grp_fu_11156_p_dout0  |   in|   46|  ap_ctrl_hs|  gru_cell_step_Pipeline_VITIS_LOOP_94_5|  return value|
|grp_fu_11156_p_ce     |  out|    1|  ap_ctrl_hs|  gru_cell_step_Pipeline_VITIS_LOOP_94_5|  return value|
|grp_fu_11172_p_din0   |  out|   23|  ap_ctrl_hs|  gru_cell_step_Pipeline_VITIS_LOOP_94_5|  return value|
|grp_fu_11172_p_din1   |  out|   23|  ap_ctrl_hs|  gru_cell_step_Pipeline_VITIS_LOOP_94_5|  return value|
|grp_fu_11172_p_dout0  |   in|   46|  ap_ctrl_hs|  gru_cell_step_Pipeline_VITIS_LOOP_94_5|  return value|
|grp_fu_11172_p_ce     |  out|    1|  ap_ctrl_hs|  gru_cell_step_Pipeline_VITIS_LOOP_94_5|  return value|
|grp_fu_11128_p_din0   |  out|   21|  ap_ctrl_hs|  gru_cell_step_Pipeline_VITIS_LOOP_94_5|  return value|
|grp_fu_11128_p_din1   |  out|   23|  ap_ctrl_hs|  gru_cell_step_Pipeline_VITIS_LOOP_94_5|  return value|
|grp_fu_11128_p_dout0  |   in|   44|  ap_ctrl_hs|  gru_cell_step_Pipeline_VITIS_LOOP_94_5|  return value|
|grp_fu_11128_p_ce     |  out|    1|  ap_ctrl_hs|  gru_cell_step_Pipeline_VITIS_LOOP_94_5|  return value|
|grp_fu_11112_p_din0   |  out|   22|  ap_ctrl_hs|  gru_cell_step_Pipeline_VITIS_LOOP_94_5|  return value|
|grp_fu_11112_p_din1   |  out|   23|  ap_ctrl_hs|  gru_cell_step_Pipeline_VITIS_LOOP_94_5|  return value|
|grp_fu_11112_p_dout0  |   in|   45|  ap_ctrl_hs|  gru_cell_step_Pipeline_VITIS_LOOP_94_5|  return value|
|grp_fu_11112_p_ce     |  out|    1|  ap_ctrl_hs|  gru_cell_step_Pipeline_VITIS_LOOP_94_5|  return value|
|grp_fu_11120_p_din0   |  out|   22|  ap_ctrl_hs|  gru_cell_step_Pipeline_VITIS_LOOP_94_5|  return value|
|grp_fu_11120_p_din1   |  out|   23|  ap_ctrl_hs|  gru_cell_step_Pipeline_VITIS_LOOP_94_5|  return value|
|grp_fu_11120_p_dout0  |   in|   45|  ap_ctrl_hs|  gru_cell_step_Pipeline_VITIS_LOOP_94_5|  return value|
|grp_fu_11120_p_ce     |  out|    1|  ap_ctrl_hs|  gru_cell_step_Pipeline_VITIS_LOOP_94_5|  return value|
|grp_fu_11204_p_din0   |  out|   23|  ap_ctrl_hs|  gru_cell_step_Pipeline_VITIS_LOOP_94_5|  return value|
|grp_fu_11204_p_din1   |  out|   23|  ap_ctrl_hs|  gru_cell_step_Pipeline_VITIS_LOOP_94_5|  return value|
|grp_fu_11204_p_dout0  |   in|   46|  ap_ctrl_hs|  gru_cell_step_Pipeline_VITIS_LOOP_94_5|  return value|
|grp_fu_11204_p_ce     |  out|    1|  ap_ctrl_hs|  gru_cell_step_Pipeline_VITIS_LOOP_94_5|  return value|
|grp_fu_11124_p_din0   |  out|   22|  ap_ctrl_hs|  gru_cell_step_Pipeline_VITIS_LOOP_94_5|  return value|
|grp_fu_11124_p_din1   |  out|   23|  ap_ctrl_hs|  gru_cell_step_Pipeline_VITIS_LOOP_94_5|  return value|
|grp_fu_11124_p_dout0  |   in|   45|  ap_ctrl_hs|  gru_cell_step_Pipeline_VITIS_LOOP_94_5|  return value|
|grp_fu_11124_p_ce     |  out|    1|  ap_ctrl_hs|  gru_cell_step_Pipeline_VITIS_LOOP_94_5|  return value|
|grp_fu_11140_p_din0   |  out|   21|  ap_ctrl_hs|  gru_cell_step_Pipeline_VITIS_LOOP_94_5|  return value|
|grp_fu_11140_p_din1   |  out|   23|  ap_ctrl_hs|  gru_cell_step_Pipeline_VITIS_LOOP_94_5|  return value|
|grp_fu_11140_p_dout0  |   in|   44|  ap_ctrl_hs|  gru_cell_step_Pipeline_VITIS_LOOP_94_5|  return value|
|grp_fu_11140_p_ce     |  out|    1|  ap_ctrl_hs|  gru_cell_step_Pipeline_VITIS_LOOP_94_5|  return value|
|grp_fu_11132_p_din0   |  out|   22|  ap_ctrl_hs|  gru_cell_step_Pipeline_VITIS_LOOP_94_5|  return value|
|grp_fu_11132_p_din1   |  out|   23|  ap_ctrl_hs|  gru_cell_step_Pipeline_VITIS_LOOP_94_5|  return value|
|grp_fu_11132_p_dout0  |   in|   45|  ap_ctrl_hs|  gru_cell_step_Pipeline_VITIS_LOOP_94_5|  return value|
|grp_fu_11132_p_ce     |  out|    1|  ap_ctrl_hs|  gru_cell_step_Pipeline_VITIS_LOOP_94_5|  return value|
|grp_fu_11136_p_din0   |  out|   22|  ap_ctrl_hs|  gru_cell_step_Pipeline_VITIS_LOOP_94_5|  return value|
|grp_fu_11136_p_din1   |  out|   23|  ap_ctrl_hs|  gru_cell_step_Pipeline_VITIS_LOOP_94_5|  return value|
|grp_fu_11136_p_dout0  |   in|   45|  ap_ctrl_hs|  gru_cell_step_Pipeline_VITIS_LOOP_94_5|  return value|
|grp_fu_11136_p_ce     |  out|    1|  ap_ctrl_hs|  gru_cell_step_Pipeline_VITIS_LOOP_94_5|  return value|
|grp_fu_11144_p_din0   |  out|   22|  ap_ctrl_hs|  gru_cell_step_Pipeline_VITIS_LOOP_94_5|  return value|
|grp_fu_11144_p_din1   |  out|   23|  ap_ctrl_hs|  gru_cell_step_Pipeline_VITIS_LOOP_94_5|  return value|
|grp_fu_11144_p_dout0  |   in|   45|  ap_ctrl_hs|  gru_cell_step_Pipeline_VITIS_LOOP_94_5|  return value|
|grp_fu_11144_p_ce     |  out|    1|  ap_ctrl_hs|  gru_cell_step_Pipeline_VITIS_LOOP_94_5|  return value|
|grp_fu_11148_p_din0   |  out|   22|  ap_ctrl_hs|  gru_cell_step_Pipeline_VITIS_LOOP_94_5|  return value|
|grp_fu_11148_p_din1   |  out|   23|  ap_ctrl_hs|  gru_cell_step_Pipeline_VITIS_LOOP_94_5|  return value|
|grp_fu_11148_p_dout0  |   in|   45|  ap_ctrl_hs|  gru_cell_step_Pipeline_VITIS_LOOP_94_5|  return value|
|grp_fu_11148_p_ce     |  out|    1|  ap_ctrl_hs|  gru_cell_step_Pipeline_VITIS_LOOP_94_5|  return value|
|grp_fu_11152_p_din0   |  out|   22|  ap_ctrl_hs|  gru_cell_step_Pipeline_VITIS_LOOP_94_5|  return value|
|grp_fu_11152_p_din1   |  out|   23|  ap_ctrl_hs|  gru_cell_step_Pipeline_VITIS_LOOP_94_5|  return value|
|grp_fu_11152_p_dout0  |   in|   45|  ap_ctrl_hs|  gru_cell_step_Pipeline_VITIS_LOOP_94_5|  return value|
|grp_fu_11152_p_ce     |  out|    1|  ap_ctrl_hs|  gru_cell_step_Pipeline_VITIS_LOOP_94_5|  return value|
|grp_fu_11164_p_din0   |  out|   22|  ap_ctrl_hs|  gru_cell_step_Pipeline_VITIS_LOOP_94_5|  return value|
|grp_fu_11164_p_din1   |  out|   23|  ap_ctrl_hs|  gru_cell_step_Pipeline_VITIS_LOOP_94_5|  return value|
|grp_fu_11164_p_dout0  |   in|   45|  ap_ctrl_hs|  gru_cell_step_Pipeline_VITIS_LOOP_94_5|  return value|
|grp_fu_11164_p_ce     |  out|    1|  ap_ctrl_hs|  gru_cell_step_Pipeline_VITIS_LOOP_94_5|  return value|
|grp_fu_11168_p_din0   |  out|   22|  ap_ctrl_hs|  gru_cell_step_Pipeline_VITIS_LOOP_94_5|  return value|
|grp_fu_11168_p_din1   |  out|   23|  ap_ctrl_hs|  gru_cell_step_Pipeline_VITIS_LOOP_94_5|  return value|
|grp_fu_11168_p_dout0  |   in|   45|  ap_ctrl_hs|  gru_cell_step_Pipeline_VITIS_LOOP_94_5|  return value|
|grp_fu_11168_p_ce     |  out|    1|  ap_ctrl_hs|  gru_cell_step_Pipeline_VITIS_LOOP_94_5|  return value|
|grp_fu_11176_p_din0   |  out|   22|  ap_ctrl_hs|  gru_cell_step_Pipeline_VITIS_LOOP_94_5|  return value|
|grp_fu_11176_p_din1   |  out|   23|  ap_ctrl_hs|  gru_cell_step_Pipeline_VITIS_LOOP_94_5|  return value|
|grp_fu_11176_p_dout0  |   in|   45|  ap_ctrl_hs|  gru_cell_step_Pipeline_VITIS_LOOP_94_5|  return value|
|grp_fu_11176_p_ce     |  out|    1|  ap_ctrl_hs|  gru_cell_step_Pipeline_VITIS_LOOP_94_5|  return value|
|grp_fu_11180_p_din0   |  out|   22|  ap_ctrl_hs|  gru_cell_step_Pipeline_VITIS_LOOP_94_5|  return value|
|grp_fu_11180_p_din1   |  out|   23|  ap_ctrl_hs|  gru_cell_step_Pipeline_VITIS_LOOP_94_5|  return value|
|grp_fu_11180_p_dout0  |   in|   45|  ap_ctrl_hs|  gru_cell_step_Pipeline_VITIS_LOOP_94_5|  return value|
|grp_fu_11180_p_ce     |  out|    1|  ap_ctrl_hs|  gru_cell_step_Pipeline_VITIS_LOOP_94_5|  return value|
|grp_fu_11160_p_din0   |  out|   21|  ap_ctrl_hs|  gru_cell_step_Pipeline_VITIS_LOOP_94_5|  return value|
|grp_fu_11160_p_din1   |  out|   23|  ap_ctrl_hs|  gru_cell_step_Pipeline_VITIS_LOOP_94_5|  return value|
|grp_fu_11160_p_dout0  |   in|   44|  ap_ctrl_hs|  gru_cell_step_Pipeline_VITIS_LOOP_94_5|  return value|
|grp_fu_11160_p_ce     |  out|    1|  ap_ctrl_hs|  gru_cell_step_Pipeline_VITIS_LOOP_94_5|  return value|
|shl_i_i_i314_cast     |   in|   24|     ap_none|                       shl_i_i_i314_cast|        scalar|
|shl_i_i_i439_cast     |   in|   23|     ap_none|                       shl_i_i_i439_cast|        scalar|
|shl_i_i_i439_1_cast   |   in|   23|     ap_none|                     shl_i_i_i439_1_cast|        scalar|
|shl_i_i_i439_2_cast   |   in|   23|     ap_none|                     shl_i_i_i439_2_cast|        scalar|
|shl_i_i_i439_3_cast   |   in|   23|     ap_none|                     shl_i_i_i439_3_cast|        scalar|
|shl_i_i_i439_4_cast   |   in|   23|     ap_none|                     shl_i_i_i439_4_cast|        scalar|
|shl_i_i_i439_5_cast   |   in|   23|     ap_none|                     shl_i_i_i439_5_cast|        scalar|
|shl_i_i_i439_6_cast   |   in|   23|     ap_none|                     shl_i_i_i439_6_cast|        scalar|
|shl_i_i_i439_7_cast   |   in|   23|     ap_none|                     shl_i_i_i439_7_cast|        scalar|
|shl_i_i_i439_8_cast   |   in|   23|     ap_none|                     shl_i_i_i439_8_cast|        scalar|
|shl_i_i_i439_9_cast   |   in|   23|     ap_none|                     shl_i_i_i439_9_cast|        scalar|
|shl_i_i_i439_10_cast  |   in|   23|     ap_none|                    shl_i_i_i439_10_cast|        scalar|
|shl_i_i_i439_11_cast  |   in|   23|     ap_none|                    shl_i_i_i439_11_cast|        scalar|
|shl_i_i_i439_12_cast  |   in|   23|     ap_none|                    shl_i_i_i439_12_cast|        scalar|
|shl_i_i_i439_13_cast  |   in|   23|     ap_none|                    shl_i_i_i439_13_cast|        scalar|
|shl_i_i_i439_14_cast  |   in|   23|     ap_none|                    shl_i_i_i439_14_cast|        scalar|
|shl_i_i_i439_15_cast  |   in|   23|     ap_none|                    shl_i_i_i439_15_cast|        scalar|
|shl_i_i_i439_16_cast  |   in|   23|     ap_none|                    shl_i_i_i439_16_cast|        scalar|
|shl_i_i_i439_17_cast  |   in|   23|     ap_none|                    shl_i_i_i439_17_cast|        scalar|
|shl_i_i_i439_18_cast  |   in|   23|     ap_none|                    shl_i_i_i439_18_cast|        scalar|
|shl_i_i_i439_19_cast  |   in|   23|     ap_none|                    shl_i_i_i439_19_cast|        scalar|
|shl_i_i_i439_20_cast  |   in|   23|     ap_none|                    shl_i_i_i439_20_cast|        scalar|
|shl_i_i_i439_21_cast  |   in|   23|     ap_none|                    shl_i_i_i439_21_cast|        scalar|
|shl_i_i_i439_22_cast  |   in|   23|     ap_none|                    shl_i_i_i439_22_cast|        scalar|
|shl_i_i_i439_23_cast  |   in|   23|     ap_none|                    shl_i_i_i439_23_cast|        scalar|
|shl_i_i_i439_24_cast  |   in|   23|     ap_none|                    shl_i_i_i439_24_cast|        scalar|
|shl_i_i_i439_25_cast  |   in|   23|     ap_none|                    shl_i_i_i439_25_cast|        scalar|
|shl_i_i_i439_26_cast  |   in|   23|     ap_none|                    shl_i_i_i439_26_cast|        scalar|
|shl_i_i_i439_27_cast  |   in|   23|     ap_none|                    shl_i_i_i439_27_cast|        scalar|
|shl_i_i_i439_28_cast  |   in|   23|     ap_none|                    shl_i_i_i439_28_cast|        scalar|
|shl_i_i_i439_29_cast  |   in|   23|     ap_none|                    shl_i_i_i439_29_cast|        scalar|
|shl_i_i_i439_30_cast  |   in|   23|     ap_none|                    shl_i_i_i439_30_cast|        scalar|
|sext_ln94             |   in|   23|     ap_none|                               sext_ln94|        scalar|
|z_V_address0          |  out|    5|   ap_memory|                                     z_V|         array|
|z_V_ce0               |  out|    1|   ap_memory|                                     z_V|         array|
|z_V_q0                |   in|   14|   ap_memory|                                     z_V|         array|
|h_prev_0_address0     |  out|    3|   ap_memory|                                h_prev_0|         array|
|h_prev_0_ce0          |  out|    1|   ap_memory|                                h_prev_0|         array|
|h_prev_0_q0           |   in|    8|   ap_memory|                                h_prev_0|         array|
|h_prev_1_address0     |  out|    3|   ap_memory|                                h_prev_1|         array|
|h_prev_1_ce0          |  out|    1|   ap_memory|                                h_prev_1|         array|
|h_prev_1_q0           |   in|    8|   ap_memory|                                h_prev_1|         array|
|h_prev_2_address0     |  out|    3|   ap_memory|                                h_prev_2|         array|
|h_prev_2_ce0          |  out|    1|   ap_memory|                                h_prev_2|         array|
|h_prev_2_q0           |   in|    8|   ap_memory|                                h_prev_2|         array|
|h_prev_3_address0     |  out|    3|   ap_memory|                                h_prev_3|         array|
|h_prev_3_ce0          |  out|    1|   ap_memory|                                h_prev_3|         array|
|h_prev_3_q0           |   in|    8|   ap_memory|                                h_prev_3|         array|
|h_new_address0        |  out|    5|   ap_memory|                                   h_new|         array|
|h_new_ce0             |  out|    1|   ap_memory|                                   h_new|         array|
|h_new_we0             |  out|    1|   ap_memory|                                   h_new|         array|
|h_new_d0              |  out|    8|   ap_memory|                                   h_new|         array|
+----------------------+-----+-----+------------+----------------------------------------+--------------+

