

================================================================
== Vitis HLS Report for 'gru_cell_step_Pipeline_VITIS_LOOP_48_1'
================================================================
* Date:           Fri Aug 14 15:46:25 2026

* Version:        2022.2 (Build 3670227 on Oct 13 2022)
* Project:        seq2seqlite_student_proj
* Solution:       solution1 (Vivado IP Flow Target)
* Product family: kintex7
* Target device:  xc7k410t-ffg676-1


================================================================
== Performance Estimates
================================================================
+ Timing: 
    * Summary: 
    +--------+---------+----------+------------+
    |  Clock |  Target | Estimated| Uncertainty|
    +--------+---------+----------+------------+
    |ap_clk  |  4.50 ns|  2.996 ns|     1.22 ns|
    +--------+---------+----------+------------+

+ Latency: 
    * Summary: 
    +---------+---------+----------+----------+-----+-----+---------+
    |  Latency (cycles) |  Latency (absolute) |  Interval | Pipeline|
    |   min   |   max   |    min   |    max   | min | max |   Type  |
    +---------+---------+----------+----------+-----+-----+---------+
    |      159|      159|  0.716 us|  0.716 us|  159|  159|       no|
    +---------+---------+----------+----------+-----+-----+---------+

    + Detail: 
        * Instance: 
        N/A

        * Loop: 
        +-------------------+---------+---------+----------+-----------+-----------+------+----------+
        |                   |  Latency (cycles) | Iteration|  Initiation Interval  | Trip |          |
        |     Loop Name     |   min   |   max   |  Latency |  achieved |   target  | Count| Pipelined|
        +-------------------+---------+---------+----------+-----------+-----------+------+----------+
        |- VITIS_LOOP_48_1  |      157|      157|        34|          4|          4|    32|       yes|
        +-------------------+---------+---------+----------+-----------+-----------+------+----------+



================================================================
== Utilization Estimates
================================================================
* Summary: 
+-----------------+---------+------+--------+--------+-----+
|       Name      | BRAM_18K|  DSP |   FF   |   LUT  | URAM|
+-----------------+---------+------+--------+--------+-----+
|DSP              |        -|     2|       -|       -|    -|
|Expression       |        -|     -|       0|    3192|    -|
|FIFO             |        -|     -|       -|       -|    -|
|Instance         |        -|    12|    1876|    1044|    -|
|Memory           |        0|     -|     448|     245|    -|
|Multiplexer      |        -|     -|       -|     138|    -|
|Register         |        -|     -|    7404|      64|    -|
+-----------------+---------+------+--------+--------+-----+
|Total            |        0|    14|    9728|    4683|    0|
+-----------------+---------+------+--------+--------+-----+
|Available        |     1590|  1540|  508400|  254200|    0|
+-----------------+---------+------+--------+--------+-----+
|Utilization (%)  |        0|    ~0|       1|       1|    0|
+-----------------+---------+------+--------+--------+-----+

+ Detail: 
    * Instance: 
    +------------------------+--------------------+---------+----+-----+-----+-----+
    |        Instance        |       Module       | BRAM_18K| DSP|  FF | LUT | URAM|
    +------------------------+--------------------+---------+----+-----+-----+-----+
    |mul_21s_23s_44_5_1_U31  |mul_21s_23s_44_5_1  |        0|   1|  169|   67|    0|
    |mul_21s_23s_44_5_1_U37  |mul_21s_23s_44_5_1  |        0|   1|  169|   67|    0|
    |mul_21s_23s_44_5_1_U47  |mul_21s_23s_44_5_1  |        0|   1|  169|   67|    0|
    |mul_21s_23s_44_5_1_U48  |mul_21s_23s_44_5_1  |        0|   1|  169|   67|    0|
    |mul_21s_23s_44_5_1_U52  |mul_21s_23s_44_5_1  |        0|   1|  169|   67|    0|
    |mul_21s_23s_44_5_1_U58  |mul_21s_23s_44_5_1  |        0|   1|  169|   67|    0|
    |mul_21s_23s_44_5_1_U59  |mul_21s_23s_44_5_1  |        0|   1|  169|   67|    0|
    |mul_21s_23s_44_5_1_U61  |mul_21s_23s_44_5_1  |        0|   1|  169|   67|    0|
    |mul_21s_23s_44_5_1_U63  |mul_21s_23s_44_5_1  |        0|   1|  169|   67|    0|
    |mul_22s_23s_45_5_1_U67  |mul_22s_23s_45_5_1  |        0|   1|  169|   67|    0|
    |mul_22s_23s_45_5_1_U68  |mul_22s_23s_45_5_1  |        0|   1|  169|   67|    0|
    |mul_23s_24s_47_3_1_U4   |mul_23s_24s_47_3_1  |        0|   1|   17|   23|    0|
    |mux_325_8_1_1_U1        |mux_325_8_1_1       |        0|   0|    0|  142|    0|
    |mux_325_8_1_1_U2        |mux_325_8_1_1       |        0|   0|    0|  142|    0|
    +------------------------+--------------------+---------+----+-----+-----+-----+
    |Total                   |                    |        0|  12| 1876| 1044|    0|
    +------------------------+--------------------+---------+----+-----+-----+-----+

    * DSP: 
    +-----------------------------+-------------------------+-----------+
    |           Instance          |          Module         | Expression|
    +-----------------------------+-------------------------+-----------+
    |mul_mul_16s_12ns_28_4_1_U69  |mul_mul_16s_12ns_28_4_1  |    i0 * i1|
    |mul_mul_16s_12ns_28_4_1_U70  |mul_mul_16s_12ns_28_4_1  |    i0 * i1|
    +-----------------------------+-------------------------+-----------+

    * Memory: 
    +----------------------------------------+----------------------------------------------------------------------------------+---------+---+----+-----+------+-----+------+-------------+
    |                 Memory                 |                                      Module                                      | BRAM_18K| FF| LUT| URAM| Words| Bits| Banks| W*Bits*Banks|
    +----------------------------------------+----------------------------------------------------------------------------------+---------+---+----+-----+------+-----+------+-------------+
    |p_ZL26sencgru_recurrent_kernel_r_0_0_U  |gru_cell_step_Pipeline_VITIS_LOOP_48_1_p_ZL26sencgru_recurrent_kernel_r_0_0_Rcud  |        0|  7|   4|    0|    32|    7|     1|          224|
    |p_ZL26sencgru_recurrent_kernel_r_0_1_U  |gru_cell_step_Pipeline_VITIS_LOOP_48_1_p_ZL26sencgru_recurrent_kernel_r_0_1_Rsc4  |        0|  7|   4|    0|    32|    7|     1|          224|
    |p_ZL26sencgru_recurrent_kernel_r_0_2_U  |gru_cell_step_Pipeline_VITIS_LOOP_48_1_p_ZL26sencgru_recurrent_kernel_r_0_2_RIfE  |        0|  7|   4|    0|    32|    7|     1|          224|
    |p_ZL26sencgru_recurrent_kernel_r_0_3_U  |gru_cell_step_Pipeline_VITIS_LOOP_48_1_p_ZL26sencgru_recurrent_kernel_r_0_3_RYie  |        0|  8|   4|    0|    32|    8|     1|          256|
    |p_ZL26sencgru_recurrent_kernel_r_1_0_U  |gru_cell_step_Pipeline_VITIS_LOOP_48_1_p_ZL26sencgru_recurrent_kernel_r_1_0_ReOg  |        0|  6|   3|    0|    32|    6|     1|          192|
    |p_ZL26sencgru_recurrent_kernel_r_1_1_U  |gru_cell_step_Pipeline_VITIS_LOOP_48_1_p_ZL26sencgru_recurrent_kernel_r_1_1_Rudo  |        0|  7|   4|    0|    32|    7|     1|          224|
    |p_ZL26sencgru_recurrent_kernel_r_1_2_U  |gru_cell_step_Pipeline_VITIS_LOOP_48_1_p_ZL26sencgru_recurrent_kernel_r_1_2_RKfY  |        0|  7|   4|    0|    32|    7|     1|          224|
    |p_ZL26sencgru_recurrent_kernel_r_1_3_U  |gru_cell_step_Pipeline_VITIS_LOOP_48_1_p_ZL26sencgru_recurrent_kernel_r_1_3_R0iy  |        0|  7|   4|    0|    32|    7|     1|          224|
    |p_ZL26sencgru_recurrent_kernel_r_2_0_U  |gru_cell_step_Pipeline_VITIS_LOOP_48_1_p_ZL26sencgru_recurrent_kernel_r_2_0_Rg8j  |        0|  7|   4|    0|    32|    7|     1|          224|
    |p_ZL26sencgru_recurrent_kernel_r_2_1_U  |gru_cell_step_Pipeline_VITIS_LOOP_48_1_p_ZL26sencgru_recurrent_kernel_r_2_1_RwdI  |        0|  7|   4|    0|    32|    7|     1|          224|
    |p_ZL26sencgru_recurrent_kernel_r_2_2_U  |gru_cell_step_Pipeline_VITIS_LOOP_48_1_p_ZL26sencgru_recurrent_kernel_r_2_2_RMgi  |        0|  7|   4|    0|    32|    7|     1|          224|
    |p_ZL26sencgru_recurrent_kernel_r_2_3_U  |gru_cell_step_Pipeline_VITIS_LOOP_48_1_p_ZL26sencgru_recurrent_kernel_r_2_3_R2iS  |        0|  6|   3|    0|    32|    6|     1|          192|
    |p_ZL26sencgru_recurrent_kernel_r_3_0_U  |gru_cell_step_Pipeline_VITIS_LOOP_48_1_p_ZL26sencgru_recurrent_kernel_r_3_0_Ribs  |        0|  6|   3|    0|    32|    6|     1|          192|
    |p_ZL26sencgru_recurrent_kernel_r_3_1_U  |gru_cell_step_Pipeline_VITIS_LOOP_48_1_p_ZL26sencgru_recurrent_kernel_r_3_1_Ryd2  |        0|  7|   4|    0|    32|    7|     1|          224|
    |p_ZL26sencgru_recurrent_kernel_r_3_2_U  |gru_cell_step_Pipeline_VITIS_LOOP_48_1_p_ZL26sencgru_recurrent_kernel_r_3_2_ROgC  |        0|  8|   4|    0|    32|    8|     1|          256|
    |p_ZL26sencgru_recurrent_kernel_r_3_3_U  |gru_cell_step_Pipeline_VITIS_LOOP_48_1_p_ZL26sencgru_recurrent_kernel_r_3_3_R4jc  |        0|  7|   4|    0|    32|    7|     1|          224|
    |p_ZL26sencgru_recurrent_kernel_r_4_0_U  |gru_cell_step_Pipeline_VITIS_LOOP_48_1_p_ZL26sencgru_recurrent_kernel_r_4_0_RkbM  |        0|  7|   4|    0|    32|    7|     1|          224|
    |p_ZL26sencgru_recurrent_kernel_r_4_1_U  |gru_cell_step_Pipeline_VITIS_LOOP_48_1_p_ZL26sencgru_recurrent_kernel_r_4_1_RAem  |        0|  6|   3|    0|    32|    6|     1|          192|
    |p_ZL26sencgru_recurrent_kernel_r_4_2_U  |gru_cell_step_Pipeline_VITIS_LOOP_48_1_p_ZL26sencgru_recurrent_kernel_r_4_2_RQgW  |        0|  7|   4|    0|    32|    7|     1|          224|
    |p_ZL26sencgru_recurrent_kernel_r_4_3_U  |gru_cell_step_Pipeline_VITIS_LOOP_48_1_p_ZL26sencgru_recurrent_kernel_r_4_3_R6jw  |        0|  7|   4|    0|    32|    7|     1|          224|
    |p_ZL26sencgru_recurrent_kernel_r_5_0_U  |gru_cell_step_Pipeline_VITIS_LOOP_48_1_p_ZL26sencgru_recurrent_kernel_r_5_0_Rmb6  |        0|  6|   3|    0|    32|    6|     1|          192|
    |p_ZL26sencgru_recurrent_kernel_r_5_1_U  |gru_cell_step_Pipeline_VITIS_LOOP_48_1_p_ZL26sencgru_recurrent_kernel_r_5_1_RCeG  |        0|  7|   4|    0|    32|    7|     1|          224|
    |p_ZL26sencgru_recurrent_kernel_r_5_2_U  |gru_cell_step_Pipeline_VITIS_LOOP_48_1_p_ZL26sencgru_recurrent_kernel_r_5_2_RShg  |        0|  7|   4|    0|    32|    7|     1|          224|
    |p_ZL26sencgru_recurrent_kernel_r_5_3_U  |gru_cell_step_Pipeline_VITIS_LOOP_48_1_p_ZL26sencgru_recurrent_kernel_r_5_3_R8jQ  |        0|  7|   4|    0|    32|    7|     1|          224|
    |p_ZL26sencgru_recurrent_kernel_r_6_0_U  |gru_cell_step_Pipeline_VITIS_LOOP_48_1_p_ZL26sencgru_recurrent_kernel_r_6_0_Rocq  |        0|  7|   4|    0|    32|    7|     1|          224|
    |p_ZL26sencgru_recurrent_kernel_r_6_1_U  |gru_cell_step_Pipeline_VITIS_LOOP_48_1_p_ZL26sencgru_recurrent_kernel_r_6_1_REe0  |        0|  8|   4|    0|    32|    8|     1|          256|
    |p_ZL26sencgru_recurrent_kernel_r_6_2_U  |gru_cell_step_Pipeline_VITIS_LOOP_48_1_p_ZL26sencgru_recurrent_kernel_r_6_2_RUhA  |        0|  7|   4|    0|    32|    7|     1|          224|
    |p_ZL26sencgru_recurrent_kernel_r_6_3_U  |gru_cell_step_Pipeline_VITIS_LOOP_48_1_p_ZL26sencgru_recurrent_kernel_r_6_3_Rbak  |        0|  7|   4|    0|    32|    7|     1|          224|
    |p_ZL26sencgru_recurrent_kernel_r_7_0_U  |gru_cell_step_Pipeline_VITIS_LOOP_48_1_p_ZL26sencgru_recurrent_kernel_r_7_0_RqcK  |        0|  6|   3|    0|    32|    6|     1|          192|
    |p_ZL26sencgru_recurrent_kernel_r_7_1_U  |gru_cell_step_Pipeline_VITIS_LOOP_48_1_p_ZL26sencgru_recurrent_kernel_r_7_1_RGfk  |        0|  7|   4|    0|    32|    7|     1|          224|
    |p_ZL26sencgru_recurrent_kernel_r_7_2_U  |gru_cell_step_Pipeline_VITIS_LOOP_48_1_p_ZL26sencgru_recurrent_kernel_r_7_2_RWhU  |        0|  6|   3|    0|    32|    6|     1|          192|
    |p_ZL26sencgru_recurrent_kernel_r_7_3_U  |gru_cell_step_Pipeline_VITIS_LOOP_48_1_p_ZL26sencgru_recurrent_kernel_r_7_3_Rbck  |        0|  7|   4|    0|    32|    7|     1|          224|
    |p_ZL26sencgru_recurrent_kernel_z_0_0_U  |gru_cell_step_Pipeline_VITIS_LOOP_48_1_p_ZL26sencgru_recurrent_kernel_z_0_0_Rbkb  |        0|  6|   3|    0|    32|    6|     1|          192|
    |p_ZL26sencgru_recurrent_kernel_z_0_1_U  |gru_cell_step_Pipeline_VITIS_LOOP_48_1_p_ZL26sencgru_recurrent_kernel_z_0_1_RrcU  |        0|  6|   3|    0|    32|    6|     1|          192|
    |p_ZL26sencgru_recurrent_kernel_z_0_2_U  |gru_cell_step_Pipeline_VITIS_LOOP_48_1_p_ZL26sencgru_recurrent_kernel_z_0_2_RHfu  |        0|  6|   3|    0|    32|    6|     1|          192|
    |p_ZL26sencgru_recurrent_kernel_z_0_3_U  |gru_cell_step_Pipeline_VITIS_LOOP_48_1_p_ZL26sencgru_recurrent_kernel_z_0_3_RXh4  |        0|  7|   4|    0|    32|    7|     1|          224|
    |p_ZL26sencgru_recurrent_kernel_z_1_0_U  |gru_cell_step_Pipeline_VITIS_LOOP_48_1_p_ZL26sencgru_recurrent_kernel_z_1_0_RdEe  |        0|  7|   4|    0|    32|    7|     1|          224|
    |p_ZL26sencgru_recurrent_kernel_z_1_1_U  |gru_cell_step_Pipeline_VITIS_LOOP_48_1_p_ZL26sencgru_recurrent_kernel_z_1_1_Rtde  |        0|  7|   4|    0|    32|    7|     1|          224|
    |p_ZL26sencgru_recurrent_kernel_z_1_2_U  |gru_cell_step_Pipeline_VITIS_LOOP_48_1_p_ZL26sencgru_recurrent_kernel_z_1_2_RJfO  |        0|  7|   4|    0|    32|    7|     1|          224|
    |p_ZL26sencgru_recurrent_kernel_z_1_3_U  |gru_cell_step_Pipeline_VITIS_LOOP_48_1_p_ZL26sencgru_recurrent_kernel_z_1_3_RZio  |        0|  7|   4|    0|    32|    7|     1|          224|
    |p_ZL26sencgru_recurrent_kernel_z_2_0_U  |gru_cell_step_Pipeline_VITIS_LOOP_48_1_p_ZL26sencgru_recurrent_kernel_z_2_0_RfYi  |        0|  7|   4|    0|    32|    7|     1|          224|
    |p_ZL26sencgru_recurrent_kernel_z_2_1_U  |gru_cell_step_Pipeline_VITIS_LOOP_48_1_p_ZL26sencgru_recurrent_kernel_z_2_1_Rvdy  |        0|  6|   3|    0|    32|    6|     1|          192|
    |p_ZL26sencgru_recurrent_kernel_z_2_2_U  |gru_cell_step_Pipeline_VITIS_LOOP_48_1_p_ZL26sencgru_recurrent_kernel_z_2_2_RLf8  |        0|  7|   4|    0|    32|    7|     1|          224|
    |p_ZL26sencgru_recurrent_kernel_z_2_3_U  |gru_cell_step_Pipeline_VITIS_LOOP_48_1_p_ZL26sencgru_recurrent_kernel_z_2_3_R1iI  |        0|  7|   4|    0|    32|    7|     1|          224|
    |p_ZL26sencgru_recurrent_kernel_z_3_0_U  |gru_cell_step_Pipeline_VITIS_LOOP_48_1_p_ZL26sencgru_recurrent_kernel_z_3_0_Rhbi  |        0|  7|   4|    0|    32|    7|     1|          224|
    |p_ZL26sencgru_recurrent_kernel_z_3_1_U  |gru_cell_step_Pipeline_VITIS_LOOP_48_1_p_ZL26sencgru_recurrent_kernel_z_3_1_RxdS  |        0|  7|   4|    0|    32|    7|     1|          224|
    |p_ZL26sencgru_recurrent_kernel_z_3_2_U  |gru_cell_step_Pipeline_VITIS_LOOP_48_1_p_ZL26sencgru_recurrent_kernel_z_3_2_RNgs  |        0|  8|   4|    0|    32|    8|     1|          256|
    |p_ZL26sencgru_recurrent_kernel_z_3_3_U  |gru_cell_step_Pipeline_VITIS_LOOP_48_1_p_ZL26sencgru_recurrent_kernel_z_3_3_R3i2  |        0|  6|   3|    0|    32|    6|     1|          192|
    |p_ZL26sencgru_recurrent_kernel_z_4_0_U  |gru_cell_step_Pipeline_VITIS_LOOP_48_1_p_ZL26sencgru_recurrent_kernel_z_4_0_RjbC  |        0|  7|   4|    0|    32|    7|     1|          224|
    |p_ZL26sencgru_recurrent_kernel_z_4_1_U  |gru_cell_step_Pipeline_VITIS_LOOP_48_1_p_ZL26sencgru_recurrent_kernel_z_4_1_Rzec  |        0|  8|   4|    0|    32|    8|     1|          256|
    |p_ZL26sencgru_recurrent_kernel_z_4_2_U  |gru_cell_step_Pipeline_VITIS_LOOP_48_1_p_ZL26sencgru_recurrent_kernel_z_4_2_RPgM  |        0|  7|   4|    0|    32|    7|     1|          224|
    |p_ZL26sencgru_recurrent_kernel_z_4_3_U  |gru_cell_step_Pipeline_VITIS_LOOP_48_1_p_ZL26sencgru_recurrent_kernel_z_4_3_R5jm  |        0|  6|   3|    0|    32|    6|     1|          192|
    |p_ZL26sencgru_recurrent_kernel_z_5_0_U  |gru_cell_step_Pipeline_VITIS_LOOP_48_1_p_ZL26sencgru_recurrent_kernel_z_5_0_RlbW  |        0|  7|   4|    0|    32|    7|     1|          224|
    |p_ZL26sencgru_recurrent_kernel_z_5_1_U  |gru_cell_step_Pipeline_VITIS_LOOP_48_1_p_ZL26sencgru_recurrent_kernel_z_5_1_RBew  |        0|  6|   3|    0|    32|    6|     1|          192|
    |p_ZL26sencgru_recurrent_kernel_z_5_2_U  |gru_cell_step_Pipeline_VITIS_LOOP_48_1_p_ZL26sencgru_recurrent_kernel_z_5_2_RRg6  |        0|  6|   3|    0|    32|    6|     1|          192|
    |p_ZL26sencgru_recurrent_kernel_z_5_3_U  |gru_cell_step_Pipeline_VITIS_LOOP_48_1_p_ZL26sencgru_recurrent_kernel_z_5_3_R7jG  |        0|  6|   3|    0|    32|    6|     1|          192|
    |p_ZL26sencgru_recurrent_kernel_z_6_0_U  |gru_cell_step_Pipeline_VITIS_LOOP_48_1_p_ZL26sencgru_recurrent_kernel_z_6_0_Rncg  |        0|  7|   4|    0|    32|    7|     1|          224|
    |p_ZL26sencgru_recurrent_kernel_z_6_1_U  |gru_cell_step_Pipeline_VITIS_LOOP_48_1_p_ZL26sencgru_recurrent_kernel_z_6_1_RDeQ  |        0|  7|   4|    0|    32|    7|     1|          224|
    |p_ZL26sencgru_recurrent_kernel_z_6_2_U  |gru_cell_step_Pipeline_VITIS_LOOP_48_1_p_ZL26sencgru_recurrent_kernel_z_6_2_RThq  |        0|  6|   3|    0|    32|    6|     1|          192|
    |p_ZL26sencgru_recurrent_kernel_z_6_3_U  |gru_cell_step_Pipeline_VITIS_LOOP_48_1_p_ZL26sencgru_recurrent_kernel_z_6_3_R9j0  |        0|  7|   4|    0|    32|    7|     1|          224|
    |p_ZL26sencgru_recurrent_kernel_z_7_0_U  |gru_cell_step_Pipeline_VITIS_LOOP_48_1_p_ZL26sencgru_recurrent_kernel_z_7_0_RpcA  |        0|  7|   4|    0|    32|    7|     1|          224|
    |p_ZL26sencgru_recurrent_kernel_z_7_1_U  |gru_cell_step_Pipeline_VITIS_LOOP_48_1_p_ZL26sencgru_recurrent_kernel_z_7_1_RFfa  |        0|  7|   4|    0|    32|    7|     1|          224|
    |p_ZL26sencgru_recurrent_kernel_z_7_2_U  |gru_cell_step_Pipeline_VITIS_LOOP_48_1_p_ZL26sencgru_recurrent_kernel_z_7_2_RVhK  |        0|  7|   4|    0|    32|    7|     1|          224|
    |p_ZL26sencgru_recurrent_kernel_z_7_3_U  |gru_cell_step_Pipeline_VITIS_LOOP_48_1_p_ZL26sencgru_recurrent_kernel_z_7_3_Rbbk  |        0|  7|   4|    0|    32|    7|     1|          224|
    |sencgru_bias_r_U                        |gru_cell_step_Pipeline_VITIS_LOOP_48_1_sencgru_bias_r_ROM_AUTO_1R                 |        0|  6|   3|    0|    32|    6|     1|          192|
    |sencgru_bias_z_U                        |gru_cell_step_Pipeline_VITIS_LOOP_48_1_sencgru_bias_z_ROM_AUTO_1R                 |        0|  6|   3|    0|    32|    6|     1|          192|
    +----------------------------------------+----------------------------------------------------------------------------------+---------+---+----+-----+------+-----+------+-------------+
    |Total                                   |                                                                                  |        0|448| 245|    0|  2112|  448|    66|        14336|
    +----------------------------------------+----------------------------------------------------------------------------------+---------+---+----+-----+------+-----+------+-------------+

    * FIFO: 
    N/A

    * Expression: 
    +----------------------+----------+----+---+----+------------+------------+
    |     Variable Name    | Operation| DSP| FF| LUT| Bitwidth P0| Bitwidth P1|
    +----------------------+----------+----+---+----+------------+------------+
    |add_ln48_fu_1838_p2   |         +|   0|  0|  14|           6|           1|
    |ret_V_104_fu_3537_p2  |         +|   0|  0|  46|          46|          46|
    |ret_V_107_fu_3564_p2  |         +|   0|  0|  46|          46|          46|
    |ret_V_110_fu_3703_p2  |         +|   0|  0|  46|          46|          46|
    |ret_V_113_fu_3730_p2  |         +|   0|  0|  46|          46|          46|
    |ret_V_118_fu_3802_p2  |         +|   0|  0|  46|          46|          46|
    |ret_V_119_fu_3821_p2  |         +|   0|  0|  46|          46|          46|
    |ret_V_124_fu_3888_p2  |         +|   0|  0|  46|          46|          46|
    |ret_V_125_fu_3907_p2  |         +|   0|  0|  46|          46|          46|
    |ret_V_126_fu_3933_p2  |         +|   0|  0|  53|          46|          46|
    |ret_V_127_fu_2307_p2  |         +|   0|  0|  53|          46|          46|
    |ret_V_128_fu_2315_p2  |         +|   0|  0|  53|          46|          46|
    |ret_V_129_fu_2499_p2  |         +|   0|  0|  46|          46|          46|
    |ret_V_130_fu_2507_p2  |         +|   0|  0|  46|          46|          46|
    |ret_V_131_fu_2567_p2  |         +|   0|  0|  53|          46|          46|
    |ret_V_132_fu_2576_p2  |         +|   0|  0|  53|          46|          46|
    |ret_V_133_fu_2585_p2  |         +|   0|  0|  46|          46|          46|
    |ret_V_134_fu_2593_p2  |         +|   0|  0|  46|          46|          46|
    |ret_V_135_fu_2653_p2  |         +|   0|  0|  53|          46|          46|
    |ret_V_136_fu_2662_p2  |         +|   0|  0|  53|          46|          46|
    |ret_V_137_fu_2751_p2  |         +|   0|  0|  46|          46|          46|
    |ret_V_138_fu_2759_p2  |         +|   0|  0|  46|          46|          46|
    |ret_V_139_fu_3011_p2  |         +|   0|  0|  53|          46|          46|
    |ret_V_140_fu_3020_p2  |         +|   0|  0|  53|          46|          46|
    |ret_V_141_fu_3029_p2  |         +|   0|  0|  46|          46|          46|
    |ret_V_142_fu_3037_p2  |         +|   0|  0|  46|          46|          46|
    |ret_V_143_fu_3094_p2  |         +|   0|  0|  46|          46|          46|
    |ret_V_144_fu_3102_p2  |         +|   0|  0|  53|          46|          46|
    |ret_V_145_fu_3111_p2  |         +|   0|  0|  46|          46|          46|
    |ret_V_146_fu_3120_p2  |         +|   0|  0|  46|          46|          46|
    |ret_V_147_fu_3128_p2  |         +|   0|  0|  46|          46|          46|
    |ret_V_148_fu_3248_p2  |         +|   0|  0|  53|          46|          46|
    |ret_V_149_fu_3257_p2  |         +|   0|  0|  53|          46|          46|
    |ret_V_150_fu_3442_p2  |         +|   0|  0|  46|          46|          46|
    |ret_V_151_fu_3450_p2  |         +|   0|  0|  46|          46|          46|
    |ret_V_152_fu_3510_p2  |         +|   0|  0|  53|          46|          46|
    |ret_V_153_fu_3516_p2  |         +|   0|  0|  46|          46|          46|
    |ret_V_154_fu_3530_p2  |         +|   0|  0|  46|          46|          46|
    |ret_V_155_fu_3524_p2  |         +|   0|  0|  46|          46|          46|
    |ret_V_156_fu_3556_p2  |         +|   0|  0|  46|          46|          46|
    |ret_V_157_fu_3590_p2  |         +|   0|  0|  53|          46|          46|
    |ret_V_158_fu_3695_p2  |         +|   0|  0|  46|          46|          46|
    |ret_V_159_fu_3606_p2  |         +|   0|  0|  53|          46|          46|
    |ret_V_160_fu_3722_p2  |         +|   0|  0|  46|          46|          46|
    |ret_V_161_fu_3753_p2  |         +|   0|  0|  46|          46|          46|
    |ret_V_162_fu_3768_p2  |         +|   0|  0|  46|          46|          46|
    |ret_V_163_fu_3777_p2  |         +|   0|  0|  53|          46|          46|
    |ret_V_164_fu_3786_p2  |         +|   0|  0|  46|          46|          46|
    |ret_V_165_fu_3794_p2  |         +|   0|  0|  46|          46|          46|
    |ret_V_166_fu_3854_p2  |         +|   0|  0|  53|          46|          46|
    |ret_V_167_fu_3863_p2  |         +|   0|  0|  53|          46|          46|
    |ret_V_168_fu_3872_p2  |         +|   0|  0|  46|          46|          46|
    |ret_V_169_fu_3880_p2  |         +|   0|  0|  46|          46|          46|
    |ret_V_68_fu_2534_p2   |         +|   0|  0|  46|          46|          46|
    |ret_V_73_fu_2601_p2   |         +|   0|  0|  46|          46|          46|
    |ret_V_74_fu_2620_p2   |         +|   0|  0|  46|          46|          46|
    |ret_V_79_fu_2767_p2   |         +|   0|  0|  46|          46|          46|
    |ret_V_80_fu_2786_p2   |         +|   0|  0|  46|          46|          46|
    |ret_V_85_fu_3045_p2   |         +|   0|  0|  46|          46|          46|
    |ret_V_86_fu_3064_p2   |         +|   0|  0|  46|          46|          46|
    |ret_V_92_fu_3133_p2   |         +|   0|  0|  46|          46|          46|
    |ret_V_93_fu_3151_p2   |         +|   0|  0|  46|          46|          46|
    |ret_V_98_fu_3458_p2   |         +|   0|  0|  46|          46|          46|
    |ret_V_99_fu_3477_p2   |         +|   0|  0|  46|          46|          46|
    |ret_V_fu_2515_p2      |         +|   0|  0|  46|          46|          46|
    |sum_r_V_1_fu_3986_p2  |         +|   0|  0|  31|          24|          24|
    |sum_z_V_1_fu_3960_p2  |         +|   0|  0|  31|          24|          24|
    |icmp_ln48_fu_1832_p2  |      icmp|   0|  0|  10|           6|           7|
    |ap_enable_pp0         |       xor|   0|  0|   6|           1|           2|
    |r_V_d0                |       xor|   0|  0|  15|          14|          15|
    |z_V_d0                |       xor|   0|  0|  15|          14|          15|
    +----------------------+----------+----+---+----+------------+------------+
    |Total                 |          |   0|  0|3192|        3033|        3032|
    +----------------------+----------+----+---+----+------------+------------+

    * Multiplexer: 
    +----------------------------------+----+-----------+-----+-----------+
    |               Name               | LUT| Input Size| Bits| Total Bits|
    +----------------------------------+----+-----------+-----+-----------+
    |ap_NS_fsm                         |  21|          5|    1|          5|
    |ap_done_int                       |   9|          2|    1|          2|
    |ap_enable_reg_pp0_iter0           |   9|          2|    1|          2|
    |ap_enable_reg_pp0_iter1           |   9|          2|    1|          2|
    |ap_enable_reg_pp0_iter8           |   9|          2|    1|          2|
    |ap_loop_exit_ready_pp0_iter1_reg  |   9|          2|    1|          2|
    |ap_loop_exit_ready_pp0_iter2_reg  |   9|          2|    1|          2|
    |ap_loop_exit_ready_pp0_iter3_reg  |   9|          2|    1|          2|
    |ap_loop_exit_ready_pp0_iter4_reg  |   9|          2|    1|          2|
    |ap_loop_exit_ready_pp0_iter5_reg  |   9|          2|    1|          2|
    |ap_loop_exit_ready_pp0_iter6_reg  |   9|          2|    1|          2|
    |ap_loop_exit_ready_pp0_iter7_reg  |   9|          2|    1|          2|
    |ap_sig_allocacmp_u_2              |   9|          2|    6|         12|
    |u_fu_416                          |   9|          2|    6|         12|
    +----------------------------------+----+-----------+-----+-----------+
    |Total                             | 138|         31|   24|         51|
    +----------------------------------+----+-----------+-----+-----------+

    * Register: 
    +----------------------------------+----+----+-----+-----------+
    |               Name               | FF | LUT| Bits| Const Bits|
    +----------------------------------+----+----+-----+-----------+
    |ap_CS_fsm                         |   4|   0|    4|          0|
    |ap_done_reg                       |   1|   0|    1|          0|
    |ap_enable_reg_pp0_iter0_reg       |   1|   0|    1|          0|
    |ap_enable_reg_pp0_iter1           |   1|   0|    1|          0|
    |ap_enable_reg_pp0_iter2           |   1|   0|    1|          0|
    |ap_enable_reg_pp0_iter3           |   1|   0|    1|          0|
    |ap_enable_reg_pp0_iter4           |   1|   0|    1|          0|
    |ap_enable_reg_pp0_iter5           |   1|   0|    1|          0|
    |ap_enable_reg_pp0_iter6           |   1|   0|    1|          0|
    |ap_enable_reg_pp0_iter7           |   1|   0|    1|          0|
    |ap_enable_reg_pp0_iter8           |   1|   0|    1|          0|
    |ap_loop_exit_ready_pp0_iter1_reg  |   1|   0|    1|          0|
    |ap_loop_exit_ready_pp0_iter2_reg  |   1|   0|    1|          0|
    |ap_loop_exit_ready_pp0_iter3_reg  |   1|   0|    1|          0|
    |ap_loop_exit_ready_pp0_iter4_reg  |   1|   0|    1|          0|
    |ap_loop_exit_ready_pp0_iter5_reg  |   1|   0|    1|          0|
    |ap_loop_exit_ready_pp0_iter6_reg  |   1|   0|    1|          0|
    |ap_loop_exit_ready_pp0_iter7_reg  |   1|   0|    1|          0|
    |icmp_ln48_reg_4332                |   1|   0|    1|          0|
    |lhs_V_reg_4601                    |  46|   0|   46|          0|
    |lhs_reg_4606                      |  46|   0|   46|          0|
    |r_V_100_reg_5471                  |  45|   0|   45|          0|
    |r_V_101_reg_5476                  |  46|   0|   46|          0|
    |r_V_102_reg_5481                  |  45|   0|   45|          0|
    |r_V_103_reg_5486                  |  45|   0|   45|          0|
    |r_V_104_reg_5501                  |  44|   0|   44|          0|
    |r_V_105_reg_5506                  |  45|   0|   45|          0|
    |r_V_106_reg_5511                  |  45|   0|   45|          0|
    |r_V_107_reg_5516                  |  45|   0|   45|          0|
    |r_V_108_reg_5521                  |  45|   0|   45|          0|
    |r_V_109_reg_5526                  |  45|   0|   45|          0|
    |r_V_110_reg_5531                  |  46|   0|   46|          0|
    |r_V_111_reg_5536                  |  46|   0|   46|          0|
    |r_V_112_reg_5541                  |  45|   0|   45|          0|
    |r_V_113_reg_5546                  |  45|   0|   45|          0|
    |r_V_114_reg_5551                  |  44|   0|   44|          0|
    |r_V_115_reg_5721                  |  45|   0|   45|          0|
    |r_V_116_reg_5561                  |  44|   0|   44|          0|
    |r_V_117_reg_5731                  |  45|   0|   45|          0|
    |r_V_118_reg_5736                  |  45|   0|   45|          0|
    |r_V_119_reg_5741                  |  44|   0|   44|          0|
    |r_V_120_reg_5756                  |  45|   0|   45|          0|
    |r_V_121_reg_5761                  |  46|   0|   46|          0|
    |r_V_122_reg_5766                  |  45|   0|   45|          0|
    |r_V_123_reg_5771                  |  45|   0|   45|          0|
    |r_V_124_reg_5776                  |  45|   0|   45|          0|
    |r_V_125_reg_5781                  |  44|   0|   44|          0|
    |r_V_126_reg_5786                  |  44|   0|   44|          0|
    |r_V_127_reg_5791                  |  45|   0|   45|          0|
    |r_V_128_reg_5796                  |  44|   0|   44|          0|
    |r_V_129_reg_5801                  |  45|   0|   45|          0|
    |r_V_130_reg_5806                  |  44|   0|   44|          0|
    |r_V_131_reg_5886                  |  45|   0|   45|          0|
    |r_V_132_reg_5891                  |  45|   0|   45|          0|
    |r_V_133_reg_5896                  |  45|   0|   45|          0|
    |r_V_134_reg_5901                  |  45|   0|   45|          0|
    |r_V_135_reg_5906                  |  45|   0|   45|          0|
    |r_V_136_reg_5936                  |  16|   0|   16|          0|
    |r_V_137_reg_5946                  |  16|   0|   16|          0|
    |r_V_72_reg_4761                   |  44|   0|   44|          0|
    |r_V_73_reg_4766                   |  45|   0|   45|          0|
    |r_V_74_reg_4771                   |  45|   0|   45|          0|
    |r_V_75_reg_4776                   |  44|   0|   44|          0|
    |r_V_76_reg_4781                   |  45|   0|   45|          0|
    |r_V_77_reg_4786                   |  45|   0|   45|          0|
    |r_V_78_reg_4791                   |  45|   0|   45|          0|
    |r_V_79_reg_4796                   |  44|   0|   44|          0|
    |r_V_80_reg_4801                   |  45|   0|   45|          0|
    |r_V_81_reg_4806                   |  45|   0|   45|          0|
    |r_V_82_reg_4811                   |  45|   0|   45|          0|
    |r_V_83_reg_4816                   |  44|   0|   44|          0|
    |r_V_84_reg_5106                   |  45|   0|   45|          0|
    |r_V_85_reg_5111                   |  45|   0|   45|          0|
    |r_V_86_reg_5136                   |  45|   0|   45|          0|
    |r_V_87_reg_5116                   |  44|   0|   44|          0|
    |r_V_88_reg_5141                   |  44|   0|   44|          0|
    |r_V_89_reg_5121                   |  45|   0|   45|          0|
    |r_V_90_reg_5146                   |  45|   0|   45|          0|
    |r_V_91_reg_5151                   |  45|   0|   45|          0|
    |r_V_92_reg_5156                   |  44|   0|   44|          0|
    |r_V_93_reg_5161                   |  45|   0|   45|          0|
    |r_V_94_reg_5166                   |  45|   0|   45|          0|
    |r_V_95_reg_5171                   |  45|   0|   45|          0|
    |r_V_96_reg_5176                   |  46|   0|   46|          0|
    |r_V_97_reg_5181                   |  44|   0|   44|          0|
    |r_V_98_reg_5186                   |  44|   0|   44|          0|
    |r_V_99_reg_5466                   |  45|   0|   45|          0|
    |raw_100_reg_5041                  |   7|   0|    7|          0|
    |raw_101_reg_5046                  |   7|   0|    7|          0|
    |raw_102_reg_5051                  |   7|   0|    7|          0|
    |raw_103_reg_5056                  |   7|   0|    7|          0|
    |raw_104_reg_5061                  |   7|   0|    7|          0|
    |raw_105_reg_5066                  |   8|   0|    8|          0|
    |raw_106_reg_5071                  |   8|   0|    8|          0|
    |raw_107_reg_5076                  |   7|   0|    7|          0|
    |raw_108_reg_5081                  |   7|   0|    7|          0|
    |raw_109_reg_5086                  |   6|   0|    6|          0|
    |raw_110_reg_5371                  |   7|   0|    7|          0|
    |raw_111_reg_5091                  |   6|   0|    6|          0|
    |raw_112_reg_5376                  |   7|   0|    7|          0|
    |raw_113_reg_5381                  |   7|   0|    7|          0|
    |raw_114_reg_5386                  |   6|   0|    6|          0|
    |raw_115_reg_5391                  |   7|   0|    7|          0|
    |raw_116_reg_5396                  |   8|   0|    8|          0|
    |raw_117_reg_5401                  |   7|   0|    7|          0|
    |raw_118_reg_5406                  |   7|   0|    7|          0|
    |raw_119_reg_5411                  |   7|   0|    7|          0|
    |raw_120_reg_5416                  |   6|   0|    6|          0|
    |raw_121_reg_5421                  |   6|   0|    6|          0|
    |raw_122_reg_5426                  |   7|   0|    7|          0|
    |raw_123_reg_5431                  |   6|   0|    6|          0|
    |raw_124_reg_5436                  |   7|   0|    7|          0|
    |raw_125_reg_5441                  |   6|   0|    6|          0|
    |raw_126_reg_5666                  |   7|   0|    7|          0|
    |raw_127_reg_5676                  |   7|   0|    7|          0|
    |raw_128_reg_5681                  |   7|   0|    7|          0|
    |raw_129_reg_5686                  |   7|   0|    7|          0|
    |raw_130_reg_5691                  |   7|   0|    7|          0|
    |raw_131_reg_5911                  |   6|   0|    6|          0|
    |raw_132_reg_5916                  |   6|   0|    6|          0|
    |raw_66_reg_4401                   |   8|   0|    8|          0|
    |raw_67_reg_4476                   |   6|   0|    6|          0|
    |raw_68_reg_4481                   |   7|   0|    7|          0|
    |raw_69_reg_4486                   |   7|   0|    7|          0|
    |raw_70_reg_4491                   |   6|   0|    6|          0|
    |raw_71_reg_4496                   |   7|   0|    7|          0|
    |raw_72_reg_4501                   |   7|   0|    7|          0|
    |raw_73_reg_4506                   |   7|   0|    7|          0|
    |raw_74_reg_4511                   |   6|   0|    6|          0|
    |raw_75_reg_4516                   |   7|   0|    7|          0|
    |raw_76_reg_4521                   |   7|   0|    7|          0|
    |raw_77_reg_4526                   |   7|   0|    7|          0|
    |raw_78_reg_4531                   |   6|   0|    6|          0|
    |raw_79_reg_4686                   |   7|   0|    7|          0|
    |raw_80_reg_4691                   |   7|   0|    7|          0|
    |raw_81_reg_4696                   |   7|   0|    7|          0|
    |raw_82_reg_4701                   |   6|   0|    6|          0|
    |raw_83_reg_4706                   |   6|   0|    6|          0|
    |raw_84_reg_4711                   |   7|   0|    7|          0|
    |raw_85_reg_4716                   |   7|   0|    7|          0|
    |raw_86_reg_4721                   |   7|   0|    7|          0|
    |raw_87_reg_4726                   |   6|   0|    6|          0|
    |raw_88_reg_4731                   |   7|   0|    7|          0|
    |raw_89_reg_4736                   |   7|   0|    7|          0|
    |raw_90_reg_4741                   |   7|   0|    7|          0|
    |raw_91_reg_4746                   |   8|   0|    8|          0|
    |raw_92_reg_4751                   |   6|   0|    6|          0|
    |raw_93_reg_4756                   |   6|   0|    6|          0|
    |raw_94_reg_5011                   |   7|   0|    7|          0|
    |raw_95_reg_5016                   |   7|   0|    7|          0|
    |raw_96_reg_5021                   |   8|   0|    8|          0|
    |raw_97_reg_5026                   |   7|   0|    7|          0|
    |raw_98_reg_5031                   |   7|   0|    7|          0|
    |raw_99_reg_5036                   |   6|   0|    6|          0|
    |raw_reg_4466                      |   8|   0|    8|          0|
    |ret_V_127_reg_4841                |  46|   0|   46|          0|
    |ret_V_128_reg_4846                |  46|   0|   46|          0|
    |ret_V_131_reg_5001                |  46|   0|   46|          0|
    |ret_V_132_reg_5006                |  46|   0|   46|          0|
    |ret_V_135_reg_5126                |  46|   0|   46|          0|
    |ret_V_136_reg_5131                |  46|   0|   46|          0|
    |ret_V_139_reg_5361                |  46|   0|   46|          0|
    |ret_V_140_reg_5366                |  46|   0|   46|          0|
    |ret_V_144_reg_5456                |  46|   0|   46|          0|
    |ret_V_145_reg_5461                |  46|   0|   46|          0|
    |ret_V_148_reg_5606                |  46|   0|   46|          0|
    |ret_V_149_reg_5611                |  46|   0|   46|          0|
    |ret_V_152_reg_5706                |  46|   0|   46|          0|
    |ret_V_155_reg_5711                |  46|   0|   46|          0|
    |ret_V_157_reg_5746                |  46|   0|   46|          0|
    |ret_V_159_reg_5751                |  46|   0|   46|          0|
    |ret_V_162_reg_5846                |  46|   0|   46|          0|
    |ret_V_163_reg_5851                |  46|   0|   46|          0|
    |ret_V_166_reg_5876                |  46|   0|   46|          0|
    |ret_V_167_reg_5881                |  46|   0|   46|          0|
    |sext_ln48_cast_reg_4058           |  45|   0|   45|          0|
    |sext_ln837_47_cast_reg_4321       |  44|   0|   44|          0|
    |sext_ln837_48_cast_reg_4306       |  44|   0|   44|          0|
    |sext_ln837_49_cast_reg_4311       |  45|   0|   45|          0|
    |sext_ln837_50_cast_reg_4300       |  45|   0|   45|          0|
    |sext_ln837_51_cast_reg_4290       |  44|   0|   44|          0|
    |sext_ln837_52_cast_reg_4295       |  45|   0|   45|          0|
    |sext_ln837_53_cast_reg_4284       |  45|   0|   45|          0|
    |sext_ln837_54_cast_reg_4274       |  44|   0|   44|          0|
    |sext_ln837_55_cast_reg_4279       |  45|   0|   45|          0|
    |sext_ln837_56_cast_reg_4268       |  45|   0|   45|          0|
    |sext_ln837_57_cast_reg_4258       |  44|   0|   44|          0|
    |sext_ln837_58_cast_reg_4263       |  45|   0|   45|          0|
    |sext_ln837_59_cast_reg_4248       |  45|   0|   45|          0|
    |sext_ln837_60_cast_reg_4253       |  44|   0|   44|          0|
    |sext_ln837_61_cast_reg_4242       |  45|   0|   45|          0|
    |sext_ln837_62_cast_reg_4232       |  45|   0|   45|          0|
    |sext_ln837_63_cast_reg_4237       |  44|   0|   44|          0|
    |sext_ln837_64_cast_reg_4226       |  45|   0|   45|          0|
    |sext_ln837_65_cast_reg_4216       |  44|   0|   44|          0|
    |sext_ln837_66_cast_reg_4221       |  46|   0|   46|          0|
    |sext_ln837_67_cast_reg_4206       |  45|   0|   45|          0|
    |sext_ln837_68_cast_reg_4211       |  44|   0|   44|          0|
    |sext_ln837_69_cast_reg_4196       |  46|   0|   46|          0|
    |sext_ln837_70_cast_reg_4201       |  45|   0|   45|          0|
    |sext_ln837_71_cast_reg_4190       |  45|   0|   45|          0|
    |sext_ln837_72_cast_reg_4180       |  45|   0|   45|          0|
    |sext_ln837_73_cast_reg_4185       |  44|   0|   44|          0|
    |sext_ln837_74_cast_reg_4174       |  45|   0|   45|          0|
    |sext_ln837_75_cast_reg_4168       |  45|   0|   45|          0|
    |sext_ln837_76_cast_reg_4162       |  46|   0|   46|          0|
    |sext_ln837_77_cast_reg_4156       |  45|   0|   45|          0|
    |sext_ln837_78_cast_reg_4146       |  45|   0|   45|          0|
    |sext_ln837_79_cast_reg_4151       |  44|   0|   44|          0|
    |sext_ln837_80_cast_reg_4136       |  45|   0|   45|          0|
    |sext_ln837_81_cast_reg_4141       |  44|   0|   44|          0|
    |sext_ln837_82_cast_reg_4126       |  44|   0|   44|          0|
    |sext_ln837_83_cast_reg_4131       |  45|   0|   45|          0|
    |sext_ln837_84_cast_reg_4116       |  46|   0|   46|          0|
    |sext_ln837_85_cast_reg_4121       |  45|   0|   45|          0|
    |sext_ln837_86_cast_reg_4110       |  45|   0|   45|          0|
    |sext_ln837_87_cast_reg_4100       |  44|   0|   44|          0|
    |sext_ln837_88_cast_reg_4105       |  45|   0|   45|          0|
    |sext_ln837_89_cast_reg_4090       |  45|   0|   45|          0|
    |sext_ln837_90_cast_reg_4095       |  44|   0|   44|          0|
    |sext_ln837_91_cast_reg_4080       |  45|   0|   45|          0|
    |sext_ln837_92_cast_reg_4085       |  44|   0|   44|          0|
    |sext_ln837_93_cast_reg_4070       |  45|   0|   45|          0|
    |sext_ln837_94_cast_reg_4075       |  44|   0|   44|          0|
    |sext_ln837_95_cast_reg_4064       |  45|   0|   45|          0|
    |sext_ln837_cast_reg_4316          |  45|   0|   45|          0|
    |shl_i_i_i314_cast_cast_reg_4326   |  47|   0|   47|          0|
    |sum_r_V_reg_5931                  |  24|   0|   24|          0|
    |sum_z_V_reg_5926                  |  24|   0|   24|          0|
    |tmp_63_reg_5096                   |  24|   0|   24|          0|
    |tmp_64_reg_5101                   |  24|   0|   24|          0|
    |tmp_65_reg_5216                   |  24|   0|   24|          0|
    |tmp_66_reg_5221                   |  24|   0|   24|          0|
    |tmp_67_reg_5446                   |  24|   0|   24|          0|
    |tmp_68_reg_5451                   |  24|   0|   24|          0|
    |tmp_69_reg_5491                   |  24|   0|   24|          0|
    |tmp_70_reg_5496                   |  24|   0|   24|          0|
    |tmp_71_reg_5696                   |  24|   0|   24|          0|
    |tmp_72_reg_5701                   |  24|   0|   24|          0|
    |tmp_73_reg_5716                   |  24|   0|   24|          0|
    |tmp_74_reg_5726                   |  24|   0|   24|          0|
    |tmp_75_reg_5836                   |  24|   0|   24|          0|
    |tmp_76_reg_5841                   |  24|   0|   24|          0|
    |tmp_77_reg_5856                   |  24|   0|   24|          0|
    |tmp_78_reg_5861                   |  24|   0|   24|          0|
    |tmp_79_reg_5921                   |  24|   0|   24|          0|
    |tmp_reg_4906                      |  24|   0|   24|          0|
    |tmp_s_reg_4911                    |  24|   0|   24|          0|
    |trunc_ln55_reg_4396               |   5|   0|    5|          0|
    |trunc_ln818_s_reg_5961            |  14|   0|   14|          0|
    |trunc_ln8_reg_5956                |  14|   0|   14|          0|
    |u_fu_416                          |   6|   0|    6|          0|
    |zext_ln48_reg_4336                |   6|   0|   64|         58|
    |icmp_ln48_reg_4332                |  64|  32|    1|          0|
    |zext_ln48_reg_4336                |  64|  32|   64|         58|
    +----------------------------------+----+----+-----+-----------+
    |Total                             |7404|  64| 7399|        116|
    +----------------------------------+----+----+-----+-----------+



================================================================
== Interface
================================================================
* Summary: 
+----------------------+-----+-----+------------+----------------------------------------+--------------+
|       RTL Ports      | Dir | Bits|  Protocol  |              Source Object             |    C Type    |
+----------------------+-----+-----+------------+----------------------------------------+--------------+
|ap_clk                |   in|    1|  ap_ctrl_hs|  gru_cell_step_Pipeline_VITIS_LOOP_48_1|  return value|
|ap_rst                |   in|    1|  ap_ctrl_hs|  gru_cell_step_Pipeline_VITIS_LOOP_48_1|  return value|
|ap_start              |   in|    1|  ap_ctrl_hs|  gru_cell_step_Pipeline_VITIS_LOOP_48_1|  return value|
|ap_done               |  out|    1|  ap_ctrl_hs|  gru_cell_step_Pipeline_VITIS_LOOP_48_1|  return value|
|ap_idle               |  out|    1|  ap_ctrl_hs|  gru_cell_step_Pipeline_VITIS_LOOP_48_1|  return value|
|ap_ready              |  out|    1|  ap_ctrl_hs|  gru_cell_step_Pipeline_VITIS_LOOP_48_1|  return value|
|grp_fu_11056_p_din0   |  out|   23|  ap_ctrl_hs|  gru_cell_step_Pipeline_VITIS_LOOP_48_1|  return value|
|grp_fu_11056_p_din1   |  out|   24|  ap_ctrl_hs|  gru_cell_step_Pipeline_VITIS_LOOP_48_1|  return value|
|grp_fu_11056_p_dout0  |   in|   47|  ap_ctrl_hs|  gru_cell_step_Pipeline_VITIS_LOOP_48_1|  return value|
|grp_fu_11056_p_ce     |  out|    1|  ap_ctrl_hs|  gru_cell_step_Pipeline_VITIS_LOOP_48_1|  return value|
|grp_fu_11060_p_din0   |  out|   21|  ap_ctrl_hs|  gru_cell_step_Pipeline_VITIS_LOOP_48_1|  return value|
|grp_fu_11060_p_din1   |  out|   23|  ap_ctrl_hs|  gru_cell_step_Pipeline_VITIS_LOOP_48_1|  return value|
|grp_fu_11060_p_dout0  |   in|   44|  ap_ctrl_hs|  gru_cell_step_Pipeline_VITIS_LOOP_48_1|  return value|
|grp_fu_11060_p_ce     |  out|    1|  ap_ctrl_hs|  gru_cell_step_Pipeline_VITIS_LOOP_48_1|  return value|
|grp_fu_11064_p_din0   |  out|   22|  ap_ctrl_hs|  gru_cell_step_Pipeline_VITIS_LOOP_48_1|  return value|
|grp_fu_11064_p_din1   |  out|   23|  ap_ctrl_hs|  gru_cell_step_Pipeline_VITIS_LOOP_48_1|  return value|
|grp_fu_11064_p_dout0  |   in|   45|  ap_ctrl_hs|  gru_cell_step_Pipeline_VITIS_LOOP_48_1|  return value|
|grp_fu_11064_p_ce     |  out|    1|  ap_ctrl_hs|  gru_cell_step_Pipeline_VITIS_LOOP_48_1|  return value|
|grp_fu_11068_p_din0   |  out|   22|  ap_ctrl_hs|  gru_cell_step_Pipeline_VITIS_LOOP_48_1|  return value|
|grp_fu_11068_p_din1   |  out|   23|  ap_ctrl_hs|  gru_cell_step_Pipeline_VITIS_LOOP_48_1|  return value|
|grp_fu_11068_p_dout0  |   in|   45|  ap_ctrl_hs|  gru_cell_step_Pipeline_VITIS_LOOP_48_1|  return value|
|grp_fu_11068_p_ce     |  out|    1|  ap_ctrl_hs|  gru_cell_step_Pipeline_VITIS_LOOP_48_1|  return value|
|grp_fu_11072_p_din0   |  out|   21|  ap_ctrl_hs|  gru_cell_step_Pipeline_VITIS_LOOP_48_1|  return value|
|grp_fu_11072_p_din1   |  out|   23|  ap_ctrl_hs|  gru_cell_step_Pipeline_VITIS_LOOP_48_1|  return value|
|grp_fu_11072_p_dout0  |   in|   44|  ap_ctrl_hs|  gru_cell_step_Pipeline_VITIS_LOOP_48_1|  return value|
|grp_fu_11072_p_ce     |  out|    1|  ap_ctrl_hs|  gru_cell_step_Pipeline_VITIS_LOOP_48_1|  return value|
|grp_fu_11076_p_din0   |  out|   22|  ap_ctrl_hs|  gru_cell_step_Pipeline_VITIS_LOOP_48_1|  return value|
|grp_fu_11076_p_din1   |  out|   23|  ap_ctrl_hs|  gru_cell_step_Pipeline_VITIS_LOOP_48_1|  return value|
|grp_fu_11076_p_dout0  |   in|   45|  ap_ctrl_hs|  gru_cell_step_Pipeline_VITIS_LOOP_48_1|  return value|
|grp_fu_11076_p_ce     |  out|    1|  ap_ctrl_hs|  gru_cell_step_Pipeline_VITIS_LOOP_48_1|  return value|
|grp_fu_11080_p_din0   |  out|   22|  ap_ctrl_hs|  gru_cell_step_Pipeline_VITIS_LOOP_48_1|  return value|
|grp_fu_11080_p_din1   |  out|   23|  ap_ctrl_hs|  gru_cell_step_Pipeline_VITIS_LOOP_48_1|  return value|
|grp_fu_11080_p_dout0  |   in|   45|  ap_ctrl_hs|  gru_cell_step_Pipeline_VITIS_LOOP_48_1|  return value|
|grp_fu_11080_p_ce     |  out|    1|  ap_ctrl_hs|  gru_cell_step_Pipeline_VITIS_LOOP_48_1|  return value|
|grp_fu_11084_p_din0   |  out|   22|  ap_ctrl_hs|  gru_cell_step_Pipeline_VITIS_LOOP_48_1|  return value|
|grp_fu_11084_p_din1   |  out|   23|  ap_ctrl_hs|  gru_cell_step_Pipeline_VITIS_LOOP_48_1|  return value|
|grp_fu_11084_p_dout0  |   in|   45|  ap_ctrl_hs|  gru_cell_step_Pipeline_VITIS_LOOP_48_1|  return value|
|grp_fu_11084_p_ce     |  out|    1|  ap_ctrl_hs|  gru_cell_step_Pipeline_VITIS_LOOP_48_1|  return value|
|grp_fu_11088_p_din0   |  out|   21|  ap_ctrl_hs|  gru_cell_step_Pipeline_VITIS_LOOP_48_1|  return value|
|grp_fu_11088_p_din1   |  out|   23|  ap_ctrl_hs|  gru_cell_step_Pipeline_VITIS_LOOP_48_1|  return value|
|grp_fu_11088_p_dout0  |   in|   44|  ap_ctrl_hs|  gru_cell_step_Pipeline_VITIS_LOOP_48_1|  return value|
|grp_fu_11088_p_ce     |  out|    1|  ap_ctrl_hs|  gru_cell_step_Pipeline_VITIS_LOOP_48_1|  return value|
|grp_fu_11092_p_din0   |  out|   22|  ap_ctrl_hs|  gru_cell_step_Pipeline_VITIS_LOOP_48_1|  return value|
|grp_fu_11092_p_din1   |  out|   23|  ap_ctrl_hs|  gru_cell_step_Pipeline_VITIS_LOOP_48_1|  return value|
|grp_fu_11092_p_dout0  |   in|   45|  ap_ctrl_hs|  gru_cell_step_Pipeline_VITIS_LOOP_48_1|  return value|
|grp_fu_11092_p_ce     |  out|    1|  ap_ctrl_hs|  gru_cell_step_Pipeline_VITIS_LOOP_48_1|  return value|
|grp_fu_11096_p_din0   |  out|   22|  ap_ctrl_hs|  gru_cell_step_Pipeline_VITIS_LOOP_48_1|  return value|
|grp_fu_11096_p_din1   |  out|   23|  ap_ctrl_hs|  gru_cell_step_Pipeline_VITIS_LOOP_48_1|  return value|
|grp_fu_11096_p_dout0  |   in|   45|  ap_ctrl_hs|  gru_cell_step_Pipeline_VITIS_LOOP_48_1|  return value|
|grp_fu_11096_p_ce     |  out|    1|  ap_ctrl_hs|  gru_cell_step_Pipeline_VITIS_LOOP_48_1|  return value|
|grp_fu_11100_p_din0   |  out|   22|  ap_ctrl_hs|  gru_cell_step_Pipeline_VITIS_LOOP_48_1|  return value|
|grp_fu_11100_p_din1   |  out|   23|  ap_ctrl_hs|  gru_cell_step_Pipeline_VITIS_LOOP_48_1|  return value|
|grp_fu_11100_p_dout0  |   in|   45|  ap_ctrl_hs|  gru_cell_step_Pipeline_VITIS_LOOP_48_1|  return value|
|grp_fu_11100_p_ce     |  out|    1|  ap_ctrl_hs|  gru_cell_step_Pipeline_VITIS_LOOP_48_1|  return value|
|grp_fu_11104_p_din0   |  out|   21|  ap_ctrl_hs|  gru_cell_step_Pipeline_VITIS_LOOP_48_1|  return value|
|grp_fu_11104_p_din1   |  out|   23|  ap_ctrl_hs|  gru_cell_step_Pipeline_VITIS_LOOP_48_1|  return value|
|grp_fu_11104_p_dout0  |   in|   44|  ap_ctrl_hs|  gru_cell_step_Pipeline_VITIS_LOOP_48_1|  return value|
|grp_fu_11104_p_ce     |  out|    1|  ap_ctrl_hs|  gru_cell_step_Pipeline_VITIS_LOOP_48_1|  return value|
|grp_fu_11108_p_din0   |  out|   22|  ap_ctrl_hs|  gru_cell_step_Pipeline_VITIS_LOOP_48_1|  return value|
|grp_fu_11108_p_din1   |  out|   23|  ap_ctrl_hs|  gru_cell_step_Pipeline_VITIS_LOOP_48_1|  return value|
|grp_fu_11108_p_dout0  |   in|   45|  ap_ctrl_hs|  gru_cell_step_Pipeline_VITIS_LOOP_48_1|  return value|
|grp_fu_11108_p_ce     |  out|    1|  ap_ctrl_hs|  gru_cell_step_Pipeline_VITIS_LOOP_48_1|  return value|
|grp_fu_11112_p_din0   |  out|   22|  ap_ctrl_hs|  gru_cell_step_Pipeline_VITIS_LOOP_48_1|  return value|
|grp_fu_11112_p_din1   |  out|   23|  ap_ctrl_hs|  gru_cell_step_Pipeline_VITIS_LOOP_48_1|  return value|
|grp_fu_11112_p_dout0  |   in|   45|  ap_ctrl_hs|  gru_cell_step_Pipeline_VITIS_LOOP_48_1|  return value|
|grp_fu_11112_p_ce     |  out|    1|  ap_ctrl_hs|  gru_cell_step_Pipeline_VITIS_LOOP_48_1|  return value|
|grp_fu_11116_p_din0   |  out|   21|  ap_ctrl_hs|  gru_cell_step_Pipeline_VITIS_LOOP_48_1|  return value|
|grp_fu_11116_p_din1   |  out|   23|  ap_ctrl_hs|  gru_cell_step_Pipeline_VITIS_LOOP_48_1|  return value|
|grp_fu_11116_p_dout0  |   in|   44|  ap_ctrl_hs|  gru_cell_step_Pipeline_VITIS_LOOP_48_1|  return value|
|grp_fu_11116_p_ce     |  out|    1|  ap_ctrl_hs|  gru_cell_step_Pipeline_VITIS_LOOP_48_1|  return value|
|grp_fu_11120_p_din0   |  out|   22|  ap_ctrl_hs|  gru_cell_step_Pipeline_VITIS_LOOP_48_1|  return value|
|grp_fu_11120_p_din1   |  out|   23|  ap_ctrl_hs|  gru_cell_step_Pipeline_VITIS_LOOP_48_1|  return value|
|grp_fu_11120_p_dout0  |   in|   45|  ap_ctrl_hs|  gru_cell_step_Pipeline_VITIS_LOOP_48_1|  return value|
|grp_fu_11120_p_ce     |  out|    1|  ap_ctrl_hs|  gru_cell_step_Pipeline_VITIS_LOOP_48_1|  return value|
|grp_fu_11124_p_din0   |  out|   22|  ap_ctrl_hs|  gru_cell_step_Pipeline_VITIS_LOOP_48_1|  return value|
|grp_fu_11124_p_din1   |  out|   23|  ap_ctrl_hs|  gru_cell_step_Pipeline_VITIS_LOOP_48_1|  return value|
|grp_fu_11124_p_dout0  |   in|   45|  ap_ctrl_hs|  gru_cell_step_Pipeline_VITIS_LOOP_48_1|  return value|
|grp_fu_11124_p_ce     |  out|    1|  ap_ctrl_hs|  gru_cell_step_Pipeline_VITIS_LOOP_48_1|  return value|
|grp_fu_11128_p_din0   |  out|   21|  ap_ctrl_hs|  gru_cell_step_Pipeline_VITIS_LOOP_48_1|  return value|
|grp_fu_11128_p_din1   |  out|   23|  ap_ctrl_hs|  gru_cell_step_Pipeline_VITIS_LOOP_48_1|  return value|
|grp_fu_11128_p_dout0  |   in|   44|  ap_ctrl_hs|  gru_cell_step_Pipeline_VITIS_LOOP_48_1|  return value|
|grp_fu_11128_p_ce     |  out|    1|  ap_ctrl_hs|  gru_cell_step_Pipeline_VITIS_LOOP_48_1|  return value|
|grp_fu_11132_p_din0   |  out|   22|  ap_ctrl_hs|  gru_cell_step_Pipeline_VITIS_LOOP_48_1|  return value|
|grp_fu_11132_p_din1   |  out|   23|  ap_ctrl_hs|  gru_cell_step_Pipeline_VITIS_LOOP_48_1|  return value|
|grp_fu_11132_p_dout0  |   in|   45|  ap_ctrl_hs|  gru_cell_step_Pipeline_VITIS_LOOP_48_1|  return value|
|grp_fu_11132_p_ce     |  out|    1|  ap_ctrl_hs|  gru_cell_step_Pipeline_VITIS_LOOP_48_1|  return value|
|grp_fu_11136_p_din0   |  out|   22|  ap_ctrl_hs|  gru_cell_step_Pipeline_VITIS_LOOP_48_1|  return value|
|grp_fu_11136_p_din1   |  out|   23|  ap_ctrl_hs|  gru_cell_step_Pipeline_VITIS_LOOP_48_1|  return value|
|grp_fu_11136_p_dout0  |   in|   45|  ap_ctrl_hs|  gru_cell_step_Pipeline_VITIS_LOOP_48_1|  return value|
|grp_fu_11136_p_ce     |  out|    1|  ap_ctrl_hs|  gru_cell_step_Pipeline_VITIS_LOOP_48_1|  return value|
|grp_fu_11140_p_din0   |  out|   21|  ap_ctrl_hs|  gru_cell_step_Pipeline_VITIS_LOOP_48_1|  return value|
|grp_fu_11140_p_din1   |  out|   23|  ap_ctrl_hs|  gru_cell_step_Pipeline_VITIS_LOOP_48_1|  return value|
|grp_fu_11140_p_dout0  |   in|   44|  ap_ctrl_hs|  gru_cell_step_Pipeline_VITIS_LOOP_48_1|  return value|
|grp_fu_11140_p_ce     |  out|    1|  ap_ctrl_hs|  gru_cell_step_Pipeline_VITIS_LOOP_48_1|  return value|
|grp_fu_11144_p_din0   |  out|   22|  ap_ctrl_hs|  gru_cell_step_Pipeline_VITIS_LOOP_48_1|  return value|
|grp_fu_11144_p_din1   |  out|   23|  ap_ctrl_hs|  gru_cell_step_Pipeline_VITIS_LOOP_48_1|  return value|
|grp_fu_11144_p_dout0  |   in|   45|  ap_ctrl_hs|  gru_cell_step_Pipeline_VITIS_LOOP_48_1|  return value|
|grp_fu_11144_p_ce     |  out|    1|  ap_ctrl_hs|  gru_cell_step_Pipeline_VITIS_LOOP_48_1|  return value|
|grp_fu_11148_p_din0   |  out|   22|  ap_ctrl_hs|  gru_cell_step_Pipeline_VITIS_LOOP_48_1|  return value|
|grp_fu_11148_p_din1   |  out|   23|  ap_ctrl_hs|  gru_cell_step_Pipeline_VITIS_LOOP_48_1|  return value|
|grp_fu_11148_p_dout0  |   in|   45|  ap_ctrl_hs|  gru_cell_step_Pipeline_VITIS_LOOP_48_1|  return value|
|grp_fu_11148_p_ce     |  out|    1|  ap_ctrl_hs|  gru_cell_step_Pipeline_VITIS_LOOP_48_1|  return value|
|grp_fu_11152_p_din0   |  out|   22|  ap_ctrl_hs|  gru_cell_step_Pipeline_VITIS_LOOP_48_1|  return value|
|grp_fu_11152_p_din1   |  out|   23|  ap_ctrl_hs|  gru_cell_step_Pipeline_VITIS_LOOP_48_1|  return value|
|grp_fu_11152_p_dout0  |   in|   45|  ap_ctrl_hs|  gru_cell_step_Pipeline_VITIS_LOOP_48_1|  return value|
|grp_fu_11152_p_ce     |  out|    1|  ap_ctrl_hs|  gru_cell_step_Pipeline_VITIS_LOOP_48_1|  return value|
|grp_fu_11156_p_din0   |  out|   23|  ap_ctrl_hs|  gru_cell_step_Pipeline_VITIS_LOOP_48_1|  return value|
|grp_fu_11156_p_din1   |  out|   23|  ap_ctrl_hs|  gru_cell_step_Pipeline_VITIS_LOOP_48_1|  return value|
|grp_fu_11156_p_dout0  |   in|   46|  ap_ctrl_hs|  gru_cell_step_Pipeline_VITIS_LOOP_48_1|  return value|
|grp_fu_11156_p_ce     |  out|    1|  ap_ctrl_hs|  gru_cell_step_Pipeline_VITIS_LOOP_48_1|  return value|
|grp_fu_11160_p_din0   |  out|   21|  ap_ctrl_hs|  gru_cell_step_Pipeline_VITIS_LOOP_48_1|  return value|
|grp_fu_11160_p_din1   |  out|   23|  ap_ctrl_hs|  gru_cell_step_Pipeline_VITIS_LOOP_48_1|  return value|
|grp_fu_11160_p_dout0  |   in|   44|  ap_ctrl_hs|  gru_cell_step_Pipeline_VITIS_LOOP_48_1|  return value|
|grp_fu_11160_p_ce     |  out|    1|  ap_ctrl_hs|  gru_cell_step_Pipeline_VITIS_LOOP_48_1|  return value|
|grp_fu_11164_p_din0   |  out|   22|  ap_ctrl_hs|  gru_cell_step_Pipeline_VITIS_LOOP_48_1|  return value|
|grp_fu_11164_p_din1   |  out|   23|  ap_ctrl_hs|  gru_cell_step_Pipeline_VITIS_LOOP_48_1|  return value|
|grp_fu_11164_p_dout0  |   in|   45|  ap_ctrl_hs|  gru_cell_step_Pipeline_VITIS_LOOP_48_1|  return value|
|grp_fu_11164_p_ce     |  out|    1|  ap_ctrl_hs|  gru_cell_step_Pipeline_VITIS_LOOP_48_1|  return value|
|grp_fu_11168_p_din0   |  out|   22|  ap_ctrl_hs|  gru_cell_step_Pipeline_VITIS_LOOP_48_1|  return value|
|grp_fu_11168_p_din1   |  out|   23|  ap_ctrl_hs|  gru_cell_step_Pipeline_VITIS_LOOP_48_1|  return value|
|grp_fu_11168_p_dout0  |   in|   45|  ap_ctrl_hs|  gru_cell_step_Pipeline_VITIS_LOOP_48_1|  return value|
|grp_fu_11168_p_ce     |  out|    1|  ap_ctrl_hs|  gru_cell_step_Pipeline_VITIS_LOOP_48_1|  return value|
|grp_fu_11172_p_din0   |  out|   23|  ap_ctrl_hs|  gru_cell_step_Pipeline_VITIS_LOOP_48_1|  return value|
|grp_fu_11172_p_din1   |  out|   23|  ap_ctrl_hs|  gru_cell_step_Pipeline_VITIS_LOOP_48_1|  return value|
|grp_fu_11172_p_dout0  |   in|   46|  ap_ctrl_hs|  gru_cell_step_Pipeline_VITIS_LOOP_48_1|  return value|
|grp_fu_11172_p_ce     |  out|    1|  ap_ctrl_hs|  gru_cell_step_Pipeline_VITIS_LOOP_48_1|  return value|
|grp_fu_11176_p_din0   |  out|   22|  ap_ctrl_hs|  gru_cell_step_Pipeline_VITIS_LOOP_48_1|  return value|
|grp_fu_11176_p_din1   |  out|   23|  ap_ctrl_hs|  gru_cell_step_Pipeline_VITIS_LOOP_48_1|  return value|
|grp_fu_11176_p_dout0  |   in|   45|  ap_ctrl_hs|  gru_cell_step_Pipeline_VITIS_LOOP_48_1|  return value|
|grp_fu_11176_p_ce     |  out|    1|  ap_ctrl_hs|  gru_cell_step_Pipeline_VITIS_LOOP_48_1|  return value|
|grp_fu_11180_p_din0   |  out|   22|  ap_ctrl_hs|  gru_cell_step_Pipeline_VITIS_LOOP_48_1|  return value|
|grp_fu_11180_p_din1   |  out|   23|  ap_ctrl_hs|  gru_cell_step_Pipeline_VITIS_LOOP_48_1|  return value|
|grp_fu_11180_p_dout0  |   in|   45|  ap_ctrl_hs|  gru_cell_step_Pipeline_VITIS_LOOP_48_1|  return value|
|grp_fu_11180_p_ce     |  out|    1|  ap_ctrl_hs|  gru_cell_step_Pipeline_VITIS_LOOP_48_1|  return value|
|grp_fu_11184_p_din0   |  out|   22|  ap_ctrl_hs|  gru_cell_step_Pipeline_VITIS_LOOP_48_1|  return value|
|grp_fu_11184_p_din1   |  out|   23|  ap_ctrl_hs|  gru_cell_step_Pipeline_VITIS_LOOP_48_1|  return value|
|grp_fu_11184_p_dout0  |   in|   45|  ap_ctrl_hs|  gru_cell_step_Pipeline_VITIS_LOOP_48_1|  return value|
|grp_fu_11184_p_ce     |  out|    1|  ap_ctrl_hs|  gru_cell_step_Pipeline_VITIS_LOOP_48_1|  return value|
|grp_fu_11188_p_din0   |  out|   22|  ap_ctrl_hs|  gru_cell_step_Pipeline_VITIS_LOOP_48_1|  return value|
|grp_fu_11188_p_din1   |  out|   23|  ap_ctrl_hs|  gru_cell_step_Pipeline_VITIS_LOOP_48_1|  return value|
|grp_fu_11188_p_dout0  |   in|   45|  ap_ctrl_hs|  gru_cell_step_Pipeline_VITIS_LOOP_48_1|  return value|
|grp_fu_11188_p_ce     |  out|    1|  ap_ctrl_hs|  gru_cell_step_Pipeline_VITIS_LOOP_48_1|  return value|
|grp_fu_11192_p_din0   |  out|   22|  ap_ctrl_hs|  gru_cell_step_Pipeline_VITIS_LOOP_48_1|  return value|
|grp_fu_11192_p_din1   |  out|   23|  ap_ctrl_hs|  gru_cell_step_Pipeline_VITIS_LOOP_48_1|  return value|
|grp_fu_11192_p_dout0  |   in|   45|  ap_ctrl_hs|  gru_cell_step_Pipeline_VITIS_LOOP_48_1|  return value|
|grp_fu_11192_p_ce     |  out|    1|  ap_ctrl_hs|  gru_cell_step_Pipeline_VITIS_LOOP_48_1|  return value|
|grp_fu_11196_p_din0   |  out|   22|  ap_ctrl_hs|  gru_cell_step_Pipeline_VITIS_LOOP_48_1|  return value|
|grp_fu_11196_p_din1   |  out|   23|  ap_ctrl_hs|  gru_cell_step_Pipeline_VITIS_LOOP_48_1|  return value|
|grp_fu_11196_p_dout0  |   in|   45|  ap_ctrl_hs|  gru_cell_step_Pipeline_VITIS_LOOP_48_1|  return value|
|grp_fu_11196_p_ce     |  out|    1|  ap_ctrl_hs|  gru_cell_step_Pipeline_VITIS_LOOP_48_1|  return value|
|grp_fu_11200_p_din0   |  out|   22|  ap_ctrl_hs|  gru_cell_step_Pipeline_VITIS_LOOP_48_1|  return value|
|grp_fu_11200_p_din1   |  out|   23|  ap_ctrl_hs|  gru_cell_step_Pipeline_VITIS_LOOP_48_1|  return value|
|grp_fu_11200_p_dout0  |   in|   45|  ap_ctrl_hs|  gru_cell_step_Pipeline_VITIS_LOOP_48_1|  return value|
|grp_fu_11200_p_ce     |  out|    1|  ap_ctrl_hs|  gru_cell_step_Pipeline_VITIS_LOOP_48_1|  return value|
|grp_fu_11204_p_din0   |  out|   23|  ap_ctrl_hs|  gru_cell_step_Pipeline_VITIS_LOOP_48_1|  return value|
|grp_fu_11204_p_din1   |  out|   23|  ap_ctrl_hs|  gru_cell_step_Pipeline_VITIS_LOOP_48_1|  return value|
|grp_fu_11204_p_dout0  |   in|   46|  ap_ctrl_hs|  gru_cell_step_Pipeline_VITIS_LOOP_48_1|  return value|
|grp_fu_11204_p_ce     |  out|    1|  ap_ctrl_hs|  gru_cell_step_Pipeline_VITIS_LOOP_48_1|  return value|
|grp_fu_11208_p_din0   |  out|   23|  ap_ctrl_hs|  gru_cell_step_Pipeline_VITIS_LOOP_48_1|  return value|
|grp_fu_11208_p_din1   |  out|   23|  ap_ctrl_hs|  gru_cell_step_Pipeline_VITIS_LOOP_48_1|  return value|
|grp_fu_11208_p_dout0  |   in|   46|  ap_ctrl_hs|  gru_cell_step_Pipeline_VITIS_LOOP_48_1|  return value|
|grp_fu_11208_p_ce     |  out|    1|  ap_ctrl_hs|  gru_cell_step_Pipeline_VITIS_LOOP_48_1|  return value|
|grp_fu_11212_p_din0   |  out|   22|  ap_ctrl_hs|  gru_cell_step_Pipeline_VITIS_LOOP_48_1|  return value|
|grp_fu_11212_p_din1   |  out|   23|  ap_ctrl_hs|  gru_cell_step_Pipeline_VITIS_LOOP_48_1|  return value|
|grp_fu_11212_p_dout0  |   in|   45|  ap_ctrl_hs|  gru_cell_step_Pipeline_VITIS_LOOP_48_1|  return value|
|grp_fu_11212_p_ce     |  out|    1|  ap_ctrl_hs|  gru_cell_step_Pipeline_VITIS_LOOP_48_1|  return value|
|grp_fu_11216_p_din0   |  out|   22|  ap_ctrl_hs|  gru_cell_step_Pipeline_VITIS_LOOP_48_1|  return value|
|grp_fu_11216_p_din1   |  out|   23|  ap_ctrl_hs|  gru_cell_step_Pipeline_VITIS_LOOP_48_1|  return value|
|grp_fu_11216_p_dout0  |   in|   45|  ap_ctrl_hs|  gru_cell_step_Pipeline_VITIS_LOOP_48_1|  return value|
|grp_fu_11216_p_ce     |  out|    1|  ap_ctrl_hs|  gru_cell_step_Pipeline_VITIS_LOOP_48_1|  return value|
|grp_fu_11220_p_din0   |  out|   22|  ap_ctrl_hs|  gru_cell_step_Pipeline_VITIS_LOOP_48_1|  return value|
|grp_fu_11220_p_din1   |  out|   23|  ap_ctrl_hs|  gru_cell_step_Pipeline_VITIS_LOOP_48_1|  return value|
|grp_fu_11220_p_dout0  |   in|   45|  ap_ctrl_hs|  gru_cell_step_Pipeline_VITIS_LOOP_48_1|  return value|
|grp_fu_11220_p_ce     |  out|    1|  ap_ctrl_hs|  gru_cell_step_Pipeline_VITIS_LOOP_48_1|  return value|
|grp_fu_11224_p_din0   |  out|   22|  ap_ctrl_hs|  gru_cell_step_Pipeline_VITIS_LOOP_48_1|  return value|
|grp_fu_11224_p_din1   |  out|   23|  ap_ctrl_hs|  gru_cell_step_Pipeline_VITIS_LOOP_48_1|  return value|
|grp_fu_11224_p_dout0  |   in|   45|  ap_ctrl_hs|  gru_cell_step_Pipeline_VITIS_LOOP_48_1|  return value|
|grp_fu_11224_p_ce     |  out|    1|  ap_ctrl_hs|  gru_cell_step_Pipeline_VITIS_LOOP_48_1|  return value|
|grp_fu_11228_p_din0   |  out|   22|  ap_ctrl_hs|  gru_cell_step_Pipeline_VITIS_LOOP_48_1|  return value|
|grp_fu_11228_p_din1   |  out|   23|  ap_ctrl_hs|  gru_cell_step_Pipeline_VITIS_LOOP_48_1|  return value|
|grp_fu_11228_p_dout0  |   in|   45|  ap_ctrl_hs|  gru_cell_step_Pipeline_VITIS_LOOP_48_1|  return value|
|grp_fu_11228_p_ce     |  out|    1|  ap_ctrl_hs|  gru_cell_step_Pipeline_VITIS_LOOP_48_1|  return value|
|grp_fu_11232_p_din0   |  out|   22|  ap_ctrl_hs|  gru_cell_step_Pipeline_VITIS_LOOP_48_1|  return value|
|grp_fu_11232_p_din1   |  out|   23|  ap_ctrl_hs|  gru_cell_step_Pipeline_VITIS_LOOP_48_1|  return value|
|grp_fu_11232_p_dout0  |   in|   45|  ap_ctrl_hs|  gru_cell_step_Pipeline_VITIS_LOOP_48_1|  return value|
|grp_fu_11232_p_ce     |  out|    1|  ap_ctrl_hs|  gru_cell_step_Pipeline_VITIS_LOOP_48_1|  return value|
|grp_fu_11236_p_din0   |  out|   23|  ap_ctrl_hs|  gru_cell_step_Pipeline_VITIS_LOOP_48_1|  return value|
|grp_fu_11236_p_din1   |  out|   23|  ap_ctrl_hs|  gru_cell_step_Pipeline_VITIS_LOOP_48_1|  return value|
|grp_fu_11236_p_dout0  |   in|   46|  ap_ctrl_hs|  gru_cell_step_Pipeline_VITIS_LOOP_48_1|  return value|
|grp_fu_11236_p_ce     |  out|    1|  ap_ctrl_hs|  gru_cell_step_Pipeline_VITIS_LOOP_48_1|  return value|
|grp_fu_11240_p_din0   |  out|   22|  ap_ctrl_hs|  gru_cell_step_Pipeline_VITIS_LOOP_48_1|  return value|
|grp_fu_11240_p_din1   |  out|   23|  ap_ctrl_hs|  gru_cell_step_Pipeline_VITIS_LOOP_48_1|  return value|
|grp_fu_11240_p_dout0  |   in|   45|  ap_ctrl_hs|  gru_cell_step_Pipeline_VITIS_LOOP_48_1|  return value|
|grp_fu_11240_p_ce     |  out|    1|  ap_ctrl_hs|  gru_cell_step_Pipeline_VITIS_LOOP_48_1|  return value|
|grp_fu_11244_p_din0   |  out|   22|  ap_ctrl_hs|  gru_cell_step_Pipeline_VITIS_LOOP_48_1|  return value|
|grp_fu_11244_p_din1   |  out|   23|  ap_ctrl_hs|  gru_cell_step_Pipeline_VITIS_LOOP_48_1|  return value|
|grp_fu_11244_p_dout0  |   in|   45|  ap_ctrl_hs|  gru_cell_step_Pipeline_VITIS_LOOP_48_1|  return value|
|grp_fu_11244_p_ce     |  out|    1|  ap_ctrl_hs|  gru_cell_step_Pipeline_VITIS_LOOP_48_1|  return value|
|grp_fu_11248_p_din0   |  out|   22|  ap_ctrl_hs|  gru_cell_step_Pipeline_VITIS_LOOP_48_1|  return value|
|grp_fu_11248_p_din1   |  out|   23|  ap_ctrl_hs|  gru_cell_step_Pipeline_VITIS_LOOP_48_1|  return value|
|grp_fu_11248_p_dout0  |   in|   45|  ap_ctrl_hs|  gru_cell_step_Pipeline_VITIS_LOOP_48_1|  return value|
|grp_fu_11248_p_ce     |  out|    1|  ap_ctrl_hs|  gru_cell_step_Pipeline_VITIS_LOOP_48_1|  return value|
|grp_fu_11252_p_din0   |  out|   22|  ap_ctrl_hs|  gru_cell_step_Pipeline_VITIS_LOOP_48_1|  return value|
|grp_fu_11252_p_din1   |  out|   23|  ap_ctrl_hs|  gru_cell_step_Pipeline_VITIS_LOOP_48_1|  return value|
|grp_fu_11252_p_dout0  |   in|   45|  ap_ctrl_hs|  gru_cell_step_Pipeline_VITIS_LOOP_48_1|  return value|
|grp_fu_11252_p_ce     |  out|    1|  ap_ctrl_hs|  gru_cell_step_Pipeline_VITIS_LOOP_48_1|  return value|
|grp_fu_11256_p_din0   |  out|   22|  ap_ctrl_hs|  gru_cell_step_Pipeline_VITIS_LOOP_48_1|  return value|
|grp_fu_11256_p_din1   |  out|   23|  ap_ctrl_hs|  gru_cell_step_Pipeline_VITIS_LOOP_48_1|  return value|
|grp_fu_11256_p_dout0  |   in|   45|  ap_ctrl_hs|  gru_cell_step_Pipeline_VITIS_LOOP_48_1|  return value|
|grp_fu_11256_p_ce     |  out|    1|  ap_ctrl_hs|  gru_cell_step_Pipeline_VITIS_LOOP_48_1|  return value|
|grp_fu_11260_p_din0   |  out|   22|  ap_ctrl_hs|  gru_cell_step_Pipeline_VITIS_LOOP_48_1|  return value|
|grp_fu_11260_p_din1   |  out|   23|  ap_ctrl_hs|  gru_cell_step_Pipeline_VITIS_LOOP_48_1|  return value|
|grp_fu_11260_p_dout0  |   in|   45|  ap_ctrl_hs|  gru_cell_step_Pipeline_VITIS_LOOP_48_1|  return value|
|grp_fu_11260_p_ce     |  out|    1|  ap_ctrl_hs|  gru_cell_step_Pipeline_VITIS_LOOP_48_1|  return value|
|grp_fu_11264_p_din0   |  out|   22|  ap_ctrl_hs|  gru_cell_step_Pipeline_VITIS_LOOP_48_1|  return value|
|grp_fu_11264_p_din1   |  out|   23|  ap_ctrl_hs|  gru_cell_step_Pipeline_VITIS_LOOP_48_1|  return value|
|grp_fu_11264_p_dout0  |   in|   45|  ap_ctrl_hs|  gru_cell_step_Pipeline_VITIS_LOOP_48_1|  return value|
|grp_fu_11264_p_ce     |  out|    1|  ap_ctrl_hs|  gru_cell_step_Pipeline_VITIS_LOOP_48_1|  return value|
|grp_fu_11268_p_din0   |  out|   22|  ap_ctrl_hs|  gru_cell_step_Pipeline_VITIS_LOOP_48_1|  return value|
|grp_fu_11268_p_din1   |  out|   23|  ap_ctrl_hs|  gru_cell_step_Pipeline_VITIS_LOOP_48_1|  return value|
|grp_fu_11268_p_dout0  |   in|   45|  ap_ctrl_hs|  gru_cell_step_Pipeline_VITIS_LOOP_48_1|  return value|
|grp_fu_11268_p_ce     |  out|    1|  ap_ctrl_hs|  gru_cell_step_Pipeline_VITIS_LOOP_48_1|  return value|
|shl_i_i_i314_cast     |   in|   24|     ap_none|                       shl_i_i_i314_cast|        scalar|
|sext_ln837_47         |   in|   23|     ap_none|                           sext_ln837_47|        scalar|
|sext_ln837            |   in|   23|     ap_none|                              sext_ln837|        scalar|
|sext_ln837_49         |   in|   23|     ap_none|                           sext_ln837_49|        scalar|
|sext_ln837_48         |   in|   23|     ap_none|                           sext_ln837_48|        scalar|
|sext_ln837_50         |   in|   23|     ap_none|                           sext_ln837_50|        scalar|
|sext_ln837_52         |   in|   23|     ap_none|                           sext_ln837_52|        scalar|
|sext_ln837_51         |   in|   23|     ap_none|                           sext_ln837_51|        scalar|
|sext_ln837_53         |   in|   23|     ap_none|                           sext_ln837_53|        scalar|
|sext_ln837_55         |   in|   23|     ap_none|                           sext_ln837_55|        scalar|
|sext_ln837_54         |   in|   23|     ap_none|                           sext_ln837_54|        scalar|
|sext_ln837_56         |   in|   23|     ap_none|                           sext_ln837_56|        scalar|
|sext_ln837_58         |   in|   23|     ap_none|                           sext_ln837_58|        scalar|
|sext_ln837_57         |   in|   23|     ap_none|                           sext_ln837_57|        scalar|
|sext_ln837_60         |   in|   23|     ap_none|                           sext_ln837_60|        scalar|
|sext_ln837_59         |   in|   23|     ap_none|                           sext_ln837_59|        scalar|
|sext_ln837_61         |   in|   23|     ap_none|                           sext_ln837_61|        scalar|
|sext_ln837_63         |   in|   23|     ap_none|                           sext_ln837_63|        scalar|
|sext_ln837_62         |   in|   23|     ap_none|                           sext_ln837_62|        scalar|
|sext_ln837_64         |   in|   23|     ap_none|                           sext_ln837_64|        scalar|
|sext_ln837_66         |   in|   23|     ap_none|                           sext_ln837_66|        scalar|
|sext_ln837_65         |   in|   23|     ap_none|                           sext_ln837_65|        scalar|
|sext_ln837_68         |   in|   23|     ap_none|                           sext_ln837_68|        scalar|
|sext_ln837_67         |   in|   23|     ap_none|                           sext_ln837_67|        scalar|
|sext_ln837_70         |   in|   23|     ap_none|                           sext_ln837_70|        scalar|
|sext_ln837_69         |   in|   23|     ap_none|                           sext_ln837_69|        scalar|
|sext_ln837_71         |   in|   23|     ap_none|                           sext_ln837_71|        scalar|
|sext_ln837_73         |   in|   23|     ap_none|                           sext_ln837_73|        scalar|
|sext_ln837_72         |   in|   23|     ap_none|                           sext_ln837_72|        scalar|
|sext_ln837_74         |   in|   23|     ap_none|                           sext_ln837_74|        scalar|
|sext_ln837_75         |   in|   23|     ap_none|                           sext_ln837_75|        scalar|
|sext_ln837_76         |   in|   23|     ap_none|                           sext_ln837_76|        scalar|
|sext_ln837_77         |   in|   23|     ap_none|                           sext_ln837_77|        scalar|
|sext_ln837_79         |   in|   23|     ap_none|                           sext_ln837_79|        scalar|
|sext_ln837_78         |   in|   23|     ap_none|                           sext_ln837_78|        scalar|
|sext_ln837_81         |   in|   23|     ap_none|                           sext_ln837_81|        scalar|
|sext_ln837_80         |   in|   23|     ap_none|                           sext_ln837_80|        scalar|
|sext_ln837_83         |   in|   23|     ap_none|                           sext_ln837_83|        scalar|
|sext_ln837_82         |   in|   23|     ap_none|                           sext_ln837_82|        scalar|
|sext_ln837_85         |   in|   23|     ap_none|                           sext_ln837_85|        scalar|
|sext_ln837_84         |   in|   23|     ap_none|                           sext_ln837_84|        scalar|
|sext_ln837_86         |   in|   23|     ap_none|                           sext_ln837_86|        scalar|
|sext_ln837_88         |   in|   23|     ap_none|                           sext_ln837_88|        scalar|
|sext_ln837_87         |   in|   23|     ap_none|                           sext_ln837_87|        scalar|
|sext_ln837_90         |   in|   23|     ap_none|                           sext_ln837_90|        scalar|
|sext_ln837_89         |   in|   23|     ap_none|                           sext_ln837_89|        scalar|
|sext_ln837_92         |   in|   23|     ap_none|                           sext_ln837_92|        scalar|
|sext_ln837_91         |   in|   23|     ap_none|                           sext_ln837_91|        scalar|
|sext_ln837_94         |   in|   23|     ap_none|                           sext_ln837_94|        scalar|
|sext_ln837_93         |   in|   23|     ap_none|                           sext_ln837_93|        scalar|
|sext_ln837_95         |   in|   23|     ap_none|                           sext_ln837_95|        scalar|
|sext_ln48             |   in|   23|     ap_none|                               sext_ln48|        scalar|
|z_V_address0          |  out|    5|   ap_memory|                                     z_V|         array|
|z_V_ce0               |  out|    1|   ap_memory|                                     z_V|         array|
|z_V_we0               |  out|    1|   ap_memory|                                     z_V|         array|
|z_V_d0                |  out|   14|   ap_memory|                                     z_V|         array|
|r_V_address0          |  out|    5|   ap_memory|                                     r_V|         array|
|r_V_ce0               |  out|    1|   ap_memory|                                     r_V|         array|
|r_V_we0               |  out|    1|   ap_memory|                                     r_V|         array|
|r_V_d0                |  out|   14|   ap_memory|                                     r_V|         array|
+----------------------+-----+-----+------------+----------------------------------------+--------------+

