

================================================================
== Vitis HLS Report for 'gru_cell_step_1_Pipeline_VITIS_LOOP_94_5'
================================================================
* Date:           Sun Aug 16 17:46:25 2026

* Version:        2022.2 (Build 3670227 on Oct 13 2022)
* Project:        seq2seqlite_student_proj
* Solution:       solution1 (Vivado IP Flow Target)
* Product family: kintex7
* Target device:  xc7k410t-ffg676-1


================================================================
== Performance Estimates
================================================================
+ Timing: 
    * Summary: 
    +--------+---------+----------+------------+
    |  Clock |  Target | Estimated| Uncertainty|
    +--------+---------+----------+------------+
    |ap_clk  |  4.50 ns|  3.240 ns|     1.22 ns|
    +--------+---------+----------+------------+

+ Latency: 
    * Summary: 
    +---------+---------+----------+----------+-----+-----+---------+
    |  Latency (cycles) |  Latency (absolute) |  Interval | Pipeline|
    |   min   |   max   |    min   |    max   | min | max |   Type  |
    +---------+---------+----------+----------+-----+-----+---------+
    |      172|      172|  0.774 us|  0.774 us|  172|  172|       no|
    +---------+---------+----------+----------+-----+-----+---------+

    + Detail: 
        * Instance: 
        N/A

        * Loop: 
        +-------------------+---------+---------+----------+-----------+-----------+------+----------+
        |                   |  Latency (cycles) | Iteration|  Initiation Interval  | Trip |          |
        |     Loop Name     |   min   |   max   |  Latency |  achieved |   target  | Count| Pipelined|
        +-------------------+---------+---------+----------+-----------+-----------+------+----------+
        |- VITIS_LOOP_94_5  |      170|      170|        47|          4|          4|    32|       yes|
        +-------------------+---------+---------+----------+-----------+-----------+------+----------+



================================================================
== Utilization Estimates
================================================================
* Summary: 
+-----------------+---------+------+--------+--------+-----+
|       Name      | BRAM_18K|  DSP |   FF   |   LUT  | URAM|
+-----------------+---------+------+--------+--------+-----+
|DSP              |        -|     2|       -|       -|    -|
|Expression       |        -|     -|       0|    2430|    -|
|FIFO             |        -|     -|       -|       -|    -|
|Instance         |        -|     -|       0|      17|    -|
|Memory           |        0|     -|     222|     122|    -|
|Multiplexer      |        -|     -|       -|     165|    -|
|Register         |        -|     -|    4669|     160|    -|
+-----------------+---------+------+--------+--------+-----+
|Total            |        0|     2|    4891|    2894|    0|
+-----------------+---------+------+--------+--------+-----+
|Available        |     1590|  1540|  508400|  254200|    0|
+-----------------+---------+------+--------+--------+-----+
|Utilization (%)  |        0|    ~0|      ~0|       1|    0|
+-----------------+---------+------+--------+--------+-----+

+ Detail: 
    * Instance: 
    +-------------------+--------------+---------+----+---+----+-----+
    |      Instance     |    Module    | BRAM_18K| DSP| FF| LUT| URAM|
    +-------------------+--------------+---------+----+---+----+-----+
    |mux_42_8_1_1_U588  |mux_42_8_1_1  |        0|   0|  0|  17|    0|
    +-------------------+--------------+---------+----+---+----+-----+
    |Total              |              |        0|   0|  0|  17|    0|
    +-------------------+--------------+---------+----+---+----+-----+

    * DSP: 
    +------------------------------+-------------------------+-----------+
    |           Instance           |          Module         | Expression|
    +------------------------------+-------------------------+-----------+
    |mul_mul_15s_14ns_29_4_1_U621  |mul_mul_15s_14ns_29_4_1  |    i0 * i1|
    |mul_mul_15s_15ns_30_4_1_U622  |mul_mul_15s_15ns_30_4_1  |    i0 * i1|
    +------------------------------+-------------------------+-----------+

    * Memory: 
    +----------------------------------------+----------------------------------------------------------------------------------+---------+---+----+-----+------+-----+------+-------------+
    |                 Memory                 |                                      Module                                      | BRAM_18K| FF| LUT| URAM| Words| Bits| Banks| W*Bits*Banks|
    +----------------------------------------+----------------------------------------------------------------------------------+---------+---+----+-----+------+-----+------+-------------+
    |p_ZL26sdecgru_recurrent_kernel_h_0_0_U  |gru_cell_step_1_Pipeline_VITIS_LOOP_94_5_p_ZL26sdecgru_recurrent_kernel_h_0_0cLz  |        0|  7|   4|    0|    32|    7|     1|          224|
    |p_ZL26sdecgru_recurrent_kernel_h_0_1_U  |gru_cell_step_1_Pipeline_VITIS_LOOP_94_5_p_ZL26sdecgru_recurrent_kernel_h_0_1cTB  |        0|  7|   4|    0|    32|    7|     1|          224|
    |p_ZL26sdecgru_recurrent_kernel_h_0_2_U  |gru_cell_step_1_Pipeline_VITIS_LOOP_94_5_p_ZL26sdecgru_recurrent_kernel_h_0_2c1C  |        0|  6|   3|    0|    32|    6|     1|          192|
    |p_ZL26sdecgru_recurrent_kernel_h_0_3_U  |gru_cell_step_1_Pipeline_VITIS_LOOP_94_5_p_ZL26sdecgru_recurrent_kernel_h_0_3c9D  |        0|  7|   4|    0|    32|    7|     1|          224|
    |p_ZL26sdecgru_recurrent_kernel_h_1_0_U  |gru_cell_step_1_Pipeline_VITIS_LOOP_94_5_p_ZL26sdecgru_recurrent_kernel_h_1_0cMA  |        0|  7|   4|    0|    32|    7|     1|          224|
    |p_ZL26sdecgru_recurrent_kernel_h_1_1_U  |gru_cell_step_1_Pipeline_VITIS_LOOP_94_5_p_ZL26sdecgru_recurrent_kernel_h_1_1cUB  |        0|  7|   4|    0|    32|    7|     1|          224|
    |p_ZL26sdecgru_recurrent_kernel_h_1_2_U  |gru_cell_step_1_Pipeline_VITIS_LOOP_94_5_p_ZL26sdecgru_recurrent_kernel_h_1_2c2C  |        0|  6|   3|    0|    32|    6|     1|          192|
    |p_ZL26sdecgru_recurrent_kernel_h_1_3_U  |gru_cell_step_1_Pipeline_VITIS_LOOP_94_5_p_ZL26sdecgru_recurrent_kernel_h_1_3daE  |        0|  7|   4|    0|    32|    7|     1|          224|
    |p_ZL26sdecgru_recurrent_kernel_h_2_0_U  |gru_cell_step_1_Pipeline_VITIS_LOOP_94_5_p_ZL26sdecgru_recurrent_kernel_h_2_0cNA  |        0|  7|   4|    0|    32|    7|     1|          224|
    |p_ZL26sdecgru_recurrent_kernel_h_2_1_U  |gru_cell_step_1_Pipeline_VITIS_LOOP_94_5_p_ZL26sdecgru_recurrent_kernel_h_2_1cVB  |        0|  7|   4|    0|    32|    7|     1|          224|
    |p_ZL26sdecgru_recurrent_kernel_h_2_2_U  |gru_cell_step_1_Pipeline_VITIS_LOOP_94_5_p_ZL26sdecgru_recurrent_kernel_h_2_2c3C  |        0|  6|   3|    0|    32|    6|     1|          192|
    |p_ZL26sdecgru_recurrent_kernel_h_2_3_U  |gru_cell_step_1_Pipeline_VITIS_LOOP_94_5_p_ZL26sdecgru_recurrent_kernel_h_2_3dbE  |        0|  7|   4|    0|    32|    7|     1|          224|
    |p_ZL26sdecgru_recurrent_kernel_h_3_0_U  |gru_cell_step_1_Pipeline_VITIS_LOOP_94_5_p_ZL26sdecgru_recurrent_kernel_h_3_0cOA  |        0|  7|   4|    0|    32|    7|     1|          224|
    |p_ZL26sdecgru_recurrent_kernel_h_3_1_U  |gru_cell_step_1_Pipeline_VITIS_LOOP_94_5_p_ZL26sdecgru_recurrent_kernel_h_3_1cWB  |        0|  7|   4|    0|    32|    7|     1|          224|
    |p_ZL26sdecgru_recurrent_kernel_h_3_2_U  |gru_cell_step_1_Pipeline_VITIS_LOOP_94_5_p_ZL26sdecgru_recurrent_kernel_h_3_2c4D  |        0|  7|   4|    0|    32|    7|     1|          224|
    |p_ZL26sdecgru_recurrent_kernel_h_3_3_U  |gru_cell_step_1_Pipeline_VITIS_LOOP_94_5_p_ZL26sdecgru_recurrent_kernel_h_3_3dcE  |        0|  7|   4|    0|    32|    7|     1|          224|
    |p_ZL26sdecgru_recurrent_kernel_h_4_0_U  |gru_cell_step_1_Pipeline_VITIS_LOOP_94_5_p_ZL26sdecgru_recurrent_kernel_h_4_0cPA  |        0|  7|   4|    0|    32|    7|     1|          224|
    |p_ZL26sdecgru_recurrent_kernel_h_4_1_U  |gru_cell_step_1_Pipeline_VITIS_LOOP_94_5_p_ZL26sdecgru_recurrent_kernel_h_4_1cXB  |        0|  8|   4|    0|    32|    8|     1|          256|
    |p_ZL26sdecgru_recurrent_kernel_h_4_2_U  |gru_cell_step_1_Pipeline_VITIS_LOOP_94_5_p_ZL26sdecgru_recurrent_kernel_h_4_2c5D  |        0|  7|   4|    0|    32|    7|     1|          224|
    |p_ZL26sdecgru_recurrent_kernel_h_4_3_U  |gru_cell_step_1_Pipeline_VITIS_LOOP_94_5_p_ZL26sdecgru_recurrent_kernel_h_4_3ddE  |        0|  6|   3|    0|    32|    6|     1|          192|
    |p_ZL26sdecgru_recurrent_kernel_h_5_0_U  |gru_cell_step_1_Pipeline_VITIS_LOOP_94_5_p_ZL26sdecgru_recurrent_kernel_h_5_0cQA  |        0|  7|   4|    0|    32|    7|     1|          224|
    |p_ZL26sdecgru_recurrent_kernel_h_5_1_U  |gru_cell_step_1_Pipeline_VITIS_LOOP_94_5_p_ZL26sdecgru_recurrent_kernel_h_5_1cYC  |        0|  6|   3|    0|    32|    6|     1|          192|
    |p_ZL26sdecgru_recurrent_kernel_h_5_2_U  |gru_cell_step_1_Pipeline_VITIS_LOOP_94_5_p_ZL26sdecgru_recurrent_kernel_h_5_2c6D  |        0|  6|   3|    0|    32|    6|     1|          192|
    |p_ZL26sdecgru_recurrent_kernel_h_5_3_U  |gru_cell_step_1_Pipeline_VITIS_LOOP_94_5_p_ZL26sdecgru_recurrent_kernel_h_5_3deE  |        0|  6|   3|    0|    32|    6|     1|          192|
    |p_ZL26sdecgru_recurrent_kernel_h_6_0_U  |gru_cell_step_1_Pipeline_VITIS_LOOP_94_5_p_ZL26sdecgru_recurrent_kernel_h_6_0cRA  |        0|  7|   4|    0|    32|    7|     1|          224|
    |p_ZL26sdecgru_recurrent_kernel_h_6_1_U  |gru_cell_step_1_Pipeline_VITIS_LOOP_94_5_p_ZL26sdecgru_recurrent_kernel_h_6_1cZC  |        0|  7|   4|    0|    32|    7|     1|          224|
    |p_ZL26sdecgru_recurrent_kernel_h_6_2_U  |gru_cell_step_1_Pipeline_VITIS_LOOP_94_5_p_ZL26sdecgru_recurrent_kernel_h_6_2c7D  |        0|  6|   3|    0|    32|    6|     1|          192|
    |p_ZL26sdecgru_recurrent_kernel_h_6_3_U  |gru_cell_step_1_Pipeline_VITIS_LOOP_94_5_p_ZL26sdecgru_recurrent_kernel_h_6_3dfE  |        0|  8|   4|    0|    32|    8|     1|          256|
    |p_ZL26sdecgru_recurrent_kernel_h_7_0_U  |gru_cell_step_1_Pipeline_VITIS_LOOP_94_5_p_ZL26sdecgru_recurrent_kernel_h_7_0cSB  |        0|  7|   4|    0|    32|    7|     1|          224|
    |p_ZL26sdecgru_recurrent_kernel_h_7_1_U  |gru_cell_step_1_Pipeline_VITIS_LOOP_94_5_p_ZL26sdecgru_recurrent_kernel_h_7_1c0C  |        0|  7|   4|    0|    32|    7|     1|          224|
    |p_ZL26sdecgru_recurrent_kernel_h_7_2_U  |gru_cell_step_1_Pipeline_VITIS_LOOP_94_5_p_ZL26sdecgru_recurrent_kernel_h_7_2c8D  |        0|  7|   4|    0|    32|    7|     1|          224|
    |p_ZL26sdecgru_recurrent_kernel_h_7_3_U  |gru_cell_step_1_Pipeline_VITIS_LOOP_94_5_p_ZL26sdecgru_recurrent_kernel_h_7_3dgE  |        0|  7|   4|    0|    32|    7|     1|          224|
    |sdecgru_bias_h_U                        |gru_cell_step_1_Pipeline_VITIS_LOOP_94_5_sdecgru_bias_h_ROM_AUTO_1R               |        0|  4|   2|    0|    32|    4|     1|          128|
    +----------------------------------------+----------------------------------------------------------------------------------+---------+---+----+-----+------+-----+------+-------------+
    |Total                                   |                                                                                  |        0|222| 122|    0|  1056|  222|    33|         7104|
    +----------------------------------------+----------------------------------------------------------------------------------+---------+---+----+-----+------+-----+------+-------------+

    * FIFO: 
    N/A

    * Expression: 
    +-----------------------------+----------+----+---+----+------------+------------+
    |        Variable Name        | Operation| DSP| FF| LUT| Bitwidth P0| Bitwidth P1|
    +-----------------------------+----------+----+---+----+------------+------------+
    |add_ln1347_1_fu_2825_p2      |         +|   0|  0|  36|          29|          29|
    |add_ln823_fu_2839_p2         |         +|   0|  0|  28|          21|          21|
    |add_ln94_fu_1133_p2          |         +|   0|  0|  14|           6|           1|
    |add_ln97_1_fu_2590_p2        |         +|   0|  0|  30|          23|          23|
    |add_ln97_fu_2679_p2          |         +|   0|  0|  31|          24|          24|
    |h_upd_V_7_fu_2878_p2         |         +|   0|  0|  15|           8|           8|
    |hh_V_2_fu_2624_p2            |         +|   0|  0|  15|           8|           8|
    |ret_V_175_fu_1420_p2         |         +|   0|  0|  61|          54|          54|
    |ret_V_176_fu_1446_p2         |         +|   0|  0|  61|          54|          54|
    |ret_V_177_fu_1472_p2         |         +|   0|  0|  61|          54|          54|
    |ret_V_178_fu_1498_p2         |         +|   0|  0|  61|          54|          54|
    |ret_V_179_fu_1588_p2         |         +|   0|  0|  61|          54|          54|
    |ret_V_180_fu_1614_p2         |         +|   0|  0|  61|          54|          54|
    |ret_V_181_fu_1640_p2         |         +|   0|  0|  61|          54|          54|
    |ret_V_182_fu_1666_p2         |         +|   0|  0|  61|          54|          54|
    |ret_V_183_fu_1724_p2         |         +|   0|  0|  61|          54|          54|
    |ret_V_184_fu_1798_p2         |         +|   0|  0|  61|          54|          54|
    |ret_V_185_fu_1824_p2         |         +|   0|  0|  61|          54|          54|
    |ret_V_186_fu_1850_p2         |         +|   0|  0|  61|          54|          54|
    |ret_V_187_fu_1876_p2         |         +|   0|  0|  61|          54|          54|
    |ret_V_188_fu_1966_p2         |         +|   0|  0|  61|          54|          54|
    |ret_V_189_fu_1992_p2         |         +|   0|  0|  61|          54|          54|
    |ret_V_190_fu_2018_p2         |         +|   0|  0|  61|          54|          54|
    |ret_V_191_fu_2044_p2         |         +|   0|  0|  61|          54|          54|
    |ret_V_192_fu_2086_p2         |         +|   0|  0|  61|          54|          54|
    |ret_V_193_fu_2176_p2         |         +|   0|  0|  61|          54|          54|
    |ret_V_194_fu_2202_p2         |         +|   0|  0|  61|          54|          54|
    |ret_V_195_fu_2228_p2         |         +|   0|  0|  61|          54|          54|
    |ret_V_196_fu_2254_p2         |         +|   0|  0|  61|          54|          54|
    |ret_V_197_fu_2344_p2         |         +|   0|  0|  61|          54|          54|
    |ret_V_198_fu_2370_p2         |         +|   0|  0|  61|          54|          54|
    |ret_V_199_fu_2396_p2         |         +|   0|  0|  61|          54|          54|
    |ret_V_200_fu_2422_p2         |         +|   0|  0|  61|          54|          54|
    |ret_V_201_fu_2448_p2         |         +|   0|  0|  61|          54|          54|
    |ret_V_202_fu_2474_p2         |         +|   0|  0|  61|          54|          54|
    |ret_V_203_fu_2500_p2         |         +|   0|  0|  61|          54|          54|
    |ret_V_204_fu_2526_p2         |         +|   0|  0|  61|          54|          54|
    |ret_V_206_fu_2862_p2         |         +|   0|  0|  37|          30|          30|
    |ret_V_fu_1358_p2             |         +|   0|  0|  53|          46|          46|
    |sum_h_V_4_fu_2585_p2         |         +|   0|  0|  39|          32|          32|
    |one_minus_z_V_fu_2785_p2     |         -|   0|  0|  23|          16|          15|
    |and_ln890_fu_2714_p2         |       and|   0|  0|   6|           1|           1|
    |and_ln891_2_fu_2953_p2       |       and|   0|  0|   6|           1|           1|
    |and_ln891_fu_2726_p2         |       and|   0|  0|   6|           1|           1|
    |carry_5_fu_2689_p2           |       and|   0|  0|   6|           1|           1|
    |carry_7_fu_2897_p2           |       and|   0|  0|   6|           1|           1|
    |deleted_ones_2_fu_2947_p2    |       and|   0|  0|   6|           1|           1|
    |overflow_2_fu_2977_p2        |       and|   0|  0|   6|           1|           1|
    |overflow_fu_2747_p2          |       and|   0|  0|   6|           1|           1|
    |underflow_2_fu_3001_p2       |       and|   0|  0|   6|           1|           1|
    |underflow_fu_2771_p2         |       and|   0|  0|   6|           1|           1|
    |Range1_all_ones_fu_2664_p2   |      icmp|   0|  0|  11|           9|           2|
    |Range1_all_zeros_fu_2670_p2  |      icmp|   0|  0|  11|           9|           1|
    |Range2_all_ones_fu_2648_p2   |      icmp|   0|  0|  11|           8|           2|
    |icmp_ln94_fu_1127_p2         |      icmp|   0|  0|  10|           6|           7|
    |or_ln346_2_fu_3007_p2        |        or|   0|  0|   6|           1|           1|
    |or_ln346_fu_2776_p2          |        or|   0|  0|   6|           1|           1|
    |or_ln888_fu_2915_p2          |        or|   0|  0|   6|           1|           1|
    |or_ln890_fu_2941_p2          |        or|   0|  0|   6|           1|           1|
    |or_ln895_2_fu_2965_p2        |        or|   0|  0|   6|           1|           1|
    |or_ln895_fu_2737_p2          |        or|   0|  0|   6|           1|           1|
    |or_ln896_2_fu_2989_p2        |        or|   0|  0|   6|           1|           1|
    |or_ln896_fu_2759_p2          |        or|   0|  0|   6|           1|           1|
    |deleted_ones_fu_2719_p3      |    select|   0|  0|   2|           1|           1|
    |deleted_zeros_fu_2694_p3     |    select|   0|  0|   2|           1|           1|
    |h_new_d0                     |    select|   0|  0|   8|           1|           8|
    |select_ln346_5_fu_2798_p3    |    select|   0|  0|   8|           1|           8|
    |select_ln346_6_fu_3013_p3    |    select|   0|  0|   9|           1|           7|
    |select_ln346_fu_2791_p3      |    select|   0|  0|   9|           1|           7|
    |ap_enable_pp0                |       xor|   0|  0|   6|           1|           2|
    |deleted_zeros_2_fu_2921_p2   |       xor|   0|  0|   6|           1|           1|
    |xor_ln888_fu_2910_p2         |       xor|   0|  0|   6|           1|           2|
    |xor_ln890_2_fu_2935_p2       |       xor|   0|  0|   6|           1|           2|
    |xor_ln890_fu_2708_p2         |       xor|   0|  0|   6|           1|           2|
    |xor_ln895_5_fu_2742_p2       |       xor|   0|  0|   6|           1|           2|
    |xor_ln895_6_fu_2959_p2       |       xor|   0|  0|   6|           1|           2|
    |xor_ln895_7_fu_2971_p2       |       xor|   0|  0|   6|           1|           2|
    |xor_ln895_fu_2731_p2         |       xor|   0|  0|   6|           1|           2|
    |xor_ln896_10_fu_2891_p2      |       xor|   0|  0|   6|           1|           2|
    |xor_ln896_11_fu_2983_p2      |       xor|   0|  0|   6|           1|           2|
    |xor_ln896_12_fu_2995_p2      |       xor|   0|  0|   6|           1|           1|
    |xor_ln896_8_fu_2753_p2       |       xor|   0|  0|   6|           1|           2|
    |xor_ln896_9_fu_2765_p2       |       xor|   0|  0|   6|           1|           1|
    |xor_ln896_fu_2684_p2         |       xor|   0|  0|   6|           1|           2|
    +-----------------------------+----------+----+---+----+------------+------------+
    |Total                        |          |   0|  0|2430|        1934|        1946|
    +-----------------------------+----------+----+---+----+------------+------------+

    * Multiplexer: 
    +-----------------------------------+----+-----------+-----+-----------+
    |                Name               | LUT| Input Size| Bits| Total Bits|
    +-----------------------------------+----+-----------+-----+-----------+
    |ap_NS_fsm                          |  21|          5|    1|          5|
    |ap_done_int                        |   9|          2|    1|          2|
    |ap_enable_reg_pp0_iter0            |   9|          2|    1|          2|
    |ap_enable_reg_pp0_iter1            |   9|          2|    1|          2|
    |ap_enable_reg_pp0_iter11           |   9|          2|    1|          2|
    |ap_loop_exit_ready_pp0_iter10_reg  |   9|          2|    1|          2|
    |ap_loop_exit_ready_pp0_iter1_reg   |   9|          2|    1|          2|
    |ap_loop_exit_ready_pp0_iter2_reg   |   9|          2|    1|          2|
    |ap_loop_exit_ready_pp0_iter3_reg   |   9|          2|    1|          2|
    |ap_loop_exit_ready_pp0_iter4_reg   |   9|          2|    1|          2|
    |ap_loop_exit_ready_pp0_iter5_reg   |   9|          2|    1|          2|
    |ap_loop_exit_ready_pp0_iter6_reg   |   9|          2|    1|          2|
    |ap_loop_exit_ready_pp0_iter7_reg   |   9|          2|    1|          2|
    |ap_loop_exit_ready_pp0_iter8_reg   |   9|          2|    1|          2|
    |ap_loop_exit_ready_pp0_iter9_reg   |   9|          2|    1|          2|
    |ap_sig_allocacmp_u                 |   9|          2|    6|         12|
    |u_1_fu_288                         |   9|          2|    6|         12|
    +-----------------------------------+----+-----------+-----+-----------+
    |Total                              | 165|         37|   27|         57|
    +-----------------------------------+----+-----------+-----+-----------+

    * Register: 
    +------------------------------------+----+----+-----+-----------+
    |                Name                | FF | LUT| Bits| Const Bits|
    +------------------------------------+----+----+-----+-----------+
    |Range1_all_ones_reg_4160            |   1|   0|    1|          0|
    |Range1_all_zeros_reg_4167           |   1|   0|    1|          0|
    |Range2_all_ones_reg_4155            |   1|   0|    1|          0|
    |ap_CS_fsm                           |   4|   0|    4|          0|
    |ap_done_reg                         |   1|   0|    1|          0|
    |ap_enable_reg_pp0_iter0_reg         |   1|   0|    1|          0|
    |ap_enable_reg_pp0_iter1             |   1|   0|    1|          0|
    |ap_enable_reg_pp0_iter10            |   1|   0|    1|          0|
    |ap_enable_reg_pp0_iter11            |   1|   0|    1|          0|
    |ap_enable_reg_pp0_iter2             |   1|   0|    1|          0|
    |ap_enable_reg_pp0_iter3             |   1|   0|    1|          0|
    |ap_enable_reg_pp0_iter4             |   1|   0|    1|          0|
    |ap_enable_reg_pp0_iter5             |   1|   0|    1|          0|
    |ap_enable_reg_pp0_iter6             |   1|   0|    1|          0|
    |ap_enable_reg_pp0_iter7             |   1|   0|    1|          0|
    |ap_enable_reg_pp0_iter8             |   1|   0|    1|          0|
    |ap_enable_reg_pp0_iter9             |   1|   0|    1|          0|
    |ap_loop_exit_ready_pp0_iter10_reg   |   1|   0|    1|          0|
    |ap_loop_exit_ready_pp0_iter1_reg    |   1|   0|    1|          0|
    |ap_loop_exit_ready_pp0_iter2_reg    |   1|   0|    1|          0|
    |ap_loop_exit_ready_pp0_iter3_reg    |   1|   0|    1|          0|
    |ap_loop_exit_ready_pp0_iter4_reg    |   1|   0|    1|          0|
    |ap_loop_exit_ready_pp0_iter5_reg    |   1|   0|    1|          0|
    |ap_loop_exit_ready_pp0_iter6_reg    |   1|   0|    1|          0|
    |ap_loop_exit_ready_pp0_iter7_reg    |   1|   0|    1|          0|
    |ap_loop_exit_ready_pp0_iter8_reg    |   1|   0|    1|          0|
    |ap_loop_exit_ready_pp0_iter9_reg    |   1|   0|    1|          0|
    |h_upd_V_6_reg_4212                  |   8|   0|    8|          0|
    |h_upd_V_7_reg_4228                  |   8|   0|    8|          0|
    |hh_V_2_reg_4144                     |   8|   0|    8|          0|
    |icmp_ln94_reg_3209                  |   1|   0|    1|          0|
    |one_minus_z_V_reg_4182              |  15|   0|   15|          0|
    |or_ln346_2_reg_4238                 |   1|   0|    1|          0|
    |or_ln346_reg_4177                   |   1|   0|    1|          0|
    |overflow_2_reg_4233                 |   1|   0|    1|          0|
    |overflow_reg_4172                   |   1|   0|    1|          0|
    |p_Result_11_reg_4217                |   1|   0|    1|          0|
    |p_Result_8_reg_4139                 |   1|   0|    1|          0|
    |p_Result_9_reg_4149                 |   1|   0|    1|          0|
    |p_Result_s_reg_4133                 |   1|   0|    1|          0|
    |r_V_138_reg_3438                    |  45|   0|   45|          0|
    |r_V_139_reg_3443                    |  45|   0|   45|          0|
    |r_V_140_reg_3448                    |  45|   0|   45|          0|
    |r_V_141_reg_3453                    |  45|   0|   45|          0|
    |r_V_142_reg_3538                    |  45|   0|   45|          0|
    |r_V_143_reg_3548                    |  45|   0|   45|          0|
    |r_V_144_reg_3553                    |  45|   0|   45|          0|
    |r_V_145_reg_3563                    |  45|   0|   45|          0|
    |r_V_146_reg_3568                    |  45|   0|   45|          0|
    |r_V_147_reg_3658                    |  45|   0|   45|          0|
    |r_V_148_reg_3668                    |  45|   0|   45|          0|
    |r_V_149_reg_3673                    |  46|   0|   46|          0|
    |r_V_150_reg_3678                    |  44|   0|   44|          0|
    |r_V_151_reg_3763                    |  45|   0|   45|          0|
    |r_V_152_reg_3773                    |  45|   0|   45|          0|
    |r_V_153_reg_3783                    |  44|   0|   44|          0|
    |r_V_154_reg_3788                    |  44|   0|   44|          0|
    |r_V_155_reg_3793                    |  44|   0|   44|          0|
    |r_V_156_reg_3883                    |  45|   0|   45|          0|
    |r_V_157_reg_3893                    |  45|   0|   45|          0|
    |r_V_158_reg_3898                    |  44|   0|   44|          0|
    |r_V_159_reg_3903                    |  44|   0|   44|          0|
    |r_V_160_reg_3988                    |  45|   0|   45|          0|
    |r_V_161_reg_3998                    |  45|   0|   45|          0|
    |r_V_162_reg_4008                    |  45|   0|   45|          0|
    |r_V_163_reg_4013                    |  45|   0|   45|          0|
    |r_V_164_reg_4018                    |  45|   0|   45|          0|
    |r_V_165_reg_4058                    |  44|   0|   44|          0|
    |r_V_166_reg_4068                    |  44|   0|   44|          0|
    |r_V_167_reg_4073                    |  46|   0|   46|          0|
    |r_V_168_reg_4078                    |  45|   0|   45|          0|
    |r_V_169_reg_3326                    |  14|   0|   14|          0|
    |r_V_173_reg_3422                    |  29|   0|   29|          0|
    |r_V_174_reg_4197                    |  30|   0|   30|          0|
    |raw_133_reg_3306                    |   7|   0|    7|          0|
    |raw_134_reg_3311                    |   7|   0|    7|          0|
    |raw_135_reg_3316                    |   7|   0|    7|          0|
    |raw_136_reg_3321                    |   7|   0|    7|          0|
    |raw_137_reg_3397                    |   7|   0|    7|          0|
    |raw_138_reg_3402                    |   7|   0|    7|          0|
    |raw_139_reg_3407                    |   7|   0|    7|          0|
    |raw_140_reg_3412                    |   7|   0|    7|          0|
    |raw_141_reg_3417                    |   7|   0|    7|          0|
    |raw_142_reg_3518                    |   7|   0|    7|          0|
    |raw_143_reg_3523                    |   7|   0|    7|          0|
    |raw_144_reg_3528                    |   8|   0|    8|          0|
    |raw_145_reg_3533                    |   6|   0|    6|          0|
    |raw_146_reg_3628                    |   7|   0|    7|          0|
    |raw_147_reg_3633                    |   7|   0|    7|          0|
    |raw_148_reg_3638                    |   6|   0|    6|          0|
    |raw_149_reg_3643                    |   6|   0|    6|          0|
    |raw_150_reg_3648                    |   6|   0|    6|          0|
    |raw_151_reg_3738                    |   7|   0|    7|          0|
    |raw_152_reg_3743                    |   7|   0|    7|          0|
    |raw_153_reg_3748                    |   6|   0|    6|          0|
    |raw_154_reg_3753                    |   6|   0|    6|          0|
    |raw_155_reg_3848                    |   7|   0|    7|          0|
    |raw_156_reg_3853                    |   7|   0|    7|          0|
    |raw_157_reg_3858                    |   7|   0|    7|          0|
    |raw_158_reg_3863                    |   7|   0|    7|          0|
    |raw_159_reg_3868                    |   7|   0|    7|          0|
    |raw_160_reg_3958                    |   6|   0|    6|          0|
    |raw_161_reg_3963                    |   6|   0|    6|          0|
    |raw_162_reg_3968                    |   8|   0|    8|          0|
    |raw_163_reg_3973                    |   7|   0|    7|          0|
    |raw_164_reg_4108                    |   4|   0|    4|          0|
    |raw_reg_3301                        |   7|   0|    7|          0|
    |sext_ln94_cast_reg_3049             |  45|   0|   45|          0|
    |shl_i_i_i439_10_cast_cast_reg_3154  |  45|   0|   45|          0|
    |shl_i_i_i439_11_cast_cast_reg_3149  |  45|   0|   45|          0|
    |shl_i_i_i439_12_cast_cast_reg_3144  |  46|   0|   46|          0|
    |shl_i_i_i439_13_cast_cast_reg_3139  |  44|   0|   44|          0|
    |shl_i_i_i439_14_cast_cast_reg_3134  |  45|   0|   45|          0|
    |shl_i_i_i439_15_cast_cast_reg_3129  |  45|   0|   45|          0|
    |shl_i_i_i439_16_cast_cast_reg_3124  |  44|   0|   44|          0|
    |shl_i_i_i439_17_cast_cast_reg_3119  |  44|   0|   44|          0|
    |shl_i_i_i439_18_cast_cast_reg_3114  |  44|   0|   44|          0|
    |shl_i_i_i439_19_cast_cast_reg_3109  |  45|   0|   45|          0|
    |shl_i_i_i439_1_cast_cast_reg_3199   |  45|   0|   45|          0|
    |shl_i_i_i439_20_cast_cast_reg_3104  |  45|   0|   45|          0|
    |shl_i_i_i439_21_cast_cast_reg_3099  |  44|   0|   44|          0|
    |shl_i_i_i439_22_cast_cast_reg_3094  |  44|   0|   44|          0|
    |shl_i_i_i439_23_cast_cast_reg_3089  |  45|   0|   45|          0|
    |shl_i_i_i439_24_cast_cast_reg_3084  |  45|   0|   45|          0|
    |shl_i_i_i439_25_cast_cast_reg_3079  |  45|   0|   45|          0|
    |shl_i_i_i439_26_cast_cast_reg_3074  |  45|   0|   45|          0|
    |shl_i_i_i439_27_cast_cast_reg_3069  |  45|   0|   45|          0|
    |shl_i_i_i439_28_cast_cast_reg_3064  |  44|   0|   44|          0|
    |shl_i_i_i439_29_cast_cast_reg_3059  |  44|   0|   44|          0|
    |shl_i_i_i439_2_cast_cast_reg_3194   |  45|   0|   45|          0|
    |shl_i_i_i439_30_cast_cast_reg_3054  |  46|   0|   46|          0|
    |shl_i_i_i439_3_cast_cast_reg_3189   |  45|   0|   45|          0|
    |shl_i_i_i439_4_cast_cast_reg_3184   |  45|   0|   45|          0|
    |shl_i_i_i439_5_cast_cast_reg_3179   |  45|   0|   45|          0|
    |shl_i_i_i439_6_cast_cast_reg_3174   |  45|   0|   45|          0|
    |shl_i_i_i439_7_cast_cast_reg_3169   |  45|   0|   45|          0|
    |shl_i_i_i439_8_cast_cast_reg_3164   |  45|   0|   45|          0|
    |shl_i_i_i439_9_cast_cast_reg_3159   |  45|   0|   45|          0|
    |shl_i_i_i439_cast_cast_reg_3204     |  45|   0|   45|          0|
    |shl_ln838_159_reg_4128              |   4|   0|   19|         15|
    |sum_h_V_reg_4103                    |  32|   0|   32|          0|
    |tmp_100_reg_4003                    |  32|   0|   32|          0|
    |tmp_101_reg_4043                    |  32|   0|   32|          0|
    |tmp_102_reg_4048                    |  32|   0|   32|          0|
    |tmp_103_reg_4053                    |  32|   0|   32|          0|
    |tmp_104_reg_4063                    |  32|   0|   32|          0|
    |tmp_105_reg_4083                    |  32|   0|   32|          0|
    |tmp_106_reg_4088                    |  32|   0|   32|          0|
    |tmp_107_reg_4093                    |  32|   0|   32|          0|
    |tmp_212_reg_4123                    |   1|   0|    1|          0|
    |tmp_217_reg_4223                    |   1|   0|    1|          0|
    |tmp_2_reg_3332                      |   8|   0|    8|          0|
    |tmp_80_reg_3513                     |  32|   0|   32|          0|
    |tmp_81_reg_3543                     |  32|   0|   32|          0|
    |tmp_82_reg_3558                     |  32|   0|   32|          0|
    |tmp_83_reg_3593                     |  32|   0|   32|          0|
    |tmp_84_reg_3623                     |  32|   0|   32|          0|
    |tmp_85_reg_3653                     |  32|   0|   32|          0|
    |tmp_86_reg_3663                     |  32|   0|   32|          0|
    |tmp_87_reg_3693                     |  32|   0|   32|          0|
    |tmp_88_reg_3733                     |  32|   0|   32|          0|
    |tmp_89_reg_3758                     |  32|   0|   32|          0|
    |tmp_90_reg_3768                     |  32|   0|   32|          0|
    |tmp_91_reg_3778                     |  32|   0|   32|          0|
    |tmp_92_reg_3843                     |  32|   0|   32|          0|
    |tmp_93_reg_3873                     |  32|   0|   32|          0|
    |tmp_94_reg_3878                     |  32|   0|   32|          0|
    |tmp_95_reg_3888                     |  32|   0|   32|          0|
    |tmp_96_reg_3933                     |  32|   0|   32|          0|
    |tmp_97_reg_3978                     |  32|   0|   32|          0|
    |tmp_98_reg_3983                     |  32|   0|   32|          0|
    |tmp_99_reg_3993                     |  32|   0|   32|          0|
    |tmp_reg_3473                        |  24|   0|   24|          0|
    |tmp_s_reg_3488                      |  32|   0|   32|          0|
    |trunc_ln1270_2_reg_4202             |  21|   0|   21|          0|
    |trunc_ln1270_reg_3428               |  21|   0|   21|          0|
    |trunc_ln1347_reg_4207               |  29|   0|   29|          0|
    |trunc_ln4_reg_4113                  |  23|   0|   23|          0|
    |trunc_ln813_2_reg_4118              |  24|   0|   24|          0|
    |trunc_ln818_1_reg_3433              |  23|   0|   23|          0|
    |trunc_ln837_reg_3296                |   2|   0|    2|          0|
    |u_1_fu_288                          |   6|   0|    6|          0|
    |zext_ln94_reg_3213                  |   6|   0|   64|         58|
    |icmp_ln94_reg_3209                  |  64|  32|    1|          0|
    |r_V_169_reg_3326                    |  64|  32|   14|          0|
    |r_V_173_reg_3422                    |  64|  32|   29|          0|
    |trunc_ln1270_reg_3428               |  64|  32|   21|          0|
    |zext_ln94_reg_3213                  |  64|  32|   64|         58|
    +------------------------------------+----+----+-----+-----------+
    |Total                               |4669| 160| 4551|        131|
    +------------------------------------+----+----+-----+-----------+



================================================================
== Interface
================================================================
* Summary: 
+----------------------+-----+-----+------------+------------------------------------------+--------------+
|       RTL Ports      | Dir | Bits|  Protocol  |               Source Object              |    C Type    |
+----------------------+-----+-----+------------+------------------------------------------+--------------+
|ap_clk                |   in|    1|  ap_ctrl_hs|  gru_cell_step.1_Pipeline_VITIS_LOOP_94_5|  return value|
|ap_rst                |   in|    1|  ap_ctrl_hs|  gru_cell_step.1_Pipeline_VITIS_LOOP_94_5|  return value|
|ap_start              |   in|    1|  ap_ctrl_hs|  gru_cell_step.1_Pipeline_VITIS_LOOP_94_5|  return value|
|ap_done               |  out|    1|  ap_ctrl_hs|  gru_cell_step.1_Pipeline_VITIS_LOOP_94_5|  return value|
|ap_idle               |  out|    1|  ap_ctrl_hs|  gru_cell_step.1_Pipeline_VITIS_LOOP_94_5|  return value|
|ap_ready              |  out|    1|  ap_ctrl_hs|  gru_cell_step.1_Pipeline_VITIS_LOOP_94_5|  return value|
|grp_fu_11020_p_din0   |  out|   22|  ap_ctrl_hs|  gru_cell_step.1_Pipeline_VITIS_LOOP_94_5|  return value|
|grp_fu_11020_p_din1   |  out|   23|  ap_ctrl_hs|  gru_cell_step.1_Pipeline_VITIS_LOOP_94_5|  return value|
|grp_fu_11020_p_dout0  |   in|   45|  ap_ctrl_hs|  gru_cell_step.1_Pipeline_VITIS_LOOP_94_5|  return value|
|grp_fu_11020_p_ce     |  out|    1|  ap_ctrl_hs|  gru_cell_step.1_Pipeline_VITIS_LOOP_94_5|  return value|
|grp_fu_11024_p_din0   |  out|   22|  ap_ctrl_hs|  gru_cell_step.1_Pipeline_VITIS_LOOP_94_5|  return value|
|grp_fu_11024_p_din1   |  out|   23|  ap_ctrl_hs|  gru_cell_step.1_Pipeline_VITIS_LOOP_94_5|  return value|
|grp_fu_11024_p_dout0  |   in|   45|  ap_ctrl_hs|  gru_cell_step.1_Pipeline_VITIS_LOOP_94_5|  return value|
|grp_fu_11024_p_ce     |  out|    1|  ap_ctrl_hs|  gru_cell_step.1_Pipeline_VITIS_LOOP_94_5|  return value|
|grp_fu_11032_p_din0   |  out|   22|  ap_ctrl_hs|  gru_cell_step.1_Pipeline_VITIS_LOOP_94_5|  return value|
|grp_fu_11032_p_din1   |  out|   23|  ap_ctrl_hs|  gru_cell_step.1_Pipeline_VITIS_LOOP_94_5|  return value|
|grp_fu_11032_p_dout0  |   in|   45|  ap_ctrl_hs|  gru_cell_step.1_Pipeline_VITIS_LOOP_94_5|  return value|
|grp_fu_11032_p_ce     |  out|    1|  ap_ctrl_hs|  gru_cell_step.1_Pipeline_VITIS_LOOP_94_5|  return value|
|grp_fu_11036_p_din0   |  out|   22|  ap_ctrl_hs|  gru_cell_step.1_Pipeline_VITIS_LOOP_94_5|  return value|
|grp_fu_11036_p_din1   |  out|   23|  ap_ctrl_hs|  gru_cell_step.1_Pipeline_VITIS_LOOP_94_5|  return value|
|grp_fu_11036_p_dout0  |   in|   45|  ap_ctrl_hs|  gru_cell_step.1_Pipeline_VITIS_LOOP_94_5|  return value|
|grp_fu_11036_p_ce     |  out|    1|  ap_ctrl_hs|  gru_cell_step.1_Pipeline_VITIS_LOOP_94_5|  return value|
|grp_fu_11040_p_din0   |  out|   22|  ap_ctrl_hs|  gru_cell_step.1_Pipeline_VITIS_LOOP_94_5|  return value|
|grp_fu_11040_p_din1   |  out|   23|  ap_ctrl_hs|  gru_cell_step.1_Pipeline_VITIS_LOOP_94_5|  return value|
|grp_fu_11040_p_dout0  |   in|   45|  ap_ctrl_hs|  gru_cell_step.1_Pipeline_VITIS_LOOP_94_5|  return value|
|grp_fu_11040_p_ce     |  out|    1|  ap_ctrl_hs|  gru_cell_step.1_Pipeline_VITIS_LOOP_94_5|  return value|
|grp_fu_11044_p_din0   |  out|   22|  ap_ctrl_hs|  gru_cell_step.1_Pipeline_VITIS_LOOP_94_5|  return value|
|grp_fu_11044_p_din1   |  out|   23|  ap_ctrl_hs|  gru_cell_step.1_Pipeline_VITIS_LOOP_94_5|  return value|
|grp_fu_11044_p_dout0  |   in|   45|  ap_ctrl_hs|  gru_cell_step.1_Pipeline_VITIS_LOOP_94_5|  return value|
|grp_fu_11044_p_ce     |  out|    1|  ap_ctrl_hs|  gru_cell_step.1_Pipeline_VITIS_LOOP_94_5|  return value|
|grp_fu_11048_p_din0   |  out|   22|  ap_ctrl_hs|  gru_cell_step.1_Pipeline_VITIS_LOOP_94_5|  return value|
|grp_fu_11048_p_din1   |  out|   23|  ap_ctrl_hs|  gru_cell_step.1_Pipeline_VITIS_LOOP_94_5|  return value|
|grp_fu_11048_p_dout0  |   in|   45|  ap_ctrl_hs|  gru_cell_step.1_Pipeline_VITIS_LOOP_94_5|  return value|
|grp_fu_11048_p_ce     |  out|    1|  ap_ctrl_hs|  gru_cell_step.1_Pipeline_VITIS_LOOP_94_5|  return value|
|grp_fu_11060_p_din0   |  out|   22|  ap_ctrl_hs|  gru_cell_step.1_Pipeline_VITIS_LOOP_94_5|  return value|
|grp_fu_11060_p_din1   |  out|   23|  ap_ctrl_hs|  gru_cell_step.1_Pipeline_VITIS_LOOP_94_5|  return value|
|grp_fu_11060_p_dout0  |   in|   45|  ap_ctrl_hs|  gru_cell_step.1_Pipeline_VITIS_LOOP_94_5|  return value|
|grp_fu_11060_p_ce     |  out|    1|  ap_ctrl_hs|  gru_cell_step.1_Pipeline_VITIS_LOOP_94_5|  return value|
|grp_fu_11064_p_din0   |  out|   22|  ap_ctrl_hs|  gru_cell_step.1_Pipeline_VITIS_LOOP_94_5|  return value|
|grp_fu_11064_p_din1   |  out|   23|  ap_ctrl_hs|  gru_cell_step.1_Pipeline_VITIS_LOOP_94_5|  return value|
|grp_fu_11064_p_dout0  |   in|   45|  ap_ctrl_hs|  gru_cell_step.1_Pipeline_VITIS_LOOP_94_5|  return value|
|grp_fu_11064_p_ce     |  out|    1|  ap_ctrl_hs|  gru_cell_step.1_Pipeline_VITIS_LOOP_94_5|  return value|
|grp_fu_11068_p_din0   |  out|   22|  ap_ctrl_hs|  gru_cell_step.1_Pipeline_VITIS_LOOP_94_5|  return value|
|grp_fu_11068_p_din1   |  out|   23|  ap_ctrl_hs|  gru_cell_step.1_Pipeline_VITIS_LOOP_94_5|  return value|
|grp_fu_11068_p_dout0  |   in|   45|  ap_ctrl_hs|  gru_cell_step.1_Pipeline_VITIS_LOOP_94_5|  return value|
|grp_fu_11068_p_ce     |  out|    1|  ap_ctrl_hs|  gru_cell_step.1_Pipeline_VITIS_LOOP_94_5|  return value|
|grp_fu_11072_p_din0   |  out|   22|  ap_ctrl_hs|  gru_cell_step.1_Pipeline_VITIS_LOOP_94_5|  return value|
|grp_fu_11072_p_din1   |  out|   23|  ap_ctrl_hs|  gru_cell_step.1_Pipeline_VITIS_LOOP_94_5|  return value|
|grp_fu_11072_p_dout0  |   in|   45|  ap_ctrl_hs|  gru_cell_step.1_Pipeline_VITIS_LOOP_94_5|  return value|
|grp_fu_11072_p_ce     |  out|    1|  ap_ctrl_hs|  gru_cell_step.1_Pipeline_VITIS_LOOP_94_5|  return value|
|grp_fu_11076_p_din0   |  out|   22|  ap_ctrl_hs|  gru_cell_step.1_Pipeline_VITIS_LOOP_94_5|  return value|
|grp_fu_11076_p_din1   |  out|   23|  ap_ctrl_hs|  gru_cell_step.1_Pipeline_VITIS_LOOP_94_5|  return value|
|grp_fu_11076_p_dout0  |   in|   45|  ap_ctrl_hs|  gru_cell_step.1_Pipeline_VITIS_LOOP_94_5|  return value|
|grp_fu_11076_p_ce     |  out|    1|  ap_ctrl_hs|  gru_cell_step.1_Pipeline_VITIS_LOOP_94_5|  return value|
|grp_fu_11016_p_din0   |  out|   23|  ap_ctrl_hs|  gru_cell_step.1_Pipeline_VITIS_LOOP_94_5|  return value|
|grp_fu_11016_p_din1   |  out|   23|  ap_ctrl_hs|  gru_cell_step.1_Pipeline_VITIS_LOOP_94_5|  return value|
|grp_fu_11016_p_dout0  |   in|   46|  ap_ctrl_hs|  gru_cell_step.1_Pipeline_VITIS_LOOP_94_5|  return value|
|grp_fu_11016_p_ce     |  out|    1|  ap_ctrl_hs|  gru_cell_step.1_Pipeline_VITIS_LOOP_94_5|  return value|
|grp_fu_11028_p_din0   |  out|   21|  ap_ctrl_hs|  gru_cell_step.1_Pipeline_VITIS_LOOP_94_5|  return value|
|grp_fu_11028_p_din1   |  out|   23|  ap_ctrl_hs|  gru_cell_step.1_Pipeline_VITIS_LOOP_94_5|  return value|
|grp_fu_11028_p_dout0  |   in|   44|  ap_ctrl_hs|  gru_cell_step.1_Pipeline_VITIS_LOOP_94_5|  return value|
|grp_fu_11028_p_ce     |  out|    1|  ap_ctrl_hs|  gru_cell_step.1_Pipeline_VITIS_LOOP_94_5|  return value|
|grp_fu_11080_p_din0   |  out|   22|  ap_ctrl_hs|  gru_cell_step.1_Pipeline_VITIS_LOOP_94_5|  return value|
|grp_fu_11080_p_din1   |  out|   23|  ap_ctrl_hs|  gru_cell_step.1_Pipeline_VITIS_LOOP_94_5|  return value|
|grp_fu_11080_p_dout0  |   in|   45|  ap_ctrl_hs|  gru_cell_step.1_Pipeline_VITIS_LOOP_94_5|  return value|
|grp_fu_11080_p_ce     |  out|    1|  ap_ctrl_hs|  gru_cell_step.1_Pipeline_VITIS_LOOP_94_5|  return value|
|grp_fu_11084_p_din0   |  out|   22|  ap_ctrl_hs|  gru_cell_step.1_Pipeline_VITIS_LOOP_94_5|  return value|
|grp_fu_11084_p_din1   |  out|   23|  ap_ctrl_hs|  gru_cell_step.1_Pipeline_VITIS_LOOP_94_5|  return value|
|grp_fu_11084_p_dout0  |   in|   45|  ap_ctrl_hs|  gru_cell_step.1_Pipeline_VITIS_LOOP_94_5|  return value|
|grp_fu_11084_p_ce     |  out|    1|  ap_ctrl_hs|  gru_cell_step.1_Pipeline_VITIS_LOOP_94_5|  return value|
|grp_fu_11052_p_din0   |  out|   21|  ap_ctrl_hs|  gru_cell_step.1_Pipeline_VITIS_LOOP_94_5|  return value|
|grp_fu_11052_p_din1   |  out|   23|  ap_ctrl_hs|  gru_cell_step.1_Pipeline_VITIS_LOOP_94_5|  return value|
|grp_fu_11052_p_dout0  |   in|   44|  ap_ctrl_hs|  gru_cell_step.1_Pipeline_VITIS_LOOP_94_5|  return value|
|grp_fu_11052_p_ce     |  out|    1|  ap_ctrl_hs|  gru_cell_step.1_Pipeline_VITIS_LOOP_94_5|  return value|
|grp_fu_11128_p_din0   |  out|   21|  ap_ctrl_hs|  gru_cell_step.1_Pipeline_VITIS_LOOP_94_5|  return value|
|grp_fu_11128_p_din1   |  out|   23|  ap_ctrl_hs|  gru_cell_step.1_Pipeline_VITIS_LOOP_94_5|  return value|
|grp_fu_11128_p_dout0  |   in|   44|  ap_ctrl_hs|  gru_cell_step.1_Pipeline_VITIS_LOOP_94_5|  return value|
|grp_fu_11128_p_ce     |  out|    1|  ap_ctrl_hs|  gru_cell_step.1_Pipeline_VITIS_LOOP_94_5|  return value|
|grp_fu_11156_p_din0   |  out|   21|  ap_ctrl_hs|  gru_cell_step.1_Pipeline_VITIS_LOOP_94_5|  return value|
|grp_fu_11156_p_din1   |  out|   23|  ap_ctrl_hs|  gru_cell_step.1_Pipeline_VITIS_LOOP_94_5|  return value|
|grp_fu_11156_p_dout0  |   in|   44|  ap_ctrl_hs|  gru_cell_step.1_Pipeline_VITIS_LOOP_94_5|  return value|
|grp_fu_11156_p_ce     |  out|    1|  ap_ctrl_hs|  gru_cell_step.1_Pipeline_VITIS_LOOP_94_5|  return value|
|grp_fu_11096_p_din0   |  out|   22|  ap_ctrl_hs|  gru_cell_step.1_Pipeline_VITIS_LOOP_94_5|  return value|
|grp_fu_11096_p_din1   |  out|   23|  ap_ctrl_hs|  gru_cell_step.1_Pipeline_VITIS_LOOP_94_5|  return value|
|grp_fu_11096_p_dout0  |   in|   45|  ap_ctrl_hs|  gru_cell_step.1_Pipeline_VITIS_LOOP_94_5|  return value|
|grp_fu_11096_p_ce     |  out|    1|  ap_ctrl_hs|  gru_cell_step.1_Pipeline_VITIS_LOOP_94_5|  return value|
|grp_fu_11104_p_din0   |  out|   22|  ap_ctrl_hs|  gru_cell_step.1_Pipeline_VITIS_LOOP_94_5|  return value|
|grp_fu_11104_p_din1   |  out|   23|  ap_ctrl_hs|  gru_cell_step.1_Pipeline_VITIS_LOOP_94_5|  return value|
|grp_fu_11104_p_dout0  |   in|   45|  ap_ctrl_hs|  gru_cell_step.1_Pipeline_VITIS_LOOP_94_5|  return value|
|grp_fu_11104_p_ce     |  out|    1|  ap_ctrl_hs|  gru_cell_step.1_Pipeline_VITIS_LOOP_94_5|  return value|
|grp_fu_11184_p_din0   |  out|   21|  ap_ctrl_hs|  gru_cell_step.1_Pipeline_VITIS_LOOP_94_5|  return value|
|grp_fu_11184_p_din1   |  out|   23|  ap_ctrl_hs|  gru_cell_step.1_Pipeline_VITIS_LOOP_94_5|  return value|
|grp_fu_11184_p_dout0  |   in|   44|  ap_ctrl_hs|  gru_cell_step.1_Pipeline_VITIS_LOOP_94_5|  return value|
|grp_fu_11184_p_ce     |  out|    1|  ap_ctrl_hs|  gru_cell_step.1_Pipeline_VITIS_LOOP_94_5|  return value|
|grp_fu_11216_p_din0   |  out|   21|  ap_ctrl_hs|  gru_cell_step.1_Pipeline_VITIS_LOOP_94_5|  return value|
|grp_fu_11216_p_din1   |  out|   23|  ap_ctrl_hs|  gru_cell_step.1_Pipeline_VITIS_LOOP_94_5|  return value|
|grp_fu_11216_p_dout0  |   in|   44|  ap_ctrl_hs|  gru_cell_step.1_Pipeline_VITIS_LOOP_94_5|  return value|
|grp_fu_11216_p_ce     |  out|    1|  ap_ctrl_hs|  gru_cell_step.1_Pipeline_VITIS_LOOP_94_5|  return value|
|grp_fu_11108_p_din0   |  out|   22|  ap_ctrl_hs|  gru_cell_step.1_Pipeline_VITIS_LOOP_94_5|  return value|
|grp_fu_11108_p_din1   |  out|   23|  ap_ctrl_hs|  gru_cell_step.1_Pipeline_VITIS_LOOP_94_5|  return value|
|grp_fu_11108_p_dout0  |   in|   45|  ap_ctrl_hs|  gru_cell_step.1_Pipeline_VITIS_LOOP_94_5|  return value|
|grp_fu_11108_p_ce     |  out|    1|  ap_ctrl_hs|  gru_cell_step.1_Pipeline_VITIS_LOOP_94_5|  return value|
|grp_fu_11112_p_din0   |  out|   22|  ap_ctrl_hs|  gru_cell_step.1_Pipeline_VITIS_LOOP_94_5|  return value|
|grp_fu_11112_p_din1   |  out|   23|  ap_ctrl_hs|  gru_cell_step.1_Pipeline_VITIS_LOOP_94_5|  return value|
|grp_fu_11112_p_dout0  |   in|   45|  ap_ctrl_hs|  gru_cell_step.1_Pipeline_VITIS_LOOP_94_5|  return value|
|grp_fu_11112_p_ce     |  out|    1|  ap_ctrl_hs|  gru_cell_step.1_Pipeline_VITIS_LOOP_94_5|  return value|
|grp_fu_11116_p_din0   |  out|   22|  ap_ctrl_hs|  gru_cell_step.1_Pipeline_VITIS_LOOP_94_5|  return value|
|grp_fu_11116_p_din1   |  out|   23|  ap_ctrl_hs|  gru_cell_step.1_Pipeline_VITIS_LOOP_94_5|  return value|
|grp_fu_11116_p_dout0  |   in|   45|  ap_ctrl_hs|  gru_cell_step.1_Pipeline_VITIS_LOOP_94_5|  return value|
|grp_fu_11116_p_ce     |  out|    1|  ap_ctrl_hs|  gru_cell_step.1_Pipeline_VITIS_LOOP_94_5|  return value|
|grp_fu_11120_p_din0   |  out|   22|  ap_ctrl_hs|  gru_cell_step.1_Pipeline_VITIS_LOOP_94_5|  return value|
|grp_fu_11120_p_din1   |  out|   23|  ap_ctrl_hs|  gru_cell_step.1_Pipeline_VITIS_LOOP_94_5|  return value|
|grp_fu_11120_p_dout0  |   in|   45|  ap_ctrl_hs|  gru_cell_step.1_Pipeline_VITIS_LOOP_94_5|  return value|
|grp_fu_11120_p_ce     |  out|    1|  ap_ctrl_hs|  gru_cell_step.1_Pipeline_VITIS_LOOP_94_5|  return value|
|grp_fu_11124_p_din0   |  out|   22|  ap_ctrl_hs|  gru_cell_step.1_Pipeline_VITIS_LOOP_94_5|  return value|
|grp_fu_11124_p_din1   |  out|   23|  ap_ctrl_hs|  gru_cell_step.1_Pipeline_VITIS_LOOP_94_5|  return value|
|grp_fu_11124_p_dout0  |   in|   45|  ap_ctrl_hs|  gru_cell_step.1_Pipeline_VITIS_LOOP_94_5|  return value|
|grp_fu_11124_p_ce     |  out|    1|  ap_ctrl_hs|  gru_cell_step.1_Pipeline_VITIS_LOOP_94_5|  return value|
|grp_fu_11220_p_din0   |  out|   21|  ap_ctrl_hs|  gru_cell_step.1_Pipeline_VITIS_LOOP_94_5|  return value|
|grp_fu_11220_p_din1   |  out|   23|  ap_ctrl_hs|  gru_cell_step.1_Pipeline_VITIS_LOOP_94_5|  return value|
|grp_fu_11220_p_dout0  |   in|   44|  ap_ctrl_hs|  gru_cell_step.1_Pipeline_VITIS_LOOP_94_5|  return value|
|grp_fu_11220_p_ce     |  out|    1|  ap_ctrl_hs|  gru_cell_step.1_Pipeline_VITIS_LOOP_94_5|  return value|
|grp_fu_11224_p_din0   |  out|   21|  ap_ctrl_hs|  gru_cell_step.1_Pipeline_VITIS_LOOP_94_5|  return value|
|grp_fu_11224_p_din1   |  out|   23|  ap_ctrl_hs|  gru_cell_step.1_Pipeline_VITIS_LOOP_94_5|  return value|
|grp_fu_11224_p_dout0  |   in|   44|  ap_ctrl_hs|  gru_cell_step.1_Pipeline_VITIS_LOOP_94_5|  return value|
|grp_fu_11224_p_ce     |  out|    1|  ap_ctrl_hs|  gru_cell_step.1_Pipeline_VITIS_LOOP_94_5|  return value|
|grp_fu_11056_p_din0   |  out|   23|  ap_ctrl_hs|  gru_cell_step.1_Pipeline_VITIS_LOOP_94_5|  return value|
|grp_fu_11056_p_din1   |  out|   23|  ap_ctrl_hs|  gru_cell_step.1_Pipeline_VITIS_LOOP_94_5|  return value|
|grp_fu_11056_p_dout0  |   in|   46|  ap_ctrl_hs|  gru_cell_step.1_Pipeline_VITIS_LOOP_94_5|  return value|
|grp_fu_11056_p_ce     |  out|    1|  ap_ctrl_hs|  gru_cell_step.1_Pipeline_VITIS_LOOP_94_5|  return value|
|grp_fu_11132_p_din0   |  out|   22|  ap_ctrl_hs|  gru_cell_step.1_Pipeline_VITIS_LOOP_94_5|  return value|
|grp_fu_11132_p_din1   |  out|   23|  ap_ctrl_hs|  gru_cell_step.1_Pipeline_VITIS_LOOP_94_5|  return value|
|grp_fu_11132_p_dout0  |   in|   45|  ap_ctrl_hs|  gru_cell_step.1_Pipeline_VITIS_LOOP_94_5|  return value|
|grp_fu_11132_p_ce     |  out|    1|  ap_ctrl_hs|  gru_cell_step.1_Pipeline_VITIS_LOOP_94_5|  return value|
|shl_i_i_i439_cast     |   in|   23|     ap_none|                         shl_i_i_i439_cast|        scalar|
|shl_i_i_i439_1_cast   |   in|   23|     ap_none|                       shl_i_i_i439_1_cast|        scalar|
|shl_i_i_i439_2_cast   |   in|   23|     ap_none|                       shl_i_i_i439_2_cast|        scalar|
|shl_i_i_i439_3_cast   |   in|   23|     ap_none|                       shl_i_i_i439_3_cast|        scalar|
|shl_i_i_i439_4_cast   |   in|   23|     ap_none|                       shl_i_i_i439_4_cast|        scalar|
|shl_i_i_i439_5_cast   |   in|   23|     ap_none|                       shl_i_i_i439_5_cast|        scalar|
|shl_i_i_i439_6_cast   |   in|   23|     ap_none|                       shl_i_i_i439_6_cast|        scalar|
|shl_i_i_i439_7_cast   |   in|   23|     ap_none|                       shl_i_i_i439_7_cast|        scalar|
|shl_i_i_i439_8_cast   |   in|   23|     ap_none|                       shl_i_i_i439_8_cast|        scalar|
|shl_i_i_i439_9_cast   |   in|   23|     ap_none|                       shl_i_i_i439_9_cast|        scalar|
|shl_i_i_i439_10_cast  |   in|   23|     ap_none|                      shl_i_i_i439_10_cast|        scalar|
|shl_i_i_i439_11_cast  |   in|   23|     ap_none|                      shl_i_i_i439_11_cast|        scalar|
|shl_i_i_i439_12_cast  |   in|   23|     ap_none|                      shl_i_i_i439_12_cast|        scalar|
|shl_i_i_i439_13_cast  |   in|   23|     ap_none|                      shl_i_i_i439_13_cast|        scalar|
|shl_i_i_i439_14_cast  |   in|   23|     ap_none|                      shl_i_i_i439_14_cast|        scalar|
|shl_i_i_i439_15_cast  |   in|   23|     ap_none|                      shl_i_i_i439_15_cast|        scalar|
|shl_i_i_i439_16_cast  |   in|   23|     ap_none|                      shl_i_i_i439_16_cast|        scalar|
|shl_i_i_i439_17_cast  |   in|   23|     ap_none|                      shl_i_i_i439_17_cast|        scalar|
|shl_i_i_i439_18_cast  |   in|   23|     ap_none|                      shl_i_i_i439_18_cast|        scalar|
|shl_i_i_i439_19_cast  |   in|   23|     ap_none|                      shl_i_i_i439_19_cast|        scalar|
|shl_i_i_i439_20_cast  |   in|   23|     ap_none|                      shl_i_i_i439_20_cast|        scalar|
|shl_i_i_i439_21_cast  |   in|   23|     ap_none|                      shl_i_i_i439_21_cast|        scalar|
|shl_i_i_i439_22_cast  |   in|   23|     ap_none|                      shl_i_i_i439_22_cast|        scalar|
|shl_i_i_i439_23_cast  |   in|   23|     ap_none|                      shl_i_i_i439_23_cast|        scalar|
|shl_i_i_i439_24_cast  |   in|   23|     ap_none|                      shl_i_i_i439_24_cast|        scalar|
|shl_i_i_i439_25_cast  |   in|   23|     ap_none|                      shl_i_i_i439_25_cast|        scalar|
|shl_i_i_i439_26_cast  |   in|   23|     ap_none|                      shl_i_i_i439_26_cast|        scalar|
|shl_i_i_i439_27_cast  |   in|   23|     ap_none|                      shl_i_i_i439_27_cast|        scalar|
|shl_i_i_i439_28_cast  |   in|   23|     ap_none|                      shl_i_i_i439_28_cast|        scalar|
|shl_i_i_i439_29_cast  |   in|   23|     ap_none|                      shl_i_i_i439_29_cast|        scalar|
|shl_i_i_i439_30_cast  |   in|   23|     ap_none|                      shl_i_i_i439_30_cast|        scalar|
|sext_ln94             |   in|   23|     ap_none|                                 sext_ln94|        scalar|
|z_V_address0          |  out|    5|   ap_memory|                                       z_V|         array|
|z_V_ce0               |  out|    1|   ap_memory|                                       z_V|         array|
|z_V_q0                |   in|   14|   ap_memory|                                       z_V|         array|
|h_prev_0_address0     |  out|    3|   ap_memory|                                  h_prev_0|         array|
|h_prev_0_ce0          |  out|    1|   ap_memory|                                  h_prev_0|         array|
|h_prev_0_q0           |   in|    8|   ap_memory|                                  h_prev_0|         array|
|h_prev_1_address0     |  out|    3|   ap_memory|                                  h_prev_1|         array|
|h_prev_1_ce0          |  out|    1|   ap_memory|                                  h_prev_1|         array|
|h_prev_1_q0           |   in|    8|   ap_memory|                                  h_prev_1|         array|
|h_prev_2_address0     |  out|    3|   ap_memory|                                  h_prev_2|         array|
|h_prev_2_ce0          |  out|    1|   ap_memory|                                  h_prev_2|         array|
|h_prev_2_q0           |   in|    8|   ap_memory|                                  h_prev_2|         array|
|h_prev_3_address0     |  out|    3|   ap_memory|                                  h_prev_3|         array|
|h_prev_3_ce0          |  out|    1|   ap_memory|                                  h_prev_3|         array|
|h_prev_3_q0           |   in|    8|   ap_memory|                                  h_prev_3|         array|
|h_new_address0        |  out|    5|   ap_memory|                                     h_new|         array|
|h_new_ce0             |  out|    1|   ap_memory|                                     h_new|         array|
|h_new_we0             |  out|    1|   ap_memory|                                     h_new|         array|
|h_new_d0              |  out|    8|   ap_memory|                                     h_new|         array|
+----------------------+-----+-----+------------+------------------------------------------+--------------+

