

================================================================
== Vitis HLS Report for 'student_infer_pixel'
================================================================
* Date:           Sun Aug 16 17:46:36 2026

* Version:        2022.2 (Build 3670227 on Oct 13 2022)
* Project:        seq2seqlite_student_proj
* Solution:       solution1 (Vivado IP Flow Target)
* Product family: kintex7
* Target device:  xc7k410t-ffg676-1


================================================================
== Performance Estimates
================================================================
+ Timing: 
    * Summary: 
    +--------+---------+----------+------------+
    |  Clock |  Target | Estimated| Uncertainty|
    +--------+---------+----------+------------+
    |ap_clk  |  4.50 ns|  3.245 ns|     1.22 ns|
    +--------+---------+----------+------------+

+ Latency: 
    * Summary: 
    +---------+---------+----------+----------+--------+--------+---------+
    |  Latency (cycles) |  Latency (absolute) |     Interval    | Pipeline|
    |   min   |   max   |    min   |    max   |   min  |   max  |   Type  |
    +---------+---------+----------+----------+--------+--------+---------+
    |   109223|   109223|  0.492 ms|  0.492 ms|  109224|  109224|       no|
    +---------+---------+----------+----------+--------+--------+---------+

    + Detail: 
        * Instance: 
        +-----------------------------------------------------------+-----------------------------------------------+---------+---------+----------+----------+-----+-----+---------+
        |                                                           |                                               |  Latency (cycles) |  Latency (absolute) |  Interval | Pipeline|
        |                          Instance                         |                     Module                    |   min   |   max   |    min   |    max   | min | max |   Type  |
        +-----------------------------------------------------------+-----------------------------------------------+---------+---------+----------+----------+-----+-----+---------+
        |grp_gru_cell_step_fu_1845                                  |gru_cell_step                                  |      360|      360|  1.620 us|  1.620 us|  360|  360|       no|
        |grp_gru_cell_step_1_fu_2054                                |gru_cell_step_1                                |      359|      359|  1.615 us|  1.615 us|  359|  359|       no|
        |grp_student_infer_pixel_Pipeline_VITIS_LOOP_210_7_fu_2261  |student_infer_pixel_Pipeline_VITIS_LOOP_210_7  |       50|       50|  0.225 us|  0.225 us|   50|   50|       no|
        +-----------------------------------------------------------+-----------------------------------------------+---------+---------+----------+----------+-----+-----+---------+

        * Loop: 
        +--------------------+---------+---------+----------+-----------+-----------+------+----------+
        |                    |  Latency (cycles) | Iteration|  Initiation Interval  | Trip |          |
        |      Loop Name     |   min   |   max   |  Latency |  achieved |   target  | Count| Pipelined|
        +--------------------+---------+---------+----------+-----------+-----------+------+----------+
        |- VITIS_LOOP_169_2  |    51300|    51300|       380|          -|          -|   135|        no|
        |- VITIS_LOOP_192_5  |    57915|    57915|       429|          -|          -|   135|        no|
        +--------------------+---------+---------+----------+-----------+-----------+------+----------+



================================================================
== Utilization Estimates
================================================================
* Summary: 
+-----------------+---------+------+--------+--------+-----+
|       Name      | BRAM_18K|  DSP |   FF   |   LUT  | URAM|
+-----------------+---------+------+--------+--------+-----+
|DSP              |        -|     -|       -|       -|    -|
|Expression       |        -|     -|       0|      68|    -|
|FIFO             |        -|     -|       -|       -|    -|
|Instance         |        0|   154|   48962|   34254|    0|
|Memory           |        0|     -|     160|      16|    0|
|Multiplexer      |        -|     -|       -|    4202|    -|
|Register         |        -|     -|     843|       -|    -|
+-----------------+---------+------+--------+--------+-----+
|Total            |        0|   154|   49965|   38540|    0|
+-----------------+---------+------+--------+--------+-----+
|Available        |     1590|  1540|  508400|  254200|    0|
+-----------------+---------+------+--------+--------+-----+
|Utilization (%)  |        0|    10|       9|      15|    0|
+-----------------+---------+------+--------+--------+-----+

+ Detail: 
    * Instance: 
    +-----------------------------------------------------------+-----------------------------------------------+---------+----+-------+-------+-----+
    |                          Instance                         |                     Module                    | BRAM_18K| DSP|   FF  |  LUT  | URAM|
    +-----------------------------------------------------------+-----------------------------------------------+---------+----+-------+-------+-----+
    |grp_gru_cell_step_fu_1845                                  |gru_cell_step                                  |        0|  49|  17456|  14240|    0|
    |grp_gru_cell_step_1_fu_2054                                |gru_cell_step_1                                |        0|  50|  17629|  13841|    0|
    |mul_21ns_23s_44_5_1_U886                                   |mul_21ns_23s_44_5_1                            |        0|   1|    169|     67|    0|
    |mul_21ns_23s_44_5_1_U906                                   |mul_21ns_23s_44_5_1                            |        0|   1|    169|     67|    0|
    |mul_21s_23s_44_5_1_U889                                    |mul_21s_23s_44_5_1                             |        0|   1|    169|     67|    0|
    |mul_21s_23s_44_5_1_U893                                    |mul_21s_23s_44_5_1                             |        0|   1|    169|     67|    0|
    |mul_21s_23s_44_5_1_U897                                    |mul_21s_23s_44_5_1                             |        0|   1|    169|     67|    0|
    |mul_21s_23s_44_5_1_U900                                    |mul_21s_23s_44_5_1                             |        0|   1|    169|     67|    0|
    |mul_21s_23s_44_5_1_U903                                    |mul_21s_23s_44_5_1                             |        0|   1|    169|     67|    0|
    |mul_21s_23s_44_5_1_U911                                    |mul_21s_23s_44_5_1                             |        0|   1|    169|     67|    0|
    |mul_22s_23s_45_5_1_U887                                    |mul_22s_23s_45_5_1                             |        0|   1|    169|     67|    0|
    |mul_22s_23s_45_5_1_U888                                    |mul_22s_23s_45_5_1                             |        0|   1|    169|     67|    0|
    |mul_22s_23s_45_5_1_U890                                    |mul_22s_23s_45_5_1                             |        0|   1|    169|     67|    0|
    |mul_22s_23s_45_5_1_U891                                    |mul_22s_23s_45_5_1                             |        0|   1|    169|     67|    0|
    |mul_22s_23s_45_5_1_U892                                    |mul_22s_23s_45_5_1                             |        0|   1|    169|     67|    0|
    |mul_22s_23s_45_5_1_U894                                    |mul_22s_23s_45_5_1                             |        0|   1|    169|     67|    0|
    |mul_22s_23s_45_5_1_U895                                    |mul_22s_23s_45_5_1                             |        0|   1|    169|     67|    0|
    |mul_22s_23s_45_5_1_U896                                    |mul_22s_23s_45_5_1                             |        0|   1|    169|     67|    0|
    |mul_22s_23s_45_5_1_U898                                    |mul_22s_23s_45_5_1                             |        0|   1|    169|     67|    0|
    |mul_22s_23s_45_5_1_U899                                    |mul_22s_23s_45_5_1                             |        0|   1|    169|     67|    0|
    |mul_22s_23s_45_5_1_U901                                    |mul_22s_23s_45_5_1                             |        0|   1|    169|     67|    0|
    |mul_22s_23s_45_5_1_U902                                    |mul_22s_23s_45_5_1                             |        0|   1|    169|     67|    0|
    |mul_22s_23s_45_5_1_U904                                    |mul_22s_23s_45_5_1                             |        0|   1|    169|     67|    0|
    |mul_22s_23s_45_5_1_U905                                    |mul_22s_23s_45_5_1                             |        0|   1|    169|     67|    0|
    |mul_22s_23s_45_5_1_U907                                    |mul_22s_23s_45_5_1                             |        0|   1|    169|     67|    0|
    |mul_22s_23s_45_5_1_U908                                    |mul_22s_23s_45_5_1                             |        0|   1|    169|     67|    0|
    |mul_22s_23s_45_5_1_U909                                    |mul_22s_23s_45_5_1                             |        0|   1|    169|     67|    0|
    |mul_22s_23s_45_5_1_U912                                    |mul_22s_23s_45_5_1                             |        0|   1|    169|     67|    0|
    |mul_22s_23s_45_5_1_U913                                    |mul_22s_23s_45_5_1                             |        0|   1|    169|     67|    0|
    |mul_22s_23s_45_5_1_U915                                    |mul_22s_23s_45_5_1                             |        0|   1|    169|     67|    0|
    |mul_22s_23s_45_5_1_U916                                    |mul_22s_23s_45_5_1                             |        0|   1|    169|     67|    0|
    |mul_22s_23s_45_5_1_U917                                    |mul_22s_23s_45_5_1                             |        0|   1|    169|     67|    0|
    |mul_22s_23s_45_5_1_U918                                    |mul_22s_23s_45_5_1                             |        0|   1|    169|     67|    0|
    |mul_22s_23s_45_5_1_U919                                    |mul_22s_23s_45_5_1                             |        0|   1|    169|     67|    0|
    |mul_22s_23s_45_5_1_U920                                    |mul_22s_23s_45_5_1                             |        0|   1|    169|     67|    0|
    |mul_22s_23s_45_5_1_U921                                    |mul_22s_23s_45_5_1                             |        0|   1|    169|     67|    0|
    |mul_22s_23s_45_5_1_U924                                    |mul_22s_23s_45_5_1                             |        0|   1|    169|     67|    0|
    |mul_22s_23s_45_5_1_U925                                    |mul_22s_23s_45_5_1                             |        0|   1|    169|     67|    0|
    |mul_22s_23s_45_5_1_U926                                    |mul_22s_23s_45_5_1                             |        0|   1|    169|     67|    0|
    |mul_22s_23s_45_5_1_U927                                    |mul_22s_23s_45_5_1                             |        0|   1|    169|     67|    0|
    |mul_22s_23s_45_5_1_U928                                    |mul_22s_23s_45_5_1                             |        0|   1|    169|     67|    0|
    |mul_22s_23s_45_5_1_U929                                    |mul_22s_23s_45_5_1                             |        0|   1|    169|     67|    0|
    |mul_22s_23s_45_5_1_U931                                    |mul_22s_23s_45_5_1                             |        0|   1|    169|     67|    0|
    |mul_22s_23s_45_5_1_U932                                    |mul_22s_23s_45_5_1                             |        0|   1|    169|     67|    0|
    |mul_22s_23s_45_5_1_U933                                    |mul_22s_23s_45_5_1                             |        0|   1|    169|     67|    0|
    |mul_22s_23s_45_5_1_U934                                    |mul_22s_23s_45_5_1                             |        0|   1|    169|     67|    0|
    |mul_22s_23s_45_5_1_U935                                    |mul_22s_23s_45_5_1                             |        0|   1|    169|     67|    0|
    |mul_22s_23s_45_5_1_U936                                    |mul_22s_23s_45_5_1                             |        0|   1|    169|     67|    0|
    |mul_22s_23s_45_5_1_U937                                    |mul_22s_23s_45_5_1                             |        0|   1|    169|     67|    0|
    |mul_22s_23s_45_5_1_U938                                    |mul_22s_23s_45_5_1                             |        0|   1|    169|     67|    0|
    |mul_23s_23s_46_5_1_U910                                    |mul_23s_23s_46_5_1                             |        0|   1|    169|     67|    0|
    |mul_23s_23s_46_5_1_U914                                    |mul_23s_23s_46_5_1                             |        0|   1|    169|     67|    0|
    |mul_23s_23s_46_5_1_U922                                    |mul_23s_23s_46_5_1                             |        0|   1|    169|     67|    0|
    |mul_23s_23s_46_5_1_U923                                    |mul_23s_23s_46_5_1                             |        0|   1|    169|     67|    0|
    |mul_23s_23s_46_5_1_U930                                    |mul_23s_23s_46_5_1                             |        0|   1|    169|     67|    0|
    |grp_student_infer_pixel_Pipeline_VITIS_LOOP_210_7_fu_2261  |student_infer_pixel_Pipeline_VITIS_LOOP_210_7  |        0|   2|   4920|   2622|    0|
    +-----------------------------------------------------------+-----------------------------------------------+---------+----+-------+-------+-----+
    |Total                                                      |                                               |        0| 154|  48962|  34254|    0|
    +-----------------------------------------------------------+-----------------------------------------------+---------+----+-------+-------+-----+

    * DSP: 
    N/A

    * Memory: 
    +--------------+------------------------+---------+----+----+-----+------+-----+------+-------------+
    |    Memory    |         Module         | BRAM_18K| FF | LUT| URAM| Words| Bits| Banks| W*Bits*Banks|
    +--------------+------------------------+---------+----+----+-----+------+-----+------+-------------+
    |h_enc_V_U     |h_enc_V_RAM_AUTO_1R1W   |        0|  16|   1|    0|     8|    8|     1|           64|
    |h_enc_V_1_U   |h_enc_V_RAM_AUTO_1R1W   |        0|  16|   1|    0|     8|    8|     1|           64|
    |h_enc_V_2_U   |h_enc_V_RAM_AUTO_1R1W   |        0|  16|   1|    0|     8|    8|     1|           64|
    |h_enc_V_3_U   |h_enc_V_RAM_AUTO_1R1W   |        0|  16|   1|    0|     8|    8|     1|           64|
    |h_dec_V_U     |h_enc_V_RAM_AUTO_1R1W   |        0|  16|   1|    0|     8|    8|     1|           64|
    |h_dec_V_1_U   |h_enc_V_RAM_AUTO_1R1W   |        0|  16|   1|    0|     8|    8|     1|           64|
    |h_dec_V_2_U   |h_enc_V_RAM_AUTO_1R1W   |        0|  16|   1|    0|     8|    8|     1|           64|
    |h_dec_V_3_U   |h_enc_V_RAM_AUTO_1R1W   |        0|  16|   1|    0|     8|    8|     1|           64|
    |h_next_V_U    |h_next_V_RAM_AUTO_1R1W  |        0|  16|   4|    0|    32|    8|     1|          256|
    |h_next_V_1_U  |h_next_V_RAM_AUTO_1R1W  |        0|  16|   4|    0|    32|    8|     1|          256|
    +--------------+------------------------+---------+----+----+-----+------+-----+------+-------------+
    |Total         |                        |        0| 160|  16|    0|   128|   80|    10|         1024|
    +--------------+------------------------+---------+----+----+-----+------+-----+------+-------------+

    * FIFO: 
    N/A

    * Expression: 
    +-----------------------+----------+----+---+----+------------+------------+
    |     Variable Name     | Operation| DSP| FF| LUT| Bitwidth P0| Bitwidth P1|
    +-----------------------+----------+----+---+----+------------+------------+
    |add_ln169_fu_2385_p2   |         +|   0|  0|  15|           8|           1|
    |add_ln192_fu_2702_p2   |         +|   0|  0|  15|           8|           1|
    |sub_ln219_fu_2720_p2   |         -|   0|  0|  16|           9|           9|
    |icmp_ln169_fu_2379_p2  |      icmp|   0|  0|  11|           8|           8|
    |icmp_ln192_fu_2696_p2  |      icmp|   0|  0|  11|           8|           8|
    +-----------------------+----------+----+---+----+------------+------------+
    |Total                  |          |   0|  0|  68|          41|          27|
    +-----------------------+----------+----+---+----+------------+------------+

    * Multiplexer: 
    +---------------------+-----+-----------+-----+-----------+
    |         Name        | LUT | Input Size| Bits| Total Bits|
    +---------------------+-----+-----------+-----+-----------+
    |ap_NS_fsm            |  209|         48|    1|         48|
    |grp_fu_4170_ce       |   17|          4|    1|          4|
    |grp_fu_4170_p0       |   17|          4|   22|         88|
    |grp_fu_4170_p1       |   17|          4|   23|         92|
    |grp_fu_4174_ce       |   17|          4|    1|          4|
    |grp_fu_4174_p0       |   17|          4|   22|         88|
    |grp_fu_4174_p1       |   17|          4|   23|         92|
    |grp_fu_4178_ce       |   17|          4|    1|          4|
    |grp_fu_4178_p0       |   17|          4|   22|         88|
    |grp_fu_4178_p1       |   17|          4|   23|         92|
    |grp_fu_4182_ce       |   17|          4|    1|          4|
    |grp_fu_4182_p0       |   17|          4|   21|         84|
    |grp_fu_4182_p1       |   17|          4|   23|         92|
    |grp_fu_4186_ce       |   17|          4|    1|          4|
    |grp_fu_4186_p0       |   17|          4|   22|         88|
    |grp_fu_4186_p1       |   17|          4|   23|         92|
    |grp_fu_4190_ce       |   17|          4|    1|          4|
    |grp_fu_4190_p0       |   17|          4|   22|         88|
    |grp_fu_4190_p1       |   17|          4|   23|         92|
    |grp_fu_4194_ce       |   17|          4|    1|          4|
    |grp_fu_4194_p0       |   17|          4|   22|         88|
    |grp_fu_4194_p1       |   17|          4|   23|         92|
    |grp_fu_4198_ce       |   17|          4|    1|          4|
    |grp_fu_4198_p0       |   17|          4|   21|         84|
    |grp_fu_4198_p1       |   17|          4|   23|         92|
    |grp_fu_4202_ce       |   17|          4|    1|          4|
    |grp_fu_4202_p0       |   17|          4|   22|         88|
    |grp_fu_4202_p1       |   17|          4|   23|         92|
    |grp_fu_4206_ce       |   17|          4|    1|          4|
    |grp_fu_4206_p0       |   17|          4|   22|         88|
    |grp_fu_4206_p1       |   17|          4|   23|         92|
    |grp_fu_4210_ce       |   17|          4|    1|          4|
    |grp_fu_4210_p0       |   17|          4|   22|         88|
    |grp_fu_4210_p1       |   17|          4|   23|         92|
    |grp_fu_4214_ce       |   17|          4|    1|          4|
    |grp_fu_4214_p0       |   17|          4|   21|         84|
    |grp_fu_4214_p1       |   17|          4|   23|         92|
    |grp_fu_4218_ce       |   17|          4|    1|          4|
    |grp_fu_4218_p0       |   17|          4|   22|         88|
    |grp_fu_4218_p1       |   17|          4|   23|         92|
    |grp_fu_4222_ce       |   17|          4|    1|          4|
    |grp_fu_4222_p0       |   17|          4|   22|         88|
    |grp_fu_4222_p1       |   17|          4|   23|         92|
    |grp_fu_4226_ce       |   17|          4|    1|          4|
    |grp_fu_4226_p0       |   17|          4|   21|         84|
    |grp_fu_4226_p1       |   17|          4|   23|         92|
    |grp_fu_4230_ce       |   17|          4|    1|          4|
    |grp_fu_4230_p0       |   17|          4|   22|         88|
    |grp_fu_4230_p1       |   17|          4|   23|         92|
    |grp_fu_4234_ce       |   17|          4|    1|          4|
    |grp_fu_4234_p0       |   17|          4|   22|         88|
    |grp_fu_4234_p1       |   17|          4|   23|         92|
    |grp_fu_4238_ce       |   17|          4|    1|          4|
    |grp_fu_4238_p0       |   17|          4|   21|         84|
    |grp_fu_4238_p1       |   17|          4|   23|         92|
    |grp_fu_4242_ce       |   17|          4|    1|          4|
    |grp_fu_4242_p0       |   17|          4|   22|         88|
    |grp_fu_4242_p1       |   17|          4|   23|         92|
    |grp_fu_4246_ce       |   17|          4|    1|          4|
    |grp_fu_4246_p0       |   17|          4|   22|         88|
    |grp_fu_4246_p1       |   17|          4|   23|         92|
    |grp_fu_4250_ce       |   17|          4|    1|          4|
    |grp_fu_4250_p0       |   17|          4|   22|         88|
    |grp_fu_4250_p1       |   17|          4|   23|         92|
    |grp_fu_4254_ce       |   17|          4|    1|          4|
    |grp_fu_4254_p0       |   17|          4|   22|         88|
    |grp_fu_4254_p1       |   17|          4|   23|         92|
    |grp_fu_4258_ce       |   17|          4|    1|          4|
    |grp_fu_4258_p0       |   17|          4|   22|         88|
    |grp_fu_4258_p1       |   17|          4|   23|         92|
    |grp_fu_4262_ce       |   17|          4|    1|          4|
    |grp_fu_4262_p0       |   17|          4|   22|         88|
    |grp_fu_4262_p1       |   17|          4|   23|         92|
    |grp_fu_4266_ce       |   17|          4|    1|          4|
    |grp_fu_4266_p0       |   17|          4|   23|         92|
    |grp_fu_4266_p1       |   17|          4|   23|         92|
    |grp_fu_4270_ce       |   13|          3|    1|          3|
    |grp_fu_4270_p0       |   13|          3|   21|         63|
    |grp_fu_4270_p1       |   13|          3|   23|         69|
    |grp_fu_4274_ce       |   17|          4|    1|          4|
    |grp_fu_4274_p0       |   17|          4|   22|         88|
    |grp_fu_4274_p1       |   17|          4|   23|         92|
    |grp_fu_4278_ce       |   17|          4|    1|          4|
    |grp_fu_4278_p0       |   17|          4|   22|         88|
    |grp_fu_4278_p1       |   17|          4|   23|         92|
    |grp_fu_4282_ce       |   17|          4|    1|          4|
    |grp_fu_4282_p0       |   17|          4|   23|         92|
    |grp_fu_4282_p1       |   17|          4|   23|         92|
    |grp_fu_4286_ce       |   17|          4|    1|          4|
    |grp_fu_4286_p0       |   17|          4|   22|         88|
    |grp_fu_4286_p1       |   17|          4|   23|         92|
    |grp_fu_4290_ce       |   13|          3|    1|          3|
    |grp_fu_4290_p0       |   13|          3|   22|         66|
    |grp_fu_4290_p1       |   13|          3|   23|         69|
    |grp_fu_4294_ce       |   13|          3|    1|          3|
    |grp_fu_4294_p0       |   13|          3|   22|         66|
    |grp_fu_4294_p1       |   13|          3|   23|         69|
    |grp_fu_4298_ce       |   13|          3|    1|          3|
    |grp_fu_4298_p0       |   13|          3|   22|         66|
    |grp_fu_4298_p1       |   13|          3|   23|         69|
    |grp_fu_4302_ce       |   13|          3|    1|          3|
    |grp_fu_4302_p0       |   13|          3|   22|         66|
    |grp_fu_4302_p1       |   13|          3|   23|         69|
    |grp_fu_4306_ce       |   13|          3|    1|          3|
    |grp_fu_4306_p0       |   13|          3|   22|         66|
    |grp_fu_4306_p1       |   13|          3|   23|         69|
    |grp_fu_4310_ce       |   13|          3|    1|          3|
    |grp_fu_4310_p0       |   13|          3|   22|         66|
    |grp_fu_4310_p1       |   13|          3|   23|         69|
    |grp_fu_4314_ce       |   17|          4|    1|          4|
    |grp_fu_4314_p0       |   17|          4|   23|         92|
    |grp_fu_4314_p1       |   17|          4|   23|         92|
    |grp_fu_4318_ce       |   13|          3|    1|          3|
    |grp_fu_4318_p0       |   13|          3|   23|         69|
    |grp_fu_4318_p1       |   13|          3|   23|         69|
    |grp_fu_4322_ce       |   13|          3|    1|          3|
    |grp_fu_4322_p0       |   13|          3|   22|         66|
    |grp_fu_4322_p1       |   13|          3|   23|         69|
    |grp_fu_4326_ce       |   13|          3|    1|          3|
    |grp_fu_4326_p0       |   13|          3|   22|         66|
    |grp_fu_4326_p1       |   13|          3|   23|         69|
    |grp_fu_4330_ce       |   13|          3|    1|          3|
    |grp_fu_4330_p0       |   13|          3|   22|         66|
    |grp_fu_4330_p1       |   13|          3|   23|         69|
    |grp_fu_4334_ce       |   13|          3|    1|          3|
    |grp_fu_4334_p0       |   13|          3|   22|         66|
    |grp_fu_4334_p1       |   13|          3|   23|         69|
    |grp_fu_4338_ce       |   13|          3|    1|          3|
    |grp_fu_4338_p0       |   13|          3|   22|         66|
    |grp_fu_4338_p1       |   13|          3|   23|         69|
    |grp_fu_4342_ce       |   13|          3|    1|          3|
    |grp_fu_4342_p0       |   13|          3|   22|         66|
    |grp_fu_4342_p1       |   13|          3|   23|         69|
    |grp_fu_4346_ce       |   13|          3|    1|          3|
    |grp_fu_4346_p0       |   13|          3|   23|         69|
    |grp_fu_4346_p1       |   13|          3|   23|         69|
    |grp_fu_4350_ce       |   13|          3|    1|          3|
    |grp_fu_4350_p0       |   13|          3|   22|         66|
    |grp_fu_4350_p1       |   13|          3|   23|         69|
    |grp_fu_4354_ce       |   13|          3|    1|          3|
    |grp_fu_4354_p0       |   13|          3|   22|         66|
    |grp_fu_4354_p1       |   13|          3|   23|         69|
    |grp_fu_4358_ce       |   13|          3|    1|          3|
    |grp_fu_4358_p0       |   13|          3|   22|         66|
    |grp_fu_4358_p1       |   13|          3|   23|         69|
    |grp_fu_4362_ce       |   13|          3|    1|          3|
    |grp_fu_4362_p0       |   13|          3|   22|         66|
    |grp_fu_4362_p1       |   13|          3|   23|         69|
    |grp_fu_4366_ce       |   13|          3|    1|          3|
    |grp_fu_4366_p0       |   13|          3|   22|         66|
    |grp_fu_4366_p1       |   13|          3|   23|         69|
    |grp_fu_4370_ce       |   13|          3|    1|          3|
    |grp_fu_4370_p0       |   13|          3|   22|         66|
    |grp_fu_4370_p1       |   13|          3|   23|         69|
    |grp_fu_4374_ce       |   13|          3|    1|          3|
    |grp_fu_4374_p0       |   13|          3|   22|         66|
    |grp_fu_4374_p1       |   13|          3|   23|         69|
    |grp_fu_4378_ce       |   13|          3|    1|          3|
    |grp_fu_4378_p0       |   13|          3|   22|         66|
    |grp_fu_4378_p1       |   13|          3|   23|         69|
    |h_dec_V_1_address0   |   41|         10|    3|         30|
    |h_dec_V_1_address1   |   41|         10|    3|         30|
    |h_dec_V_1_ce0        |   13|          3|    1|          3|
    |h_dec_V_1_ce1        |   13|          3|    1|          3|
    |h_dec_V_1_d0         |   25|          6|    8|         48|
    |h_dec_V_1_d1         |   25|          6|    8|         48|
    |h_dec_V_2_address0   |   41|         10|    3|         30|
    |h_dec_V_2_address1   |   41|         10|    3|         30|
    |h_dec_V_2_ce0        |   13|          3|    1|          3|
    |h_dec_V_2_ce1        |   13|          3|    1|          3|
    |h_dec_V_2_d0         |   25|          6|    8|         48|
    |h_dec_V_2_d1         |   25|          6|    8|         48|
    |h_dec_V_3_address0   |   41|         10|    3|         30|
    |h_dec_V_3_address1   |   41|         10|    3|         30|
    |h_dec_V_3_ce0        |   13|          3|    1|          3|
    |h_dec_V_3_ce1        |   13|          3|    1|          3|
    |h_dec_V_3_d0         |   25|          6|    8|         48|
    |h_dec_V_3_d1         |   25|          6|    8|         48|
    |h_dec_V_address0     |   41|         10|    3|         30|
    |h_dec_V_address1     |   41|         10|    3|         30|
    |h_dec_V_ce0          |   13|          3|    1|          3|
    |h_dec_V_ce1          |   13|          3|    1|          3|
    |h_dec_V_d0           |   25|          6|    8|         48|
    |h_dec_V_d1           |   25|          6|    8|         48|
    |h_enc_V_1_address0   |   41|         10|    3|         30|
    |h_enc_V_1_address1   |   41|         10|    3|         30|
    |h_enc_V_1_ce0        |   13|          3|    1|          3|
    |h_enc_V_1_ce1        |   13|          3|    1|          3|
    |h_enc_V_1_d0         |   13|          3|    8|         24|
    |h_enc_V_1_d1         |   13|          3|    8|         24|
    |h_enc_V_2_address0   |   41|         10|    3|         30|
    |h_enc_V_2_address1   |   41|         10|    3|         30|
    |h_enc_V_2_ce0        |   13|          3|    1|          3|
    |h_enc_V_2_ce1        |   13|          3|    1|          3|
    |h_enc_V_2_d0         |   13|          3|    8|         24|
    |h_enc_V_2_d1         |   13|          3|    8|         24|
    |h_enc_V_3_address0   |   41|         10|    3|         30|
    |h_enc_V_3_address1   |   41|         10|    3|         30|
    |h_enc_V_3_ce0        |   13|          3|    1|          3|
    |h_enc_V_3_ce1        |   13|          3|    1|          3|
    |h_enc_V_3_d0         |   13|          3|    8|         24|
    |h_enc_V_3_d1         |   13|          3|    8|         24|
    |h_enc_V_address0     |   41|         10|    3|         30|
    |h_enc_V_address1     |   41|         10|    3|         30|
    |h_enc_V_ce0          |   13|          3|    1|          3|
    |h_enc_V_ce1          |   13|          3|    1|          3|
    |h_enc_V_d0           |   13|          3|    8|         24|
    |h_enc_V_d1           |   13|          3|    8|         24|
    |h_next_V_1_address0  |   87|         18|    5|         90|
    |h_next_V_1_address1  |   81|         17|    5|         85|
    |h_next_V_1_ce0       |   13|          3|    1|          3|
    |h_next_V_1_we0       |    9|          2|    1|          2|
    |h_next_V_address0    |   87|         18|    5|         90|
    |h_next_V_address1    |   81|         17|    5|         85|
    |h_next_V_ce0         |   13|          3|    1|          3|
    |h_next_V_we0         |    9|          2|    1|          2|
    |t_1_fu_750           |    9|          2|    8|         16|
    |t_fu_706             |    9|          2|    8|         16|
    +---------------------+-----+-----------+-----+-----------+
    |Total                | 4202|        979| 2670|      10233|
    +---------------------+-----+-----------+-----+-----------+

    * Register: 
    +------------------------------------------------------------------------+----+----+-----+-----------+
    |                                  Name                                  | FF | LUT| Bits| Const Bits|
    +------------------------------------------------------------------------+----+----+-----+-----------+
    |ap_CS_fsm                                                               |  47|   0|   47|          0|
    |grp_gru_cell_step_1_fu_2054_ap_start_reg                                |   1|   0|    1|          0|
    |grp_gru_cell_step_fu_1845_ap_start_reg                                  |   1|   0|    1|          0|
    |grp_student_infer_pixel_Pipeline_VITIS_LOOP_210_7_fu_2261_ap_start_reg  |   1|   0|    1|          0|
    |h_next_V_1_load_10_reg_3910                                             |   8|   0|    8|          0|
    |h_next_V_1_load_11_reg_3915                                             |   8|   0|    8|          0|
    |h_next_V_1_load_12_reg_3920                                             |   8|   0|    8|          0|
    |h_next_V_1_load_13_reg_3925                                             |   8|   0|    8|          0|
    |h_next_V_1_load_14_reg_3930                                             |   8|   0|    8|          0|
    |h_next_V_1_load_15_reg_3935                                             |   8|   0|    8|          0|
    |h_next_V_1_load_16_reg_3940                                             |   8|   0|    8|          0|
    |h_next_V_1_load_17_reg_3945                                             |   8|   0|    8|          0|
    |h_next_V_1_load_18_reg_3950                                             |   8|   0|    8|          0|
    |h_next_V_1_load_19_reg_3955                                             |   8|   0|    8|          0|
    |h_next_V_1_load_1_reg_3865                                              |   8|   0|    8|          0|
    |h_next_V_1_load_20_reg_3960                                             |   8|   0|    8|          0|
    |h_next_V_1_load_21_reg_3965                                             |   8|   0|    8|          0|
    |h_next_V_1_load_22_reg_3970                                             |   8|   0|    8|          0|
    |h_next_V_1_load_23_reg_3975                                             |   8|   0|    8|          0|
    |h_next_V_1_load_24_reg_3980                                             |   8|   0|    8|          0|
    |h_next_V_1_load_25_reg_3985                                             |   8|   0|    8|          0|
    |h_next_V_1_load_26_reg_3990                                             |   8|   0|    8|          0|
    |h_next_V_1_load_27_reg_3995                                             |   8|   0|    8|          0|
    |h_next_V_1_load_28_reg_4000                                             |   8|   0|    8|          0|
    |h_next_V_1_load_29_reg_4005                                             |   8|   0|    8|          0|
    |h_next_V_1_load_2_reg_3870                                              |   8|   0|    8|          0|
    |h_next_V_1_load_3_reg_3875                                              |   8|   0|    8|          0|
    |h_next_V_1_load_4_reg_3880                                              |   8|   0|    8|          0|
    |h_next_V_1_load_5_reg_3885                                              |   8|   0|    8|          0|
    |h_next_V_1_load_6_reg_3890                                              |   8|   0|    8|          0|
    |h_next_V_1_load_7_reg_3895                                              |   8|   0|    8|          0|
    |h_next_V_1_load_8_reg_3900                                              |   8|   0|    8|          0|
    |h_next_V_1_load_9_reg_3905                                              |   8|   0|    8|          0|
    |h_next_V_1_load_reg_3860                                                |   8|   0|    8|          0|
    |p_0_0_0201_10_phi_fu_662                                                |   8|   0|    8|          0|
    |p_0_0_0201_11_phi_fu_658                                                |   8|   0|    8|          0|
    |p_0_0_0201_12_phi_fu_654                                                |   8|   0|    8|          0|
    |p_0_0_0201_13_phi_fu_650                                                |   8|   0|    8|          0|
    |p_0_0_0201_14_phi_fu_646                                                |   8|   0|    8|          0|
    |p_0_0_0201_15_phi_fu_642                                                |   8|   0|    8|          0|
    |p_0_0_0201_16_phi_fu_638                                                |   8|   0|    8|          0|
    |p_0_0_0201_17_phi_fu_634                                                |   8|   0|    8|          0|
    |p_0_0_0201_18_phi_fu_630                                                |   8|   0|    8|          0|
    |p_0_0_0201_19_phi_fu_626                                                |   8|   0|    8|          0|
    |p_0_0_0201_1_phi_fu_698                                                 |   8|   0|    8|          0|
    |p_0_0_0201_20_phi_fu_622                                                |   8|   0|    8|          0|
    |p_0_0_0201_21_phi_fu_618                                                |   8|   0|    8|          0|
    |p_0_0_0201_22_phi_fu_614                                                |   8|   0|    8|          0|
    |p_0_0_0201_23_phi_fu_610                                                |   8|   0|    8|          0|
    |p_0_0_0201_24_phi_fu_606                                                |   8|   0|    8|          0|
    |p_0_0_0201_25_phi_fu_602                                                |   8|   0|    8|          0|
    |p_0_0_0201_26_phi_fu_598                                                |   8|   0|    8|          0|
    |p_0_0_0201_27_phi_fu_594                                                |   8|   0|    8|          0|
    |p_0_0_0201_28_phi_fu_590                                                |   8|   0|    8|          0|
    |p_0_0_0201_29_phi_fu_586                                                |   8|   0|    8|          0|
    |p_0_0_0201_2_phi_fu_694                                                 |   8|   0|    8|          0|
    |p_0_0_0201_30_phi_fu_582                                                |   8|   0|    8|          0|
    |p_0_0_0201_31_phi_fu_578                                                |   8|   0|    8|          0|
    |p_0_0_0201_3_phi_fu_690                                                 |   8|   0|    8|          0|
    |p_0_0_0201_4_phi_fu_686                                                 |   8|   0|    8|          0|
    |p_0_0_0201_5_phi_fu_682                                                 |   8|   0|    8|          0|
    |p_0_0_0201_6_phi_fu_678                                                 |   8|   0|    8|          0|
    |p_0_0_0201_7_phi_fu_674                                                 |   8|   0|    8|          0|
    |p_0_0_0201_8_phi_fu_670                                                 |   8|   0|    8|          0|
    |p_0_0_0201_9_phi_fu_666                                                 |   8|   0|    8|          0|
    |p_0_0_0201_phi_fu_702                                                   |   8|   0|    8|          0|
    |r_V_10_reg_4065                                                         |   8|   0|   23|         15|
    |r_V_11_reg_4070                                                         |   8|   0|   23|         15|
    |r_V_12_reg_4075                                                         |   8|   0|   23|         15|
    |r_V_13_reg_4080                                                         |   8|   0|   23|         15|
    |r_V_14_reg_4085                                                         |   8|   0|   23|         15|
    |r_V_15_reg_4090                                                         |   8|   0|   23|         15|
    |r_V_16_reg_4095                                                         |   8|   0|   23|         15|
    |r_V_17_reg_4100                                                         |   8|   0|   23|         15|
    |r_V_18_reg_4105                                                         |   8|   0|   23|         15|
    |r_V_19_reg_4110                                                         |   8|   0|   23|         15|
    |r_V_1_reg_4040                                                          |   8|   0|   23|         15|
    |r_V_20_reg_4115                                                         |   8|   0|   23|         15|
    |r_V_21_reg_4120                                                         |   8|   0|   23|         15|
    |r_V_22_reg_4125                                                         |   8|   0|   23|         15|
    |r_V_23_reg_4130                                                         |   8|   0|   23|         15|
    |r_V_24_reg_4135                                                         |   8|   0|   23|         15|
    |r_V_25_reg_4140                                                         |   8|   0|   23|         15|
    |r_V_26_reg_4145                                                         |   8|   0|   23|         15|
    |r_V_27_reg_4150                                                         |   8|   0|   23|         15|
    |r_V_28_reg_4155                                                         |   8|   0|   23|         15|
    |r_V_29_reg_4160                                                         |   8|   0|   23|         15|
    |r_V_2_reg_4015                                                          |   8|   0|   23|         15|
    |r_V_30_reg_4165                                                         |   8|   0|   23|         15|
    |r_V_3_reg_4045                                                          |   8|   0|   23|         15|
    |r_V_4_reg_4020                                                          |   8|   0|   23|         15|
    |r_V_5_reg_4050                                                          |   8|   0|   23|         15|
    |r_V_6_reg_4025                                                          |   8|   0|   23|         15|
    |r_V_7_reg_4055                                                          |   8|   0|   23|         15|
    |r_V_8_reg_4030                                                          |   8|   0|   23|         15|
    |r_V_9_reg_4060                                                          |   8|   0|   23|         15|
    |r_V_reg_4010                                                            |   8|   0|   23|         15|
    |r_V_s_reg_4035                                                          |   8|   0|   23|         15|
    |sub_ln219_reg_3855                                                      |   9|   0|    9|          0|
    |t_1_fu_750                                                              |   8|   0|    8|          0|
    |t_fu_706                                                                |   8|   0|    8|          0|
    |tpsf_in_load_reg_3567                                                   |  16|   0|   16|          0|
    +------------------------------------------------------------------------+----+----+-----+-----------+
    |Total                                                                   | 843|   0| 1323|        480|
    +------------------------------------------------------------------------+----+----+-----+-----------+



================================================================
== Interface
================================================================
* Summary: 
+------------------+-----+-----+------------+---------------------+--------------+
|     RTL Ports    | Dir | Bits|  Protocol  |    Source Object    |    C Type    |
+------------------+-----+-----+------------+---------------------+--------------+
|ap_clk            |   in|    1|  ap_ctrl_hs|  student_infer_pixel|  return value|
|ap_rst            |   in|    1|  ap_ctrl_hs|  student_infer_pixel|  return value|
|ap_start          |   in|    1|  ap_ctrl_hs|  student_infer_pixel|  return value|
|ap_done           |  out|    1|  ap_ctrl_hs|  student_infer_pixel|  return value|
|ap_idle           |  out|    1|  ap_ctrl_hs|  student_infer_pixel|  return value|
|ap_ready          |  out|    1|  ap_ctrl_hs|  student_infer_pixel|  return value|
|tpsf_in_address0  |  out|    8|   ap_memory|              tpsf_in|         array|
|tpsf_in_ce0       |  out|    1|   ap_memory|              tpsf_in|         array|
|tpsf_in_q0        |   in|   16|   ap_memory|              tpsf_in|         array|
|sfd_out_address0  |  out|    9|   ap_memory|              sfd_out|         array|
|sfd_out_ce0       |  out|    1|   ap_memory|              sfd_out|         array|
|sfd_out_we0       |  out|    1|   ap_memory|              sfd_out|         array|
|sfd_out_d0        |  out|   16|   ap_memory|              sfd_out|         array|
+------------------+-----+-----+------------+---------------------+--------------+

