

================================================================
== Vitis HLS Report for 'student_infer_pixel_Pipeline_VITIS_LOOP_210_7'
================================================================
* Date:           Fri Aug 14 15:46:52 2026

* Version:        2022.2 (Build 3670227 on Oct 13 2022)
* Project:        seq2seqlite_student_proj
* Solution:       solution1 (Vivado IP Flow Target)
* Product family: kintex7
* Target device:  xc7k410t-ffg676-1


================================================================
== Performance Estimates
================================================================
+ Timing: 
    * Summary: 
    +--------+---------+----------+------------+
    |  Clock |  Target | Estimated| Uncertainty|
    +--------+---------+----------+------------+
    |ap_clk  |  4.50 ns|  3.213 ns|     1.22 ns|
    +--------+---------+----------+------------+

+ Latency: 
    * Summary: 
    +---------+---------+----------+----------+-----+-----+---------+
    |  Latency (cycles) |  Latency (absolute) |  Interval | Pipeline|
    |   min   |   max   |    min   |    max   | min | max |   Type  |
    +---------+---------+----------+----------+-----+-----+---------+
    |       50|       50|  0.225 us|  0.225 us|   50|   50|       no|
    +---------+---------+----------+----------+-----+-----+---------+

    + Detail: 
        * Instance: 
        N/A

        * Loop: 
        +--------------------+---------+---------+----------+-----------+-----------+------+----------+
        |                    |  Latency (cycles) | Iteration|  Initiation Interval  | Trip |          |
        |      Loop Name     |   min   |   max   |  Latency |  achieved |   target  | Count| Pipelined|
        +--------------------+---------+---------+----------+-----------+-----------+------+----------+
        |- VITIS_LOOP_210_7  |       48|       48|        41|          4|          4|     3|       yes|
        +--------------------+---------+---------+----------+-----------+-----------+------+----------+



================================================================
== Utilization Estimates
================================================================
* Summary: 
+-----------------+---------+------+--------+--------+-----+
|       Name      | BRAM_18K|  DSP |   FF   |   LUT  | URAM|
+-----------------+---------+------+--------+--------+-----+
|DSP              |        -|     -|       -|       -|    -|
|Expression       |        -|     -|       0|    2203|    -|
|FIFO             |        -|     -|       -|       -|    -|
|Instance         |        -|     2|     338|     134|    -|
|Memory           |        0|     -|     219|      33|    -|
|Multiplexer      |        -|     -|       -|     156|    -|
|Register         |        -|     -|    4363|      96|    -|
+-----------------+---------+------+--------+--------+-----+
|Total            |        0|     2|    4920|    2622|    0|
+-----------------+---------+------+--------+--------+-----+
|Available        |     1590|  1540|  508400|  254200|    0|
+-----------------+---------+------+--------+--------+-----+
|Utilization (%)  |        0|    ~0|      ~0|       1|    0|
+-----------------+---------+------+--------+--------+-----+

+ Detail: 
    * Instance: 
    +--------------------------+---------------------+---------+----+-----+----+-----+
    |         Instance         |        Module       | BRAM_18K| DSP|  FF | LUT| URAM|
    +--------------------------+---------------------+---------+----+-----+----+-----+
    |mul_20ns_23s_43_5_1_U792  |mul_20ns_23s_43_5_1  |        0|   1|  169|  67|    0|
    |mul_20s_23s_43_5_1_U804   |mul_20s_23s_43_5_1   |        0|   1|  169|  67|    0|
    +--------------------------+---------------------+---------+----+-----+----+-----+
    |Total                     |                     |        0|   2|  338| 134|    0|
    +--------------------------+---------------------+---------+----+-----+----+-----+

    * DSP: 
    N/A

    * Memory: 
    +-------------------------------+----------------------------------------------------------------------------------+---------+---+----+-----+------+-----+------+-------------+
    |             Memory            |                                      Module                                      | BRAM_18K| FF| LUT| URAM| Words| Bits| Banks| W*Bits*Banks|
    +-------------------------------+----------------------------------------------------------------------------------+---------+---+----+-----+------+-----+------+-------------+
    |p_ZL17sdec_dense_kernel_0_0_U  |student_infer_pixel_Pipeline_VITIS_LOOP_210_7_p_ZL17sdec_dense_kernel_0_0_ROMdhF  |        0|  6|   1|    0|     3|    6|     1|           18|
    |p_ZL17sdec_dense_kernel_0_1_U  |student_infer_pixel_Pipeline_VITIS_LOOP_210_7_p_ZL17sdec_dense_kernel_0_1_ROMdpG  |        0|  7|   1|    0|     3|    7|     1|           21|
    |p_ZL17sdec_dense_kernel_0_2_U  |student_infer_pixel_Pipeline_VITIS_LOOP_210_7_p_ZL17sdec_dense_kernel_0_2_ROMdxH  |        0|  6|   1|    0|     3|    6|     1|           18|
    |p_ZL17sdec_dense_kernel_0_3_U  |student_infer_pixel_Pipeline_VITIS_LOOP_210_7_p_ZL17sdec_dense_kernel_0_3_ROMdFJ  |        0|  6|   1|    0|     3|    6|     1|           18|
    |p_ZL17sdec_dense_kernel_1_0_U  |student_infer_pixel_Pipeline_VITIS_LOOP_210_7_p_ZL17sdec_dense_kernel_1_0_ROMdiF  |        0|  8|   1|    0|     3|    8|     1|           24|
    |p_ZL17sdec_dense_kernel_1_1_U  |student_infer_pixel_Pipeline_VITIS_LOOP_210_7_p_ZL17sdec_dense_kernel_1_1_ROMdqG  |        0|  7|   1|    0|     3|    7|     1|           21|
    |p_ZL17sdec_dense_kernel_1_2_U  |student_infer_pixel_Pipeline_VITIS_LOOP_210_7_p_ZL17sdec_dense_kernel_1_2_ROMdyH  |        0|  7|   1|    0|     3|    7|     1|           21|
    |p_ZL17sdec_dense_kernel_1_3_U  |student_infer_pixel_Pipeline_VITIS_LOOP_210_7_p_ZL17sdec_dense_kernel_1_3_ROMdGJ  |        0|  6|   1|    0|     3|    6|     1|           18|
    |p_ZL17sdec_dense_kernel_2_0_U  |student_infer_pixel_Pipeline_VITIS_LOOP_210_7_p_ZL17sdec_dense_kernel_2_0_ROMdjF  |        0|  7|   1|    0|     3|    7|     1|           21|
    |p_ZL17sdec_dense_kernel_2_1_U  |student_infer_pixel_Pipeline_VITIS_LOOP_210_7_p_ZL17sdec_dense_kernel_2_1_ROMdrG  |        0|  7|   1|    0|     3|    7|     1|           21|
    |p_ZL17sdec_dense_kernel_2_2_U  |student_infer_pixel_Pipeline_VITIS_LOOP_210_7_p_ZL17sdec_dense_kernel_2_2_ROMdzI  |        0|  7|   1|    0|     3|    7|     1|           21|
    |p_ZL17sdec_dense_kernel_2_3_U  |student_infer_pixel_Pipeline_VITIS_LOOP_210_7_p_ZL17sdec_dense_kernel_2_3_ROMdHJ  |        0|  7|   1|    0|     3|    7|     1|           21|
    |p_ZL17sdec_dense_kernel_3_0_U  |student_infer_pixel_Pipeline_VITIS_LOOP_210_7_p_ZL17sdec_dense_kernel_3_0_ROMdkF  |        0|  7|   1|    0|     3|    7|     1|           21|
    |p_ZL17sdec_dense_kernel_3_1_U  |student_infer_pixel_Pipeline_VITIS_LOOP_210_7_p_ZL17sdec_dense_kernel_3_1_ROMdsG  |        0|  7|   1|    0|     3|    7|     1|           21|
    |p_ZL17sdec_dense_kernel_3_2_U  |student_infer_pixel_Pipeline_VITIS_LOOP_210_7_p_ZL17sdec_dense_kernel_3_2_ROMdAI  |        0|  5|   1|    0|     3|    5|     1|           15|
    |p_ZL17sdec_dense_kernel_3_3_U  |student_infer_pixel_Pipeline_VITIS_LOOP_210_7_p_ZL17sdec_dense_kernel_3_3_ROMdIJ  |        0|  7|   1|    0|     3|    7|     1|           21|
    |p_ZL17sdec_dense_kernel_4_0_U  |student_infer_pixel_Pipeline_VITIS_LOOP_210_7_p_ZL17sdec_dense_kernel_4_0_ROMdlF  |        0|  8|   1|    0|     3|    8|     1|           24|
    |p_ZL17sdec_dense_kernel_4_1_U  |student_infer_pixel_Pipeline_VITIS_LOOP_210_7_p_ZL17sdec_dense_kernel_4_1_ROMdtH  |        0|  8|   1|    0|     3|    8|     1|           24|
    |p_ZL17sdec_dense_kernel_4_2_U  |student_infer_pixel_Pipeline_VITIS_LOOP_210_7_p_ZL17sdec_dense_kernel_4_2_ROMdBI  |        0|  7|   1|    0|     3|    7|     1|           21|
    |p_ZL17sdec_dense_kernel_4_3_U  |student_infer_pixel_Pipeline_VITIS_LOOP_210_7_p_ZL17sdec_dense_kernel_4_3_ROMdJJ  |        0|  6|   1|    0|     3|    6|     1|           18|
    |p_ZL17sdec_dense_kernel_5_0_U  |student_infer_pixel_Pipeline_VITIS_LOOP_210_7_p_ZL17sdec_dense_kernel_5_0_ROMdmF  |        0|  6|   1|    0|     3|    6|     1|           18|
    |p_ZL17sdec_dense_kernel_5_1_U  |student_infer_pixel_Pipeline_VITIS_LOOP_210_7_p_ZL17sdec_dense_kernel_5_1_ROMduH  |        0|  7|   1|    0|     3|    7|     1|           21|
    |p_ZL17sdec_dense_kernel_5_2_U  |student_infer_pixel_Pipeline_VITIS_LOOP_210_7_p_ZL17sdec_dense_kernel_5_2_ROMdCI  |        0|  7|   1|    0|     3|    7|     1|           21|
    |p_ZL17sdec_dense_kernel_5_3_U  |student_infer_pixel_Pipeline_VITIS_LOOP_210_7_p_ZL17sdec_dense_kernel_5_3_ROMdKJ  |        0|  7|   1|    0|     3|    7|     1|           21|
    |p_ZL17sdec_dense_kernel_6_0_U  |student_infer_pixel_Pipeline_VITIS_LOOP_210_7_p_ZL17sdec_dense_kernel_6_0_ROMdnG  |        0|  7|   1|    0|     3|    7|     1|           21|
    |p_ZL17sdec_dense_kernel_6_1_U  |student_infer_pixel_Pipeline_VITIS_LOOP_210_7_p_ZL17sdec_dense_kernel_6_1_ROMdvH  |        0|  7|   1|    0|     3|    7|     1|           21|
    |p_ZL17sdec_dense_kernel_6_2_U  |student_infer_pixel_Pipeline_VITIS_LOOP_210_7_p_ZL17sdec_dense_kernel_6_2_ROMdDI  |        0|  7|   1|    0|     3|    7|     1|           21|
    |p_ZL17sdec_dense_kernel_6_3_U  |student_infer_pixel_Pipeline_VITIS_LOOP_210_7_p_ZL17sdec_dense_kernel_6_3_ROMdLJ  |        0|  6|   1|    0|     3|    6|     1|           18|
    |p_ZL17sdec_dense_kernel_7_0_U  |student_infer_pixel_Pipeline_VITIS_LOOP_210_7_p_ZL17sdec_dense_kernel_7_0_ROMdoG  |        0|  5|   1|    0|     3|    5|     1|           15|
    |p_ZL17sdec_dense_kernel_7_1_U  |student_infer_pixel_Pipeline_VITIS_LOOP_210_7_p_ZL17sdec_dense_kernel_7_1_ROMdwH  |        0|  7|   1|    0|     3|    7|     1|           21|
    |p_ZL17sdec_dense_kernel_7_2_U  |student_infer_pixel_Pipeline_VITIS_LOOP_210_7_p_ZL17sdec_dense_kernel_7_2_ROMdEI  |        0|  7|   1|    0|     3|    7|     1|           21|
    |p_ZL17sdec_dense_kernel_7_3_U  |student_infer_pixel_Pipeline_VITIS_LOOP_210_7_p_ZL17sdec_dense_kernel_7_3_ROMdMK  |        0|  7|   1|    0|     3|    7|     1|           21|
    |sdec_dense_bias_U              |student_infer_pixel_Pipeline_VITIS_LOOP_210_7_sdec_dense_bias_ROM_AUTO_1R         |        0|  3|   1|    0|     3|    3|     1|            9|
    +-------------------------------+----------------------------------------------------------------------------------+---------+---+----+-----+------+-----+------+-------------+
    |Total                          |                                                                                  |        0|219|  33|    0|    99|  219|    33|          657|
    +-------------------------------+----------------------------------------------------------------------------------+---------+---+----+-----+------+-----+------+-------------+

    * FIFO: 
    N/A

    * Expression: 
    +-----------------------------+----------+----+---+----+------------+------------+
    |        Variable Name        | Operation| DSP| FF| LUT| Bitwidth P0| Bitwidth P1|
    +-----------------------------+----------+----+---+----+------------+------------+
    |add_ln210_fu_1040_p2         |         +|   0|  0|  10|           2|           1|
    |add_ln212_1_fu_2440_p2       |         +|   0|  0|  35|          28|          28|
    |add_ln212_fu_2537_p2         |         +|   0|  0|  36|          29|          29|
    |add_ln219_fu_2529_p2         |         +|   0|  0|  16|           9|           9|
    |p_Val2_2_fu_2474_p2          |         +|   0|  0|  23|          16|          16|
    |ret_V_10_fu_1648_p2          |         +|   0|  0|  61|          54|          54|
    |ret_V_11_fu_1674_p2          |         +|   0|  0|  61|          54|          54|
    |ret_V_12_fu_1700_p2          |         +|   0|  0|  61|          54|          54|
    |ret_V_13_fu_1726_p2          |         +|   0|  0|  61|          54|          54|
    |ret_V_14_fu_1816_p2          |         +|   0|  0|  61|          54|          54|
    |ret_V_15_fu_1842_p2          |         +|   0|  0|  61|          54|          54|
    |ret_V_16_fu_1868_p2          |         +|   0|  0|  61|          54|          54|
    |ret_V_17_fu_1894_p2          |         +|   0|  0|  61|          54|          54|
    |ret_V_18_fu_1936_p2          |         +|   0|  0|  61|          54|          54|
    |ret_V_19_fu_2026_p2          |         +|   0|  0|  61|          54|          54|
    |ret_V_1_fu_1270_p2           |         +|   0|  0|  61|          54|          54|
    |ret_V_20_fu_2052_p2          |         +|   0|  0|  61|          54|          54|
    |ret_V_21_fu_2078_p2          |         +|   0|  0|  61|          54|          54|
    |ret_V_22_fu_2104_p2          |         +|   0|  0|  61|          54|          54|
    |ret_V_23_fu_2194_p2          |         +|   0|  0|  61|          54|          54|
    |ret_V_24_fu_2220_p2          |         +|   0|  0|  61|          54|          54|
    |ret_V_25_fu_2246_p2          |         +|   0|  0|  61|          54|          54|
    |ret_V_26_fu_2272_p2          |         +|   0|  0|  61|          54|          54|
    |ret_V_27_fu_2298_p2          |         +|   0|  0|  61|          54|          54|
    |ret_V_28_fu_2324_p2          |         +|   0|  0|  61|          54|          54|
    |ret_V_29_fu_2350_p2          |         +|   0|  0|  61|          54|          54|
    |ret_V_2_fu_1296_p2           |         +|   0|  0|  61|          54|          54|
    |ret_V_30_fu_2376_p2          |         +|   0|  0|  61|          54|          54|
    |ret_V_3_fu_1322_p2           |         +|   0|  0|  61|          54|          54|
    |ret_V_4_fu_1348_p2           |         +|   0|  0|  61|          54|          54|
    |ret_V_5_fu_1438_p2           |         +|   0|  0|  61|          54|          54|
    |ret_V_6_fu_1464_p2           |         +|   0|  0|  61|          54|          54|
    |ret_V_7_fu_1490_p2           |         +|   0|  0|  61|          54|          54|
    |ret_V_8_fu_1516_p2           |         +|   0|  0|  61|          54|          54|
    |ret_V_9_fu_1574_p2           |         +|   0|  0|  61|          54|          54|
    |ret_V_fu_1209_p2             |         +|   0|  0|  53|          46|          46|
    |sum_o_V_2_fu_2435_p2         |         +|   0|  0|  39|          32|          32|
    |and_ln890_fu_2572_p2         |       and|   0|  0|   6|           1|           1|
    |and_ln891_fu_2584_p2         |       and|   0|  0|   6|           1|           1|
    |carry_1_fu_2547_p2           |       and|   0|  0|   6|           1|           1|
    |overflow_fu_2605_p2          |       and|   0|  0|   6|           1|           1|
    |underflow_fu_2629_p2         |       and|   0|  0|   6|           1|           1|
    |Range1_all_ones_fu_2514_p2   |      icmp|   0|  0|   9|           4|           2|
    |Range1_all_zeros_fu_2520_p2  |      icmp|   0|  0|   9|           4|           1|
    |Range2_all_ones_fu_2498_p2   |      icmp|   0|  0|   8|           3|           2|
    |icmp_ln210_fu_1034_p2        |      icmp|   0|  0|   8|           2|           2|
    |or_ln346_fu_2634_p2          |        or|   0|  0|   6|           1|           1|
    |or_ln895_fu_2595_p2          |        or|   0|  0|   6|           1|           1|
    |or_ln896_fu_2617_p2          |        or|   0|  0|   6|           1|           1|
    |deleted_ones_fu_2577_p3      |    select|   0|  0|   2|           1|           1|
    |deleted_zeros_fu_2552_p3     |    select|   0|  0|   2|           1|           1|
    |select_ln346_1_fu_2644_p3    |    select|   0|  0|  17|           1|          15|
    |sfd_out_d0                   |    select|   0|  0|  16|           1|          16|
    |ap_enable_pp0                |       xor|   0|  0|   6|           1|           2|
    |xor_ln890_fu_2566_p2         |       xor|   0|  0|   6|           1|           2|
    |xor_ln895_1_fu_2600_p2       |       xor|   0|  0|   6|           1|           2|
    |xor_ln895_fu_2589_p2         |       xor|   0|  0|   6|           1|           2|
    |xor_ln896_1_fu_2611_p2       |       xor|   0|  0|   6|           1|           2|
    |xor_ln896_2_fu_2623_p2       |       xor|   0|  0|   6|           1|           1|
    |xor_ln896_fu_2542_p2         |       xor|   0|  0|   6|           1|           2|
    +-----------------------------+----------+----+---+----+------------+------------+
    |Total                        |          |   0|  0|2203|        1814|        1842|
    +-----------------------------+----------+----+---+----+------------+------------+

    * Multiplexer: 
    +----------------------------------+----+-----------+-----+-----------+
    |               Name               | LUT| Input Size| Bits| Total Bits|
    +----------------------------------+----+-----------+-----+-----------+
    |ap_NS_fsm                         |  21|          5|    1|          5|
    |ap_done_int                       |   9|          2|    1|          2|
    |ap_enable_reg_pp0_iter0           |   9|          2|    1|          2|
    |ap_enable_reg_pp0_iter1           |   9|          2|    1|          2|
    |ap_enable_reg_pp0_iter10          |   9|          2|    1|          2|
    |ap_loop_exit_ready_pp0_iter1_reg  |   9|          2|    1|          2|
    |ap_loop_exit_ready_pp0_iter2_reg  |   9|          2|    1|          2|
    |ap_loop_exit_ready_pp0_iter3_reg  |   9|          2|    1|          2|
    |ap_loop_exit_ready_pp0_iter4_reg  |   9|          2|    1|          2|
    |ap_loop_exit_ready_pp0_iter5_reg  |   9|          2|    1|          2|
    |ap_loop_exit_ready_pp0_iter6_reg  |   9|          2|    1|          2|
    |ap_loop_exit_ready_pp0_iter7_reg  |   9|          2|    1|          2|
    |ap_loop_exit_ready_pp0_iter8_reg  |   9|          2|    1|          2|
    |ap_loop_exit_ready_pp0_iter9_reg  |   9|          2|    1|          2|
    |ap_sig_allocacmp_o_1              |   9|          2|    2|          4|
    |o_fu_254                          |   9|          2|    2|          4|
    +----------------------------------+----+-----------+-----+-----------+
    |Total                             | 156|         35|   18|         39|
    +----------------------------------+----+-----------+-----+-----------+

    * Register: 
    +-----------------------------------+----+----+-----+-----------+
    |                Name               | FF | LUT| Bits| Const Bits|
    +-----------------------------------+----+----+-----+-----------+
    |Range1_all_ones_reg_3723           |   1|   0|    1|          0|
    |Range1_all_zeros_reg_3730          |   1|   0|    1|          0|
    |Range2_all_ones_reg_3718           |   1|   0|    1|          0|
    |add_ln219_reg_3735                 |   9|   0|    9|          0|
    |ap_CS_fsm                          |   4|   0|    4|          0|
    |ap_done_reg                        |   1|   0|    1|          0|
    |ap_enable_reg_pp0_iter0_reg        |   1|   0|    1|          0|
    |ap_enable_reg_pp0_iter1            |   1|   0|    1|          0|
    |ap_enable_reg_pp0_iter10           |   1|   0|    1|          0|
    |ap_enable_reg_pp0_iter2            |   1|   0|    1|          0|
    |ap_enable_reg_pp0_iter3            |   1|   0|    1|          0|
    |ap_enable_reg_pp0_iter4            |   1|   0|    1|          0|
    |ap_enable_reg_pp0_iter5            |   1|   0|    1|          0|
    |ap_enable_reg_pp0_iter6            |   1|   0|    1|          0|
    |ap_enable_reg_pp0_iter7            |   1|   0|    1|          0|
    |ap_enable_reg_pp0_iter8            |   1|   0|    1|          0|
    |ap_enable_reg_pp0_iter9            |   1|   0|    1|          0|
    |ap_loop_exit_ready_pp0_iter1_reg   |   1|   0|    1|          0|
    |ap_loop_exit_ready_pp0_iter2_reg   |   1|   0|    1|          0|
    |ap_loop_exit_ready_pp0_iter3_reg   |   1|   0|    1|          0|
    |ap_loop_exit_ready_pp0_iter4_reg   |   1|   0|    1|          0|
    |ap_loop_exit_ready_pp0_iter5_reg   |   1|   0|    1|          0|
    |ap_loop_exit_ready_pp0_iter6_reg   |   1|   0|    1|          0|
    |ap_loop_exit_ready_pp0_iter7_reg   |   1|   0|    1|          0|
    |ap_loop_exit_ready_pp0_iter8_reg   |   1|   0|    1|          0|
    |ap_loop_exit_ready_pp0_iter9_reg   |   1|   0|    1|          0|
    |icmp_ln210_reg_2835                |   1|   0|    1|          0|
    |o_1_reg_2830                       |   2|   0|    2|          0|
    |o_fu_254                           |   2|   0|    2|          0|
    |or_ln346_reg_3745                  |   1|   0|    1|          0|
    |overflow_reg_3740                  |   1|   0|    1|          0|
    |p_Result_1_reg_3702                |   1|   0|    1|          0|
    |p_Result_2_reg_3712                |   1|   0|    1|          0|
    |p_Result_s_reg_3696                |   1|   0|    1|          0|
    |p_Val2_2_reg_3707                  |  16|   0|   16|          0|
    |r_V_10_reg_3221                    |  45|   0|   45|          0|
    |r_V_11_reg_3231                    |  45|   0|   45|          0|
    |r_V_12_reg_3236                    |  46|   0|   46|          0|
    |r_V_13_reg_3241                    |  45|   0|   45|          0|
    |r_V_14_reg_3326                    |  45|   0|   45|          0|
    |r_V_15_reg_3336                    |  45|   0|   45|          0|
    |r_V_16_reg_3346                    |  44|   0|   44|          0|
    |r_V_17_reg_3351                    |  45|   0|   45|          0|
    |r_V_18_reg_3356                    |  45|   0|   45|          0|
    |r_V_19_reg_3446                    |  43|   0|   43|          0|
    |r_V_1_reg_3001                     |  46|   0|   46|          0|
    |r_V_20_reg_3456                    |  45|   0|   45|          0|
    |r_V_21_reg_3461                    |  45|   0|   45|          0|
    |r_V_22_reg_3466                    |  45|   0|   45|          0|
    |r_V_23_reg_3551                    |  45|   0|   45|          0|
    |r_V_24_reg_3561                    |  44|   0|   44|          0|
    |r_V_25_reg_3571                    |  44|   0|   44|          0|
    |r_V_26_reg_3576                    |  45|   0|   45|          0|
    |r_V_27_reg_3581                    |  45|   0|   45|          0|
    |r_V_28_reg_3621                    |  44|   0|   44|          0|
    |r_V_29_reg_3631                    |  45|   0|   45|          0|
    |r_V_2_reg_3006                     |  45|   0|   45|          0|
    |r_V_30_reg_3636                    |  44|   0|   44|          0|
    |r_V_31_reg_3641                    |  45|   0|   45|          0|
    |r_V_3_reg_3011                     |  45|   0|   45|          0|
    |r_V_4_reg_3016                     |  46|   0|   46|          0|
    |r_V_5_reg_3101                     |  44|   0|   44|          0|
    |r_V_6_reg_3111                     |  45|   0|   45|          0|
    |r_V_7_reg_3116                     |  43|   0|   43|          0|
    |r_V_8_reg_3126                     |  45|   0|   45|          0|
    |r_V_9_reg_3131                     |  45|   0|   45|          0|
    |raw_10_reg_3081                    |   7|   0|    7|          0|
    |raw_11_reg_3086                    |   7|   0|    7|          0|
    |raw_12_reg_3091                    |   8|   0|    8|          0|
    |raw_13_reg_3096                    |   7|   0|    7|          0|
    |raw_14_reg_3191                    |   7|   0|    7|          0|
    |raw_15_reg_3196                    |   7|   0|    7|          0|
    |raw_16_reg_3201                    |   6|   0|    6|          0|
    |raw_17_reg_3206                    |   7|   0|    7|          0|
    |raw_18_reg_3211                    |   7|   0|    7|          0|
    |raw_19_reg_3301                    |   5|   0|    5|          0|
    |raw_1_reg_2901                     |   8|   0|    8|          0|
    |raw_20_reg_3306                    |   7|   0|    7|          0|
    |raw_21_reg_3311                    |   7|   0|    7|          0|
    |raw_22_reg_3316                    |   7|   0|    7|          0|
    |raw_23_reg_3411                    |   7|   0|    7|          0|
    |raw_24_reg_3416                    |   6|   0|    6|          0|
    |raw_25_reg_3421                    |   6|   0|    6|          0|
    |raw_26_reg_3426                    |   7|   0|    7|          0|
    |raw_27_reg_3431                    |   7|   0|    7|          0|
    |raw_28_reg_3521                    |   6|   0|    6|          0|
    |raw_29_reg_3526                    |   7|   0|    7|          0|
    |raw_2_reg_2906                     |   7|   0|    7|          0|
    |raw_30_reg_3531                    |   6|   0|    6|          0|
    |raw_31_reg_3536                    |   7|   0|    7|          0|
    |raw_32_reg_3671                    |   3|   0|    3|          0|
    |raw_3_reg_2911                     |   7|   0|    7|          0|
    |raw_4_reg_2916                     |   8|   0|    8|          0|
    |raw_5_reg_2971                     |   6|   0|    6|          0|
    |raw_6_reg_2976                     |   7|   0|    7|          0|
    |raw_7_reg_2981                     |   5|   0|    5|          0|
    |raw_8_reg_2986                     |   7|   0|    7|          0|
    |raw_9_reg_2991                     |   7|   0|    7|          0|
    |raw_reg_2896                       |   6|   0|    6|          0|
    |sext_ln210_cast_reg_2670           |  45|   0|   45|          0|
    |shl_i_i_i50_10_cast_cast_reg_2775  |  45|   0|   45|          0|
    |shl_i_i_i50_11_cast_cast_reg_2770  |  45|   0|   45|          0|
    |shl_i_i_i50_12_cast_cast_reg_2765  |  46|   0|   46|          0|
    |shl_i_i_i50_13_cast_cast_reg_2760  |  45|   0|   45|          0|
    |shl_i_i_i50_14_cast_cast_reg_2755  |  45|   0|   45|          0|
    |shl_i_i_i50_15_cast_cast_reg_2750  |  45|   0|   45|          0|
    |shl_i_i_i50_16_cast_cast_reg_2745  |  44|   0|   44|          0|
    |shl_i_i_i50_17_cast_cast_reg_2740  |  45|   0|   45|          0|
    |shl_i_i_i50_18_cast_cast_reg_2735  |  45|   0|   45|          0|
    |shl_i_i_i50_19_cast_cast_reg_2730  |  43|   0|   43|          0|
    |shl_i_i_i50_1_cast_cast_reg_2820   |  46|   0|   46|          0|
    |shl_i_i_i50_20_cast_cast_reg_2725  |  45|   0|   45|          0|
    |shl_i_i_i50_21_cast_cast_reg_2720  |  45|   0|   45|          0|
    |shl_i_i_i50_22_cast_cast_reg_2715  |  45|   0|   45|          0|
    |shl_i_i_i50_23_cast_cast_reg_2710  |  45|   0|   45|          0|
    |shl_i_i_i50_24_cast_cast_reg_2705  |  44|   0|   44|          0|
    |shl_i_i_i50_25_cast_cast_reg_2700  |  44|   0|   44|          0|
    |shl_i_i_i50_26_cast_cast_reg_2695  |  45|   0|   45|          0|
    |shl_i_i_i50_27_cast_cast_reg_2690  |  45|   0|   45|          0|
    |shl_i_i_i50_28_cast_cast_reg_2685  |  44|   0|   44|          0|
    |shl_i_i_i50_29_cast_cast_reg_2680  |  45|   0|   45|          0|
    |shl_i_i_i50_2_cast_cast_reg_2815   |  45|   0|   45|          0|
    |shl_i_i_i50_30_cast_cast_reg_2675  |  44|   0|   44|          0|
    |shl_i_i_i50_3_cast_cast_reg_2810   |  45|   0|   45|          0|
    |shl_i_i_i50_4_cast_cast_reg_2805   |  46|   0|   46|          0|
    |shl_i_i_i50_5_cast_cast_reg_2800   |  44|   0|   44|          0|
    |shl_i_i_i50_6_cast_cast_reg_2795   |  45|   0|   45|          0|
    |shl_i_i_i50_7_cast_cast_reg_2790   |  43|   0|   43|          0|
    |shl_i_i_i50_8_cast_cast_reg_2785   |  45|   0|   45|          0|
    |shl_i_i_i50_9_cast_cast_reg_2780   |  45|   0|   45|          0|
    |shl_i_i_i50_cast_cast_reg_2825     |  44|   0|   44|          0|
    |shl_ln838_31_reg_3691              |   3|   0|   18|         15|
    |sum_o_V_reg_3666                   |  32|   0|   32|          0|
    |tmp_10_reg_3296                    |  32|   0|   32|          0|
    |tmp_11_reg_3321                    |  32|   0|   32|          0|
    |tmp_12_reg_3331                    |  32|   0|   32|          0|
    |tmp_13_reg_3341                    |  32|   0|   32|          0|
    |tmp_14_reg_3406                    |  32|   0|   32|          0|
    |tmp_15_reg_3436                    |  32|   0|   32|          0|
    |tmp_16_reg_3441                    |  32|   0|   32|          0|
    |tmp_17_reg_3451                    |  32|   0|   32|          0|
    |tmp_18_reg_3496                    |  32|   0|   32|          0|
    |tmp_19_reg_3541                    |  32|   0|   32|          0|
    |tmp_20_reg_3546                    |  32|   0|   32|          0|
    |tmp_21_reg_3556                    |  32|   0|   32|          0|
    |tmp_22_reg_3566                    |  32|   0|   32|          0|
    |tmp_23_reg_3606                    |  32|   0|   32|          0|
    |tmp_24_reg_3611                    |  32|   0|   32|          0|
    |tmp_25_reg_3616                    |  32|   0|   32|          0|
    |tmp_26_reg_3626                    |  32|   0|   32|          0|
    |tmp_27_reg_3646                    |  32|   0|   32|          0|
    |tmp_28_reg_3651                    |  32|   0|   32|          0|
    |tmp_29_reg_3656                    |  32|   0|   32|          0|
    |tmp_2_reg_3106                     |  32|   0|   32|          0|
    |tmp_35_reg_3686                    |   1|   0|    1|          0|
    |tmp_3_reg_3121                     |  32|   0|   32|          0|
    |tmp_4_reg_3156                     |  32|   0|   32|          0|
    |tmp_5_reg_3186                     |  32|   0|   32|          0|
    |tmp_6_reg_3216                     |  32|   0|   32|          0|
    |tmp_7_reg_3226                     |  32|   0|   32|          0|
    |tmp_8_reg_3256                     |  32|   0|   32|          0|
    |tmp_9_reg_3051                     |  32|   0|   32|          0|
    |tmp_reg_3036                       |  24|   0|   24|          0|
    |tmp_s_reg_3076                     |  32|   0|   32|          0|
    |trunc_ln1_reg_3676                 |  28|   0|   28|          0|
    |trunc_ln813_1_reg_3681             |  29|   0|   29|          0|
    |trunc_ln_reg_2996                  |  22|   0|   22|          0|
    |zext_ln210_reg_2839                |   2|   0|   64|         62|
    |icmp_ln210_reg_2835                |  64|  32|    1|          0|
    |o_1_reg_2830                       |  64|  32|    2|          0|
    |zext_ln210_reg_2839                |  64|  32|   64|         62|
    +-----------------------------------+----+----+-----+-----------+
    |Total                              |4363|  96| 4315|        139|
    +-----------------------------------+----+----+-----+-----------+



================================================================
== Interface
================================================================
* Summary: 
+---------------------+-----+-----+------------+-----------------------------------------------+--------------+
|      RTL Ports      | Dir | Bits|  Protocol  |                 Source Object                 |    C Type    |
+---------------------+-----+-----+------------+-----------------------------------------------+--------------+
|ap_clk               |   in|    1|  ap_ctrl_hs|  student_infer_pixel_Pipeline_VITIS_LOOP_210_7|  return value|
|ap_rst               |   in|    1|  ap_ctrl_hs|  student_infer_pixel_Pipeline_VITIS_LOOP_210_7|  return value|
|ap_start             |   in|    1|  ap_ctrl_hs|  student_infer_pixel_Pipeline_VITIS_LOOP_210_7|  return value|
|ap_done              |  out|    1|  ap_ctrl_hs|  student_infer_pixel_Pipeline_VITIS_LOOP_210_7|  return value|
|ap_idle              |  out|    1|  ap_ctrl_hs|  student_infer_pixel_Pipeline_VITIS_LOOP_210_7|  return value|
|ap_ready             |  out|    1|  ap_ctrl_hs|  student_infer_pixel_Pipeline_VITIS_LOOP_210_7|  return value|
|grp_fu_4170_p_din0   |  out|   22|  ap_ctrl_hs|  student_infer_pixel_Pipeline_VITIS_LOOP_210_7|  return value|
|grp_fu_4170_p_din1   |  out|   23|  ap_ctrl_hs|  student_infer_pixel_Pipeline_VITIS_LOOP_210_7|  return value|
|grp_fu_4170_p_dout0  |   in|   44|  ap_ctrl_hs|  student_infer_pixel_Pipeline_VITIS_LOOP_210_7|  return value|
|grp_fu_4170_p_ce     |  out|    1|  ap_ctrl_hs|  student_infer_pixel_Pipeline_VITIS_LOOP_210_7|  return value|
|grp_fu_4266_p_din0   |  out|   23|  ap_ctrl_hs|  student_infer_pixel_Pipeline_VITIS_LOOP_210_7|  return value|
|grp_fu_4266_p_din1   |  out|   23|  ap_ctrl_hs|  student_infer_pixel_Pipeline_VITIS_LOOP_210_7|  return value|
|grp_fu_4266_p_dout0  |   in|   46|  ap_ctrl_hs|  student_infer_pixel_Pipeline_VITIS_LOOP_210_7|  return value|
|grp_fu_4266_p_ce     |  out|    1|  ap_ctrl_hs|  student_infer_pixel_Pipeline_VITIS_LOOP_210_7|  return value|
|grp_fu_4174_p_din0   |  out|   22|  ap_ctrl_hs|  student_infer_pixel_Pipeline_VITIS_LOOP_210_7|  return value|
|grp_fu_4174_p_din1   |  out|   23|  ap_ctrl_hs|  student_infer_pixel_Pipeline_VITIS_LOOP_210_7|  return value|
|grp_fu_4174_p_dout0  |   in|   45|  ap_ctrl_hs|  student_infer_pixel_Pipeline_VITIS_LOOP_210_7|  return value|
|grp_fu_4174_p_ce     |  out|    1|  ap_ctrl_hs|  student_infer_pixel_Pipeline_VITIS_LOOP_210_7|  return value|
|grp_fu_4178_p_din0   |  out|   22|  ap_ctrl_hs|  student_infer_pixel_Pipeline_VITIS_LOOP_210_7|  return value|
|grp_fu_4178_p_din1   |  out|   23|  ap_ctrl_hs|  student_infer_pixel_Pipeline_VITIS_LOOP_210_7|  return value|
|grp_fu_4178_p_dout0  |   in|   45|  ap_ctrl_hs|  student_infer_pixel_Pipeline_VITIS_LOOP_210_7|  return value|
|grp_fu_4178_p_ce     |  out|    1|  ap_ctrl_hs|  student_infer_pixel_Pipeline_VITIS_LOOP_210_7|  return value|
|grp_fu_4282_p_din0   |  out|   23|  ap_ctrl_hs|  student_infer_pixel_Pipeline_VITIS_LOOP_210_7|  return value|
|grp_fu_4282_p_din1   |  out|   23|  ap_ctrl_hs|  student_infer_pixel_Pipeline_VITIS_LOOP_210_7|  return value|
|grp_fu_4282_p_dout0  |   in|   46|  ap_ctrl_hs|  student_infer_pixel_Pipeline_VITIS_LOOP_210_7|  return value|
|grp_fu_4282_p_ce     |  out|    1|  ap_ctrl_hs|  student_infer_pixel_Pipeline_VITIS_LOOP_210_7|  return value|
|grp_fu_4182_p_din0   |  out|   21|  ap_ctrl_hs|  student_infer_pixel_Pipeline_VITIS_LOOP_210_7|  return value|
|grp_fu_4182_p_din1   |  out|   23|  ap_ctrl_hs|  student_infer_pixel_Pipeline_VITIS_LOOP_210_7|  return value|
|grp_fu_4182_p_dout0  |   in|   44|  ap_ctrl_hs|  student_infer_pixel_Pipeline_VITIS_LOOP_210_7|  return value|
|grp_fu_4182_p_ce     |  out|    1|  ap_ctrl_hs|  student_infer_pixel_Pipeline_VITIS_LOOP_210_7|  return value|
|grp_fu_4186_p_din0   |  out|   22|  ap_ctrl_hs|  student_infer_pixel_Pipeline_VITIS_LOOP_210_7|  return value|
|grp_fu_4186_p_din1   |  out|   23|  ap_ctrl_hs|  student_infer_pixel_Pipeline_VITIS_LOOP_210_7|  return value|
|grp_fu_4186_p_dout0  |   in|   45|  ap_ctrl_hs|  student_infer_pixel_Pipeline_VITIS_LOOP_210_7|  return value|
|grp_fu_4186_p_ce     |  out|    1|  ap_ctrl_hs|  student_infer_pixel_Pipeline_VITIS_LOOP_210_7|  return value|
|grp_fu_4190_p_din0   |  out|   22|  ap_ctrl_hs|  student_infer_pixel_Pipeline_VITIS_LOOP_210_7|  return value|
|grp_fu_4190_p_din1   |  out|   23|  ap_ctrl_hs|  student_infer_pixel_Pipeline_VITIS_LOOP_210_7|  return value|
|grp_fu_4190_p_dout0  |   in|   45|  ap_ctrl_hs|  student_infer_pixel_Pipeline_VITIS_LOOP_210_7|  return value|
|grp_fu_4190_p_ce     |  out|    1|  ap_ctrl_hs|  student_infer_pixel_Pipeline_VITIS_LOOP_210_7|  return value|
|grp_fu_4194_p_din0   |  out|   22|  ap_ctrl_hs|  student_infer_pixel_Pipeline_VITIS_LOOP_210_7|  return value|
|grp_fu_4194_p_din1   |  out|   23|  ap_ctrl_hs|  student_infer_pixel_Pipeline_VITIS_LOOP_210_7|  return value|
|grp_fu_4194_p_dout0  |   in|   45|  ap_ctrl_hs|  student_infer_pixel_Pipeline_VITIS_LOOP_210_7|  return value|
|grp_fu_4194_p_ce     |  out|    1|  ap_ctrl_hs|  student_infer_pixel_Pipeline_VITIS_LOOP_210_7|  return value|
|grp_fu_4202_p_din0   |  out|   22|  ap_ctrl_hs|  student_infer_pixel_Pipeline_VITIS_LOOP_210_7|  return value|
|grp_fu_4202_p_din1   |  out|   23|  ap_ctrl_hs|  student_infer_pixel_Pipeline_VITIS_LOOP_210_7|  return value|
|grp_fu_4202_p_dout0  |   in|   45|  ap_ctrl_hs|  student_infer_pixel_Pipeline_VITIS_LOOP_210_7|  return value|
|grp_fu_4202_p_ce     |  out|    1|  ap_ctrl_hs|  student_infer_pixel_Pipeline_VITIS_LOOP_210_7|  return value|
|grp_fu_4206_p_din0   |  out|   22|  ap_ctrl_hs|  student_infer_pixel_Pipeline_VITIS_LOOP_210_7|  return value|
|grp_fu_4206_p_din1   |  out|   23|  ap_ctrl_hs|  student_infer_pixel_Pipeline_VITIS_LOOP_210_7|  return value|
|grp_fu_4206_p_dout0  |   in|   45|  ap_ctrl_hs|  student_infer_pixel_Pipeline_VITIS_LOOP_210_7|  return value|
|grp_fu_4206_p_ce     |  out|    1|  ap_ctrl_hs|  student_infer_pixel_Pipeline_VITIS_LOOP_210_7|  return value|
|grp_fu_4314_p_din0   |  out|   23|  ap_ctrl_hs|  student_infer_pixel_Pipeline_VITIS_LOOP_210_7|  return value|
|grp_fu_4314_p_din1   |  out|   23|  ap_ctrl_hs|  student_infer_pixel_Pipeline_VITIS_LOOP_210_7|  return value|
|grp_fu_4314_p_dout0  |   in|   46|  ap_ctrl_hs|  student_infer_pixel_Pipeline_VITIS_LOOP_210_7|  return value|
|grp_fu_4314_p_ce     |  out|    1|  ap_ctrl_hs|  student_infer_pixel_Pipeline_VITIS_LOOP_210_7|  return value|
|grp_fu_4210_p_din0   |  out|   22|  ap_ctrl_hs|  student_infer_pixel_Pipeline_VITIS_LOOP_210_7|  return value|
|grp_fu_4210_p_din1   |  out|   23|  ap_ctrl_hs|  student_infer_pixel_Pipeline_VITIS_LOOP_210_7|  return value|
|grp_fu_4210_p_dout0  |   in|   45|  ap_ctrl_hs|  student_infer_pixel_Pipeline_VITIS_LOOP_210_7|  return value|
|grp_fu_4210_p_ce     |  out|    1|  ap_ctrl_hs|  student_infer_pixel_Pipeline_VITIS_LOOP_210_7|  return value|
|grp_fu_4218_p_din0   |  out|   22|  ap_ctrl_hs|  student_infer_pixel_Pipeline_VITIS_LOOP_210_7|  return value|
|grp_fu_4218_p_din1   |  out|   23|  ap_ctrl_hs|  student_infer_pixel_Pipeline_VITIS_LOOP_210_7|  return value|
|grp_fu_4218_p_dout0  |   in|   45|  ap_ctrl_hs|  student_infer_pixel_Pipeline_VITIS_LOOP_210_7|  return value|
|grp_fu_4218_p_ce     |  out|    1|  ap_ctrl_hs|  student_infer_pixel_Pipeline_VITIS_LOOP_210_7|  return value|
|grp_fu_4222_p_din0   |  out|   22|  ap_ctrl_hs|  student_infer_pixel_Pipeline_VITIS_LOOP_210_7|  return value|
|grp_fu_4222_p_din1   |  out|   23|  ap_ctrl_hs|  student_infer_pixel_Pipeline_VITIS_LOOP_210_7|  return value|
|grp_fu_4222_p_dout0  |   in|   45|  ap_ctrl_hs|  student_infer_pixel_Pipeline_VITIS_LOOP_210_7|  return value|
|grp_fu_4222_p_ce     |  out|    1|  ap_ctrl_hs|  student_infer_pixel_Pipeline_VITIS_LOOP_210_7|  return value|
|grp_fu_4198_p_din0   |  out|   21|  ap_ctrl_hs|  student_infer_pixel_Pipeline_VITIS_LOOP_210_7|  return value|
|grp_fu_4198_p_din1   |  out|   23|  ap_ctrl_hs|  student_infer_pixel_Pipeline_VITIS_LOOP_210_7|  return value|
|grp_fu_4198_p_dout0  |   in|   44|  ap_ctrl_hs|  student_infer_pixel_Pipeline_VITIS_LOOP_210_7|  return value|
|grp_fu_4198_p_ce     |  out|    1|  ap_ctrl_hs|  student_infer_pixel_Pipeline_VITIS_LOOP_210_7|  return value|
|grp_fu_4230_p_din0   |  out|   22|  ap_ctrl_hs|  student_infer_pixel_Pipeline_VITIS_LOOP_210_7|  return value|
|grp_fu_4230_p_din1   |  out|   23|  ap_ctrl_hs|  student_infer_pixel_Pipeline_VITIS_LOOP_210_7|  return value|
|grp_fu_4230_p_dout0  |   in|   45|  ap_ctrl_hs|  student_infer_pixel_Pipeline_VITIS_LOOP_210_7|  return value|
|grp_fu_4230_p_ce     |  out|    1|  ap_ctrl_hs|  student_infer_pixel_Pipeline_VITIS_LOOP_210_7|  return value|
|grp_fu_4234_p_din0   |  out|   22|  ap_ctrl_hs|  student_infer_pixel_Pipeline_VITIS_LOOP_210_7|  return value|
|grp_fu_4234_p_din1   |  out|   23|  ap_ctrl_hs|  student_infer_pixel_Pipeline_VITIS_LOOP_210_7|  return value|
|grp_fu_4234_p_dout0  |   in|   45|  ap_ctrl_hs|  student_infer_pixel_Pipeline_VITIS_LOOP_210_7|  return value|
|grp_fu_4234_p_ce     |  out|    1|  ap_ctrl_hs|  student_infer_pixel_Pipeline_VITIS_LOOP_210_7|  return value|
|grp_fu_4242_p_din0   |  out|   22|  ap_ctrl_hs|  student_infer_pixel_Pipeline_VITIS_LOOP_210_7|  return value|
|grp_fu_4242_p_din1   |  out|   23|  ap_ctrl_hs|  student_infer_pixel_Pipeline_VITIS_LOOP_210_7|  return value|
|grp_fu_4242_p_dout0  |   in|   45|  ap_ctrl_hs|  student_infer_pixel_Pipeline_VITIS_LOOP_210_7|  return value|
|grp_fu_4242_p_ce     |  out|    1|  ap_ctrl_hs|  student_infer_pixel_Pipeline_VITIS_LOOP_210_7|  return value|
|grp_fu_4246_p_din0   |  out|   22|  ap_ctrl_hs|  student_infer_pixel_Pipeline_VITIS_LOOP_210_7|  return value|
|grp_fu_4246_p_din1   |  out|   23|  ap_ctrl_hs|  student_infer_pixel_Pipeline_VITIS_LOOP_210_7|  return value|
|grp_fu_4246_p_dout0  |   in|   45|  ap_ctrl_hs|  student_infer_pixel_Pipeline_VITIS_LOOP_210_7|  return value|
|grp_fu_4246_p_ce     |  out|    1|  ap_ctrl_hs|  student_infer_pixel_Pipeline_VITIS_LOOP_210_7|  return value|
|grp_fu_4254_p_din0   |  out|   22|  ap_ctrl_hs|  student_infer_pixel_Pipeline_VITIS_LOOP_210_7|  return value|
|grp_fu_4254_p_din1   |  out|   23|  ap_ctrl_hs|  student_infer_pixel_Pipeline_VITIS_LOOP_210_7|  return value|
|grp_fu_4254_p_dout0  |   in|   45|  ap_ctrl_hs|  student_infer_pixel_Pipeline_VITIS_LOOP_210_7|  return value|
|grp_fu_4254_p_ce     |  out|    1|  ap_ctrl_hs|  student_infer_pixel_Pipeline_VITIS_LOOP_210_7|  return value|
|grp_fu_4258_p_din0   |  out|   22|  ap_ctrl_hs|  student_infer_pixel_Pipeline_VITIS_LOOP_210_7|  return value|
|grp_fu_4258_p_din1   |  out|   23|  ap_ctrl_hs|  student_infer_pixel_Pipeline_VITIS_LOOP_210_7|  return value|
|grp_fu_4258_p_dout0  |   in|   45|  ap_ctrl_hs|  student_infer_pixel_Pipeline_VITIS_LOOP_210_7|  return value|
|grp_fu_4258_p_ce     |  out|    1|  ap_ctrl_hs|  student_infer_pixel_Pipeline_VITIS_LOOP_210_7|  return value|
|grp_fu_4214_p_din0   |  out|   21|  ap_ctrl_hs|  student_infer_pixel_Pipeline_VITIS_LOOP_210_7|  return value|
|grp_fu_4214_p_din1   |  out|   23|  ap_ctrl_hs|  student_infer_pixel_Pipeline_VITIS_LOOP_210_7|  return value|
|grp_fu_4214_p_dout0  |   in|   44|  ap_ctrl_hs|  student_infer_pixel_Pipeline_VITIS_LOOP_210_7|  return value|
|grp_fu_4214_p_ce     |  out|    1|  ap_ctrl_hs|  student_infer_pixel_Pipeline_VITIS_LOOP_210_7|  return value|
|grp_fu_4226_p_din0   |  out|   21|  ap_ctrl_hs|  student_infer_pixel_Pipeline_VITIS_LOOP_210_7|  return value|
|grp_fu_4226_p_din1   |  out|   23|  ap_ctrl_hs|  student_infer_pixel_Pipeline_VITIS_LOOP_210_7|  return value|
|grp_fu_4226_p_dout0  |   in|   44|  ap_ctrl_hs|  student_infer_pixel_Pipeline_VITIS_LOOP_210_7|  return value|
|grp_fu_4226_p_ce     |  out|    1|  ap_ctrl_hs|  student_infer_pixel_Pipeline_VITIS_LOOP_210_7|  return value|
|grp_fu_4262_p_din0   |  out|   22|  ap_ctrl_hs|  student_infer_pixel_Pipeline_VITIS_LOOP_210_7|  return value|
|grp_fu_4262_p_din1   |  out|   23|  ap_ctrl_hs|  student_infer_pixel_Pipeline_VITIS_LOOP_210_7|  return value|
|grp_fu_4262_p_dout0  |   in|   45|  ap_ctrl_hs|  student_infer_pixel_Pipeline_VITIS_LOOP_210_7|  return value|
|grp_fu_4262_p_ce     |  out|    1|  ap_ctrl_hs|  student_infer_pixel_Pipeline_VITIS_LOOP_210_7|  return value|
|grp_fu_4274_p_din0   |  out|   22|  ap_ctrl_hs|  student_infer_pixel_Pipeline_VITIS_LOOP_210_7|  return value|
|grp_fu_4274_p_din1   |  out|   23|  ap_ctrl_hs|  student_infer_pixel_Pipeline_VITIS_LOOP_210_7|  return value|
|grp_fu_4274_p_dout0  |   in|   45|  ap_ctrl_hs|  student_infer_pixel_Pipeline_VITIS_LOOP_210_7|  return value|
|grp_fu_4274_p_ce     |  out|    1|  ap_ctrl_hs|  student_infer_pixel_Pipeline_VITIS_LOOP_210_7|  return value|
|grp_fu_4238_p_din0   |  out|   21|  ap_ctrl_hs|  student_infer_pixel_Pipeline_VITIS_LOOP_210_7|  return value|
|grp_fu_4238_p_din1   |  out|   23|  ap_ctrl_hs|  student_infer_pixel_Pipeline_VITIS_LOOP_210_7|  return value|
|grp_fu_4238_p_dout0  |   in|   44|  ap_ctrl_hs|  student_infer_pixel_Pipeline_VITIS_LOOP_210_7|  return value|
|grp_fu_4238_p_ce     |  out|    1|  ap_ctrl_hs|  student_infer_pixel_Pipeline_VITIS_LOOP_210_7|  return value|
|grp_fu_4278_p_din0   |  out|   22|  ap_ctrl_hs|  student_infer_pixel_Pipeline_VITIS_LOOP_210_7|  return value|
|grp_fu_4278_p_din1   |  out|   23|  ap_ctrl_hs|  student_infer_pixel_Pipeline_VITIS_LOOP_210_7|  return value|
|grp_fu_4278_p_dout0  |   in|   45|  ap_ctrl_hs|  student_infer_pixel_Pipeline_VITIS_LOOP_210_7|  return value|
|grp_fu_4278_p_ce     |  out|    1|  ap_ctrl_hs|  student_infer_pixel_Pipeline_VITIS_LOOP_210_7|  return value|
|grp_fu_4250_p_din0   |  out|   22|  ap_ctrl_hs|  student_infer_pixel_Pipeline_VITIS_LOOP_210_7|  return value|
|grp_fu_4250_p_din1   |  out|   23|  ap_ctrl_hs|  student_infer_pixel_Pipeline_VITIS_LOOP_210_7|  return value|
|grp_fu_4250_p_dout0  |   in|   44|  ap_ctrl_hs|  student_infer_pixel_Pipeline_VITIS_LOOP_210_7|  return value|
|grp_fu_4250_p_ce     |  out|    1|  ap_ctrl_hs|  student_infer_pixel_Pipeline_VITIS_LOOP_210_7|  return value|
|grp_fu_4286_p_din0   |  out|   22|  ap_ctrl_hs|  student_infer_pixel_Pipeline_VITIS_LOOP_210_7|  return value|
|grp_fu_4286_p_din1   |  out|   23|  ap_ctrl_hs|  student_infer_pixel_Pipeline_VITIS_LOOP_210_7|  return value|
|grp_fu_4286_p_dout0  |   in|   45|  ap_ctrl_hs|  student_infer_pixel_Pipeline_VITIS_LOOP_210_7|  return value|
|grp_fu_4286_p_ce     |  out|    1|  ap_ctrl_hs|  student_infer_pixel_Pipeline_VITIS_LOOP_210_7|  return value|
|sub_ln219            |   in|    9|     ap_none|                                      sub_ln219|        scalar|
|sfd_out_address0     |  out|    9|   ap_memory|                                        sfd_out|         array|
|sfd_out_ce0          |  out|    1|   ap_memory|                                        sfd_out|         array|
|sfd_out_we0          |  out|    1|   ap_memory|                                        sfd_out|         array|
|sfd_out_d0           |  out|   16|   ap_memory|                                        sfd_out|         array|
|shl_i_i_i50_cast     |   in|   23|     ap_none|                               shl_i_i_i50_cast|        scalar|
|shl_i_i_i50_1_cast   |   in|   23|     ap_none|                             shl_i_i_i50_1_cast|        scalar|
|shl_i_i_i50_2_cast   |   in|   23|     ap_none|                             shl_i_i_i50_2_cast|        scalar|
|shl_i_i_i50_3_cast   |   in|   23|     ap_none|                             shl_i_i_i50_3_cast|        scalar|
|shl_i_i_i50_4_cast   |   in|   23|     ap_none|                             shl_i_i_i50_4_cast|        scalar|
|shl_i_i_i50_5_cast   |   in|   23|     ap_none|                             shl_i_i_i50_5_cast|        scalar|
|shl_i_i_i50_6_cast   |   in|   23|     ap_none|                             shl_i_i_i50_6_cast|        scalar|
|shl_i_i_i50_7_cast   |   in|   23|     ap_none|                             shl_i_i_i50_7_cast|        scalar|
|shl_i_i_i50_8_cast   |   in|   23|     ap_none|                             shl_i_i_i50_8_cast|        scalar|
|shl_i_i_i50_9_cast   |   in|   23|     ap_none|                             shl_i_i_i50_9_cast|        scalar|
|shl_i_i_i50_10_cast  |   in|   23|     ap_none|                            shl_i_i_i50_10_cast|        scalar|
|shl_i_i_i50_11_cast  |   in|   23|     ap_none|                            shl_i_i_i50_11_cast|        scalar|
|shl_i_i_i50_12_cast  |   in|   23|     ap_none|                            shl_i_i_i50_12_cast|        scalar|
|shl_i_i_i50_13_cast  |   in|   23|     ap_none|                            shl_i_i_i50_13_cast|        scalar|
|shl_i_i_i50_14_cast  |   in|   23|     ap_none|                            shl_i_i_i50_14_cast|        scalar|
|shl_i_i_i50_15_cast  |   in|   23|     ap_none|                            shl_i_i_i50_15_cast|        scalar|
|shl_i_i_i50_16_cast  |   in|   23|     ap_none|                            shl_i_i_i50_16_cast|        scalar|
|shl_i_i_i50_17_cast  |   in|   23|     ap_none|                            shl_i_i_i50_17_cast|        scalar|
|shl_i_i_i50_18_cast  |   in|   23|     ap_none|                            shl_i_i_i50_18_cast|        scalar|
|shl_i_i_i50_19_cast  |   in|   23|     ap_none|                            shl_i_i_i50_19_cast|        scalar|
|shl_i_i_i50_20_cast  |   in|   23|     ap_none|                            shl_i_i_i50_20_cast|        scalar|
|shl_i_i_i50_21_cast  |   in|   23|     ap_none|                            shl_i_i_i50_21_cast|        scalar|
|shl_i_i_i50_22_cast  |   in|   23|     ap_none|                            shl_i_i_i50_22_cast|        scalar|
|shl_i_i_i50_23_cast  |   in|   23|     ap_none|                            shl_i_i_i50_23_cast|        scalar|
|shl_i_i_i50_24_cast  |   in|   23|     ap_none|                            shl_i_i_i50_24_cast|        scalar|
|shl_i_i_i50_25_cast  |   in|   23|     ap_none|                            shl_i_i_i50_25_cast|        scalar|
|shl_i_i_i50_26_cast  |   in|   23|     ap_none|                            shl_i_i_i50_26_cast|        scalar|
|shl_i_i_i50_27_cast  |   in|   23|     ap_none|                            shl_i_i_i50_27_cast|        scalar|
|shl_i_i_i50_28_cast  |   in|   23|     ap_none|                            shl_i_i_i50_28_cast|        scalar|
|shl_i_i_i50_29_cast  |   in|   23|     ap_none|                            shl_i_i_i50_29_cast|        scalar|
|shl_i_i_i50_30_cast  |   in|   23|     ap_none|                            shl_i_i_i50_30_cast|        scalar|
|sext_ln210           |   in|   23|     ap_none|                                     sext_ln210|        scalar|
+---------------------+-----+-----+------------+-----------------------------------------------+--------------+

